Archive member included to satisfy reference by file (symbol)

/usr/local/arm/GNU_Tools_for_ARM/bin/../lib/gcc/arm-none-eabi/11.3.1/../../../../arm-none-eabi/lib/thumb/v7e-m+fp/hard/libc.a(libc_a-exit.o)
                              /usr/local/arm/GNU_Tools_for_ARM/bin/../lib/gcc/arm-none-eabi/11.3.1/../../../../arm-none-eabi/lib/thumb/v7e-m+fp/hard/crt0.o (exit)
/usr/local/arm/GNU_Tools_for_ARM/bin/../lib/gcc/arm-none-eabi/11.3.1/../../../../arm-none-eabi/lib/thumb/v7e-m+fp/hard/libc.a(libc_a-sprintf.o)
                              build/user_uart.o (sprintf)
/usr/local/arm/GNU_Tools_for_ARM/bin/../lib/gcc/arm-none-eabi/11.3.1/../../../../arm-none-eabi/lib/thumb/v7e-m+fp/hard/libc.a(libc_a-errno.o)
                              build/syscalls.o (__errno)
/usr/local/arm/GNU_Tools_for_ARM/bin/../lib/gcc/arm-none-eabi/11.3.1/../../../../arm-none-eabi/lib/thumb/v7e-m+fp/hard/libc.a(libc_a-svfprintf.o)
                              /usr/local/arm/GNU_Tools_for_ARM/bin/../lib/gcc/arm-none-eabi/11.3.1/../../../../arm-none-eabi/lib/thumb/v7e-m+fp/hard/libc.a(libc_a-sprintf.o) (_svfprintf_r)
/usr/local/arm/GNU_Tools_for_ARM/bin/../lib/gcc/arm-none-eabi/11.3.1/../../../../arm-none-eabi/lib/thumb/v7e-m+fp/hard/libc.a(libc_a-vsprintf.o)
                              build/user_uart.o (vsprintf)
/usr/local/arm/GNU_Tools_for_ARM/bin/../lib/gcc/arm-none-eabi/11.3.1/../../../../arm-none-eabi/lib/thumb/v7e-m+fp/hard/libc.a(libc_a-malloc.o)
                              build/user_uart.o (malloc)
/usr/local/arm/GNU_Tools_for_ARM/bin/../lib/gcc/arm-none-eabi/11.3.1/../../../../arm-none-eabi/lib/thumb/v7e-m+fp/hard/libc.a(libc_a-mallocr.o)
                              /usr/local/arm/GNU_Tools_for_ARM/bin/../lib/gcc/arm-none-eabi/11.3.1/../../../../arm-none-eabi/lib/thumb/v7e-m+fp/hard/libc.a(libc_a-svfprintf.o) (_malloc_r)
/usr/local/arm/GNU_Tools_for_ARM/bin/../lib/gcc/arm-none-eabi/11.3.1/../../../../arm-none-eabi/lib/thumb/v7e-m+fp/hard/libc.a(libc_a-__call_atexit.o)
                              /usr/local/arm/GNU_Tools_for_ARM/bin/../lib/gcc/arm-none-eabi/11.3.1/../../../../arm-none-eabi/lib/thumb/v7e-m+fp/hard/libc.a(libc_a-exit.o) (__call_exitprocs)
/usr/local/arm/GNU_Tools_for_ARM/bin/../lib/gcc/arm-none-eabi/11.3.1/../../../../arm-none-eabi/lib/thumb/v7e-m+fp/hard/libc.a(libc_a-memset.o)
                              /usr/local/arm/GNU_Tools_for_ARM/bin/../lib/gcc/arm-none-eabi/11.3.1/../../../../arm-none-eabi/lib/thumb/v7e-m+fp/hard/crt0.o (memset)
/usr/local/arm/GNU_Tools_for_ARM/bin/../lib/gcc/arm-none-eabi/11.3.1/../../../../arm-none-eabi/lib/thumb/v7e-m+fp/hard/libc.a(libc_a-wcrtomb.o)
                              /usr/local/arm/GNU_Tools_for_ARM/bin/../lib/gcc/arm-none-eabi/11.3.1/../../../../arm-none-eabi/lib/thumb/v7e-m+fp/hard/libc.a(libc_a-svfprintf.o) (_wcrtomb_r)
/usr/local/arm/GNU_Tools_for_ARM/bin/../lib/gcc/arm-none-eabi/11.3.1/../../../../arm-none-eabi/lib/thumb/v7e-m+fp/hard/libc.a(libc_a-init.o)
                              /usr/local/arm/GNU_Tools_for_ARM/bin/../lib/gcc/arm-none-eabi/11.3.1/../../../../arm-none-eabi/lib/thumb/v7e-m+fp/hard/crt0.o (__libc_init_array)
/usr/local/arm/GNU_Tools_for_ARM/bin/../lib/gcc/arm-none-eabi/11.3.1/../../../../arm-none-eabi/lib/thumb/v7e-m+fp/hard/libc.a(libc_a-fini.o)
                              /usr/local/arm/GNU_Tools_for_ARM/bin/../lib/gcc/arm-none-eabi/11.3.1/../../../../arm-none-eabi/lib/thumb/v7e-m+fp/hard/libc.a(libc_a-__call_atexit.o) (__libc_fini_array)
/usr/local/arm/GNU_Tools_for_ARM/bin/../lib/gcc/arm-none-eabi/11.3.1/../../../../arm-none-eabi/lib/thumb/v7e-m+fp/hard/libc.a(libc_a-lock.o)
                              /usr/local/arm/GNU_Tools_for_ARM/bin/../lib/gcc/arm-none-eabi/11.3.1/../../../../arm-none-eabi/lib/thumb/v7e-m+fp/hard/libc.a(libc_a-__call_atexit.o) (__retarget_lock_acquire_recursive)
/usr/local/arm/GNU_Tools_for_ARM/bin/../lib/gcc/arm-none-eabi/11.3.1/../../../../arm-none-eabi/lib/thumb/v7e-m+fp/hard/libc.a(libc_a-locale.o)
                              /usr/local/arm/GNU_Tools_for_ARM/bin/../lib/gcc/arm-none-eabi/11.3.1/../../../../arm-none-eabi/lib/thumb/v7e-m+fp/hard/libc.a(libc_a-svfprintf.o) (__locale_mb_cur_max)
/usr/local/arm/GNU_Tools_for_ARM/bin/../lib/gcc/arm-none-eabi/11.3.1/../../../../arm-none-eabi/lib/thumb/v7e-m+fp/hard/libc.a(libc_a-localeconv.o)
                              /usr/local/arm/GNU_Tools_for_ARM/bin/../lib/gcc/arm-none-eabi/11.3.1/../../../../arm-none-eabi/lib/thumb/v7e-m+fp/hard/libc.a(libc_a-svfprintf.o) (_localeconv_r)
/usr/local/arm/GNU_Tools_for_ARM/bin/../lib/gcc/arm-none-eabi/11.3.1/../../../../arm-none-eabi/lib/thumb/v7e-m+fp/hard/libc.a(libc_a-strcmp.o)
                              /usr/local/arm/GNU_Tools_for_ARM/bin/../lib/gcc/arm-none-eabi/11.3.1/../../../../arm-none-eabi/lib/thumb/v7e-m+fp/hard/libc.a(libc_a-locale.o) (strcmp)
/usr/local/arm/GNU_Tools_for_ARM/bin/../lib/gcc/arm-none-eabi/11.3.1/../../../../arm-none-eabi/lib/thumb/v7e-m+fp/hard/libc.a(libc_a-strcpy.o)
[...]
Memory Configuration

Name             Origin             Length             Attributes
MAIN_FLASH       0x0000000000000000 0x0000000000040000 xr
INFO_FLASH       0x0000000000200000 0x0000000000004000 xr
SRAM_CODE        0x0000000001000000 0x0000000000010000 xrw
SRAM_DATA        0x0000000020000000 0x0000000000010000 rw
*default*        0x0000000000000000 0xffffffffffffffff

Linker script and memory map

LOAD /usr/local/arm/GNU_Tools_for_ARM/bin/../lib/gcc/arm-none-eabi/11.3.1/thumb/v7e-m+fp/hard/crti.o
LOAD /usr/local/arm/GNU_Tools_for_ARM/bin/../lib/gcc/arm-none-eabi/11.3.1/thumb/v7e-m+fp/hard/crtbegin.o
LOAD /usr/local/arm/GNU_Tools_for_ARM/bin/../lib/gcc/arm-none-eabi/11.3.1/../../../../arm-none-eabi/lib/thumb/v7e-m+fp/hard/crt0.o
LOAD build/main.o
LOAD build/cpu.o
LOAD build/cs.o
LOAD build/flash.o
LOAD build/fpu.o
LOAD build/gpio.o
LOAD build/interrupt.o
LOAD build/mpu.o
LOAD build/pcm.o
LOAD build/pss.o
LOAD build/ref_a.o
LOAD build/reset.o
LOAD build/rtc_c.o
LOAD build/sysctl.o
LOAD build/systick.o
LOAD build/uart.o
LOAD build/wdt_a.o
LOAD build/startup_msp432p401r_gcc.o
LOAD build/system_msp432p401r.o
LOAD build/user_periph.o
LOAD build/syscalls.o
LOAD build/user_uart.o
LOAD build/user_dma.o
LOAD build/iic_bus.o
LOAD build/user_timer.o
LOAD build/mpu6050.o
LOAD /usr/local/arm/GNU_Tools_for_ARM/bin/../lib/gcc/arm-none-eabi/11.3.1/../../../../arm-none-eabi/lib/thumb/v7e-m+fp/hard/libc.a
LOAD /usr/local/arm/GNU_Tools_for_ARM/bin/../lib/gcc/arm-none-eabi/11.3.1/../../../../arm-none-eabi/lib/thumb/v7e-m+fp/hard/libm.a
LOAD /usr/local/arm/GNU_Tools_for_ARM/bin/../lib/gcc/arm-none-eabi/11.3.1/../../../../arm-none-eabi/lib/thumb/v7e-m+fp/hard/libnosys.a
START GROUP
LOAD /usr/local/arm/GNU_Tools_for_ARM/bin/../lib/gcc/arm-none-eabi/11.3.1/thumb/v7e-m+fp/hard/libgcc.a
LOAD /usr/local/arm/GNU_Tools_for_ARM/bin/../lib/gcc/arm-none-eabi/11.3.1/../../../../arm-none-eabi/lib/thumb/v7e-m+fp/hard/libc.a
END GROUP
START GROUP
LOAD /usr/local/arm/GNU_Tools_for_ARM/bin/../lib/gcc/arm-none-eabi/11.3.1/thumb/v7e-m+fp/hard/libgcc.a
LOAD /usr/local/arm/GNU_Tools_for_ARM/bin/../lib/gcc/arm-none-eabi/11.3.1/../../../../arm-none-eabi/lib/thumb/v7e-m+fp/hard/libc.a
LOAD /usr/local/arm/GNU_Tools_for_ARM/bin/../lib/gcc/arm-none-eabi/11.3.1/../../../../arm-none-eabi/lib/thumb/v7e-m+fp/hard/libnosys.a
END GROUP
LOAD /usr/local/arm/GNU_Tools_for_ARM/bin/../lib/gcc/arm-none-eabi/11.3.1/thumb/v7e-m+fp/hard/crtend.o
LOAD /usr/local/arm/GNU_Tools_for_ARM/bin/../lib/gcc/arm-none-eabi/11.3.1/thumb/v7e-m+fp/hard/crtn.o
                0x0000000000000000                PROVIDE (_intvecs_base_address = DEFINED (_intvecs_base_address)?_intvecs_base_address:0x0)

.intvecs        0x0000000000000000       0xe4
 *(.intvecs)
 .intvecs       0x0000000000000000       0xe4 build/startup_msp432p401r_gcc.o
                0x0000000000000000                interruptVectors
                0x0000000000200000                PROVIDE (_mailbox_base_address = 0x200000)

.flashMailbox
 *(.flashMailbox)
                0x0000000000201000                PROVIDE (_tlv_base_address = 0x201000)

.tlvTable
 *(.tlvTable)
                0x0000000000202000                PROVIDE (_bsl_base_address = 0x202000)

.bslArea
 *(.bslArea)
                0x0000000020000000                PROVIDE (_vtable_base_address = DEFINED (_vtable_base_address)?_vtable_base_address:0x20000000)

.vtable
 *(.vtable)

.text           0x0000000000000100     0xf4c4
 CREATE_OBJECT_SYMBOLS
 *(.text)
 .text          0x0000000000000100        0x0 /usr/local/arm/GNU_Tools_for_ARM/bin/../lib/gcc/arm-none-eabi/11.3.1/thumb/v7e-m+fp/hard/crti.o
 .text          0x0000000000000100        0x0 /usr/local/arm/GNU_Tools_for_ARM/bin/../lib/gcc/arm-none-eabi/11.3.1/thumb/v7e-m+fp/hard/crtbegin.o
 .text          0x0000000000000100       0x7c /usr/local/arm/GNU_Tools_for_ARM/bin/../lib/gcc/arm-none-eabi/11.3.1/../../../../arm-none-eabi/lib/thumb/v7e-m+fp/hard/crt0.o
                0x0000000000000100                _stack_init
                0x0000000000000108                _mainCRTStartup
                0x0000000000000108                _start
 .text          0x000000000000017c      0x1bc build/main.o
                0x000000000000017c                my_delay
                0x00000000000001b0                main
                0x000000000000022c                Clock_Information
 .text          0x0000000000000338       0x42 build/cpu.o
                0x0000000000000338                CPU_cpsid
                0x0000000000000346                CPU_primask
                0x0000000000000352                CPU_cpsie
                0x0000000000000360                CPU_wfi
                0x0000000000000366                CPU_basepriSet
                0x000000000000036e                CPU_basepriGet
 *fill*         0x000000000000037a        0x2 
 .text          0x000000000000037c      0xf84 build/cs.o
                0x00000000000006d4                CS_setExternalClockSourceFrequency
                0x0000000000000700                CS_initClockSignal
                0x000000000000088c                CS_startHFXT
                0x00000000000008aa                CS_startHFXTWithTimeout
                0x000000000000099c                CS_startLFXT
                0x00000000000009b6                CS_startLFXTWithTimeout
                0x0000000000000aa0                CS_enableClockRequest
                0x0000000000000ad8                CS_disableClockRequest
                0x0000000000000b10                CS_setReferenceOscillatorFrequency
                0x0000000000000b48                CS_enableDCOExternalResistor
                0x0000000000000b78                CS_setDCOExternalResistorCalibration
                0x0000000000000c0c                CS_disableDCOExternalResistor
                0x0000000000000c3c                CS_setDCOCenteredFrequency
                0x0000000000000c78                CS_tuneDCOFrequency
                0x0000000000000cfc                CS_getDCOFrequency
                0x0000000000000e14                CS_setDCOFrequency
                0x0000000000000fc8                CS_getBCLK
                0x0000000000000ff4                CS_getHSMCLK
                0x0000000000001028                CS_getACLK
                0x000000000000105c                CS_getSMCLK
                0x0000000000001090                CS_getMCLK
                0x00000000000010c4                CS_enableFaultCounter
                0x000000000000110c                CS_disableFaultCounter
                0x0000000000001154                CS_resetFaultCounter
                0x000000000000119c                CS_startFaultCounter
                0x00000000000011f4                CS_enableInterrupt
                0x000000000000122c                CS_disableInterrupt
                0x0000000000001264                CS_getInterruptStatus
                0x000000000000127c                CS_getEnabledInterruptStatus
                0x0000000000001294                CS_clearInterruptFlag
                0x00000000000012cc                CS_registerInterrupt
                0x00000000000012ea                CS_unregisterInterrupt
 .text          0x0000000000001300     0x1af0 build/flash.o
                0x000000000000161e                FlashCtl_getMemoryInfo
                0x0000000000001a04                FlashCtl_enableReadBuffering
                0x0000000000001a7c                FlashCtl_disableReadBuffering
                0x0000000000001af4                FlashCtl_unprotectSector
                0x0000000000001b98                FlashCtl_protectSector
                0x0000000000001c20                FlashCtl_isSectorProtected
                0x0000000000001cb4                FlashCtl_verifyMemory
                0x0000000000001f5c                FlashCtl_setReadMode
                0x0000000000001fe0                FlashCtl_getReadMode
                0x0000000000002020                FlashCtl_initiateMassErase
                0x000000000000204c                FlashCtl_performMassErase
                0x0000000000002224                FlashCtl_eraseSector
                0x0000000000002378                FlashCtl_initiateSectorErase
                0x0000000000002418                FlashCtl_programMemory
                0x00000000000025c0                FlashCtl_setProgramVerification
                0x0000000000002624                FlashCtl_clearProgramVerification
                0x0000000000002688                FlashCtl_enableWordProgramming
                0x00000000000026cc                FlashCtl_disableWordProgramming
                0x00000000000026e4                FlashCtl_isWordProgrammingEnabled
                0x0000000000002718                FlashCtl_setWaitState
                0x0000000000002764                FlashCtl_getWaitState
                0x00000000000027a4                FlashCtl_enableInterrupt
                0x00000000000027cc                FlashCtl_disableInterrupt
                0x00000000000027f8                FlashCtl_getInterruptStatus
                0x0000000000002810                FlashCtl_getEnabledInterruptStatus
                0x000000000000282c                FlashCtl_clearInterruptFlag
                0x0000000000002854                FlashCtl_registerInterrupt
                0x0000000000002872                FlashCtl_unregisterInterrupt
                0x0000000000002886                __FlashCtl_remaskData8Post
                0x0000000000002918                __FlashCtl_remaskData8Pre
                0x00000000000029b0                __FlashCtl_remaskData32Post
                0x0000000000002a90                __FlashCtl_remaskData32Pre
                0x0000000000002b74                __FlashCtl_remaskBurstDataPre
                0x0000000000002cb8                __FlashCtl_remaskBurstDataPost
 .text          0x0000000000002df0      0x14c build/fpu.o
                0x0000000000002df0                FPU_enableModule
                0x0000000000002e14                FPU_disableModule
                0x0000000000002e38                FPU_enableStacking
                0x0000000000002e5c                FPU_enableLazyStacking
                0x0000000000002e7c                FPU_disableStacking
                0x0000000000002e9c                FPU_setHalfPrecisionMode
                0x0000000000002ec4                FPU_setNaNMode
                0x0000000000002eec                FPU_setFlushToZeroMode
                0x0000000000002f14                FPU_setRoundingMode
 .text          0x0000000000002f3c      0x7e4 build/gpio.o
                0x0000000000002f3c                GPIO_setAsOutputPin
                0x0000000000002fac                GPIO_setAsInputPin
                0x0000000000003038                GPIO_setAsPeripheralModuleFunctionOutputPin
                0x0000000000003120                GPIO_setAsPeripheralModuleFunctionInputPin
                0x000000000000320c                GPIO_setOutputHighOnPin
                0x0000000000003248                GPIO_setOutputLowOnPin
                0x0000000000003288                GPIO_toggleOutputOnPin
                0x00000000000032c4                GPIO_setAsInputPinWithPullDownResistor
                0x0000000000003368                GPIO_setAsInputPinWithPullUpResistor
                0x0000000000003408                GPIO_getInputPinValue
                0x0000000000003448                GPIO_enableInterrupt
                0x0000000000003484                GPIO_disableInterrupt
                0x00000000000034c4                GPIO_getInterruptStatus
                0x00000000000034f8                GPIO_clearInterruptFlag
                0x0000000000003538                GPIO_interruptEdgeSelect
                0x0000000000003598                GPIO_getEnabledInterruptStatus
                0x0000000000003648                GPIO_setDriveStrengthHigh
                0x0000000000003684                GPIO_setDriveStrengthLow
                0x00000000000036c4                GPIO_registerInterrupt
                0x00000000000036f4                GPIO_unregisterInterrupt
 .text          0x0000000000003720      0x548 build/interrupt.o
                0x0000000000003726                Interrupt_enableMaster
                0x000000000000373e                Interrupt_disableMaster
                0x0000000000003756                Interrupt_registerInterrupt
                0x00000000000037bc                Interrupt_unregisterInterrupt
                0x00000000000037e4                Interrupt_setPriorityGrouping
                0x0000000000003834                Interrupt_getPriorityGrouping
                0x0000000000003880                Interrupt_setPriority
                0x00000000000038e8                Interrupt_getPriority
                0x000000000000391c                Interrupt_enableInterrupt
                0x00000000000039b0                Interrupt_disableInterrupt
                0x0000000000003a44                Interrupt_isEnabled
                0x0000000000003ae4                Interrupt_pendInterrupt
                0x0000000000003b60                Interrupt_unpendInterrupt
                0x0000000000003bc8                Interrupt_setPriorityMask
                0x0000000000003be2                Interrupt_getPriorityMask
                0x0000000000003bf2                Interrupt_setVectorTableAddress
                0x0000000000003c10                Interrupt_getVectorTableAddress
                0x0000000000003c28                Interrupt_enableSleepOnIsrExit
                0x0000000000003c48                Interrupt_disableSleepOnIsrExit
 .text          0x0000000000003c68      0x16c build/mpu.o
                0x0000000000003c68                MPU_enableModule
                0x0000000000003c8c                MPU_disableModule
                0x0000000000003cac                MPU_getRegionCount
                0x0000000000003cc8                MPU_enableRegion
                0x0000000000003cf4                MPU_disableRegion
                0x0000000000003d20                MPU_setRegion
                0x0000000000003d58                MPU_getRegion
                0x0000000000003d90                MPU_registerInterrupt
                0x0000000000003da8                MPU_unregisterInterrupt
                0x0000000000003db6                MPU_enableInterrupt
                0x0000000000003dc4                MPU_disableInterrupt
 .text          0x0000000000003dd4      0xb08 build/pcm.o
                0x0000000000003ef4                PCM_setCoreVoltageLevel
                0x0000000000003f10                PCM_setCoreVoltageLevelWithTimeout
                0x0000000000003f2e                PCM_setCoreVoltageLevelNonBlocking
                0x0000000000003f4a                PCM_getPowerMode
                0x0000000000003fba                PCM_getCoreVoltageLevel
                0x00000000000041ac                PCM_setPowerMode
                0x00000000000041c8                PCM_setPowerModeNonBlocking
                0x00000000000041e4                PCM_setPowerModeWithTimeout
                0x0000000000004590                PCM_setPowerState
                0x00000000000045ac                PCM_setPowerStateWithTimeout
                0x00000000000045ca                PCM_setPowerStateNonBlocking
                0x00000000000045e6                PCM_shutdownDevice
                0x000000000000464c                PCM_gotoLPM4
                0x0000000000004662                PCM_gotoLPM4InterruptSafe
                0x0000000000004686                PCM_gotoLPM0
                0x00000000000046b8                PCM_gotoLPM0InterruptSafe
                0x00000000000046dc                PCM_gotoLPM3
                0x0000000000004778                PCM_gotoLPM3InterruptSafe
                0x000000000000479c                PCM_getPowerState
                0x00000000000047bc                PCM_enableRudeMode
                0x00000000000047e0                PCM_disableRudeMode
                0x0000000000004808                PCM_enableInterrupt
                0x000000000000482c                PCM_disableInterrupt
                0x0000000000004854                PCM_getInterruptStatus
                0x000000000000486c                PCM_getEnabledInterruptStatus
                0x0000000000004884                PCM_clearInterruptFlag
                0x00000000000048a8                PCM_registerInterrupt
                0x00000000000048c6                PCM_unregisterInterrupt
 .text          0x00000000000048dc      0x28c build/pss.o
                0x0000000000004910                PSS_enableForcedDCDCOperation
                0x000000000000492c                PSS_disableForcedDCDCOperation
                0x0000000000004948                PSS_enableHighSidePinToggle
                0x0000000000004990                PSS_disableHighSidePinToggle
                0x00000000000049ac                PSS_enableHighSide
                0x00000000000049c8                PSS_disableHighSide
                0x00000000000049e4                PSS_setHighSidePerformanceMode
                0x0000000000004a14                PSS_getHighSidePerformanceMode
                0x0000000000004a38                PSS_enableHighSideMonitor
                0x0000000000004a54                PSS_disableHighSideMonitor
                0x0000000000004a70                PSS_setHighSideVoltageTrigger
                0x0000000000004aac                PSS_getHighSideVoltageTrigger
                0x0000000000004ac8                PSS_enableInterrupt
                0x0000000000004ae4                PSS_disableInterrupt
                0x0000000000004b00                PSS_getInterruptStatus
                0x0000000000004b18                PSS_clearInterruptFlag
                0x0000000000004b34                PSS_registerInterrupt
                0x0000000000004b52                PSS_unregisterInterrupt
 .text          0x0000000000004b68      0x1c0 build/ref_a.o
                0x0000000000004b68                REF_A_setReferenceVoltage
                0x0000000000004b98                REF_A_disableTempSensor
                0x0000000000004bb0                REF_A_enableTempSensor
                0x0000000000004bc8                REF_A_enableReferenceVoltageOutput
                0x0000000000004be0                REF_A_disableReferenceVoltageOutput
                0x0000000000004bf8                REF_A_enableReferenceVoltage
                0x0000000000004c10                REF_A_disableReferenceVoltage
                0x0000000000004c28                REF_A_getBandgapMode
                0x0000000000004c44                REF_A_isBandgapActive
                0x0000000000004c68                REF_A_isRefGenBusy
                0x0000000000004c8c                REF_A_isRefGenActive
                0x0000000000004cb0                REF_A_getBufferedBandgapVoltageStatus
                0x0000000000004cd4                REF_A_getVariableReferenceVoltageStatus
                0x0000000000004cf8                REF_A_setReferenceVoltageOneTimeTrigger
                0x0000000000004d10                REF_A_setBufferedBandgapVoltageOneTimeTrigger
 .text          0x0000000000004d28      0x180 build/reset.o
                0x0000000000004d28                ResetCtl_initiateSoftReset
                0x0000000000004d4c                ResetCtl_initiateSoftResetWithSource
                0x0000000000004d70                ResetCtl_getSoftResetSource
                0x0000000000004d88                ResetCtl_clearSoftResetSource
                0x0000000000004dac                ResetCtl_initiateHardReset
                0x0000000000004dd0                ResetCtl_initiateHardResetWithSource
                0x0000000000004df4                ResetCtl_getHardResetSource
                0x0000000000004e0c                ResetCtl_clearHardResetSource
                0x0000000000004e30                ResetCtl_getPSSSource
                0x0000000000004e48                ResetCtl_clearPSSFlags
                0x0000000000004e6c                ResetCtl_getPCMSource
                0x0000000000004e84                ResetCtl_clearPCMFlags
 .text          0x0000000000004ea8      0x7d0 build/rtc_c.o
                0x0000000000004ea8                RTC_C_startClock
                0x0000000000004eec                RTC_C_holdClock
                0x0000000000004f30                RTC_C_setCalibrationFrequency
                0x0000000000004f88                RTC_C_setCalibrationData
                0x0000000000004fd8                RTC_C_setTemperatureCompensation
                0x0000000000005028                RTC_C_initCalendar
                0x00000000000050dc                RTC_C_getCalendarTime
                0x000000000000516c                RTC_C_setCalendarAlarm
                0x00000000000051d0                RTC_C_setCalendarEvent
                0x0000000000005228                RTC_C_definePrescaleEvent
                0x0000000000005298                RTC_C_getPrescaleValue
                0x00000000000052d4                RTC_C_setPrescaleValue
                0x0000000000005354                RTC_C_convertBCDToBinary
                0x000000000000537c                RTC_C_convertBinaryToBCD
                0x00000000000053a4                RTC_C_enableInterrupt
                0x0000000000005424                RTC_C_disableInterrupt
                0x00000000000054b0                RTC_C_getInterruptStatus
                0x000000000000552c                RTC_C_getEnabledInterruptStatus
                0x00000000000055c8                RTC_C_clearInterruptFlag
                0x0000000000005644                RTC_C_registerInterrupt
                0x0000000000005662                RTC_C_unregisterInterrupt
 .text          0x0000000000005678      0x40c build/sysctl.o
                0x0000000000005678                SysCtl_getTLVInfo
                0x000000000000570c                SysCtl_getSRAMSize
                0x0000000000005724                SysCtl_getFlashSize
                0x000000000000573c                SysCtl_disableNMISource
                0x0000000000005764                SysCtl_enableNMISource
                0x0000000000005788                SysCtl_getNMISourceStatus
                0x00000000000057a4                SysCtl_enableSRAMBank
                0x00000000000057d4                SysCtl_disableSRAMBank
                0x00000000000058dc                SysCtl_enableSRAMBankRetention
                0x0000000000005910                SysCtl_disableSRAMBankRetention
                0x0000000000005944                SysCtl_rebootDevice
                0x0000000000005960                SysCtl_enablePeripheralAtCPUHalt
                0x0000000000005988                SysCtl_disablePeripheralAtCPUHalt
                0x00000000000059ac                SysCtl_setWDTTimeoutResetType
                0x00000000000059e4                SysCtl_setWDTPasswordViolationResetType
                0x0000000000005a1c                SysCtl_enableGlitchFilter
                0x0000000000005a3c                SysCtl_disableGlitchFilter
                0x0000000000005a5c                SysCtl_getTempCalibrationConstant
 .text          0x0000000000005a84       0xf4 build/systick.o
                0x0000000000005a84                SysTick_enableModule
                0x0000000000005aa4                SysTick_disableModule
                0x0000000000005ac4                SysTick_registerInterrupt
                0x0000000000005adc                SysTick_unregisterInterrupt
                0x0000000000005aea                SysTick_enableInterrupt
                0x0000000000005b08                SysTick_disableInterrupt
                0x0000000000005b28                SysTick_setPeriod
                0x0000000000005b48                SysTick_getPeriod
                0x0000000000005b60                SysTick_getValue
 .text          0x0000000000005b78      0x67c build/uart.o
                0x0000000000005b78                UART_initModule
                0x0000000000005d0c                UART_transmitData
                0x0000000000005d5c                UART_receiveData
                0x0000000000005da6                UART_enableModule
                0x0000000000005dca                UART_disableModule
                0x0000000000005dee                UART_queryStatusFlags
                0x0000000000005e10                UART_setDormant
                0x0000000000005e36                UART_resetDormant
                0x0000000000005e5c                UART_transmitAddress
                0x0000000000005e8c                UART_transmitBreak
                0x0000000000005f02                UART_getReceiveBufferAddressForDMA
                0x0000000000005f1a                UART_getTransmitBufferAddressForDMA
                0x0000000000005f32                UART_selectDeglitchTime
                0x0000000000005f60                UART_enableInterrupt
                0x0000000000005faa                UART_disableInterrupt
                0x0000000000005ffc                UART_getInterruptStatus
                0x0000000000006020                UART_getEnabledInterruptStatus
                0x00000000000060a6                UART_clearInterruptFlag
                0x00000000000060d2                UART_registerInterrupt
                0x0000000000006168                UART_unregisterInterrupt
 .text          0x00000000000061f4      0x164 build/wdt_a.o
                0x00000000000061f4                WDT_A_holdTimer
                0x0000000000006228                WDT_A_startTimer
                0x000000000000625c                WDT_A_clearTimer
                0x0000000000006290                WDT_A_initWatchdogTimer
                0x00000000000062c4                WDT_A_initIntervalTimer
                0x00000000000062f8                WDT_A_setPasswordViolationReset
                0x000000000000630e                WDT_A_setTimeoutReset
                0x0000000000006324                WDT_A_registerInterrupt
                0x0000000000006342                WDT_A_unregisterInterrupt
 .text          0x0000000000006358       0x4c build/startup_msp432p401r_gcc.o
                0x0000000000006358                Reset_Handler
                0x000000000000639c                CS_IRQHandler
                0x000000000000639c                DebugMon_Handler
                0x000000000000639c                AES256_IRQHandler
                0x000000000000639c                HardFault_Handler
                0x000000000000639c                SysTick_Handler
                0x000000000000639c                PendSV_Handler
                0x000000000000639c                NMI_Handler
                0x000000000000639c                RTC_C_IRQHandler
                0x000000000000639c                PORT1_IRQHandler
                0x000000000000639c                FPU_IRQHandler
                0x000000000000639c                PORT2_IRQHandler
                0x000000000000639c                TA3_0_IRQHandler
                0x000000000000639c                UsageFault_Handler
                0x000000000000639c                DMA_INT3_IRQHandler
                0x000000000000639c                TA2_0_IRQHandler
                0x000000000000639c                DMA_INT1_IRQHandler
                0x000000000000639c                WDT_A_IRQHandler
                0x000000000000639c                TA2_N_IRQHandler
                0x000000000000639c                TA1_0_IRQHandler
                0x000000000000639c                PSS_IRQHandler
                0x000000000000639c                DMA_INT2_IRQHandler
                0x000000000000639c                EUSCIA3_IRQHandler
                0x000000000000639c                DMA_INT0_IRQHandler
                0x000000000000639c                PORT4_IRQHandler
                0x000000000000639c                PORT5_IRQHandler
                0x000000000000639c                EUSCIB0_IRQHandler
                0x000000000000639c                Default_Handler
                0x000000000000639c                T32_INTC_IRQHandler
                0x000000000000639c                TA3_N_IRQHandler
                0x000000000000639c                TA0_0_IRQHandler
                0x000000000000639c                EUSCIA2_IRQHandler
                0x000000000000639c                PORT6_IRQHandler
                0x000000000000639c                PORT3_IRQHandler
                0x000000000000639c                MemManage_Handler
                0x000000000000639c                SVC_Handler
                0x000000000000639c                TA1_N_IRQHandler
                0x000000000000639c                EUSCIA1_IRQHandler
                0x000000000000639c                COMP_E1_IRQHandler
                0x000000000000639c                EUSCIB2_IRQHandler
                0x000000000000639c                FLCTL_IRQHandler
                0x000000000000639c                EUSCIB3_IRQHandler
                0x000000000000639c                T32_INT1_IRQHandler
                0x000000000000639c                DMA_ERR_IRQHandler
                0x000000000000639c                ADC14_IRQHandler
                0x000000000000639c                EUSCIA0_IRQHandler
                0x000000000000639c                BusFault_Handler
                0x000000000000639c                PCM_IRQHandler
                0x000000000000639c                TA0_N_IRQHandler
                0x000000000000639c                COMP_E0_IRQHandler
                0x000000000000639c                EUSCIB1_IRQHandler
                0x000000000000639c                T32_INT2_IRQHandler
 .text          0x00000000000063a4      0x394 build/system_msp432p401r.o
                0x00000000000063a4                SystemCoreClockUpdate
                0x00000000000066b8                SystemInit
 .text          0x0000000000006738       0xac build/user_periph.o
                0x0000000000006770                Peripheral_PreInit
 .text          0x00000000000067e4      0x214 build/syscalls.o
                0x00000000000067e4                initialise_monitor_handles
                0x00000000000067f2                _getpid
                0x0000000000006802                _kill
                0x0000000000006822                _exit
                0x0000000000006836                _read
                0x0000000000006870                _write
                0x00000000000068a8                _close
                0x00000000000068c0                _fstat
                0x00000000000068e0                _isatty
                0x00000000000068f6                _lseek
                0x0000000000006910                _open
                0x000000000000692c                _wait
                0x000000000000694a                _unlink
                0x0000000000006968                _times
                0x0000000000006980                _stat
                0x00000000000069a0                _link
                0x00000000000069c0                _fork
                0x00000000000069d6                _execve
 .text          0x00000000000069f8      0x3c8 build/user_uart.o
                0x0000000000006a94                Send_Nchar
                0x0000000000006ae8                D_Send_Nchar
                0x0000000000006b4c                D_Send_String
                0x0000000000006b7c                Send_String
                0x0000000000006bc4                Printf
                0x0000000000006d60                Receive
                0x0000000000006d76                D_Printf
 .text          0x0000000000006dc0      0x260 build/user_dma.o
                0x0000000000006e28                DMA_Config_Source
                0x0000000000006e98                DMA_Specify_Src
                0x0000000000006eec                DMA_Specify_Ctrl
                0x0000000000006f44                DMA_Enable_Channel
                0x0000000000006fb0                DMA_Disable_Channel
 .text          0x0000000000007020      0x650 build/iic_bus.o
                0x000000000000710c                IIC_Adapter_Start
                0x0000000000007198                IIC_Adapter_Stop
                0x0000000000007238                IIC_Adapter_SendByte
                0x0000000000007378                IIC_Adapter_ReceiveByte
                0x0000000000007554                IIC_Adapter_Write
                0x00000000000075e2                IIC_Adapter_Read
 .text          0x0000000000007670      0x188 build/user_timer.o
 .text          0x00000000000077f8      0x5cc build/mpu6050.o
                0x00000000000077f8                MPU6050_Init
                0x0000000000007834                MPU6050_Device_Init
                0x0000000000007abc                MPU6050_Read_All
                0x0000000000007dac                MPU6050_Kalman_GetAngle
 .text          0x0000000000007dc4        0x0 /usr/local/arm/GNU_Tools_for_ARM/bin/../lib/gcc/arm-none-eabi/11.3.1/../../../../arm-none-eabi/lib/thumb/v7e-m+fp/hard/libc.a(libc_a-exit.o)
 .text          0x0000000000007dc4        0x0 /usr/local/arm/GNU_Tools_for_ARM/bin/../lib/gcc/arm-none-eabi/11.3.1/../../../../arm-none-eabi/lib/thumb/v7e-m+fp/hard/libc.a(libc_a-sprintf.o)
 .text          0x0000000000007dc4        0x0 /usr/local/arm/GNU_Tools_for_ARM/bin/../lib/gcc/arm-none-eabi/11.3.1/../../../../arm-none-eabi/lib/thumb/v7e-m+fp/hard/libc.a(libc_a-errno.o)
 .text          0x0000000000007dc4        0x0 /usr/local/arm/GNU_Tools_for_ARM/bin/../lib/gcc/arm-none-eabi/11.3.1/../../../../arm-none-eabi/lib/thumb/v7e-m+fp/hard/libc.a(libc_a-svfprintf.o)
 .text          0x0000000000007dc4        0x0 /usr/local/arm/GNU_Tools_for_ARM/bin/../lib/gcc/arm-none-eabi/11.3.1/../../../../arm-none-eabi/lib/thumb/v7e-m+fp/hard/libc.a(libc_a-vsprintf.o)
 .text          0x0000000000007dc4        0x0 /usr/local/arm/GNU_Tools_for_ARM/bin/../lib/gcc/arm-none-eabi/11.3.1/../../../../arm-none-eabi/lib/thumb/v7e-m+fp/hard/libc.a(libc_a-malloc.o)
 .text          0x0000000000007dc4        0x0 /usr/local/arm/GNU_Tools_for_ARM/bin/../lib/gcc/arm-none-eabi/11.3.1/../../../../arm-none-eabi/lib/thumb/v7e-m+fp/hard/libc.a(libc_a-mallocr.o)
 .text          0x0000000000007dc4        0x0 /usr/local/arm/GNU_Tools_for_ARM/bin/../lib/gcc/arm-none-eabi/11.3.1/../../../../arm-none-eabi/lib/thumb/v7e-m+fp/hard/libc.a(libc_a-__call_atexit.o)
 .text          0x0000000000007dc4        0x0 /usr/local/arm/GNU_Tools_for_ARM/bin/../lib/gcc/arm-none-eabi/11.3.1/../../../../arm-none-eabi/lib/thumb/v7e-m+fp/hard/libc.a(libc_a-memset.o)
 .text          0x0000000000007dc4        0x0 /usr/local/arm/GNU_Tools_for_ARM/bin/../lib/gcc/arm-none-eabi/11.3.1/../../../../arm-none-eabi/lib/thumb/v7e-m+fp/hard/libc.a(libc_a-wcrtomb.o)
 .text          0x0000000000007dc4        0x0 /usr/local/arm/GNU_Tools_for_ARM/bin/../lib/gcc/arm-none-eabi/11.3.1/../../../../arm-none-eabi/lib/thumb/v7e-m+fp/hard/libc.a(libc_a-init.o)
 .text          0x0000000000007dc4        0x0 /usr/local/arm/GNU_Tools_for_ARM/bin/../lib/gcc/arm-none-eabi/11.3.1/../../../../arm-none-eabi/lib/thumb/v7e-m+fp/hard/libc.a(libc_a-fini.o)
 .text          0x0000000000007dc4        0x0 /usr/local/arm/GNU_Tools_for_ARM/bin/../lib/gcc/arm-none-eabi/11.3.1/../../../../arm-none-eabi/lib/thumb/v7e-m+fp/hard/libc.a(libc_a-lock.o)
 .text          0x0000000000007dc4        0x0 /usr/local/arm/GNU_Tools_for_ARM/bin/../lib/gcc/arm-none-eabi/11.3.1/../../../../arm-none-eabi/lib/thumb/v7e-m+fp/hard/libc.a(libc_a-locale.o)
 .text          0x0000000000007dc4        0x0 /usr/local/arm/GNU_Tools_for_ARM/bin/../lib/gcc/arm-none-eabi/11.3.1/../../../../arm-none-eabi/lib/thumb/v7e-m+fp/hard/libc.a(libc_a-localeconv.o)
 *fill*         0x0000000000007dc4       0x1c 
 .text          0x0000000000007de0      0x2dc /usr/local/arm/GNU_Tools_for_ARM/bin/../lib/gcc/arm-none-eabi/11.3.1/../../../../arm-none-eabi/lib/thumb/v7e-m+fp/hard/libc.a(libc_a-strcmp.o)
                0x0000000000007de8                strcmp
 .text          0x00000000000080bc        0x0 /usr/local/arm/GNU_Tools_for_ARM/bin/../lib/gcc/arm-none-eabi/11.3.1/../../../../arm-none-eabi/lib/thumb/v7e-m+fp/hard/libc.a(libc_a-strcpy.o)
 .text          0x00000000000080bc        0x0 /usr/local/arm/GNU_Tools_for_ARM/bin/../lib/gcc/arm-none-eabi/11.3.1/../../../../arm-none-eabi/lib/thumb/v7e-m+fp/hard/libc.a(libc_a-mlock.o)
 .text          0x00000000000080bc        0x0 /usr/local/arm/GNU_Tools_for_ARM/bin/../lib/gcc/arm-none-eabi/11.3.1/../../../../arm-none-eabi/lib/thumb/v7e-m+fp/hard/libc.a(libc_a-atexit.o)
 .text          0x00000000000080bc        0x0 /usr/local/arm/GNU_Tools_for_ARM/bin/../lib/gcc/arm-none-eabi/11.3.1/../../../../arm-none-eabi/lib/thumb/v7e-m+fp/hard/libc.a(libc_a-strchr.o)
 .text          0x00000000000080bc        0x0 /usr/local/arm/GNU_Tools_for_ARM/bin/../lib/gcc/arm-none-eabi/11.3.1/../../../../arm-none-eabi/lib/thumb/v7e-m+fp/hard/libc.a(libc_a-wcsrtombs.o)
 .text          0x00000000000080bc        0x0 /usr/local/arm/GNU_Tools_for_ARM/bin/../lib/gcc/arm-none-eabi/11.3.1/../../../../arm-none-eabi/lib/thumb/v7e-m+fp/hard/libc.a(libc_a-dtoa.o)
 .text          0x00000000000080bc        0x0 /usr/local/arm/GNU_Tools_for_ARM/bin/../lib/gcc/arm-none-eabi/11.3.1/../../../../arm-none-eabi/lib/thumb/v7e-m+fp/hard/libc.a(libc_a-ctype_.o)
 .text          0x00000000000080bc        0x0 /usr/local/arm/GNU_Tools_for_ARM/bin/../lib/gcc/arm-none-eabi/11.3.1/../../../../arm-none-eabi/lib/thumb/v7e-m+fp/hard/libc.a(libc_a-impure.o)
 .text          0x00000000000080bc        0x0 /usr/local/arm/GNU_Tools_for_ARM/bin/../lib/gcc/arm-none-eabi/11.3.1/../../../../arm-none-eabi/lib/thumb/v7e-m+fp/hard/libc.a(libc_a-findfp.o)
 *fill*         0x00000000000080bc        0x4 
 .text          0x00000000000080c0       0xa0 /usr/local/arm/GNU_Tools_for_ARM/bin/../lib/gcc/arm-none-eabi/11.3.1/../../../../arm-none-eabi/lib/thumb/v7e-m+fp/hard/libc.a(libc_a-memchr.o)
                0x00000000000080c0                memchr
 .text          0x0000000000008160      0x134 /usr/local/arm/GNU_Tools_for_ARM/bin/../lib/gcc/arm-none-eabi/11.3.1/../../../../arm-none-eabi/lib/thumb/v7e-m+fp/hard/libc.a(libc_a-memcpy.o)
                0x0000000000008160                memcpy
 *fill*         0x0000000000008294       0x2c 
 .text          0x00000000000082c0       0xdc /usr/local/arm/GNU_Tools_for_ARM/bin/../lib/gcc/arm-none-eabi/11.3.1/../../../../arm-none-eabi/lib/thumb/v7e-m+fp/hard/libc.a(libc_a-strlen.o)
                0x00000000000082c0                strlen
 .text          0x000000000000839c        0x0 /usr/local/arm/GNU_Tools_for_ARM/bin/../lib/gcc/arm-none-eabi/11.3.1/../../../../arm-none-eabi/lib/thumb/v7e-m+fp/hard/libc.a(libm_a-s_frexp.o)
 .text          0x000000000000839c        0x0 /usr/local/arm/GNU_Tools_for_ARM/bin/../lib/gcc/arm-none-eabi/11.3.1/../../../../arm-none-eabi/lib/thumb/v7e-m+fp/hard/libc.a(libc_a-strlcpy.o)
 .text          0x000000000000839c        0x0 /usr/local/arm/GNU_Tools_for_ARM/bin/../lib/gcc/arm-none-eabi/11.3.1/../../../../arm-none-eabi/lib/thumb/v7e-m+fp/hard/libc.a(libc_a-freer.o)
 .text          0x000000000000839c        0x0 /usr/local/arm/GNU_Tools_for_ARM/bin/../lib/gcc/arm-none-eabi/11.3.1/../../../../arm-none-eabi/lib/thumb/v7e-m+fp/hard/libc.a(libc_a-strtol.o)
 .text          0x000000000000839c        0x0 /usr/local/arm/GNU_Tools_for_ARM/bin/../lib/gcc/arm-none-eabi/11.3.1/../../../../arm-none-eabi/lib/thumb/v7e-m+fp/hard/libc.a(libc_a-strncasecmp.o)
 .text          0x000000000000839c        0x0 /usr/local/arm/GNU_Tools_for_ARM/bin/../lib/gcc/arm-none-eabi/11.3.1/../../../../arm-none-eabi/lib/thumb/v7e-m+fp/hard/libc.a(libc_a-getenv_r.o)
 .text          0x000000000000839c        0x0 /usr/local/arm/GNU_Tools_for_ARM/bin/../lib/gcc/arm-none-eabi/11.3.1/../../../../arm-none-eabi/lib/thumb/v7e-m+fp/hard/libc.a(libc_a-strncpy.o)
 .text          0x000000000000839c        0x0 /usr/local/arm/GNU_Tools_for_ARM/bin/../lib/gcc/arm-none-eabi/11.3.1/../../../../arm-none-eabi/lib/thumb/v7e-m+fp/hard/libc.a(libc_a-stdio.o)
 .text          0x000000000000839c        0x0 /usr/local/arm/GNU_Tools_for_ARM/bin/../lib/gcc/arm-none-eabi/11.3.1/../../../../arm-none-eabi/lib/thumb/v7e-m+fp/hard/libc.a(libc_a-wctomb_r.o)
 .text          0x000000000000839c        0x0 /usr/local/arm/GNU_Tools_for_ARM/bin/../lib/gcc/arm-none-eabi/11.3.1/../../../../arm-none-eabi/lib/thumb/v7e-m+fp/hard/libc.a(libc_a-sbrkr.o)
 .text          0x000000000000839c        0x0 /usr/local/arm/GNU_Tools_for_ARM/bin/../lib/gcc/arm-none-eabi/11.3.1/../../../../arm-none-eabi/lib/thumb/v7e-m+fp/hard/libc.a(libc_a-fwalk.o)
 .text          0x000000000000839c        0x0 /usr/local/arm/GNU_Tools_for_ARM/bin/../lib/gcc/arm-none-eabi/11.3.1/../../../../arm-none-eabi/lib/thumb/v7e-m+fp/hard/libc.a(libc_a-writer.o)
 .text          0x000000000000839c        0x0 /usr/local/arm/GNU_Tools_for_ARM/bin/../lib/gcc/arm-none-eabi/11.3.1/../../../../arm-none-eabi/lib/thumb/v7e-m+fp/hard/libc.a(libc_a-svfiprintf.o)
 .text          0x000000000000839c        0x0 /usr/local/arm/GNU_Tools_for_ARM/bin/../lib/gcc/arm-none-eabi/11.3.1/../../../../arm-none-eabi/lib/thumb/v7e-m+fp/hard/libc.a(libc_a-__atexit.o)
 .text          0x000000000000839c        0x0 /usr/local/arm/GNU_Tools_for_ARM/bin/../lib/gcc/arm-none-eabi/11.3.1/../../../../arm-none-eabi/lib/thumb/v7e-m+fp/hard/libc.a(libc_a-mbtowc_r.o)
 .text          0x000000000000839c        0x0 /usr/local/arm/GNU_Tools_for_ARM/bin/../lib/gcc/arm-none-eabi/11.3.1/../../../../arm-none-eabi/lib/thumb/v7e-m+fp/hard/libc.a(libc_a-memmove.o)
 .text          0x000000000000839c        0x0 /usr/local/arm/GNU_Tools_for_ARM/bin/../lib/gcc/arm-none-eabi/11.3.1/../../../../arm-none-eabi/lib/thumb/v7e-m+fp/hard/libc.a(libc_a-assert.o)
 .text          0x000000000000839c        0x0 /usr/local/arm/GNU_Tools_for_ARM/bin/../lib/gcc/arm-none-eabi/11.3.1/../../../../arm-none-eabi/lib/thumb/v7e-m+fp/hard/libc.a(libc_a-strcasecmp.o)
 .text          0x000000000000839c        0x0 /usr/local/arm/GNU_Tools_for_ARM/bin/../lib/gcc/arm-none-eabi/11.3.1/../../../../arm-none-eabi/lib/thumb/v7e-m+fp/hard/libc.a(libc_a-strcat.o)
 .text          0x000000000000839c        0x0 /usr/local/arm/GNU_Tools_for_ARM/bin/../lib/gcc/arm-none-eabi/11.3.1/../../../../arm-none-eabi/lib/thumb/v7e-m+fp/hard/libc.a(libc_a-fclose.o)
 .text          0x000000000000839c        0x0 /usr/local/arm/GNU_Tools_for_ARM/bin/../lib/gcc/arm-none-eabi/11.3.1/../../../../arm-none-eabi/lib/thumb/v7e-m+fp/hard/libc.a(libc_a-mprec.o)
 .text          0x000000000000839c        0x0 /usr/local/arm/GNU_Tools_for_ARM/bin/../lib/gcc/arm-none-eabi/11.3.1/../../../../arm-none-eabi/lib/thumb/v7e-m+fp/hard/libc.a(libc_a-callocr.o)
 .text          0x000000000000839c        0x0 /usr/local/arm/GNU_Tools_for_ARM/bin/../lib/gcc/arm-none-eabi/11.3.1/../../../../arm-none-eabi/lib/thumb/v7e-m+fp/hard/libc.a(libc_a-wcsnrtombs.o)
 .text          0x000000000000839c        0x0 /usr/local/arm/GNU_Tools_for_ARM/bin/../lib/gcc/arm-none-eabi/11.3.1/../../../../arm-none-eabi/lib/thumb/v7e-m+fp/hard/libc.a(libc_a-closer.o)
 .text          0x000000000000839c        0x0 /usr/local/arm/GNU_Tools_for_ARM/bin/../lib/gcc/arm-none-eabi/11.3.1/../../../../arm-none-eabi/lib/thumb/v7e-m+fp/hard/libc.a(libc_a-reent.o)
 .text          0x000000000000839c        0x0 /usr/local/arm/GNU_Tools_for_ARM/bin/../lib/gcc/arm-none-eabi/11.3.1/../../../../arm-none-eabi/lib/thumb/v7e-m+fp/hard/libc.a(libc_a-fflush.o)
 .text          0x000000000000839c        0x0 /usr/local/arm/GNU_Tools_for_ARM/bin/../lib/gcc/arm-none-eabi/11.3.1/../../../../arm-none-eabi/lib/thumb/v7e-m+fp/hard/libc.a(libc_a-reallocr.o)
 .text          0x000000000000839c        0x0 /usr/local/arm/GNU_Tools_for_ARM/bin/../lib/gcc/arm-none-eabi/11.3.1/../../../../arm-none-eabi/lib/thumb/v7e-m+fp/hard/libc.a(libc_a-envlock.o)
 .text          0x000000000000839c        0x0 /usr/local/arm/GNU_Tools_for_ARM/bin/../lib/gcc/arm-none-eabi/11.3.1/../../../../arm-none-eabi/lib/thumb/v7e-m+fp/hard/libc.a(libc_a-strncmp.o)
 .text          0x000000000000839c        0x0 /usr/local/arm/GNU_Tools_for_ARM/bin/../lib/gcc/arm-none-eabi/11.3.1/../../../../arm-none-eabi/lib/thumb/v7e-m+fp/hard/libc.a(libc_a-lseekr.o)
 .text          0x000000000000839c        0x0 /usr/local/arm/GNU_Tools_for_ARM/bin/../lib/gcc/arm-none-eabi/11.3.1/../../../../arm-none-eabi/lib/thumb/v7e-m+fp/hard/libc.a(libc_a-readr.o)
 .text          0x000000000000839c        0x0 /usr/local/arm/GNU_Tools_for_ARM/bin/../lib/gcc/arm-none-eabi/11.3.1/../../../../arm-none-eabi/lib/thumb/v7e-m+fp/hard/libc.a(libc_a-fiprintf.o)
 .text          0x000000000000839c        0x0 /usr/local/arm/GNU_Tools_for_ARM/bin/../lib/gcc/arm-none-eabi/11.3.1/../../../../arm-none-eabi/lib/thumb/v7e-m+fp/hard/libc.a(libc_a-vfiprintf.o)
 .text          0x000000000000839c        0x0 /usr/local/arm/GNU_Tools_for_ARM/bin/../lib/gcc/arm-none-eabi/11.3.1/../../../../arm-none-eabi/lib/thumb/v7e-m+fp/hard/libc.a(libc_a-abort.o)
 .text          0x000000000000839c        0x0 /usr/local/arm/GNU_Tools_for_ARM/bin/../lib/gcc/arm-none-eabi/11.3.1/../../../../arm-none-eabi/lib/thumb/v7e-m+fp/hard/libc.a(libc_a-wsetup.o)
 .text          0x000000000000839c        0x0 /usr/local/arm/GNU_Tools_for_ARM/bin/../lib/gcc/arm-none-eabi/11.3.1/../../../../arm-none-eabi/lib/thumb/v7e-m+fp/hard/libc.a(libc_a-makebuf.o)
 .text          0x000000000000839c        0x0 /usr/local/arm/GNU_Tools_for_ARM/bin/../lib/gcc/arm-none-eabi/11.3.1/../../../../arm-none-eabi/lib/thumb/v7e-m+fp/hard/libc.a(libc_a-fstatr.o)
 .text          0x000000000000839c        0x0 /usr/local/arm/GNU_Tools_for_ARM/bin/../lib/gcc/arm-none-eabi/11.3.1/../../../../arm-none-eabi/lib/thumb/v7e-m+fp/hard/libc.a(libc_a-signal.o)
 .text          0x000000000000839c        0x0 /usr/local/arm/GNU_Tools_for_ARM/bin/../lib/gcc/arm-none-eabi/11.3.1/../../../../arm-none-eabi/lib/thumb/v7e-m+fp/hard/libc.a(libc_a-isattyr.o)
 .text          0x000000000000839c        0x0 /usr/local/arm/GNU_Tools_for_ARM/bin/../lib/gcc/arm-none-eabi/11.3.1/../../../../arm-none-eabi/lib/thumb/v7e-m+fp/hard/libc.a(libc_a-fputwc.o)
 .text          0x000000000000839c        0x0 /usr/local/arm/GNU_Tools_for_ARM/bin/../lib/gcc/arm-none-eabi/11.3.1/../../../../arm-none-eabi/lib/thumb/v7e-m+fp/hard/libc.a(libc_a-signalr.o)
 .text          0x000000000000839c        0x0 /usr/local/arm/GNU_Tools_for_ARM/bin/../lib/gcc/arm-none-eabi/11.3.1/../../../../arm-none-eabi/lib/thumb/v7e-m+fp/hard/libc.a(libc_a-fvwrite.o)
 .text          0x000000000000839c        0x0 /usr/local/arm/GNU_Tools_for_ARM/bin/../lib/gcc/arm-none-eabi/11.3.1/../../../../arm-none-eabi/lib/thumb/v7e-m+fp/hard/libc.a(libc_a-wbuf.o)
 .text          0x000000000000839c        0x0 /usr/local/arm/GNU_Tools_for_ARM/bin/../lib/gcc/arm-none-eabi/11.3.1/../../../../arm-none-eabi/lib/thumb/v7e-m+fp/hard/libnosys.a(sbrk.o)
 .text          0x000000000000839c      0x254 /usr/local/arm/GNU_Tools_for_ARM/bin/../lib/gcc/arm-none-eabi/11.3.1/thumb/v7e-m+fp/hard/libgcc.a(_arm_muldf3.o)
 .text          0x00000000000085f0      0x378 /usr/local/arm/GNU_Tools_for_ARM/bin/../lib/gcc/arm-none-eabi/11.3.1/thumb/v7e-m+fp/hard/libgcc.a(_arm_addsubdf3.o)
                0x00000000000085f0                __aeabi_drsub
                0x00000000000085f8                __aeabi_dsub
                0x00000000000085f8                __subdf3
                0x00000000000085fc                __adddf3
                0x00000000000085fc                __aeabi_dadd
                0x0000000000008874                __aeabi_ui2d
                0x0000000000008874                __floatunsidf
                0x0000000000008894                __floatsidf
                0x0000000000008894                __aeabi_i2d
                0x00000000000088b8                __extendsfdf2
                0x00000000000088b8                __aeabi_f2d
                0x00000000000088fc                __aeabi_ul2d
                0x00000000000088fc                __floatundidf
                0x000000000000890c                __floatdidf
                0x000000000000890c                __aeabi_l2d
 .text          0x0000000000008968      0x424 /usr/local/arm/GNU_Tools_for_ARM/bin/../lib/gcc/arm-none-eabi/11.3.1/thumb/v7e-m+fp/hard/libgcc.a(_arm_muldivdf3.o)
                0x0000000000008968                __aeabi_dmul
                0x0000000000008968                __muldf3
                0x0000000000008bbc                __aeabi_ddiv
                0x0000000000008bbc                __divdf3
 .text          0x0000000000008d8c      0x110 /usr/local/arm/GNU_Tools_for_ARM/bin/../lib/gcc/arm-none-eabi/11.3.1/thumb/v7e-m+fp/hard/libgcc.a(_arm_cmpdf2.o)
                0x0000000000008d8c                __gtdf2
                0x0000000000008d8c                __gedf2
                0x0000000000008d94                __ltdf2
                0x0000000000008d94                __ledf2
                0x0000000000008d9c                __cmpdf2
                0x0000000000008d9c                __eqdf2
                0x0000000000008d9c                __nedf2
                0x0000000000008e18                __aeabi_cdrcmple
                0x0000000000008e28                __aeabi_cdcmple
                0x0000000000008e28                __aeabi_cdcmpeq
                0x0000000000008e38                __aeabi_dcmpeq
                0x0000000000008e4c                __aeabi_dcmplt
                0x0000000000008e60                __aeabi_dcmple
                0x0000000000008e74                __aeabi_dcmpge
                0x0000000000008e88                __aeabi_dcmpgt
 .text          0x0000000000008e9c       0x2c /usr/local/arm/GNU_Tools_for_ARM/bin/../lib/gcc/arm-none-eabi/11.3.1/thumb/v7e-m+fp/hard/libgcc.a(_arm_unorddf2.o)
                0x0000000000008e9c                __aeabi_dcmpun
                0x0000000000008e9c                __unorddf2
 .text          0x0000000000008ec8       0x50 /usr/local/arm/GNU_Tools_for_ARM/bin/../lib/gcc/arm-none-eabi/11.3.1/thumb/v7e-m+fp/hard/libgcc.a(_arm_fixdfsi.o)
                0x0000000000008ec8                __fixdfsi
                0x0000000000008ec8                __aeabi_d2iz
 .text          0x0000000000008f18        0x0 /usr/local/arm/GNU_Tools_for_ARM/bin/../lib/gcc/arm-none-eabi/11.3.1/thumb/v7e-m+fp/hard/crtend.o
 .text          0x0000000000008f18        0x0 /usr/local/arm/GNU_Tools_for_ARM/bin/../lib/gcc/arm-none-eabi/11.3.1/thumb/v7e-m+fp/hard/crtn.o
 *(.text.*)
 .text.deregister_tm_clones
                0x0000000000008f18       0x1c /usr/local/arm/GNU_Tools_for_ARM/bin/../lib/gcc/arm-none-eabi/11.3.1/thumb/v7e-m+fp/hard/crtbegin.o
 .text.register_tm_clones
                0x0000000000008f34       0x24 /usr/local/arm/GNU_Tools_for_ARM/bin/../lib/gcc/arm-none-eabi/11.3.1/thumb/v7e-m+fp/hard/crtbegin.o
 .text.__do_global_dtors_aux
                0x0000000000008f58       0x28 /usr/local/arm/GNU_Tools_for_ARM/bin/../lib/gcc/arm-none-eabi/11.3.1/thumb/v7e-m+fp/hard/crtbegin.o
 .text.frame_dummy
                0x0000000000008f80       0x24 /usr/local/arm/GNU_Tools_for_ARM/bin/../lib/gcc/arm-none-eabi/11.3.1/thumb/v7e-m+fp/hard/crtbegin.o
 .text.exit     0x0000000000008fa4       0x1c /usr/local/arm/GNU_Tools_for_ARM/bin/../lib/gcc/arm-none-eabi/11.3.1/../../../../arm-none-eabi/lib/thumb/v7e-m+fp/hard/libc.a(libc_a-exit.o)
                0x0000000000008fa4                exit
 .text.sprintf  0x0000000000008fc0       0x40 /usr/local/arm/GNU_Tools_for_ARM/bin/../lib/gcc/arm-none-eabi/11.3.1/../../../../arm-none-eabi/lib/thumb/v7e-m+fp/hard/libc.a(libc_a-sprintf.o)
                0x0000000000008fc0                sprintf
 .text.__errno  0x0000000000009000        0xc /usr/local/arm/GNU_Tools_for_ARM/bin/../lib/gcc/arm-none-eabi/11.3.1/../../../../arm-none-eabi/lib/thumb/v7e-m+fp/hard/libc.a(libc_a-errno.o)
                0x0000000000009000                __errno
 *fill*         0x000000000000900c        0x4 
 .text._svfprintf_r
                0x0000000000009010     0x1be0 /usr/local/arm/GNU_Tools_for_ARM/bin/../lib/gcc/arm-none-eabi/11.3.1/../../../../arm-none-eabi/lib/thumb/v7e-m+fp/hard/libc.a(libc_a-svfprintf.o)
                0x0000000000009010                _svfprintf_r
 .text.vsprintf
                0x000000000000abf0       0x38 /usr/local/arm/GNU_Tools_for_ARM/bin/../lib/gcc/arm-none-eabi/11.3.1/../../../../arm-none-eabi/lib/thumb/v7e-m+fp/hard/libc.a(libc_a-vsprintf.o)
                0x000000000000abf0                vsprintf
 .text.malloc   0x000000000000ac28       0x10 /usr/local/arm/GNU_Tools_for_ARM/bin/../lib/gcc/arm-none-eabi/11.3.1/../../../../arm-none-eabi/lib/thumb/v7e-m+fp/hard/libc.a(libc_a-malloc.o)
                0x000000000000ac28                malloc
 .text.free     0x000000000000ac38       0x10 /usr/local/arm/GNU_Tools_for_ARM/bin/../lib/gcc/arm-none-eabi/11.3.1/../../../../arm-none-eabi/lib/thumb/v7e-m+fp/hard/libc.a(libc_a-malloc.o)
                0x000000000000ac38                free
 .text._malloc_r
                0x000000000000ac48      0x560 /usr/local/arm/GNU_Tools_for_ARM/bin/../lib/gcc/arm-none-eabi/11.3.1/../../../../arm-none-eabi/lib/thumb/v7e-m+fp/hard/libc.a(libc_a-mallocr.o)
                0x000000000000ac48                _malloc_r
 .text.startup.register_fini
                0x000000000000b1a8       0x14 /usr/local/arm/GNU_Tools_for_ARM/bin/../lib/gcc/arm-none-eabi/11.3.1/../../../../arm-none-eabi/lib/thumb/v7e-m+fp/hard/libc.a(libc_a-__call_atexit.o)
 .text.__call_exitprocs
                0x000000000000b1bc       0xc8 /usr/local/arm/GNU_Tools_for_ARM/bin/../lib/gcc/arm-none-eabi/11.3.1/../../../../arm-none-eabi/lib/thumb/v7e-m+fp/hard/libc.a(libc_a-__call_atexit.o)
                0x000000000000b1bc                __call_exitprocs
 .text.memset   0x000000000000b284       0xa4 /usr/local/arm/GNU_Tools_for_ARM/bin/../lib/gcc/arm-none-eabi/11.3.1/../../../../arm-none-eabi/lib/thumb/v7e-m+fp/hard/libc.a(libc_a-memset.o)
                0x000000000000b284                memset
 .text._wcrtomb_r
                0x000000000000b328       0x4c /usr/local/arm/GNU_Tools_for_ARM/bin/../lib/gcc/arm-none-eabi/11.3.1/../../../../arm-none-eabi/lib/thumb/v7e-m+fp/hard/libc.a(libc_a-wcrtomb.o)
                0x000000000000b328                _wcrtomb_r
 .text.__libc_init_array
                0x000000000000b374       0x48 /usr/local/arm/GNU_Tools_for_ARM/bin/../lib/gcc/arm-none-eabi/11.3.1/../../../../arm-none-eabi/lib/thumb/v7e-m+fp/hard/libc.a(libc_a-init.o)
                0x000000000000b374                __libc_init_array
 .text.__libc_fini_array
                0x000000000000b3bc       0x28 /usr/local/arm/GNU_Tools_for_ARM/bin/../lib/gcc/arm-none-eabi/11.3.1/../../../../arm-none-eabi/lib/thumb/v7e-m+fp/hard/libc.a(libc_a-fini.o)
                0x000000000000b3bc                __libc_fini_array
 .text.__retarget_lock_init_recursive
                0x000000000000b3e4        0x4 /usr/local/arm/GNU_Tools_for_ARM/bin/../lib/gcc/arm-none-eabi/11.3.1/../../../../arm-none-eabi/lib/thumb/v7e-m+fp/hard/libc.a(libc_a-lock.o)
                0x000000000000b3e4                __retarget_lock_init_recursive
 .text.__retarget_lock_close_recursive
                0x000000000000b3e8        0x4 /usr/local/arm/GNU_Tools_for_ARM/bin/../lib/gcc/arm-none-eabi/11.3.1/../../../../arm-none-eabi/lib/thumb/v7e-m+fp/hard/libc.a(libc_a-lock.o)
                0x000000000000b3e8                __retarget_lock_close_recursive
 .text.__retarget_lock_acquire_recursive
                0x000000000000b3ec        0x4 /usr/local/arm/GNU_Tools_for_ARM/bin/../lib/gcc/arm-none-eabi/11.3.1/../../../../arm-none-eabi/lib/thumb/v7e-m+fp/hard/libc.a(libc_a-lock.o)
                0x000000000000b3ec                __retarget_lock_acquire_recursive
 .text.__retarget_lock_release_recursive
                0x000000000000b3f0        0x4 /usr/local/arm/GNU_Tools_for_ARM/bin/../lib/gcc/arm-none-eabi/11.3.1/../../../../arm-none-eabi/lib/thumb/v7e-m+fp/hard/libc.a(libc_a-lock.o)
                0x000000000000b3f0                __retarget_lock_release_recursive
 .text.__locale_mb_cur_max
                0x000000000000b3f4        0xc /usr/local/arm/GNU_Tools_for_ARM/bin/../lib/gcc/arm-none-eabi/11.3.1/../../../../arm-none-eabi/lib/thumb/v7e-m+fp/hard/libc.a(libc_a-locale.o)
                0x000000000000b3f4                __locale_mb_cur_max
 .text._localeconv_r
                0x000000000000b400        0x8 /usr/local/arm/GNU_Tools_for_ARM/bin/../lib/gcc/arm-none-eabi/11.3.1/../../../../arm-none-eabi/lib/thumb/v7e-m+fp/hard/libc.a(libc_a-localeconv.o)
                0x000000000000b400                _localeconv_r
 .text.__malloc_lock
                0x000000000000b408        0xc /usr/local/arm/GNU_Tools_for_ARM/bin/../lib/gcc/arm-none-eabi/11.3.1/../../../../arm-none-eabi/lib/thumb/v7e-m+fp/hard/libc.a(libc_a-mlock.o)
                0x000000000000b408                __malloc_lock
 .text.__malloc_unlock
                0x000000000000b414        0xc /usr/local/arm/GNU_Tools_for_ARM/bin/../lib/gcc/arm-none-eabi/11.3.1/../../../../arm-none-eabi/lib/thumb/v7e-m+fp/hard/libc.a(libc_a-mlock.o)
                0x000000000000b414                __malloc_unlock
 .text.atexit   0x000000000000b420        0xc /usr/local/arm/GNU_Tools_for_ARM/bin/../lib/gcc/arm-none-eabi/11.3.1/../../../../arm-none-eabi/lib/thumb/v7e-m+fp/hard/libc.a(libc_a-atexit.o)
                0x000000000000b420                atexit
 .text._wcsrtombs_r
                0x000000000000b42c       0x18 /usr/local/arm/GNU_Tools_for_ARM/bin/../lib/gcc/arm-none-eabi/11.3.1/../../../../arm-none-eabi/lib/thumb/v7e-m+fp/hard/libc.a(libc_a-wcsrtombs.o)
                0x000000000000b42c                _wcsrtombs_r
 .text.quorem   0x000000000000b444      0x128 /usr/local/arm/GNU_Tools_for_ARM/bin/../lib/gcc/arm-none-eabi/11.3.1/../../../../arm-none-eabi/lib/thumb/v7e-m+fp/hard/libc.a(libc_a-dtoa.o)
 *fill*         0x000000000000b56c        0x4 
 .text._dtoa_r  0x000000000000b570      0xf3c /usr/local/arm/GNU_Tools_for_ARM/bin/../lib/gcc/arm-none-eabi/11.3.1/../../../../arm-none-eabi/lib/thumb/v7e-m+fp/hard/libc.a(libc_a-dtoa.o)
                0x000000000000b570                _dtoa_r
 .text.stdio_exit_handler
                0x000000000000c4ac       0x18 /usr/local/arm/GNU_Tools_for_ARM/bin/../lib/gcc/arm-none-eabi/11.3.1/../../../../arm-none-eabi/lib/thumb/v7e-m+fp/hard/libc.a(libc_a-findfp.o)
 .text.cleanup_stdio
                0x000000000000c4c4       0x40 /usr/local/arm/GNU_Tools_for_ARM/bin/../lib/gcc/arm-none-eabi/11.3.1/../../../../arm-none-eabi/lib/thumb/v7e-m+fp/hard/libc.a(libc_a-findfp.o)
 .text.global_stdio_init.part.0
                0x000000000000c504       0xd4 /usr/local/arm/GNU_Tools_for_ARM/bin/../lib/gcc/arm-none-eabi/11.3.1/../../../../arm-none-eabi/lib/thumb/v7e-m+fp/hard/libc.a(libc_a-findfp.o)
 .text.__sinit  0x000000000000c5d8       0x3c /usr/local/arm/GNU_Tools_for_ARM/bin/../lib/gcc/arm-none-eabi/11.3.1/../../../../arm-none-eabi/lib/thumb/v7e-m+fp/hard/libc.a(libc_a-findfp.o)
                0x000000000000c5d8                __sinit
 .text.__sfp_lock_acquire
                0x000000000000c614        0xc /usr/local/arm/GNU_Tools_for_ARM/bin/../lib/gcc/arm-none-eabi/11.3.1/../../../../arm-none-eabi/lib/thumb/v7e-m+fp/hard/libc.a(libc_a-findfp.o)
                0x000000000000c614                __sfp_lock_acquire
 .text.__sfp_lock_release
                0x000000000000c620        0xc /usr/local/arm/GNU_Tools_for_ARM/bin/../lib/gcc/arm-none-eabi/11.3.1/../../../../arm-none-eabi/lib/thumb/v7e-m+fp/hard/libc.a(libc_a-findfp.o)
                0x000000000000c620                __sfp_lock_release
 .text.frexp    0x000000000000c62c       0x6c /usr/local/arm/GNU_Tools_for_ARM/bin/../lib/gcc/arm-none-eabi/11.3.1/../../../../arm-none-eabi/lib/thumb/v7e-m+fp/hard/libc.a(libm_a-s_frexp.o)
                0x000000000000c62c                frexp
 .text._malloc_trim_r
                0x000000000000c698       0xa0 /usr/local/arm/GNU_Tools_for_ARM/bin/../lib/gcc/arm-none-eabi/11.3.1/../../../../arm-none-eabi/lib/thumb/v7e-m+fp/hard/libc.a(libc_a-freer.o)
                0x000000000000c698                _malloc_trim_r
 .text._free_r  0x000000000000c738      0x20c /usr/local/arm/GNU_Tools_for_ARM/bin/../lib/gcc/arm-none-eabi/11.3.1/../../../../arm-none-eabi/lib/thumb/v7e-m+fp/hard/libc.a(libc_a-freer.o)
                0x000000000000c738                _free_r
 .text.strncpy  0x000000000000c944       0x64 /usr/local/arm/GNU_Tools_for_ARM/bin/../lib/gcc/arm-none-eabi/11.3.1/../../../../arm-none-eabi/lib/thumb/v7e-m+fp/hard/libc.a(libc_a-strncpy.o)
                0x000000000000c944                strncpy
 .text.__sread  0x000000000000c9a8       0x24 /usr/local/arm/GNU_Tools_for_ARM/bin/../lib/gcc/arm-none-eabi/11.3.1/../../../../arm-none-eabi/lib/thumb/v7e-m+fp/hard/libc.a(libc_a-stdio.o)
                0x000000000000c9a8                __sread
 .text.__swrite
                0x000000000000c9cc       0x40 /usr/local/arm/GNU_Tools_for_ARM/bin/../lib/gcc/arm-none-eabi/11.3.1/../../../../arm-none-eabi/lib/thumb/v7e-m+fp/hard/libc.a(libc_a-stdio.o)
                0x000000000000c9cc                __swrite
 .text.__sseek  0x000000000000ca0c       0x20 /usr/local/arm/GNU_Tools_for_ARM/bin/../lib/gcc/arm-none-eabi/11.3.1/../../../../arm-none-eabi/lib/thumb/v7e-m+fp/hard/libc.a(libc_a-stdio.o)
                0x000000000000ca0c                __sseek
 .text.__sclose
                0x000000000000ca2c        0x8 /usr/local/arm/GNU_Tools_for_ARM/bin/../lib/gcc/arm-none-eabi/11.3.1/../../../../arm-none-eabi/lib/thumb/v7e-m+fp/hard/libc.a(libc_a-stdio.o)
                0x000000000000ca2c                __sclose
 .text.__ascii_wctomb
                0x000000000000ca34       0x1c /usr/local/arm/GNU_Tools_for_ARM/bin/../lib/gcc/arm-none-eabi/11.3.1/../../../../arm-none-eabi/lib/thumb/v7e-m+fp/hard/libc.a(libc_a-wctomb_r.o)
                0x000000000000ca34                __ascii_wctomb
 .text._sbrk_r  0x000000000000ca50       0x24 /usr/local/arm/GNU_Tools_for_ARM/bin/../lib/gcc/arm-none-eabi/11.3.1/../../../../arm-none-eabi/lib/thumb/v7e-m+fp/hard/libc.a(libc_a-sbrkr.o)
                0x000000000000ca50                _sbrk_r
 .text._fwalk_sglue
                0x000000000000ca74       0x48 /usr/local/arm/GNU_Tools_for_ARM/bin/../lib/gcc/arm-none-eabi/11.3.1/../../../../arm-none-eabi/lib/thumb/v7e-m+fp/hard/libc.a(libc_a-fwalk.o)
                0x000000000000ca74                _fwalk_sglue
 .text._write_r
                0x000000000000cabc       0x2c /usr/local/arm/GNU_Tools_for_ARM/bin/../lib/gcc/arm-none-eabi/11.3.1/../../../../arm-none-eabi/lib/thumb/v7e-m+fp/hard/libc.a(libc_a-writer.o)
                0x000000000000cabc                _write_r
 .text.__ssprint_r
                0x000000000000cae8      0x100 /usr/local/arm/GNU_Tools_for_ARM/bin/../lib/gcc/arm-none-eabi/11.3.1/../../../../arm-none-eabi/lib/thumb/v7e-m+fp/hard/libc.a(libc_a-svfiprintf.o)
                0x000000000000cae8                __ssprint_r
 .text.__register_exitproc
                0x000000000000cbe8       0x88 /usr/local/arm/GNU_Tools_for_ARM/bin/../lib/gcc/arm-none-eabi/11.3.1/../../../../arm-none-eabi/lib/thumb/v7e-m+fp/hard/libc.a(libc_a-__atexit.o)
                0x000000000000cbe8                __register_exitproc
 .text.__ascii_mbtowc
                0x000000000000cc70       0x2c /usr/local/arm/GNU_Tools_for_ARM/bin/../lib/gcc/arm-none-eabi/11.3.1/../../../../arm-none-eabi/lib/thumb/v7e-m+fp/hard/libc.a(libc_a-mbtowc_r.o)
                0x000000000000cc70                __ascii_mbtowc
 .text.memmove  0x000000000000cc9c       0xf8 /usr/local/arm/GNU_Tools_for_ARM/bin/../lib/gcc/arm-none-eabi/11.3.1/../../../../arm-none-eabi/lib/thumb/v7e-m+fp/hard/libc.a(libc_a-memmove.o)
                0x000000000000cc9c                memmove
 .text.__assert_func
                0x000000000000cd94       0x40 /usr/local/arm/GNU_Tools_for_ARM/bin/../lib/gcc/arm-none-eabi/11.3.1/../../../../arm-none-eabi/lib/thumb/v7e-m+fp/hard/libc.a(libc_a-assert.o)
                0x000000000000cd94                __assert_func
 .text._fclose_r
                0x000000000000cdd4       0xc8 /usr/local/arm/GNU_Tools_for_ARM/bin/../lib/gcc/arm-none-eabi/11.3.1/../../../../arm-none-eabi/lib/thumb/v7e-m+fp/hard/libc.a(libc_a-fclose.o)
                0x000000000000cdd4                _fclose_r
 .text._Balloc  0x000000000000ce9c       0x4c /usr/local/arm/GNU_Tools_for_ARM/bin/../lib/gcc/arm-none-eabi/11.3.1/../../../../arm-none-eabi/lib/thumb/v7e-m+fp/hard/libc.a(libc_a-mprec.o)
                0x000000000000ce9c                _Balloc
 .text._Bfree   0x000000000000cee8       0x14 /usr/local/arm/GNU_Tools_for_ARM/bin/../lib/gcc/arm-none-eabi/11.3.1/../../../../arm-none-eabi/lib/thumb/v7e-m+fp/hard/libc.a(libc_a-mprec.o)
                0x000000000000cee8                _Bfree
 .text.__multadd
                0x000000000000cefc       0xa4 /usr/local/arm/GNU_Tools_for_ARM/bin/../lib/gcc/arm-none-eabi/11.3.1/../../../../arm-none-eabi/lib/thumb/v7e-m+fp/hard/libc.a(libc_a-mprec.o)
                0x000000000000cefc                __multadd
 .text.__hi0bits
                0x000000000000cfa0       0x40 /usr/local/arm/GNU_Tools_for_ARM/bin/../lib/gcc/arm-none-eabi/11.3.1/../../../../arm-none-eabi/lib/thumb/v7e-m+fp/hard/libc.a(libc_a-mprec.o)
                0x000000000000cfa0                __hi0bits
 .text.__lo0bits
                0x000000000000cfe0       0x60 /usr/local/arm/GNU_Tools_for_ARM/bin/../lib/gcc/arm-none-eabi/11.3.1/../../../../arm-none-eabi/lib/thumb/v7e-m+fp/hard/libc.a(libc_a-mprec.o)
                0x000000000000cfe0                __lo0bits
 .text.__i2b    0x000000000000d040       0x5c /usr/local/arm/GNU_Tools_for_ARM/bin/../lib/gcc/arm-none-eabi/11.3.1/../../../../arm-none-eabi/lib/thumb/v7e-m+fp/hard/libc.a(libc_a-mprec.o)
                0x000000000000d040                __i2b
 .text.__multiply
                0x000000000000d09c      0x15c /usr/local/arm/GNU_Tools_for_ARM/bin/../lib/gcc/arm-none-eabi/11.3.1/../../../../arm-none-eabi/lib/thumb/v7e-m+fp/hard/libc.a(libc_a-mprec.o)
                0x000000000000d09c                __multiply
 .text.__pow5mult
                0x000000000000d1f8       0xc0 /usr/local/arm/GNU_Tools_for_ARM/bin/../lib/gcc/arm-none-eabi/11.3.1/../../../../arm-none-eabi/lib/thumb/v7e-m+fp/hard/libc.a(libc_a-mprec.o)
                0x000000000000d1f8                __pow5mult
 .text.__lshift
                0x000000000000d2b8       0xf0 /usr/local/arm/GNU_Tools_for_ARM/bin/../lib/gcc/arm-none-eabi/11.3.1/../../../../arm-none-eabi/lib/thumb/v7e-m+fp/hard/libc.a(libc_a-mprec.o)
                0x000000000000d2b8                __lshift
 .text.__mcmp   0x000000000000d3a8       0x44 /usr/local/arm/GNU_Tools_for_ARM/bin/../lib/gcc/arm-none-eabi/11.3.1/../../../../arm-none-eabi/lib/thumb/v7e-m+fp/hard/libc.a(libc_a-mprec.o)
                0x000000000000d3a8                __mcmp
 .text.__mdiff  0x000000000000d3ec      0x154 /usr/local/arm/GNU_Tools_for_ARM/bin/../lib/gcc/arm-none-eabi/11.3.1/../../../../arm-none-eabi/lib/thumb/v7e-m+fp/hard/libc.a(libc_a-mprec.o)
                0x000000000000d3ec                __mdiff
 .text.__d2b    0x000000000000d540       0xd4 /usr/local/arm/GNU_Tools_for_ARM/bin/../lib/gcc/arm-none-eabi/11.3.1/../../../../arm-none-eabi/lib/thumb/v7e-m+fp/hard/libc.a(libc_a-mprec.o)
                0x000000000000d540                __d2b
 .text._calloc_r
                0x000000000000d614       0x78 /usr/local/arm/GNU_Tools_for_ARM/bin/../lib/gcc/arm-none-eabi/11.3.1/../../../../arm-none-eabi/lib/thumb/v7e-m+fp/hard/libc.a(libc_a-callocr.o)
                0x000000000000d614                _calloc_r
 .text._wcsnrtombs_l
                0x000000000000d68c      0x108 /usr/local/arm/GNU_Tools_for_ARM/bin/../lib/gcc/arm-none-eabi/11.3.1/../../../../arm-none-eabi/lib/thumb/v7e-m+fp/hard/libc.a(libc_a-wcsnrtombs.o)
                0x000000000000d68c                _wcsnrtombs_l
 .text._wcsnrtombs_r
                0x000000000000d794       0x24 /usr/local/arm/GNU_Tools_for_ARM/bin/../lib/gcc/arm-none-eabi/11.3.1/../../../../arm-none-eabi/lib/thumb/v7e-m+fp/hard/libc.a(libc_a-wcsnrtombs.o)
                0x000000000000d794                _wcsnrtombs_r
 .text._close_r
                0x000000000000d7b8       0x24 /usr/local/arm/GNU_Tools_for_ARM/bin/../lib/gcc/arm-none-eabi/11.3.1/../../../../arm-none-eabi/lib/thumb/v7e-m+fp/hard/libc.a(libc_a-closer.o)
                0x000000000000d7b8                _close_r
 .text.__sflush_r
                0x000000000000d7dc      0x130 /usr/local/arm/GNU_Tools_for_ARM/bin/../lib/gcc/arm-none-eabi/11.3.1/../../../../arm-none-eabi/lib/thumb/v7e-m+fp/hard/libc.a(libc_a-fflush.o)
                0x000000000000d7dc                __sflush_r
 .text._fflush_r
                0x000000000000d90c       0x54 /usr/local/arm/GNU_Tools_for_ARM/bin/../lib/gcc/arm-none-eabi/11.3.1/../../../../arm-none-eabi/lib/thumb/v7e-m+fp/hard/libc.a(libc_a-fflush.o)
                0x000000000000d90c                _fflush_r
 .text._realloc_r
                0x000000000000d960      0x3d8 /usr/local/arm/GNU_Tools_for_ARM/bin/../lib/gcc/arm-none-eabi/11.3.1/../../../../arm-none-eabi/lib/thumb/v7e-m+fp/hard/libc.a(libc_a-reallocr.o)
                0x000000000000d960                _realloc_r
 .text._lseek_r
                0x000000000000dd38       0x2c /usr/local/arm/GNU_Tools_for_ARM/bin/../lib/gcc/arm-none-eabi/11.3.1/../../../../arm-none-eabi/lib/thumb/v7e-m+fp/hard/libc.a(libc_a-lseekr.o)
                0x000000000000dd38                _lseek_r
 .text._read_r  0x000000000000dd64       0x2c /usr/local/arm/GNU_Tools_for_ARM/bin/../lib/gcc/arm-none-eabi/11.3.1/../../../../arm-none-eabi/lib/thumb/v7e-m+fp/hard/libc.a(libc_a-readr.o)
                0x000000000000dd64                _read_r
 .text.fiprintf
                0x000000000000dd90       0x28 /usr/local/arm/GNU_Tools_for_ARM/bin/../lib/gcc/arm-none-eabi/11.3.1/../../../../arm-none-eabi/lib/thumb/v7e-m+fp/hard/libc.a(libc_a-fiprintf.o)
                0x000000000000dd90                fiprintf
 .text.__sprint_r.part.0
                0x000000000000ddb8       0x78 /usr/local/arm/GNU_Tools_for_ARM/bin/../lib/gcc/arm-none-eabi/11.3.1/../../../../arm-none-eabi/lib/thumb/v7e-m+fp/hard/libc.a(libc_a-vfiprintf.o)
 .text._vfiprintf_r
                0x000000000000de30      0xf8c /usr/local/arm/GNU_Tools_for_ARM/bin/../lib/gcc/arm-none-eabi/11.3.1/../../../../arm-none-eabi/lib/thumb/v7e-m+fp/hard/libc.a(libc_a-vfiprintf.o)
                0x000000000000de30                _vfiprintf_r
 .text.__sbprintf
                0x000000000000edbc       0x80 /usr/local/arm/GNU_Tools_for_ARM/bin/../lib/gcc/arm-none-eabi/11.3.1/../../../../arm-none-eabi/lib/thumb/v7e-m+fp/hard/libc.a(libc_a-vfiprintf.o)
 .text.abort    0x000000000000ee3c       0x10 /usr/local/arm/GNU_Tools_for_ARM/bin/../lib/gcc/arm-none-eabi/11.3.1/../../../../arm-none-eabi/lib/thumb/v7e-m+fp/hard/libc.a(libc_a-abort.o)
                0x000000000000ee3c                abort
 .text.__swsetup_r
                0x000000000000ee4c       0xcc /usr/local/arm/GNU_Tools_for_ARM/bin/../lib/gcc/arm-none-eabi/11.3.1/../../../../arm-none-eabi/lib/thumb/v7e-m+fp/hard/libc.a(libc_a-wsetup.o)
                0x000000000000ee4c                __swsetup_r
 .text.__smakebuf_r
                0x000000000000ef18       0xd8 /usr/local/arm/GNU_Tools_for_ARM/bin/../lib/gcc/arm-none-eabi/11.3.1/../../../../arm-none-eabi/lib/thumb/v7e-m+fp/hard/libc.a(libc_a-makebuf.o)
                0x000000000000ef18                __smakebuf_r
 .text._fstat_r
                0x000000000000eff0       0x2c /usr/local/arm/GNU_Tools_for_ARM/bin/../lib/gcc/arm-none-eabi/11.3.1/../../../../arm-none-eabi/lib/thumb/v7e-m+fp/hard/libc.a(libc_a-fstatr.o)
                0x000000000000eff0                _fstat_r
 .text.raise    0x000000000000f01c       0x5c /usr/local/arm/GNU_Tools_for_ARM/bin/../lib/gcc/arm-none-eabi/11.3.1/../../../../arm-none-eabi/lib/thumb/v7e-m+fp/hard/libc.a(libc_a-signal.o)
                0x000000000000f01c                raise
 .text._isatty_r
                0x000000000000f078       0x24 /usr/local/arm/GNU_Tools_for_ARM/bin/../lib/gcc/arm-none-eabi/11.3.1/../../../../arm-none-eabi/lib/thumb/v7e-m+fp/hard/libc.a(libc_a-isattyr.o)
                0x000000000000f078                _isatty_r
 .text.__fputwc
                0x000000000000f09c       0xac /usr/local/arm/GNU_Tools_for_ARM/bin/../lib/gcc/arm-none-eabi/11.3.1/../../../../arm-none-eabi/lib/thumb/v7e-m+fp/hard/libc.a(libc_a-fputwc.o)
                0x000000000000f09c                __fputwc
 .text._fputwc_r
                0x000000000000f148       0x68 /usr/local/arm/GNU_Tools_for_ARM/bin/../lib/gcc/arm-none-eabi/11.3.1/../../../../arm-none-eabi/lib/thumb/v7e-m+fp/hard/libc.a(libc_a-fputwc.o)
                0x000000000000f148                _fputwc_r
 .text._kill_r  0x000000000000f1b0       0x2c /usr/local/arm/GNU_Tools_for_ARM/bin/../lib/gcc/arm-none-eabi/11.3.1/../../../../arm-none-eabi/lib/thumb/v7e-m+fp/hard/libc.a(libc_a-signalr.o)
                0x000000000000f1b0                _kill_r
 .text._getpid_r
                0x000000000000f1dc        0x4 /usr/local/arm/GNU_Tools_for_ARM/bin/../lib/gcc/arm-none-eabi/11.3.1/../../../../arm-none-eabi/lib/thumb/v7e-m+fp/hard/libc.a(libc_a-signalr.o)
                0x000000000000f1dc                _getpid_r
 .text.__sfvwrite_r
                0x000000000000f1e0      0x2f4 /usr/local/arm/GNU_Tools_for_ARM/bin/../lib/gcc/arm-none-eabi/11.3.1/../../../../arm-none-eabi/lib/thumb/v7e-m+fp/hard/libc.a(libc_a-fvwrite.o)
                0x000000000000f1e0                __sfvwrite_r
 .text.__swbuf_r
                0x000000000000f4d4       0xb0 /usr/local/arm/GNU_Tools_for_ARM/bin/../lib/gcc/arm-none-eabi/11.3.1/../../../../arm-none-eabi/lib/thumb/v7e-m+fp/hard/libc.a(libc_a-wbuf.o)
                0x000000000000f4d4                __swbuf_r
 .text._sbrk    0x000000000000f584       0x1c /usr/local/arm/GNU_Tools_for_ARM/bin/../lib/gcc/arm-none-eabi/11.3.1/../../../../arm-none-eabi/lib/thumb/v7e-m+fp/hard/libnosys.a(sbrk.o)
                0x000000000000f584                _sbrk
                0x000000000000f5a0                . = ALIGN (0x4)
 *(.ctors)
                0x000000000000f5a0                . = ALIGN (0x4)
 *(.dtors)
                0x000000000000f5a0                . = ALIGN (0x4)
                0x000000000000f5a0                __init_array_start = .
 *(.init_array*)
 .init_array    0x000000000000f5a0        0x4 /usr/local/arm/GNU_Tools_for_ARM/bin/../lib/gcc/arm-none-eabi/11.3.1/thumb/v7e-m+fp/hard/crtbegin.o
 .init_array.00000
                0x000000000000f5a4        0x4 /usr/local/arm/GNU_Tools_for_ARM/bin/../lib/gcc/arm-none-eabi/11.3.1/../../../../arm-none-eabi/lib/thumb/v7e-m+fp/hard/libc.a(libc_a-__call_atexit.o)
                0x000000000000f5a8                __init_array_end = .
 *(.init)
 .init          0x000000000000f5a8        0x4 /usr/local/arm/GNU_Tools_for_ARM/bin/../lib/gcc/arm-none-eabi/11.3.1/thumb/v7e-m+fp/hard/crti.o
                0x000000000000f5a8                _init
 .init          0x000000000000f5ac        0x8 /usr/local/arm/GNU_Tools_for_ARM/bin/../lib/gcc/arm-none-eabi/11.3.1/thumb/v7e-m+fp/hard/crtn.o
 *(.fini*)
 .fini          0x000000000000f5b4        0x4 /usr/local/arm/GNU_Tools_for_ARM/bin/../lib/gcc/arm-none-eabi/11.3.1/thumb/v7e-m+fp/hard/crti.o
                0x000000000000f5b4                _fini
 .fini_array    0x000000000000f5b8        0x4 /usr/local/arm/GNU_Tools_for_ARM/bin/../lib/gcc/arm-none-eabi/11.3.1/thumb/v7e-m+fp/hard/crtbegin.o
 .fini          0x000000000000f5bc        0x8 /usr/local/arm/GNU_Tools_for_ARM/bin/../lib/gcc/arm-none-eabi/11.3.1/thumb/v7e-m+fp/hard/crtn.o

.glue_7         0x000000000000f5c4        0x0
 .glue_7        0x000000000000f5c4        0x0 linker stubs

.glue_7t        0x000000000000f5c4        0x0
 .glue_7t       0x000000000000f5c4        0x0 linker stubs

.vfp11_veneer   0x000000000000f5c4        0x0
 .vfp11_veneer  0x000000000000f5c4        0x0 linker stubs

.v4_bx          0x000000000000f5c4        0x0
 .v4_bx         0x000000000000f5c4        0x0 linker stubs

.iplt           0x000000000000f5c4        0x0
 .iplt          0x000000000000f5c4        0x0 /usr/local/arm/GNU_Tools_for_ARM/bin/../lib/gcc/arm-none-eabi/11.3.1/thumb/v7e-m+fp/hard/crtbegin.o

.rodata         0x000000000000f5c8      0x66c
 *(.rodata)
 .rodata        0x000000000000f5c8       0xa2 build/main.o
 *fill*         0x000000000000f66a        0x2 
 .rodata        0x000000000000f66c       0x4c build/gpio.o
 .rodata        0x000000000000f6b8       0x90 build/interrupt.o
 .rodata        0x000000000000f748       0x8c build/user_periph.o
 .rodata        0x000000000000f7d4       0x35 build/user_uart.o
 *fill*         0x000000000000f809        0x3 
 .rodata        0x000000000000f80c       0x40 build/mpu6050.o
 *(.rodata.*)
 .rodata._svfprintf_r.str1.4
                0x000000000000f84c       0x42 /usr/local/arm/GNU_Tools_for_ARM/bin/../lib/gcc/arm-none-eabi/11.3.1/../../../../arm-none-eabi/lib/thumb/v7e-m+fp/hard/libc.a(libc_a-svfprintf.o)
 *fill*         0x000000000000f88e        0x2 
 .rodata.blanks.1
                0x000000000000f890       0x10 /usr/local/arm/GNU_Tools_for_ARM/bin/../lib/gcc/arm-none-eabi/11.3.1/../../../../arm-none-eabi/lib/thumb/v7e-m+fp/hard/libc.a(libc_a-svfprintf.o)
 .rodata.zeroes.0
                0x000000000000f8a0       0x10 /usr/local/arm/GNU_Tools_for_ARM/bin/../lib/gcc/arm-none-eabi/11.3.1/../../../../arm-none-eabi/lib/thumb/v7e-m+fp/hard/libc.a(libc_a-svfprintf.o)
 .rodata.str1.4
                0x000000000000f8b0       0x48 /usr/local/arm/GNU_Tools_for_ARM/bin/../lib/gcc/arm-none-eabi/11.3.1/../../../../arm-none-eabi/lib/thumb/v7e-m+fp/hard/libc.a(libc_a-locale.o)
                                         0x4c (size before relaxing)
 .rodata._dtoa_r.str1.4
                0x000000000000f8f8       0x7d /usr/local/arm/GNU_Tools_for_ARM/bin/../lib/gcc/arm-none-eabi/11.3.1/../../../../arm-none-eabi/lib/thumb/v7e-m+fp/hard/libc.a(libc_a-dtoa.o)
                                         0x81 (size before relaxing)
 *fill*         0x000000000000f975        0x3 
 .rodata._ctype_
                0x000000000000f978      0x101 /usr/local/arm/GNU_Tools_for_ARM/bin/../lib/gcc/arm-none-eabi/11.3.1/../../../../arm-none-eabi/lib/thumb/v7e-m+fp/hard/libc.a(libc_a-ctype_.o)
                0x000000000000f978                _ctype_
 *fill*         0x000000000000fa79        0x3 
 .rodata.__assert_func.str1.4
                0x000000000000fa7c       0x3f /usr/local/arm/GNU_Tools_for_ARM/bin/../lib/gcc/arm-none-eabi/11.3.1/../../../../arm-none-eabi/lib/thumb/v7e-m+fp/hard/libc.a(libc_a-assert.o)
                                         0x43 (size before relaxing)
 *fill*         0x000000000000fabb        0x1 
 .rodata.__multadd.str1.4
                0x000000000000fabc       0x5a /usr/local/arm/GNU_Tools_for_ARM/bin/../lib/gcc/arm-none-eabi/11.3.1/../../../../arm-none-eabi/lib/thumb/v7e-m+fp/hard/libc.a(libc_a-mprec.o)
                                         0x6e (size before relaxing)
 *fill*         0x000000000000fb16        0x2 
 .rodata.__mprec_bigtens
                0x000000000000fb18       0x28 /usr/local/arm/GNU_Tools_for_ARM/bin/../lib/gcc/arm-none-eabi/11.3.1/../../../../arm-none-eabi/lib/thumb/v7e-m+fp/hard/libc.a(libc_a-mprec.o)
                0x000000000000fb18                __mprec_bigtens
 .rodata.__mprec_tens
                0x000000000000fb40       0xc8 /usr/local/arm/GNU_Tools_for_ARM/bin/../lib/gcc/arm-none-eabi/11.3.1/../../../../arm-none-eabi/lib/thumb/v7e-m+fp/hard/libc.a(libc_a-mprec.o)
                0x000000000000fb40                __mprec_tens
 .rodata.p05.0  0x000000000000fc08        0xc /usr/local/arm/GNU_Tools_for_ARM/bin/../lib/gcc/arm-none-eabi/11.3.1/../../../../arm-none-eabi/lib/thumb/v7e-m+fp/hard/libc.a(libc_a-mprec.o)
 .rodata._vfiprintf_r.str1.4
                0x000000000000fc14       0x2f /usr/local/arm/GNU_Tools_for_ARM/bin/../lib/gcc/arm-none-eabi/11.3.1/../../../../arm-none-eabi/lib/thumb/v7e-m+fp/hard/libc.a(libc_a-vfiprintf.o)
 .rodata.blanks.1
                0x000000000000fc14       0x10 /usr/local/arm/GNU_Tools_for_ARM/bin/../lib/gcc/arm-none-eabi/11.3.1/../../../../arm-none-eabi/lib/thumb/v7e-m+fp/hard/libc.a(libc_a-vfiprintf.o)
 .rodata.zeroes.0
                0x000000000000fc24       0x10 /usr/local/arm/GNU_Tools_for_ARM/bin/../lib/gcc/arm-none-eabi/11.3.1/../../../../arm-none-eabi/lib/thumb/v7e-m+fp/hard/libc.a(libc_a-vfiprintf.o)

.eh_frame       0x000000000000fc34        0x0
 .eh_frame      0x000000000000fc34        0x0 /usr/local/arm/GNU_Tools_for_ARM/bin/../lib/gcc/arm-none-eabi/11.3.1/thumb/v7e-m+fp/hard/crtbegin.o

.preinitcall    0x000000000000fc34       0x14
                0x000000000000fc34                __preinit_start = .
 *(.preinitcall)
 .preinitcall   0x000000000000fc34        0x4 build/main.o
 .preinitcall   0x000000000000fc38        0x4 build/user_uart.o
 .preinitcall   0x000000000000fc3c        0x4 build/user_dma.o
 .preinitcall   0x000000000000fc40        0x4 build/iic_bus.o
 .preinitcall   0x000000000000fc44        0x4 build/user_timer.o
                0x000000000000fc48                __preinit_end = .

.ARM.exidx      0x000000000000fc48        0x8
                0x000000000000fc48                __exidx_start = .
 *(.ARM.exidx* .gnu.linkonce.armexidx.*)
 .ARM.exidx     0x000000000000fc48        0x8 /usr/local/arm/GNU_Tools_for_ARM/bin/../lib/gcc/arm-none-eabi/11.3.1/../../../../arm-none-eabi/lib/thumb/v7e-m+fp/hard/crt0.o
                                         0x10 (size before relaxing)
                0x000000000000fc50                __exidx_end = .

.ARM.extab      0x000000000000fc50        0x0
 *(.ARM.extab* .gnu.linkonce.armextab.*)
 .ARM.extab     0x000000000000fc50        0x0 /usr/local/arm/GNU_Tools_for_ARM/bin/../lib/gcc/arm-none-eabi/11.3.1/../../../../arm-none-eabi/lib/thumb/v7e-m+fp/hard/crt0.o
                0x000000000000fc50                __etext = .

.rel.dyn        0x000000000000fc50        0x0
 .rel.iplt      0x000000000000fc50        0x0 /usr/local/arm/GNU_Tools_for_ARM/bin/../lib/gcc/arm-none-eabi/11.3.1/thumb/v7e-m+fp/hard/crtbegin.o

.data           0x0000000020000000      0x740 load address 0x000000000000fc50
                0x000000000000fc50                __data_load__ = LOADADDR (.data)
                0x0000000020000000                __data_start__ = .
 *(.data)
 .data          0x0000000020000000        0x0 /usr/local/arm/GNU_Tools_for_ARM/bin/../lib/gcc/arm-none-eabi/11.3.1/thumb/v7e-m+fp/hard/crti.o
 .data          0x0000000020000000        0x0 /usr/local/arm/GNU_Tools_for_ARM/bin/../lib/gcc/arm-none-eabi/11.3.1/thumb/v7e-m+fp/hard/crtbegin.o
 .data          0x0000000020000000        0x0 /usr/local/arm/GNU_Tools_for_ARM/bin/../lib/gcc/arm-none-eabi/11.3.1/../../../../arm-none-eabi/lib/thumb/v7e-m+fp/hard/crt0.o
 .data          0x0000000020000000        0x0 build/main.o
 .data          0x0000000020000000        0x0 build/cpu.o
 .data          0x0000000020000000        0x0 build/cs.o
 .data          0x0000000020000000       0x40 build/flash.o
 .data          0x0000000020000040        0x0 build/fpu.o
 .data          0x0000000020000040        0x0 build/gpio.o
 .data          0x0000000020000040        0x0 build/interrupt.o
 .data          0x0000000020000040        0x0 build/mpu.o
 .data          0x0000000020000040        0x0 build/pcm.o
 .data          0x0000000020000040        0x0 build/pss.o
 .data          0x0000000020000040        0x0 build/ref_a.o
 .data          0x0000000020000040        0x0 build/reset.o
 .data          0x0000000020000040        0x0 build/rtc_c.o
 .data          0x0000000020000040        0x0 build/sysctl.o
 .data          0x0000000020000040        0x0 build/systick.o
 .data          0x0000000020000040        0x0 build/uart.o
 .data          0x0000000020000040        0x0 build/wdt_a.o
 .data          0x0000000020000040        0x0 build/startup_msp432p401r_gcc.o
 .data          0x0000000020000040        0x4 build/system_msp432p401r.o
                0x0000000020000040                SystemCoreClock
 .data          0x0000000020000044        0x0 build/user_periph.o
 .data          0x0000000020000044        0x4 build/syscalls.o
                0x0000000020000044                environ
 .data          0x0000000020000048        0x0 build/user_uart.o
 .data          0x0000000020000048        0x0 build/user_dma.o
 .data          0x0000000020000048        0x0 build/iic_bus.o
 .data          0x0000000020000048        0x0 build/user_timer.o
 .data          0x0000000020000048       0x20 build/mpu6050.o
                0x0000000020000048                accel_LSB
                0x0000000020000058                gyro_LSB
 .data          0x0000000020000068        0x0 /usr/local/arm/GNU_Tools_for_ARM/bin/../lib/gcc/arm-none-eabi/11.3.1/../../../../arm-none-eabi/lib/thumb/v7e-m+fp/hard/libc.a(libc_a-exit.o)
 .data          0x0000000020000068        0x0 /usr/local/arm/GNU_Tools_for_ARM/bin/../lib/gcc/arm-none-eabi/11.3.1/../../../../arm-none-eabi/lib/thumb/v7e-m+fp/hard/libc.a(libc_a-sprintf.o)
 .data          0x0000000020000068        0x0 /usr/local/arm/GNU_Tools_for_ARM/bin/../lib/gcc/arm-none-eabi/11.3.1/../../../../arm-none-eabi/lib/thumb/v7e-m+fp/hard/libc.a(libc_a-errno.o)
 .data          0x0000000020000068        0x0 /usr/local/arm/GNU_Tools_for_ARM/bin/../lib/gcc/arm-none-eabi/11.3.1/../../../../arm-none-eabi/lib/thumb/v7e-m+fp/hard/libc.a(libc_a-svfprintf.o)
 .data          0x0000000020000068        0x0 /usr/local/arm/GNU_Tools_for_ARM/bin/../lib/gcc/arm-none-eabi/11.3.1/../../../../arm-none-eabi/lib/thumb/v7e-m+fp/hard/libc.a(libc_a-vsprintf.o)
 .data          0x0000000020000068        0x0 /usr/local/arm/GNU_Tools_for_ARM/bin/../lib/gcc/arm-none-eabi/11.3.1/../../../../arm-none-eabi/lib/thumb/v7e-m+fp/hard/libc.a(libc_a-malloc.o)
 .data          0x0000000020000068        0x0 /usr/local/arm/GNU_Tools_for_ARM/bin/../lib/gcc/arm-none-eabi/11.3.1/../../../../arm-none-eabi/lib/thumb/v7e-m+fp/hard/libc.a(libc_a-mallocr.o)
 .data          0x0000000020000068        0x0 /usr/local/arm/GNU_Tools_for_ARM/bin/../lib/gcc/arm-none-eabi/11.3.1/../../../../arm-none-eabi/lib/thumb/v7e-m+fp/hard/libc.a(libc_a-__call_atexit.o)
 .data          0x0000000020000068        0x0 /usr/local/arm/GNU_Tools_for_ARM/bin/../lib/gcc/arm-none-eabi/11.3.1/../../../../arm-none-eabi/lib/thumb/v7e-m+fp/hard/libc.a(libc_a-memset.o)
 .data          0x0000000020000068        0x0 /usr/local/arm/GNU_Tools_for_ARM/bin/../lib/gcc/arm-none-eabi/11.3.1/../../../../arm-none-eabi/lib/thumb/v7e-m+fp/hard/libc.a(libc_a-wcrtomb.o)
 .data          0x0000000020000068        0x0 /usr/local/arm/GNU_Tools_for_ARM/bin/../lib/gcc/arm-none-eabi/11.3.1/../../../../arm-none-eabi/lib/thumb/v7e-m+fp/hard/libc.a(libc_a-init.o)
 .data          0x0000000020000068        0x0 /usr/local/arm/GNU_Tools_for_ARM/bin/../lib/gcc/arm-none-eabi/11.3.1/../../../../arm-none-eabi/lib/thumb/v7e-m+fp/hard/libc.a(libc_a-fini.o)
 .data          0x0000000020000068        0x0 /usr/local/arm/GNU_Tools_for_ARM/bin/../lib/gcc/arm-none-eabi/11.3.1/../../../../arm-none-eabi/lib/thumb/v7e-m+fp/hard/libc.a(libc_a-lock.o)
 .data          0x0000000020000068        0x0 /usr/local/arm/GNU_Tools_for_ARM/bin/../lib/gcc/arm-none-eabi/11.3.1/../../../../arm-none-eabi/lib/thumb/v7e-m+fp/hard/libc.a(libc_a-locale.o)
 .data          0x0000000020000068        0x0 /usr/local/arm/GNU_Tools_for_ARM/bin/../lib/gcc/arm-none-eabi/11.3.1/../../../../arm-none-eabi/lib/thumb/v7e-m+fp/hard/libc.a(libc_a-localeconv.o)
 .data          0x0000000020000068        0x0 /usr/local/arm/GNU_Tools_for_ARM/bin/../lib/gcc/arm-none-eabi/11.3.1/../../../../arm-none-eabi/lib/thumb/v7e-m+fp/hard/libc.a(libc_a-strcmp.o)
 .data          0x0000000020000068        0x0 /usr/local/arm/GNU_Tools_for_ARM/bin/../lib/gcc/arm-none-eabi/11.3.1/../../../../arm-none-eabi/lib/thumb/v7e-m+fp/hard/libc.a(libc_a-strcpy.o)
 .data          0x0000000020000068        0x0 /usr/local/arm/GNU_Tools_for_ARM/bin/../lib/gcc/arm-none-eabi/11.3.1/../../../../arm-none-eabi/lib/thumb/v7e-m+fp/hard/libc.a(libc_a-mlock.o)
 .data          0x0000000020000068        0x0 /usr/local/arm/GNU_Tools_for_ARM/bin/../lib/gcc/arm-none-eabi/11.3.1/../../../../arm-none-eabi/lib/thumb/v7e-m+fp/hard/libc.a(libc_a-atexit.o)
 .data          0x0000000020000068        0x0 /usr/local/arm/GNU_Tools_for_ARM/bin/../lib/gcc/arm-none-eabi/11.3.1/../../../../arm-none-eabi/lib/thumb/v7e-m+fp/hard/libc.a(libc_a-strchr.o)
 .data          0x0000000020000068        0x0 /usr/local/arm/GNU_Tools_for_ARM/bin/../lib/gcc/arm-none-eabi/11.3.1/../../../../arm-none-eabi/lib/thumb/v7e-m+fp/hard/libc.a(libc_a-wcsrtombs.o)
 .data          0x0000000020000068        0x0 /usr/local/arm/GNU_Tools_for_ARM/bin/../lib/gcc/arm-none-eabi/11.3.1/../../../../arm-none-eabi/lib/thumb/v7e-m+fp/hard/libc.a(libc_a-dtoa.o)
 .data          0x0000000020000068        0x0 /usr/local/arm/GNU_Tools_for_ARM/bin/../lib/gcc/arm-none-eabi/11.3.1/../../../../arm-none-eabi/lib/thumb/v7e-m+fp/hard/libc.a(libc_a-ctype_.o)
 .data          0x0000000020000068        0x0 /usr/local/arm/GNU_Tools_for_ARM/bin/../lib/gcc/arm-none-eabi/11.3.1/../../../../arm-none-eabi/lib/thumb/v7e-m+fp/hard/libc.a(libc_a-impure.o)
 .data          0x0000000020000068        0x0 /usr/local/arm/GNU_Tools_for_ARM/bin/../lib/gcc/arm-none-eabi/11.3.1/../../../../arm-none-eabi/lib/thumb/v7e-m+fp/hard/libc.a(libc_a-findfp.o)
 .data          0x0000000020000068        0x0 /usr/local/arm/GNU_Tools_for_ARM/bin/../lib/gcc/arm-none-eabi/11.3.1/../../../../arm-none-eabi/lib/thumb/v7e-m+fp/hard/libc.a(libc_a-memchr.o)
 .data          0x0000000020000068        0x0 /usr/local/arm/GNU_Tools_for_ARM/bin/../lib/gcc/arm-none-eabi/11.3.1/../../../../arm-none-eabi/lib/thumb/v7e-m+fp/hard/libc.a(libc_a-memcpy.o)
 .data          0x0000000020000068        0x0 /usr/local/arm/GNU_Tools_for_ARM/bin/../lib/gcc/arm-none-eabi/11.3.1/../../../../arm-none-eabi/lib/thumb/v7e-m+fp/hard/libc.a(libc_a-strlen.o)
 .data          0x0000000020000068        0x0 /usr/local/arm/GNU_Tools_for_ARM/bin/../lib/gcc/arm-none-eabi/11.3.1/../../../../arm-none-eabi/lib/thumb/v7e-m+fp/hard/libc.a(libm_a-s_frexp.o)
 .data          0x0000000020000068        0x0 /usr/local/arm/GNU_Tools_for_ARM/bin/../lib/gcc/arm-none-eabi/11.3.1/../../../../arm-none-eabi/lib/thumb/v7e-m+fp/hard/libc.a(libc_a-strlcpy.o)
 .data          0x0000000020000068        0x0 /usr/local/arm/GNU_Tools_for_ARM/bin/../lib/gcc/arm-none-eabi/11.3.1/../../../../arm-none-eabi/lib/thumb/v7e-m+fp/hard/libc.a(libc_a-freer.o)
 .data          0x0000000020000068        0x0 /usr/local/arm/GNU_Tools_for_ARM/bin/../lib/gcc/arm-none-eabi/11.3.1/../../../../arm-none-eabi/lib/thumb/v7e-m+fp/hard/libc.a(libc_a-strtol.o)
 .data          0x0000000020000068        0x0 /usr/local/arm/GNU_Tools_for_ARM/bin/../lib/gcc/arm-none-eabi/11.3.1/../../../../arm-none-eabi/lib/thumb/v7e-m+fp/hard/libc.a(libc_a-strncasecmp.o)
 .data          0x0000000020000068        0x0 /usr/local/arm/GNU_Tools_for_ARM/bin/../lib/gcc/arm-none-eabi/11.3.1/../../../../arm-none-eabi/lib/thumb/v7e-m+fp/hard/libc.a(libc_a-getenv_r.o)
 .data          0x0000000020000068        0x0 /usr/local/arm/GNU_Tools_for_ARM/bin/../lib/gcc/arm-none-eabi/11.3.1/../../../../arm-none-eabi/lib/thumb/v7e-m+fp/hard/libc.a(libc_a-strncpy.o)
 .data          0x0000000020000068        0x0 /usr/local/arm/GNU_Tools_for_ARM/bin/../lib/gcc/arm-none-eabi/11.3.1/../../../../arm-none-eabi/lib/thumb/v7e-m+fp/hard/libc.a(libc_a-stdio.o)
 .data          0x0000000020000068        0x0 /usr/local/arm/GNU_Tools_for_ARM/bin/../lib/gcc/arm-none-eabi/11.3.1/../../../../arm-none-eabi/lib/thumb/v7e-m+fp/hard/libc.a(libc_a-wctomb_r.o)
 .data          0x0000000020000068        0x0 /usr/local/arm/GNU_Tools_for_ARM/bin/../lib/gcc/arm-none-eabi/11.3.1/../../../../arm-none-eabi/lib/thumb/v7e-m+fp/hard/libc.a(libc_a-sbrkr.o)
 .data          0x0000000020000068        0x0 /usr/local/arm/GNU_Tools_for_ARM/bin/../lib/gcc/arm-none-eabi/11.3.1/../../../../arm-none-eabi/lib/thumb/v7e-m+fp/hard/libc.a(libc_a-fwalk.o)
 .data          0x0000000020000068        0x0 /usr/local/arm/GNU_Tools_for_ARM/bin/../lib/gcc/arm-none-eabi/11.3.1/../../../../arm-none-eabi/lib/thumb/v7e-m+fp/hard/libc.a(libc_a-writer.o)
 .data          0x0000000020000068        0x0 /usr/local/arm/GNU_Tools_for_ARM/bin/../lib/gcc/arm-none-eabi/11.3.1/../../../../arm-none-eabi/lib/thumb/v7e-m+fp/hard/libc.a(libc_a-svfiprintf.o)
 .data          0x0000000020000068        0x0 /usr/local/arm/GNU_Tools_for_ARM/bin/../lib/gcc/arm-none-eabi/11.3.1/../../../../arm-none-eabi/lib/thumb/v7e-m+fp/hard/libc.a(libc_a-__atexit.o)
 .data          0x0000000020000068        0x0 /usr/local/arm/GNU_Tools_for_ARM/bin/../lib/gcc/arm-none-eabi/11.3.1/../../../../arm-none-eabi/lib/thumb/v7e-m+fp/hard/libc.a(libc_a-mbtowc_r.o)
 .data          0x0000000020000068        0x0 /usr/local/arm/GNU_Tools_for_ARM/bin/../lib/gcc/arm-none-eabi/11.3.1/../../../../arm-none-eabi/lib/thumb/v7e-m+fp/hard/libc.a(libc_a-memmove.o)
 .data          0x0000000020000068        0x0 /usr/local/arm/GNU_Tools_for_ARM/bin/../lib/gcc/arm-none-eabi/11.3.1/../../../../arm-none-eabi/lib/thumb/v7e-m+fp/hard/libc.a(libc_a-assert.o)
 .data          0x0000000020000068        0x0 /usr/local/arm/GNU_Tools_for_ARM/bin/../lib/gcc/arm-none-eabi/11.3.1/../../../../arm-none-eabi/lib/thumb/v7e-m+fp/hard/libc.a(libc_a-strcasecmp.o)
 .data          0x0000000020000068        0x0 /usr/local/arm/GNU_Tools_for_ARM/bin/../lib/gcc/arm-none-eabi/11.3.1/../../../../arm-none-eabi/lib/thumb/v7e-m+fp/hard/libc.a(libc_a-strcat.o)
 .data          0x0000000020000068        0x0 /usr/local/arm/GNU_Tools_for_ARM/bin/../lib/gcc/arm-none-eabi/11.3.1/../../../../arm-none-eabi/lib/thumb/v7e-m+fp/hard/libc.a(libc_a-fclose.o)
 .data          0x0000000020000068        0x0 /usr/local/arm/GNU_Tools_for_ARM/bin/../lib/gcc/arm-none-eabi/11.3.1/../../../../arm-none-eabi/lib/thumb/v7e-m+fp/hard/libc.a(libc_a-mprec.o)
 .data          0x0000000020000068        0x0 /usr/local/arm/GNU_Tools_for_ARM/bin/../lib/gcc/arm-none-eabi/11.3.1/../../../../arm-none-eabi/lib/thumb/v7e-m+fp/hard/libc.a(libc_a-callocr.o)
 .data          0x0000000020000068        0x0 /usr/local/arm/GNU_Tools_for_ARM/bin/../lib/gcc/arm-none-eabi/11.3.1/../../../../arm-none-eabi/lib/thumb/v7e-m+fp/hard/libc.a(libc_a-wcsnrtombs.o)
 .data          0x0000000020000068        0x0 /usr/local/arm/GNU_Tools_for_ARM/bin/../lib/gcc/arm-none-eabi/11.3.1/../../../../arm-none-eabi/lib/thumb/v7e-m+fp/hard/libc.a(libc_a-closer.o)