Archive member included to satisfy reference by file (symbol)

/usr/local/arm/GNU_Tools_for_ARM/bin/../lib/gcc/arm-none-eabi/11.3.1/../../../../arm-none-eabi/lib/thumb/v7e-m+fp/hard/libc.a(libc_a-exit.o)
                              /usr/local/arm/GNU_Tools_for_ARM/bin/../lib/gcc/arm-none-eabi/11.3.1/../../../../arm-none-eabi/lib/thumb/v7e-m+fp/hard/crt0.o (exit)
/usr/local/arm/GNU_Tools_for_ARM/bin/../lib/gcc/arm-none-eabi/11.3.1/../../../../arm-none-eabi/lib/thumb/v7e-m+fp/hard/libc.a(libc_a-sprintf.o)
                              build/user_uart.o (sprintf)
/usr/local/arm/GNU_Tools_for_ARM/bin/../lib/gcc/arm-none-eabi/11.3.1/../../../../arm-none-eabi/lib/thumb/v7e-m+fp/hard/libc.a(libc_a-errno.o)
                              build/syscalls.o (__errno)
/usr/local/arm/GNU_Tools_for_ARM/bin/../lib/gcc/arm-none-eabi/11.3.1/../../../../arm-none-eabi/lib/thumb/v7e-m+fp/hard/libc.a(libc_a-svfprintf.o)
                              /usr/local/arm/GNU_Tools_for_ARM/bin/../lib/gcc/arm-none-eabi/11.3.1/../../../../arm-none-eabi/lib/thumb/v7e-m+fp/hard/libc.a(libc_a-sprintf.o) (_svfprintf_r)
/usr/local/arm/GNU_Tools_for_ARM/bin/../lib/gcc/arm-none-eabi/11.3.1/../../../../arm-none-eabi/lib/thumb/v7e-m+fp/hard/libc.a(libc_a-mallocr.o)
                              /usr/local/arm/GNU_Tools_for_ARM/bin/../lib/gcc/arm-none-eabi/11.3.1/../../../../arm-none-eabi/lib/thumb/v7e-m+fp/hard/libc.a(libc_a-svfprintf.o) (_malloc_r)
/usr/local/arm/GNU_Tools_for_ARM/bin/../lib/gcc/arm-none-eabi/11.3.1/../../../../arm-none-eabi/lib/thumb/v7e-m+fp/hard/libc.a(libc_a-__call_atexit.o)
                              /usr/local/arm/GNU_Tools_for_ARM/bin/../lib/gcc/arm-none-eabi/11.3.1/../../../../arm-none-eabi/lib/thumb/v7e-m+fp/hard/libc.a(libc_a-exit.o) (__call_exitprocs)
/usr/local/arm/GNU_Tools_for_ARM/bin/../lib/gcc/arm-none-eabi/11.3.1/../../../../arm-none-eabi/lib/thumb/v7e-m+fp/hard/libc.a(libc_a-memset.o)
                              /usr/local/arm/GNU_Tools_for_ARM/bin/../lib/gcc/arm-none-eabi/11.3.1/../../../../arm-none-eabi/lib/thumb/v7e-m+fp/hard/crt0.o (memset)
/usr/local/arm/GNU_Tools_for_ARM/bin/../lib/gcc/arm-none-eabi/11.3.1/../../../../arm-none-eabi/lib/thumb/v7e-m+fp/hard/libc.a(libc_a-wcrtomb.o)
                              /usr/local/arm/GNU_Tools_for_ARM/bin/../lib/gcc/arm-none-eabi/11.3.1/../../../../arm-none-eabi/lib/thumb/v7e-m+fp/hard/libc.a(libc_a-svfprintf.o) (_wcrtomb_r)
/usr/local/arm/GNU_Tools_for_ARM/bin/../lib/gcc/arm-none-eabi/11.3.1/../../../../arm-none-eabi/lib/thumb/v7e-m+fp/hard/libc.a(libc_a-init.o)
                              /usr/local/arm/GNU_Tools_for_ARM/bin/../lib/gcc/arm-none-eabi/11.3.1/../../../../arm-none-eabi/lib/thumb/v7e-m+fp/hard/crt0.o (__libc_init_array)
/usr/local/arm/GNU_Tools_for_ARM/bin/../lib/gcc/arm-none-eabi/11.3.1/../../../../arm-none-eabi/lib/thumb/v7e-m+fp/hard/libc.a(libc_a-fini.o)
                              /usr/local/arm/GNU_Tools_for_ARM/bin/../lib/gcc/arm-none-eabi/11.3.1/../../../../arm-none-eabi/lib/thumb/v7e-m+fp/hard/libc.a(libc_a-__call_atexit.o) (__libc_fini_array)
/usr/local/arm/GNU_Tools_for_ARM/bin/../lib/gcc/arm-none-eabi/11.3.1/../../../../arm-none-eabi/lib/thumb/v7e-m+fp/hard/libc.a(libc_a-lock.o)
                              /usr/local/arm/GNU_Tools_for_ARM/bin/../lib/gcc/arm-none-eabi/11.3.1/../../../../arm-none-eabi/lib/thumb/v7e-m+fp/hard/libc.a(libc_a-__call_atexit.o) (__retarget_lock_acquire_recursive)
/usr/local/arm/GNU_Tools_for_ARM/bin/../lib/gcc/arm-none-eabi/11.3.1/../../../../arm-none-eabi/lib/thumb/v7e-m+fp/hard/libc.a(libc_a-locale.o)
                              /usr/local/arm/GNU_Tools_for_ARM/bin/../lib/gcc/arm-none-eabi/11.3.1/../../../../arm-none-eabi/lib/thumb/v7e-m+fp/hard/libc.a(libc_a-svfprintf.o) (__locale_mb_cur_max)
/usr/local/arm/GNU_Tools_for_ARM/bin/../lib/gcc/arm-none-eabi/11.3.1/../../../../arm-none-eabi/lib/thumb/v7e-m+fp/hard/libc.a(libc_a-localeconv.o)
                              /usr/local/arm/GNU_Tools_for_ARM/bin/../lib/gcc/arm-none-eabi/11.3.1/../../../../arm-none-eabi/lib/thumb/v7e-m+fp/hard/libc.a(libc_a-svfprintf.o) (_localeconv_r)
/usr/local/arm/GNU_Tools_for_ARM/bin/../lib/gcc/arm-none-eabi/11.3.1/../../../../arm-none-eabi/lib/thumb/v7e-m+fp/hard/libc.a(libc_a-strcmp.o)
                              /usr/local/arm/GNU_Tools_for_ARM/bin/../lib/gcc/arm-none-eabi/11.3.1/../../../../arm-none-eabi/lib/thumb/v7e-m+fp/hard/libc.a(libc_a-locale.o) (strcmp)
/usr/local/arm/GNU_Tools_for_ARM/bin/../lib/gcc/arm-none-eabi/11.3.1/../../../../arm-none-eabi/lib/thumb/v7e-m+fp/hard/libc.a(libc_a-strcpy.o)
                              /usr/local/arm/GNU_Tools_for_ARM/bin/../lib/gcc/arm-none-eabi/11.3.1/../../../../arm-none-eabi/lib/thumb/v7e-m+fp/hard/libc.a(libc_a-locale.o) (strcpy)
/usr/local/arm/GNU_Tools_for_ARM/bin/../lib/gcc/arm-none-eabi/11.3.1/../../../../arm-none-eabi/lib/thumb/v7e-m+fp/hard/libc.a(libc_a-mlock.o)
[...]
Memory Configuration

Name             Origin             Length             Attributes
MAIN_FLASH       0x0000000000000000 0x0000000000040000 xr
INFO_FLASH       0x0000000000200000 0x0000000000004000 xr
SRAM_CODE        0x0000000001000000 0x0000000000010000 xrw
SRAM_DATA        0x0000000020000000 0x0000000000010000 rw
*default*        0x0000000000000000 0xffffffffffffffff

Linker script and memory map

LOAD /usr/local/arm/GNU_Tools_for_ARM/bin/../lib/gcc/arm-none-eabi/11.3.1/thumb/v7e-m+fp/hard/crti.o
LOAD /usr/local/arm/GNU_Tools_for_ARM/bin/../lib/gcc/arm-none-eabi/11.3.1/thumb/v7e-m+fp/hard/crtbegin.o
LOAD /usr/local/arm/GNU_Tools_for_ARM/bin/../lib/gcc/arm-none-eabi/11.3.1/../../../../arm-none-eabi/lib/thumb/v7e-m+fp/hard/crt0.o
LOAD build/main.o
LOAD build/cpu.o
LOAD build/cs.o
LOAD build/flash.o
LOAD build/fpu.o
LOAD build/gpio.o
LOAD build/interrupt.o
LOAD build/mpu.o
LOAD build/pcm.o
LOAD build/pss.o
LOAD build/ref_a.o
LOAD build/reset.o
LOAD build/rtc_c.o
LOAD build/sysctl.o
LOAD build/systick.o
LOAD build/uart.o
LOAD build/wdt_a.o
LOAD build/startup_msp432p401r_gcc.o
LOAD build/system_msp432p401r.o
LOAD build/iic_bus.o
LOAD build/user_periph.o
LOAD build/syscalls.o
LOAD build/user_uart.o
LOAD build/user_dma.o
LOAD /usr/local/arm/GNU_Tools_for_ARM/bin/../lib/gcc/arm-none-eabi/11.3.1/../../../../arm-none-eabi/lib/thumb/v7e-m+fp/hard/libc.a
LOAD /usr/local/arm/GNU_Tools_for_ARM/bin/../lib/gcc/arm-none-eabi/11.3.1/../../../../arm-none-eabi/lib/thumb/v7e-m+fp/hard/libm.a
LOAD /usr/local/arm/GNU_Tools_for_ARM/bin/../lib/gcc/arm-none-eabi/11.3.1/../../../../arm-none-eabi/lib/thumb/v7e-m+fp/hard/libnosys.a
START GROUP
LOAD /usr/local/arm/GNU_Tools_for_ARM/bin/../lib/gcc/arm-none-eabi/11.3.1/thumb/v7e-m+fp/hard/libgcc.a
LOAD /usr/local/arm/GNU_Tools_for_ARM/bin/../lib/gcc/arm-none-eabi/11.3.1/../../../../arm-none-eabi/lib/thumb/v7e-m+fp/hard/libc.a
END GROUP
START GROUP
LOAD /usr/local/arm/GNU_Tools_for_ARM/bin/../lib/gcc/arm-none-eabi/11.3.1/thumb/v7e-m+fp/hard/libgcc.a
LOAD /usr/local/arm/GNU_Tools_for_ARM/bin/../lib/gcc/arm-none-eabi/11.3.1/../../../../arm-none-eabi/lib/thumb/v7e-m+fp/hard/libc.a
LOAD /usr/local/arm/GNU_Tools_for_ARM/bin/../lib/gcc/arm-none-eabi/11.3.1/../../../../arm-none-eabi/lib/thumb/v7e-m+fp/hard/libnosys.a
END GROUP
LOAD /usr/local/arm/GNU_Tools_for_ARM/bin/../lib/gcc/arm-none-eabi/11.3.1/thumb/v7e-m+fp/hard/crtend.o
LOAD /usr/local/arm/GNU_Tools_for_ARM/bin/../lib/gcc/arm-none-eabi/11.3.1/thumb/v7e-m+fp/hard/crtn.o
                0x0000000000000000                PROVIDE (_intvecs_base_address = DEFINED (_intvecs_base_address)?_intvecs_base_address:0x0)

.intvecs        0x0000000000000000       0xe4
 *(.intvecs)
 .intvecs       0x0000000000000000       0xe4 build/startup_msp432p401r_gcc.o
                0x0000000000000000                interruptVectors
                0x0000000000200000                PROVIDE (_mailbox_base_address = 0x200000)

.flashMailbox
 *(.flashMailbox)
                0x0000000000201000                PROVIDE (_tlv_base_address = 0x201000)

.tlvTable
 *(.tlvTable)
                0x0000000000202000                PROVIDE (_bsl_base_address = 0x202000)

.bslArea
 *(.bslArea)
                0x0000000020000000                PROVIDE (_vtable_base_address = DEFINED (_vtable_base_address)?_vtable_base_address:0x20000000)

.vtable
 *(.vtable)

.text           0x0000000000000100     0xedec
 CREATE_OBJECT_SYMBOLS
 *(.text)
 .text          0x0000000000000100        0x0 /usr/local/arm/GNU_Tools_for_ARM/bin/../lib/gcc/arm-none-eabi/11.3.1/thumb/v7e-m+fp/hard/crti.o
 .text          0x0000000000000100        0x0 /usr/local/arm/GNU_Tools_for_ARM/bin/../lib/gcc/arm-none-eabi/11.3.1/thumb/v7e-m+fp/hard/crtbegin.o
 .text          0x0000000000000100       0x7c /usr/local/arm/GNU_Tools_for_ARM/bin/../lib/gcc/arm-none-eabi/11.3.1/../../../../arm-none-eabi/lib/thumb/v7e-m+fp/hard/crt0.o
                0x0000000000000100                _stack_init
                0x0000000000000108                _mainCRTStartup
                0x0000000000000108                _start
 .text          0x000000000000017c      0x160 build/main.o
                0x000000000000017c                my_delay
                0x00000000000001b0                main
                0x00000000000001f4                Clock_Configuration
                0x0000000000000268                Clock_Information
 .text          0x00000000000002dc       0x42 build/cpu.o
                0x00000000000002dc                CPU_cpsid
                0x00000000000002ea                CPU_primask
                0x00000000000002f6                CPU_cpsie
                0x0000000000000304                CPU_wfi
                0x000000000000030a                CPU_basepriSet
                0x0000000000000312                CPU_basepriGet
 *fill*         0x000000000000031e        0x2 
 .text          0x0000000000000320      0xf84 build/cs.o
                0x0000000000000678                CS_setExternalClockSourceFrequency
                0x00000000000006a4                CS_initClockSignal
                0x0000000000000830                CS_startHFXT
                0x000000000000084e                CS_startHFXTWithTimeout
                0x0000000000000940                CS_startLFXT
                0x000000000000095a                CS_startLFXTWithTimeout
                0x0000000000000a44                CS_enableClockRequest
                0x0000000000000a7c                CS_disableClockRequest
                0x0000000000000ab4                CS_setReferenceOscillatorFrequency
                0x0000000000000aec                CS_enableDCOExternalResistor
                0x0000000000000b1c                CS_setDCOExternalResistorCalibration
                0x0000000000000bb0                CS_disableDCOExternalResistor
                0x0000000000000be0                CS_setDCOCenteredFrequency
                0x0000000000000c1c                CS_tuneDCOFrequency
                0x0000000000000ca0                CS_getDCOFrequency
                0x0000000000000db8                CS_setDCOFrequency
                0x0000000000000f6c                CS_getBCLK
                0x0000000000000f98                CS_getHSMCLK
                0x0000000000000fcc                CS_getACLK
                0x0000000000001000                CS_getSMCLK
                0x0000000000001034                CS_getMCLK
                0x0000000000001068                CS_enableFaultCounter
                0x00000000000010b0                CS_disableFaultCounter
                0x00000000000010f8                CS_resetFaultCounter
                0x0000000000001140                CS_startFaultCounter
                0x0000000000001198                CS_enableInterrupt
                0x00000000000011d0                CS_disableInterrupt
                0x0000000000001208                CS_getInterruptStatus
                0x0000000000001220                CS_getEnabledInterruptStatus
                0x0000000000001238                CS_clearInterruptFlag
                0x0000000000001270                CS_registerInterrupt
                0x000000000000128e                CS_unregisterInterrupt
 .text          0x00000000000012a4     0x1af0 build/flash.o
                0x00000000000015c2                FlashCtl_getMemoryInfo
                0x00000000000019a8                FlashCtl_enableReadBuffering
                0x0000000000001a20                FlashCtl_disableReadBuffering
                0x0000000000001a98                FlashCtl_unprotectSector
                0x0000000000001b3c                FlashCtl_protectSector
                0x0000000000001bc4                FlashCtl_isSectorProtected
                0x0000000000001c58                FlashCtl_verifyMemory
                0x0000000000001f00                FlashCtl_setReadMode
                0x0000000000001f84                FlashCtl_getReadMode
                0x0000000000001fc4                FlashCtl_initiateMassErase
                0x0000000000001ff0                FlashCtl_performMassErase
                0x00000000000021c8                FlashCtl_eraseSector
                0x000000000000231c                FlashCtl_initiateSectorErase
                0x00000000000023bc                FlashCtl_programMemory
                0x0000000000002564                FlashCtl_setProgramVerification
                0x00000000000025c8                FlashCtl_clearProgramVerification
                0x000000000000262c                FlashCtl_enableWordProgramming
                0x0000000000002670                FlashCtl_disableWordProgramming
                0x0000000000002688                FlashCtl_isWordProgrammingEnabled
                0x00000000000026bc                FlashCtl_setWaitState
                0x0000000000002708                FlashCtl_getWaitState
                0x0000000000002748                FlashCtl_enableInterrupt
                0x0000000000002770                FlashCtl_disableInterrupt
                0x000000000000279c                FlashCtl_getInterruptStatus
                0x00000000000027b4                FlashCtl_getEnabledInterruptStatus
                0x00000000000027d0                FlashCtl_clearInterruptFlag
                0x00000000000027f8                FlashCtl_registerInterrupt
                0x0000000000002816                FlashCtl_unregisterInterrupt
                0x000000000000282a                __FlashCtl_remaskData8Post
                0x00000000000028bc                __FlashCtl_remaskData8Pre
                0x0000000000002954                __FlashCtl_remaskData32Post
                0x0000000000002a34                __FlashCtl_remaskData32Pre
                0x0000000000002b18                __FlashCtl_remaskBurstDataPre
                0x0000000000002c5c                __FlashCtl_remaskBurstDataPost
 .text          0x0000000000002d94      0x14c build/fpu.o
                0x0000000000002d94                FPU_enableModule
                0x0000000000002db8                FPU_disableModule
                0x0000000000002ddc                FPU_enableStacking
                0x0000000000002e00                FPU_enableLazyStacking
                0x0000000000002e20                FPU_disableStacking
                0x0000000000002e40                FPU_setHalfPrecisionMode
                0x0000000000002e68                FPU_setNaNMode
                0x0000000000002e90                FPU_setFlushToZeroMode
                0x0000000000002eb8                FPU_setRoundingMode
 .text          0x0000000000002ee0      0x7e4 build/gpio.o
                0x0000000000002ee0                GPIO_setAsOutputPin
                0x0000000000002f50                GPIO_setAsInputPin
                0x0000000000002fdc                GPIO_setAsPeripheralModuleFunctionOutputPin
                0x00000000000030c4                GPIO_setAsPeripheralModuleFunctionInputPin
                0x00000000000031b0                GPIO_setOutputHighOnPin
                0x00000000000031ec                GPIO_setOutputLowOnPin
                0x000000000000322c                GPIO_toggleOutputOnPin
                0x0000000000003268                GPIO_setAsInputPinWithPullDownResistor
                0x000000000000330c                GPIO_setAsInputPinWithPullUpResistor
                0x00000000000033ac                GPIO_getInputPinValue
                0x00000000000033ec                GPIO_enableInterrupt
                0x0000000000003428                GPIO_disableInterrupt
                0x0000000000003468                GPIO_getInterruptStatus
                0x000000000000349c                GPIO_clearInterruptFlag
                0x00000000000034dc                GPIO_interruptEdgeSelect
                0x000000000000353c                GPIO_getEnabledInterruptStatus
                0x00000000000035ec                GPIO_setDriveStrengthHigh
                0x0000000000003628                GPIO_setDriveStrengthLow
                0x0000000000003668                GPIO_registerInterrupt
                0x0000000000003698                GPIO_unregisterInterrupt
 .text          0x00000000000036c4      0x548 build/interrupt.o
                0x00000000000036ca                Interrupt_enableMaster
                0x00000000000036e2                Interrupt_disableMaster
                0x00000000000036fa                Interrupt_registerInterrupt
                0x0000000000003760                Interrupt_unregisterInterrupt
                0x0000000000003788                Interrupt_setPriorityGrouping
                0x00000000000037d8                Interrupt_getPriorityGrouping
                0x0000000000003824                Interrupt_setPriority
                0x000000000000388c                Interrupt_getPriority
                0x00000000000038c0                Interrupt_enableInterrupt
                0x0000000000003954                Interrupt_disableInterrupt
                0x00000000000039e8                Interrupt_isEnabled
                0x0000000000003a88                Interrupt_pendInterrupt
                0x0000000000003b04                Interrupt_unpendInterrupt
                0x0000000000003b6c                Interrupt_setPriorityMask
                0x0000000000003b86                Interrupt_getPriorityMask
                0x0000000000003b96                Interrupt_setVectorTableAddress
                0x0000000000003bb4                Interrupt_getVectorTableAddress
                0x0000000000003bcc                Interrupt_enableSleepOnIsrExit
                0x0000000000003bec                Interrupt_disableSleepOnIsrExit
 .text          0x0000000000003c0c      0x16c build/mpu.o
                0x0000000000003c0c                MPU_enableModule
                0x0000000000003c30                MPU_disableModule
                0x0000000000003c50                MPU_getRegionCount
                0x0000000000003c6c                MPU_enableRegion
                0x0000000000003c98                MPU_disableRegion
                0x0000000000003cc4                MPU_setRegion
                0x0000000000003cfc                MPU_getRegion
                0x0000000000003d34                MPU_registerInterrupt
                0x0000000000003d4c                MPU_unregisterInterrupt
                0x0000000000003d5a                MPU_enableInterrupt
                0x0000000000003d68                MPU_disableInterrupt
 .text          0x0000000000003d78      0xb08 build/pcm.o
                0x0000000000003e98                PCM_setCoreVoltageLevel
                0x0000000000003eb4                PCM_setCoreVoltageLevelWithTimeout
                0x0000000000003ed2                PCM_setCoreVoltageLevelNonBlocking
                0x0000000000003eee                PCM_getPowerMode
                0x0000000000003f5e                PCM_getCoreVoltageLevel
                0x0000000000004150                PCM_setPowerMode
                0x000000000000416c                PCM_setPowerModeNonBlocking
                0x0000000000004188                PCM_setPowerModeWithTimeout
                0x0000000000004534                PCM_setPowerState
                0x0000000000004550                PCM_setPowerStateWithTimeout
                0x000000000000456e                PCM_setPowerStateNonBlocking
                0x000000000000458a                PCM_shutdownDevice
                0x00000000000045f0                PCM_gotoLPM4
                0x0000000000004606                PCM_gotoLPM4InterruptSafe
                0x000000000000462a                PCM_gotoLPM0
                0x000000000000465c                PCM_gotoLPM0InterruptSafe
                0x0000000000004680                PCM_gotoLPM3
                0x000000000000471c                PCM_gotoLPM3InterruptSafe
                0x0000000000004740                PCM_getPowerState
                0x0000000000004760                PCM_enableRudeMode
                0x0000000000004784                PCM_disableRudeMode
                0x00000000000047ac                PCM_enableInterrupt
                0x00000000000047d0                PCM_disableInterrupt
                0x00000000000047f8                PCM_getInterruptStatus
                0x0000000000004810                PCM_getEnabledInterruptStatus
                0x0000000000004828                PCM_clearInterruptFlag
                0x000000000000484c                PCM_registerInterrupt
                0x000000000000486a                PCM_unregisterInterrupt
 .text          0x0000000000004880      0x28c build/pss.o
                0x00000000000048b4                PSS_enableForcedDCDCOperation
                0x00000000000048d0                PSS_disableForcedDCDCOperation
                0x00000000000048ec                PSS_enableHighSidePinToggle
                0x0000000000004934                PSS_disableHighSidePinToggle
                0x0000000000004950                PSS_enableHighSide
                0x000000000000496c                PSS_disableHighSide
                0x0000000000004988                PSS_setHighSidePerformanceMode
                0x00000000000049b8                PSS_getHighSidePerformanceMode
                0x00000000000049dc                PSS_enableHighSideMonitor
                0x00000000000049f8                PSS_disableHighSideMonitor
                0x0000000000004a14                PSS_setHighSideVoltageTrigger
                0x0000000000004a50                PSS_getHighSideVoltageTrigger
                0x0000000000004a6c                PSS_enableInterrupt
                0x0000000000004a88                PSS_disableInterrupt
                0x0000000000004aa4                PSS_getInterruptStatus
                0x0000000000004abc                PSS_clearInterruptFlag
                0x0000000000004ad8                PSS_registerInterrupt
                0x0000000000004af6                PSS_unregisterInterrupt
 .text          0x0000000000004b0c      0x1c0 build/ref_a.o
                0x0000000000004b0c                REF_A_setReferenceVoltage
                0x0000000000004b3c                REF_A_disableTempSensor
                0x0000000000004b54                REF_A_enableTempSensor
                0x0000000000004b6c                REF_A_enableReferenceVoltageOutput
                0x0000000000004b84                REF_A_disableReferenceVoltageOutput
                0x0000000000004b9c                REF_A_enableReferenceVoltage
                0x0000000000004bb4                REF_A_disableReferenceVoltage
                0x0000000000004bcc                REF_A_getBandgapMode
                0x0000000000004be8                REF_A_isBandgapActive
                0x0000000000004c0c                REF_A_isRefGenBusy
                0x0000000000004c30                REF_A_isRefGenActive
                0x0000000000004c54                REF_A_getBufferedBandgapVoltageStatus
                0x0000000000004c78                REF_A_getVariableReferenceVoltageStatus
                0x0000000000004c9c                REF_A_setReferenceVoltageOneTimeTrigger
                0x0000000000004cb4                REF_A_setBufferedBandgapVoltageOneTimeTrigger
 .text          0x0000000000004ccc      0x180 build/reset.o
                0x0000000000004ccc                ResetCtl_initiateSoftReset
                0x0000000000004cf0                ResetCtl_initiateSoftResetWithSource
                0x0000000000004d14                ResetCtl_getSoftResetSource
                0x0000000000004d2c                ResetCtl_clearSoftResetSource
                0x0000000000004d50                ResetCtl_initiateHardReset
                0x0000000000004d74                ResetCtl_initiateHardResetWithSource
                0x0000000000004d98                ResetCtl_getHardResetSource
                0x0000000000004db0                ResetCtl_clearHardResetSource
                0x0000000000004dd4                ResetCtl_getPSSSource
                0x0000000000004dec                ResetCtl_clearPSSFlags
                0x0000000000004e10                ResetCtl_getPCMSource
                0x0000000000004e28                ResetCtl_clearPCMFlags
 .text          0x0000000000004e4c      0x7d0 build/rtc_c.o
                0x0000000000004e4c                RTC_C_startClock
                0x0000000000004e90                RTC_C_holdClock
                0x0000000000004ed4                RTC_C_setCalibrationFrequency
                0x0000000000004f2c                RTC_C_setCalibrationData
                0x0000000000004f7c                RTC_C_setTemperatureCompensation
                0x0000000000004fcc                RTC_C_initCalendar
                0x0000000000005080                RTC_C_getCalendarTime
                0x0000000000005110                RTC_C_setCalendarAlarm
                0x0000000000005174                RTC_C_setCalendarEvent
                0x00000000000051cc                RTC_C_definePrescaleEvent
                0x000000000000523c                RTC_C_getPrescaleValue
                0x0000000000005278                RTC_C_setPrescaleValue
                0x00000000000052f8                RTC_C_convertBCDToBinary
                0x0000000000005320                RTC_C_convertBinaryToBCD
                0x0000000000005348                RTC_C_enableInterrupt
                0x00000000000053c8                RTC_C_disableInterrupt
                0x0000000000005454                RTC_C_getInterruptStatus
                0x00000000000054d0                RTC_C_getEnabledInterruptStatus
                0x000000000000556c                RTC_C_clearInterruptFlag
                0x00000000000055e8                RTC_C_registerInterrupt
                0x0000000000005606                RTC_C_unregisterInterrupt
 .text          0x000000000000561c      0x40c build/sysctl.o
                0x000000000000561c                SysCtl_getTLVInfo
                0x00000000000056b0                SysCtl_getSRAMSize
                0x00000000000056c8                SysCtl_getFlashSize
                0x00000000000056e0                SysCtl_disableNMISource
                0x0000000000005708                SysCtl_enableNMISource
                0x000000000000572c                SysCtl_getNMISourceStatus
                0x0000000000005748                SysCtl_enableSRAMBank
                0x0000000000005778                SysCtl_disableSRAMBank
                0x0000000000005880                SysCtl_enableSRAMBankRetention
                0x00000000000058b4                SysCtl_disableSRAMBankRetention
                0x00000000000058e8                SysCtl_rebootDevice
                0x0000000000005904                SysCtl_enablePeripheralAtCPUHalt
                0x000000000000592c                SysCtl_disablePeripheralAtCPUHalt
                0x0000000000005950                SysCtl_setWDTTimeoutResetType
                0x0000000000005988                SysCtl_setWDTPasswordViolationResetType
                0x00000000000059c0                SysCtl_enableGlitchFilter
                0x00000000000059e0                SysCtl_disableGlitchFilter
                0x0000000000005a00                SysCtl_getTempCalibrationConstant
 .text          0x0000000000005a28       0xf4 build/systick.o
                0x0000000000005a28                SysTick_enableModule
                0x0000000000005a48                SysTick_disableModule
                0x0000000000005a68                SysTick_registerInterrupt
                0x0000000000005a80                SysTick_unregisterInterrupt
                0x0000000000005a8e                SysTick_enableInterrupt
                0x0000000000005aac                SysTick_disableInterrupt
                0x0000000000005acc                SysTick_setPeriod
                0x0000000000005aec                SysTick_getPeriod
                0x0000000000005b04                SysTick_getValue
 .text          0x0000000000005b1c      0x67c build/uart.o
                0x0000000000005b1c                UART_initModule
                0x0000000000005cb0                UART_transmitData
                0x0000000000005d00                UART_receiveData
                0x0000000000005d4a                UART_enableModule
                0x0000000000005d6e                UART_disableModule
                0x0000000000005d92                UART_queryStatusFlags
                0x0000000000005db4                UART_setDormant
                0x0000000000005dda                UART_resetDormant
                0x0000000000005e00                UART_transmitAddress
                0x0000000000005e30                UART_transmitBreak
                0x0000000000005ea6                UART_getReceiveBufferAddressForDMA
                0x0000000000005ebe                UART_getTransmitBufferAddressForDMA
                0x0000000000005ed6                UART_selectDeglitchTime
                0x0000000000005f04                UART_enableInterrupt
                0x0000000000005f4e                UART_disableInterrupt
                0x0000000000005fa0                UART_getInterruptStatus
                0x0000000000005fc4                UART_getEnabledInterruptStatus
                0x000000000000604a                UART_clearInterruptFlag
                0x0000000000006076                UART_registerInterrupt
                0x000000000000610c                UART_unregisterInterrupt
 .text          0x0000000000006198      0x164 build/wdt_a.o
                0x0000000000006198                WDT_A_holdTimer
                0x00000000000061cc                WDT_A_startTimer
                0x0000000000006200                WDT_A_clearTimer
                0x0000000000006234                WDT_A_initWatchdogTimer
                0x0000000000006268                WDT_A_initIntervalTimer
                0x000000000000629c                WDT_A_setPasswordViolationReset
                0x00000000000062b2                WDT_A_setTimeoutReset
                0x00000000000062c8                WDT_A_registerInterrupt
                0x00000000000062e6                WDT_A_unregisterInterrupt
 .text          0x00000000000062fc       0x4c build/startup_msp432p401r_gcc.o
                0x00000000000062fc                Reset_Handler
                0x0000000000006340                CS_IRQHandler
                0x0000000000006340                DebugMon_Handler
                0x0000000000006340                AES256_IRQHandler
                0x0000000000006340                HardFault_Handler
                0x0000000000006340                SysTick_Handler
                0x0000000000006340                PendSV_Handler
                0x0000000000006340                NMI_Handler
                0x0000000000006340                RTC_C_IRQHandler
                0x0000000000006340                PORT1_IRQHandler
                0x0000000000006340                FPU_IRQHandler
                0x0000000000006340                PORT2_IRQHandler
                0x0000000000006340                TA3_0_IRQHandler
                0x0000000000006340                UsageFault_Handler
                0x0000000000006340                DMA_INT3_IRQHandler
                0x0000000000006340                TA2_0_IRQHandler
                0x0000000000006340                DMA_INT1_IRQHandler
                0x0000000000006340                WDT_A_IRQHandler
                0x0000000000006340                TA2_N_IRQHandler
                0x0000000000006340                TA1_0_IRQHandler
                0x0000000000006340                PSS_IRQHandler
                0x0000000000006340                DMA_INT2_IRQHandler
                0x0000000000006340                EUSCIA3_IRQHandler
                0x0000000000006340                DMA_INT0_IRQHandler
                0x0000000000006340                PORT4_IRQHandler
                0x0000000000006340                PORT5_IRQHandler
                0x0000000000006340                EUSCIB0_IRQHandler
                0x0000000000006340                Default_Handler
                0x0000000000006340                T32_INTC_IRQHandler
                0x0000000000006340                TA3_N_IRQHandler
                0x0000000000006340                TA0_0_IRQHandler
                0x0000000000006340                EUSCIA2_IRQHandler
                0x0000000000006340                PORT6_IRQHandler
                0x0000000000006340                PORT3_IRQHandler
                0x0000000000006340                MemManage_Handler
                0x0000000000006340                SVC_Handler
                0x0000000000006340                TA1_N_IRQHandler
                0x0000000000006340                EUSCIA1_IRQHandler
                0x0000000000006340                COMP_E1_IRQHandler
                0x0000000000006340                EUSCIB2_IRQHandler
                0x0000000000006340                FLCTL_IRQHandler
                0x0000000000006340                EUSCIB3_IRQHandler
                0x0000000000006340                T32_INT1_IRQHandler
                0x0000000000006340                DMA_ERR_IRQHandler
                0x0000000000006340                ADC14_IRQHandler
                0x0000000000006340                EUSCIA0_IRQHandler
                0x0000000000006340                BusFault_Handler
                0x0000000000006340                PCM_IRQHandler
                0x0000000000006340                TA0_N_IRQHandler
                0x0000000000006340                COMP_E0_IRQHandler
                0x0000000000006340                EUSCIB1_IRQHandler
                0x0000000000006340                T32_INT2_IRQHandler
 .text          0x0000000000006348      0x394 build/system_msp432p401r.o
                0x0000000000006348                SystemCoreClockUpdate
                0x000000000000665c                SystemInit
 .text          0x00000000000066dc      0x628 build/iic_bus.o
                0x00000000000066dc                IIC_Init
                0x0000000000006720                IIC_Adapter_Init
                0x000000000000679e                IIC_Adapter_Start
                0x000000000000682c                IIC_Adapter_Stop
                0x00000000000068cc                IIC_Adapter_SendByte
                0x0000000000006a0c                IIC_Adapter_ReceiveByte
                0x0000000000006be8                IIC_Adapter_Write
                0x0000000000006c76                IIC_Adapter_Read
 .text          0x0000000000006d04       0xac build/user_periph.o
                0x0000000000006d3c                Peripheral_PreInit
 .text          0x0000000000006db0      0x214 build/syscalls.o
                0x0000000000006db0                initialise_monitor_handles
                0x0000000000006dbe                _getpid
                0x0000000000006dce                _kill
                0x0000000000006dee                _exit
                0x0000000000006e02                _read
                0x0000000000006e3c                _write
                0x0000000000006e74                _close
                0x0000000000006e8c                _fstat
                0x0000000000006eac                _isatty
                0x0000000000006ec2                _lseek
                0x0000000000006edc                _open
                0x0000000000006ef8                _wait
                0x0000000000006f16                _unlink
                0x0000000000006f34                _times
                0x0000000000006f4c                _stat
                0x0000000000006f6c                _link
                0x0000000000006f8c                _fork
                0x0000000000006fa2                _execve
 .text          0x0000000000006fc4      0x51c build/user_uart.o
                0x0000000000007060                Send_Nchar
                0x00000000000070b4                D_Send_Nchar
                0x0000000000007118                D_Send_String
                0x0000000000007148                Send_String
                0x0000000000007190                Printf
                0x000000000000732c                Receive
                0x0000000000007342                D_Printf
 .text          0x00000000000074e0      0x264 build/user_dma.o
                0x0000000000007548                DMA_Config_Source
                0x00000000000075bc                DMA_Specify_Src
                0x0000000000007610                DMA_Specify_Ctrl
                0x0000000000007668                DMA_Enable_Channel
                0x00000000000076d4                DMA_Disable_Channel
 .text          0x0000000000007744        0x0 /usr/local/arm/GNU_Tools_for_ARM/bin/../lib/gcc/arm-none-eabi/11.3.1/../../../../arm-none-eabi/lib/thumb/v7e-m+fp/hard/libc.a(libc_a-exit.o)
 .text          0x0000000000007744        0x0 /usr/local/arm/GNU_Tools_for_ARM/bin/../lib/gcc/arm-none-eabi/11.3.1/../../../../arm-none-eabi/lib/thumb/v7e-m+fp/hard/libc.a(libc_a-sprintf.o)
 .text          0x0000000000007744        0x0 /usr/local/arm/GNU_Tools_for_ARM/bin/../lib/gcc/arm-none-eabi/11.3.1/../../../../arm-none-eabi/lib/thumb/v7e-m+fp/hard/libc.a(libc_a-errno.o)
 .text          0x0000000000007744        0x0 /usr/local/arm/GNU_Tools_for_ARM/bin/../lib/gcc/arm-none-eabi/11.3.1/../../../../arm-none-eabi/lib/thumb/v7e-m+fp/hard/libc.a(libc_a-svfprintf.o)
 .text          0x0000000000007744        0x0 /usr/local/arm/GNU_Tools_for_ARM/bin/../lib/gcc/arm-none-eabi/11.3.1/../../../../arm-none-eabi/lib/thumb/v7e-m+fp/hard/libc.a(libc_a-mallocr.o)
 .text          0x0000000000007744        0x0 /usr/local/arm/GNU_Tools_for_ARM/bin/../lib/gcc/arm-none-eabi/11.3.1/../../../../arm-none-eabi/lib/thumb/v7e-m+fp/hard/libc.a(libc_a-__call_atexit.o)
 .text          0x0000000000007744        0x0 /usr/local/arm/GNU_Tools_for_ARM/bin/../lib/gcc/arm-none-eabi/11.3.1/../../../../arm-none-eabi/lib/thumb/v7e-m+fp/hard/libc.a(libc_a-memset.o)
 .text          0x0000000000007744        0x0 /usr/local/arm/GNU_Tools_for_ARM/bin/../lib/gcc/arm-none-eabi/11.3.1/../../../../arm-none-eabi/lib/thumb/v7e-m+fp/hard/libc.a(libc_a-wcrtomb.o)
 .text          0x0000000000007744        0x0 /usr/local/arm/GNU_Tools_for_ARM/bin/../lib/gcc/arm-none-eabi/11.3.1/../../../../arm-none-eabi/lib/thumb/v7e-m+fp/hard/libc.a(libc_a-init.o)
 .text          0x0000000000007744        0x0 /usr/local/arm/GNU_Tools_for_ARM/bin/../lib/gcc/arm-none-eabi/11.3.1/../../../../arm-none-eabi/lib/thumb/v7e-m+fp/hard/libc.a(libc_a-fini.o)
 .text          0x0000000000007744        0x0 /usr/local/arm/GNU_Tools_for_ARM/bin/../lib/gcc/arm-none-eabi/11.3.1/../../../../arm-none-eabi/lib/thumb/v7e-m+fp/hard/libc.a(libc_a-lock.o)
 .text          0x0000000000007744        0x0 /usr/local/arm/GNU_Tools_for_ARM/bin/../lib/gcc/arm-none-eabi/11.3.1/../../../../arm-none-eabi/lib/thumb/v7e-m+fp/hard/libc.a(libc_a-locale.o)
 .text          0x0000000000007744        0x0 /usr/local/arm/GNU_Tools_for_ARM/bin/../lib/gcc/arm-none-eabi/11.3.1/../../../../arm-none-eabi/lib/thumb/v7e-m+fp/hard/libc.a(libc_a-localeconv.o)
 *fill*         0x0000000000007744       0x1c 
 .text          0x0000000000007760      0x2dc /usr/local/arm/GNU_Tools_for_ARM/bin/../lib/gcc/arm-none-eabi/11.3.1/../../../../arm-none-eabi/lib/thumb/v7e-m+fp/hard/libc.a(libc_a-strcmp.o)
                0x0000000000007768                strcmp
 .text          0x0000000000007a3c        0x0 /usr/local/arm/GNU_Tools_for_ARM/bin/../lib/gcc/arm-none-eabi/11.3.1/../../../../arm-none-eabi/lib/thumb/v7e-m+fp/hard/libc.a(libc_a-strcpy.o)
 .text          0x0000000000007a3c        0x0 /usr/local/arm/GNU_Tools_for_ARM/bin/../lib/gcc/arm-none-eabi/11.3.1/../../../../arm-none-eabi/lib/thumb/v7e-m+fp/hard/libc.a(libc_a-mlock.o)
 .text          0x0000000000007a3c        0x0 /usr/local/arm/GNU_Tools_for_ARM/bin/../lib/gcc/arm-none-eabi/11.3.1/../../../../arm-none-eabi/lib/thumb/v7e-m+fp/hard/libc.a(libc_a-atexit.o)
 .text          0x0000000000007a3c        0x0 /usr/local/arm/GNU_Tools_for_ARM/bin/../lib/gcc/arm-none-eabi/11.3.1/../../../../arm-none-eabi/lib/thumb/v7e-m+fp/hard/libc.a(libc_a-strchr.o)
 .text          0x0000000000007a3c        0x0 /usr/local/arm/GNU_Tools_for_ARM/bin/../lib/gcc/arm-none-eabi/11.3.1/../../../../arm-none-eabi/lib/thumb/v7e-m+fp/hard/libc.a(libc_a-wcsrtombs.o)
 .text          0x0000000000007a3c        0x0 /usr/local/arm/GNU_Tools_for_ARM/bin/../lib/gcc/arm-none-eabi/11.3.1/../../../../arm-none-eabi/lib/thumb/v7e-m+fp/hard/libc.a(libc_a-dtoa.o)
 .text          0x0000000000007a3c        0x0 /usr/local/arm/GNU_Tools_for_ARM/bin/../lib/gcc/arm-none-eabi/11.3.1/../../../../arm-none-eabi/lib/thumb/v7e-m+fp/hard/libc.a(libc_a-ctype_.o)
 .text          0x0000000000007a3c        0x0 /usr/local/arm/GNU_Tools_for_ARM/bin/../lib/gcc/arm-none-eabi/11.3.1/../../../../arm-none-eabi/lib/thumb/v7e-m+fp/hard/libc.a(libc_a-impure.o)
 .text          0x0000000000007a3c        0x0 /usr/local/arm/GNU_Tools_for_ARM/bin/../lib/gcc/arm-none-eabi/11.3.1/../../../../arm-none-eabi/lib/thumb/v7e-m+fp/hard/libc.a(libc_a-findfp.o)
 *fill*         0x0000000000007a3c        0x4 
 .text          0x0000000000007a40       0xa0 /usr/local/arm/GNU_Tools_for_ARM/bin/../lib/gcc/arm-none-eabi/11.3.1/../../../../arm-none-eabi/lib/thumb/v7e-m+fp/hard/libc.a(libc_a-memchr.o)
                0x0000000000007a40                memchr
 .text          0x0000000000007ae0      0x134 /usr/local/arm/GNU_Tools_for_ARM/bin/../lib/gcc/arm-none-eabi/11.3.1/../../../../arm-none-eabi/lib/thumb/v7e-m+fp/hard/libc.a(libc_a-memcpy.o)
                0x0000000000007ae0                memcpy
 *fill*         0x0000000000007c14       0x2c 
 .text          0x0000000000007c40       0xdc /usr/local/arm/GNU_Tools_for_ARM/bin/../lib/gcc/arm-none-eabi/11.3.1/../../../../arm-none-eabi/lib/thumb/v7e-m+fp/hard/libc.a(libc_a-strlen.o)
                0x0000000000007c40                strlen
 .text          0x0000000000007d1c        0x0 /usr/local/arm/GNU_Tools_for_ARM/bin/../lib/gcc/arm-none-eabi/11.3.1/../../../../arm-none-eabi/lib/thumb/v7e-m+fp/hard/libc.a(libm_a-s_frexp.o)
 .text          0x0000000000007d1c        0x0 /usr/local/arm/GNU_Tools_for_ARM/bin/../lib/gcc/arm-none-eabi/11.3.1/../../../../arm-none-eabi/lib/thumb/v7e-m+fp/hard/libc.a(libc_a-strlcpy.o)
 .text          0x0000000000007d1c        0x0 /usr/local/arm/GNU_Tools_for_ARM/bin/../lib/gcc/arm-none-eabi/11.3.1/../../../../arm-none-eabi/lib/thumb/v7e-m+fp/hard/libc.a(libc_a-freer.o)
 .text          0x0000000000007d1c        0x0 /usr/local/arm/GNU_Tools_for_ARM/bin/../lib/gcc/arm-none-eabi/11.3.1/../../../../arm-none-eabi/lib/thumb/v7e-m+fp/hard/libc.a(libc_a-strtol.o)
 .text          0x0000000000007d1c        0x0 /usr/local/arm/GNU_Tools_for_ARM/bin/../lib/gcc/arm-none-eabi/11.3.1/../../../../arm-none-eabi/lib/thumb/v7e-m+fp/hard/libc.a(libc_a-strncasecmp.o)
 .text          0x0000000000007d1c        0x0 /usr/local/arm/GNU_Tools_for_ARM/bin/../lib/gcc/arm-none-eabi/11.3.1/../../../../arm-none-eabi/lib/thumb/v7e-m+fp/hard/libc.a(libc_a-getenv_r.o)
 .text          0x0000000000007d1c        0x0 /usr/local/arm/GNU_Tools_for_ARM/bin/../lib/gcc/arm-none-eabi/11.3.1/../../../../arm-none-eabi/lib/thumb/v7e-m+fp/hard/libc.a(libc_a-strncpy.o)
 .text          0x0000000000007d1c        0x0 /usr/local/arm/GNU_Tools_for_ARM/bin/../lib/gcc/arm-none-eabi/11.3.1/../../../../arm-none-eabi/lib/thumb/v7e-m+fp/hard/libc.a(libc_a-stdio.o)
 .text          0x0000000000007d1c        0x0 /usr/local/arm/GNU_Tools_for_ARM/bin/../lib/gcc/arm-none-eabi/11.3.1/../../../../arm-none-eabi/lib/thumb/v7e-m+fp/hard/libc.a(libc_a-wctomb_r.o)
 .text          0x0000000000007d1c        0x0 /usr/local/arm/GNU_Tools_for_ARM/bin/../lib/gcc/arm-none-eabi/11.3.1/../../../../arm-none-eabi/lib/thumb/v7e-m+fp/hard/libc.a(libc_a-sbrkr.o)
 .text          0x0000000000007d1c        0x0 /usr/local/arm/GNU_Tools_for_ARM/bin/../lib/gcc/arm-none-eabi/11.3.1/../../../../arm-none-eabi/lib/thumb/v7e-m+fp/hard/libc.a(libc_a-fwalk.o)
 .text          0x0000000000007d1c        0x0 /usr/local/arm/GNU_Tools_for_ARM/bin/../lib/gcc/arm-none-eabi/11.3.1/../../../../arm-none-eabi/lib/thumb/v7e-m+fp/hard/libc.a(libc_a-writer.o)
 .text          0x0000000000007d1c        0x0 /usr/local/arm/GNU_Tools_for_ARM/bin/../lib/gcc/arm-none-eabi/11.3.1/../../../../arm-none-eabi/lib/thumb/v7e-m+fp/hard/libc.a(libc_a-svfiprintf.o)
 .text          0x0000000000007d1c        0x0 /usr/local/arm/GNU_Tools_for_ARM/bin/../lib/gcc/arm-none-eabi/11.3.1/../../../../arm-none-eabi/lib/thumb/v7e-m+fp/hard/libc.a(libc_a-__atexit.o)
 .text          0x0000000000007d1c        0x0 /usr/local/arm/GNU_Tools_for_ARM/bin/../lib/gcc/arm-none-eabi/11.3.1/../../../../arm-none-eabi/lib/thumb/v7e-m+fp/hard/libc.a(libc_a-mbtowc_r.o)
 .text          0x0000000000007d1c        0x0 /usr/local/arm/GNU_Tools_for_ARM/bin/../lib/gcc/arm-none-eabi/11.3.1/../../../../arm-none-eabi/lib/thumb/v7e-m+fp/hard/libc.a(libc_a-memmove.o)
 .text          0x0000000000007d1c        0x0 /usr/local/arm/GNU_Tools_for_ARM/bin/../lib/gcc/arm-none-eabi/11.3.1/../../../../arm-none-eabi/lib/thumb/v7e-m+fp/hard/libc.a(libc_a-assert.o)
 .text          0x0000000000007d1c        0x0 /usr/local/arm/GNU_Tools_for_ARM/bin/../lib/gcc/arm-none-eabi/11.3.1/../../../../arm-none-eabi/lib/thumb/v7e-m+fp/hard/libc.a(libc_a-strcasecmp.o)
 .text          0x0000000000007d1c        0x0 /usr/local/arm/GNU_Tools_for_ARM/bin/../lib/gcc/arm-none-eabi/11.3.1/../../../../arm-none-eabi/lib/thumb/v7e-m+fp/hard/libc.a(libc_a-strcat.o)
 .text          0x0000000000007d1c        0x0 /usr/local/arm/GNU_Tools_for_ARM/bin/../lib/gcc/arm-none-eabi/11.3.1/../../../../arm-none-eabi/lib/thumb/v7e-m+fp/hard/libc.a(libc_a-fclose.o)
 .text          0x0000000000007d1c        0x0 /usr/local/arm/GNU_Tools_for_ARM/bin/../lib/gcc/arm-none-eabi/11.3.1/../../../../arm-none-eabi/lib/thumb/v7e-m+fp/hard/libc.a(libc_a-mprec.o)
 .text          0x0000000000007d1c        0x0 /usr/local/arm/GNU_Tools_for_ARM/bin/../lib/gcc/arm-none-eabi/11.3.1/../../../../arm-none-eabi/lib/thumb/v7e-m+fp/hard/libc.a(libc_a-callocr.o)
 .text          0x0000000000007d1c        0x0 /usr/local/arm/GNU_Tools_for_ARM/bin/../lib/gcc/arm-none-eabi/11.3.1/../../../../arm-none-eabi/lib/thumb/v7e-m+fp/hard/libc.a(libc_a-wcsnrtombs.o)
 .text          0x0000000000007d1c        0x0 /usr/local/arm/GNU_Tools_for_ARM/bin/../lib/gcc/arm-none-eabi/11.3.1/../../../../arm-none-eabi/lib/thumb/v7e-m+fp/hard/libc.a(libc_a-closer.o)
 .text          0x0000000000007d1c        0x0 /usr/local/arm/GNU_Tools_for_ARM/bin/../lib/gcc/arm-none-eabi/11.3.1/../../../../arm-none-eabi/lib/thumb/v7e-m+fp/hard/libc.a(libc_a-reent.o)
 .text          0x0000000000007d1c        0x0 /usr/local/arm/GNU_Tools_for_ARM/bin/../lib/gcc/arm-none-eabi/11.3.1/../../../../arm-none-eabi/lib/thumb/v7e-m+fp/hard/libc.a(libc_a-fflush.o)
 .text          0x0000000000007d1c        0x0 /usr/local/arm/GNU_Tools_for_ARM/bin/../lib/gcc/arm-none-eabi/11.3.1/../../../../arm-none-eabi/lib/thumb/v7e-m+fp/hard/libc.a(libc_a-reallocr.o)
 .text          0x0000000000007d1c        0x0 /usr/local/arm/GNU_Tools_for_ARM/bin/../lib/gcc/arm-none-eabi/11.3.1/../../../../arm-none-eabi/lib/thumb/v7e-m+fp/hard/libc.a(libc_a-envlock.o)
 .text          0x0000000000007d1c        0x0 /usr/local/arm/GNU_Tools_for_ARM/bin/../lib/gcc/arm-none-eabi/11.3.1/../../../../arm-none-eabi/lib/thumb/v7e-m+fp/hard/libc.a(libc_a-strncmp.o)
 .text          0x0000000000007d1c        0x0 /usr/local/arm/GNU_Tools_for_ARM/bin/../lib/gcc/arm-none-eabi/11.3.1/../../../../arm-none-eabi/lib/thumb/v7e-m+fp/hard/libc.a(libc_a-lseekr.o)
 .text          0x0000000000007d1c        0x0 /usr/local/arm/GNU_Tools_for_ARM/bin/../lib/gcc/arm-none-eabi/11.3.1/../../../../arm-none-eabi/lib/thumb/v7e-m+fp/hard/libc.a(libc_a-readr.o)
 .text          0x0000000000007d1c        0x0 /usr/local/arm/GNU_Tools_for_ARM/bin/../lib/gcc/arm-none-eabi/11.3.1/../../../../arm-none-eabi/lib/thumb/v7e-m+fp/hard/libc.a(libc_a-fiprintf.o)
 .text          0x0000000000007d1c        0x0 /usr/local/arm/GNU_Tools_for_ARM/bin/../lib/gcc/arm-none-eabi/11.3.1/../../../../arm-none-eabi/lib/thumb/v7e-m+fp/hard/libc.a(libc_a-vfiprintf.o)
 .text          0x0000000000007d1c        0x0 /usr/local/arm/GNU_Tools_for_ARM/bin/../lib/gcc/arm-none-eabi/11.3.1/../../../../arm-none-eabi/lib/thumb/v7e-m+fp/hard/libc.a(libc_a-abort.o)
 .text          0x0000000000007d1c        0x0 /usr/local/arm/GNU_Tools_for_ARM/bin/../lib/gcc/arm-none-eabi/11.3.1/../../../../arm-none-eabi/lib/thumb/v7e-m+fp/hard/libc.a(libc_a-wsetup.o)
 .text          0x0000000000007d1c        0x0 /usr/local/arm/GNU_Tools_for_ARM/bin/../lib/gcc/arm-none-eabi/11.3.1/../../../../arm-none-eabi/lib/thumb/v7e-m+fp/hard/libc.a(libc_a-makebuf.o)
 .text          0x0000000000007d1c        0x0 /usr/local/arm/GNU_Tools_for_ARM/bin/../lib/gcc/arm-none-eabi/11.3.1/../../../../arm-none-eabi/lib/thumb/v7e-m+fp/hard/libc.a(libc_a-fstatr.o)
 .text          0x0000000000007d1c        0x0 /usr/local/arm/GNU_Tools_for_ARM/bin/../lib/gcc/arm-none-eabi/11.3.1/../../../../arm-none-eabi/lib/thumb/v7e-m+fp/hard/libc.a(libc_a-signal.o)
 .text          0x0000000000007d1c        0x0 /usr/local/arm/GNU_Tools_for_ARM/bin/../lib/gcc/arm-none-eabi/11.3.1/../../../../arm-none-eabi/lib/thumb/v7e-m+fp/hard/libc.a(libc_a-isattyr.o)
 .text          0x0000000000007d1c        0x0 /usr/local/arm/GNU_Tools_for_ARM/bin/../lib/gcc/arm-none-eabi/11.3.1/../../../../arm-none-eabi/lib/thumb/v7e-m+fp/hard/libc.a(libc_a-fputwc.o)
 .text          0x0000000000007d1c        0x0 /usr/local/arm/GNU_Tools_for_ARM/bin/../lib/gcc/arm-none-eabi/11.3.1/../../../../arm-none-eabi/lib/thumb/v7e-m+fp/hard/libc.a(libc_a-signalr.o)
 .text          0x0000000000007d1c        0x0 /usr/local/arm/GNU_Tools_for_ARM/bin/../lib/gcc/arm-none-eabi/11.3.1/../../../../arm-none-eabi/lib/thumb/v7e-m+fp/hard/libc.a(libc_a-fvwrite.o)
 .text          0x0000000000007d1c        0x0 /usr/local/arm/GNU_Tools_for_ARM/bin/../lib/gcc/arm-none-eabi/11.3.1/../../../../arm-none-eabi/lib/thumb/v7e-m+fp/hard/libc.a(libc_a-wbuf.o)
 .text          0x0000000000007d1c        0x0 /usr/local/arm/GNU_Tools_for_ARM/bin/../lib/gcc/arm-none-eabi/11.3.1/../../../../arm-none-eabi/lib/thumb/v7e-m+fp/hard/libnosys.a(sbrk.o)
 .text          0x0000000000007d1c      0x254 /usr/local/arm/GNU_Tools_for_ARM/bin/../lib/gcc/arm-none-eabi/11.3.1/thumb/v7e-m+fp/hard/libgcc.a(_arm_muldf3.o)
 .text          0x0000000000007f70      0x378 /usr/local/arm/GNU_Tools_for_ARM/bin/../lib/gcc/arm-none-eabi/11.3.1/thumb/v7e-m+fp/hard/libgcc.a(_arm_addsubdf3.o)
                0x0000000000007f70                __aeabi_drsub
                0x0000000000007f78                __aeabi_dsub
                0x0000000000007f78                __subdf3
                0x0000000000007f7c                __adddf3
                0x0000000000007f7c                __aeabi_dadd
                0x00000000000081f4                __aeabi_ui2d
                0x00000000000081f4                __floatunsidf
                0x0000000000008214                __floatsidf
                0x0000000000008214                __aeabi_i2d
                0x0000000000008238                __extendsfdf2
                0x0000000000008238                __aeabi_f2d
                0x000000000000827c                __aeabi_ul2d
                0x000000000000827c                __floatundidf
                0x000000000000828c                __floatdidf
                0x000000000000828c                __aeabi_l2d
 .text          0x00000000000082e8      0x424 /usr/local/arm/GNU_Tools_for_ARM/bin/../lib/gcc/arm-none-eabi/11.3.1/thumb/v7e-m+fp/hard/libgcc.a(_arm_muldivdf3.o)
                0x00000000000082e8                __aeabi_dmul
                0x00000000000082e8                __muldf3
                0x000000000000853c                __aeabi_ddiv
                0x000000000000853c                __divdf3
 .text          0x000000000000870c      0x110 /usr/local/arm/GNU_Tools_for_ARM/bin/../lib/gcc/arm-none-eabi/11.3.1/thumb/v7e-m+fp/hard/libgcc.a(_arm_cmpdf2.o)
                0x000000000000870c                __gtdf2
                0x000000000000870c                __gedf2
                0x0000000000008714                __ltdf2
                0x0000000000008714                __ledf2
                0x000000000000871c                __cmpdf2
                0x000000000000871c                __eqdf2
                0x000000000000871c                __nedf2
                0x0000000000008798                __aeabi_cdrcmple
                0x00000000000087a8                __aeabi_cdcmple
                0x00000000000087a8                __aeabi_cdcmpeq
                0x00000000000087b8                __aeabi_dcmpeq
                0x00000000000087cc                __aeabi_dcmplt
                0x00000000000087e0                __aeabi_dcmple
                0x00000000000087f4                __aeabi_dcmpge
                0x0000000000008808                __aeabi_dcmpgt
 .text          0x000000000000881c       0x2c /usr/local/arm/GNU_Tools_for_ARM/bin/../lib/gcc/arm-none-eabi/11.3.1/thumb/v7e-m+fp/hard/libgcc.a(_arm_unorddf2.o)
                0x000000000000881c                __aeabi_dcmpun
                0x000000000000881c                __unorddf2
 .text          0x0000000000008848       0x50 /usr/local/arm/GNU_Tools_for_ARM/bin/../lib/gcc/arm-none-eabi/11.3.1/thumb/v7e-m+fp/hard/libgcc.a(_arm_fixdfsi.o)
                0x0000000000008848                __fixdfsi
                0x0000000000008848                __aeabi_d2iz
 .text          0x0000000000008898        0x0 /usr/local/arm/GNU_Tools_for_ARM/bin/../lib/gcc/arm-none-eabi/11.3.1/thumb/v7e-m+fp/hard/crtend.o
 .text          0x0000000000008898        0x0 /usr/local/arm/GNU_Tools_for_ARM/bin/../lib/gcc/arm-none-eabi/11.3.1/thumb/v7e-m+fp/hard/crtn.o
 *(.text.*)
 .text.deregister_tm_clones
                0x0000000000008898       0x1c /usr/local/arm/GNU_Tools_for_ARM/bin/../lib/gcc/arm-none-eabi/11.3.1/thumb/v7e-m+fp/hard/crtbegin.o
 .text.register_tm_clones
                0x00000000000088b4       0x24 /usr/local/arm/GNU_Tools_for_ARM/bin/../lib/gcc/arm-none-eabi/11.3.1/thumb/v7e-m+fp/hard/crtbegin.o
 .text.__do_global_dtors_aux
                0x00000000000088d8       0x28 /usr/local/arm/GNU_Tools_for_ARM/bin/../lib/gcc/arm-none-eabi/11.3.1/thumb/v7e-m+fp/hard/crtbegin.o
 .text.frame_dummy
                0x0000000000008900       0x24 /usr/local/arm/GNU_Tools_for_ARM/bin/../lib/gcc/arm-none-eabi/11.3.1/thumb/v7e-m+fp/hard/crtbegin.o
 .text.exit     0x0000000000008924       0x1c /usr/local/arm/GNU_Tools_for_ARM/bin/../lib/gcc/arm-none-eabi/11.3.1/../../../../arm-none-eabi/lib/thumb/v7e-m+fp/hard/libc.a(libc_a-exit.o)
                0x0000000000008924                exit
 .text.sprintf  0x0000000000008940       0x40 /usr/local/arm/GNU_Tools_for_ARM/bin/../lib/gcc/arm-none-eabi/11.3.1/../../../../arm-none-eabi/lib/thumb/v7e-m+fp/hard/libc.a(libc_a-sprintf.o)
                0x0000000000008940                sprintf
 .text.__errno  0x0000000000008980        0xc /usr/local/arm/GNU_Tools_for_ARM/bin/../lib/gcc/arm-none-eabi/11.3.1/../../../../arm-none-eabi/lib/thumb/v7e-m+fp/hard/libc.a(libc_a-errno.o)
                0x0000000000008980                __errno
 *fill*         0x000000000000898c        0x4 
 .text._svfprintf_r
                0x0000000000008990     0x1be0 /usr/local/arm/GNU_Tools_for_ARM/bin/../lib/gcc/arm-none-eabi/11.3.1/../../../../arm-none-eabi/lib/thumb/v7e-m+fp/hard/libc.a(libc_a-svfprintf.o)
                0x0000000000008990                _svfprintf_r
 .text._malloc_r
                0x000000000000a570      0x560 /usr/local/arm/GNU_Tools_for_ARM/bin/../lib/gcc/arm-none-eabi/11.3.1/../../../../arm-none-eabi/lib/thumb/v7e-m+fp/hard/libc.a(libc_a-mallocr.o)
                0x000000000000a570                _malloc_r
 .text.startup.register_fini
                0x000000000000aad0       0x14 /usr/local/arm/GNU_Tools_for_ARM/bin/../lib/gcc/arm-none-eabi/11.3.1/../../../../arm-none-eabi/lib/thumb/v7e-m+fp/hard/libc.a(libc_a-__call_atexit.o)
 .text.__call_exitprocs
                0x000000000000aae4       0xc8 /usr/local/arm/GNU_Tools_for_ARM/bin/../lib/gcc/arm-none-eabi/11.3.1/../../../../arm-none-eabi/lib/thumb/v7e-m+fp/hard/libc.a(libc_a-__call_atexit.o)
                0x000000000000aae4                __call_exitprocs
 .text.memset   0x000000000000abac       0xa4 /usr/local/arm/GNU_Tools_for_ARM/bin/../lib/gcc/arm-none-eabi/11.3.1/../../../../arm-none-eabi/lib/thumb/v7e-m+fp/hard/libc.a(libc_a-memset.o)
                0x000000000000abac                memset
 .text._wcrtomb_r
                0x000000000000ac50       0x4c /usr/local/arm/GNU_Tools_for_ARM/bin/../lib/gcc/arm-none-eabi/11.3.1/../../../../arm-none-eabi/lib/thumb/v7e-m+fp/hard/libc.a(libc_a-wcrtomb.o)
                0x000000000000ac50                _wcrtomb_r
 .text.__libc_init_array
                0x000000000000ac9c       0x48 /usr/local/arm/GNU_Tools_for_ARM/bin/../lib/gcc/arm-none-eabi/11.3.1/../../../../arm-none-eabi/lib/thumb/v7e-m+fp/hard/libc.a(libc_a-init.o)
                0x000000000000ac9c                __libc_init_array
 .text.__libc_fini_array
                0x000000000000ace4       0x28 /usr/local/arm/GNU_Tools_for_ARM/bin/../lib/gcc/arm-none-eabi/11.3.1/../../../../arm-none-eabi/lib/thumb/v7e-m+fp/hard/libc.a(libc_a-fini.o)
                0x000000000000ace4                __libc_fini_array
 .text.__retarget_lock_init_recursive
                0x000000000000ad0c        0x4 /usr/local/arm/GNU_Tools_for_ARM/bin/../lib/gcc/arm-none-eabi/11.3.1/../../../../arm-none-eabi/lib/thumb/v7e-m+fp/hard/libc.a(libc_a-lock.o)
                0x000000000000ad0c                __retarget_lock_init_recursive
 .text.__retarget_lock_close_recursive
                0x000000000000ad10        0x4 /usr/local/arm/GNU_Tools_for_ARM/bin/../lib/gcc/arm-none-eabi/11.3.1/../../../../arm-none-eabi/lib/thumb/v7e-m+fp/hard/libc.a(libc_a-lock.o)
                0x000000000000ad10                __retarget_lock_close_recursive
 .text.__retarget_lock_acquire_recursive
                0x000000000000ad14        0x4 /usr/local/arm/GNU_Tools_for_ARM/bin/../lib/gcc/arm-none-eabi/11.3.1/../../../../arm-none-eabi/lib/thumb/v7e-m+fp/hard/libc.a(libc_a-lock.o)
                0x000000000000ad14                __retarget_lock_acquire_recursive
 .text.__retarget_lock_release_recursive
                0x000000000000ad18        0x4 /usr/local/arm/GNU_Tools_for_ARM/bin/../lib/gcc/arm-none-eabi/11.3.1/../../../../arm-none-eabi/lib/thumb/v7e-m+fp/hard/libc.a(libc_a-lock.o)
                0x000000000000ad18                __retarget_lock_release_recursive
 .text.__locale_mb_cur_max
                0x000000000000ad1c        0xc /usr/local/arm/GNU_Tools_for_ARM/bin/../lib/gcc/arm-none-eabi/11.3.1/../../../../arm-none-eabi/lib/thumb/v7e-m+fp/hard/libc.a(libc_a-locale.o)
                0x000000000000ad1c                __locale_mb_cur_max
 .text._localeconv_r
                0x000000000000ad28        0x8 /usr/local/arm/GNU_Tools_for_ARM/bin/../lib/gcc/arm-none-eabi/11.3.1/../../../../arm-none-eabi/lib/thumb/v7e-m+fp/hard/libc.a(libc_a-localeconv.o)
                0x000000000000ad28                _localeconv_r
 .text.__malloc_lock
                0x000000000000ad30        0xc /usr/local/arm/GNU_Tools_for_ARM/bin/../lib/gcc/arm-none-eabi/11.3.1/../../../../arm-none-eabi/lib/thumb/v7e-m+fp/hard/libc.a(libc_a-mlock.o)
                0x000000000000ad30                __malloc_lock
 .text.__malloc_unlock
                0x000000000000ad3c        0xc /usr/local/arm/GNU_Tools_for_ARM/bin/../lib/gcc/arm-none-eabi/11.3.1/../../../../arm-none-eabi/lib/thumb/v7e-m+fp/hard/libc.a(libc_a-mlock.o)
                0x000000000000ad3c                __malloc_unlock
 .text.atexit   0x000000000000ad48        0xc /usr/local/arm/GNU_Tools_for_ARM/bin/../lib/gcc/arm-none-eabi/11.3.1/../../../../arm-none-eabi/lib/thumb/v7e-m+fp/hard/libc.a(libc_a-atexit.o)
                0x000000000000ad48                atexit
 .text._wcsrtombs_r
                0x000000000000ad54       0x18 /usr/local/arm/GNU_Tools_for_ARM/bin/../lib/gcc/arm-none-eabi/11.3.1/../../../../arm-none-eabi/lib/thumb/v7e-m+fp/hard/libc.a(libc_a-wcsrtombs.o)
                0x000000000000ad54                _wcsrtombs_r
 .text.quorem   0x000000000000ad6c      0x128 /usr/local/arm/GNU_Tools_for_ARM/bin/../lib/gcc/arm-none-eabi/11.3.1/../../../../arm-none-eabi/lib/thumb/v7e-m+fp/hard/libc.a(libc_a-dtoa.o)
 *fill*         0x000000000000ae94        0x4 
 .text._dtoa_r  0x000000000000ae98      0xf3c /usr/local/arm/GNU_Tools_for_ARM/bin/../lib/gcc/arm-none-eabi/11.3.1/../../../../arm-none-eabi/lib/thumb/v7e-m+fp/hard/libc.a(libc_a-dtoa.o)
                0x000000000000ae98                _dtoa_r
 .text.stdio_exit_handler
                0x000000000000bdd4       0x18 /usr/local/arm/GNU_Tools_for_ARM/bin/../lib/gcc/arm-none-eabi/11.3.1/../../../../arm-none-eabi/lib/thumb/v7e-m+fp/hard/libc.a(libc_a-findfp.o)
 .text.cleanup_stdio
                0x000000000000bdec       0x40 /usr/local/arm/GNU_Tools_for_ARM/bin/../lib/gcc/arm-none-eabi/11.3.1/../../../../arm-none-eabi/lib/thumb/v7e-m+fp/hard/libc.a(libc_a-findfp.o)
 .text.global_stdio_init.part.0
                0x000000000000be2c       0xd4 /usr/local/arm/GNU_Tools_for_ARM/bin/../lib/gcc/arm-none-eabi/11.3.1/../../../../arm-none-eabi/lib/thumb/v7e-m+fp/hard/libc.a(libc_a-findfp.o)
 .text.__sinit  0x000000000000bf00       0x3c /usr/local/arm/GNU_Tools_for_ARM/bin/../lib/gcc/arm-none-eabi/11.3.1/../../../../arm-none-eabi/lib/thumb/v7e-m+fp/hard/libc.a(libc_a-findfp.o)
                0x000000000000bf00                __sinit
 .text.__sfp_lock_acquire
                0x000000000000bf3c        0xc /usr/local/arm/GNU_Tools_for_ARM/bin/../lib/gcc/arm-none-eabi/11.3.1/../../../../arm-none-eabi/lib/thumb/v7e-m+fp/hard/libc.a(libc_a-findfp.o)
                0x000000000000bf3c                __sfp_lock_acquire
 .text.__sfp_lock_release
                0x000000000000bf48        0xc /usr/local/arm/GNU_Tools_for_ARM/bin/../lib/gcc/arm-none-eabi/11.3.1/../../../../arm-none-eabi/lib/thumb/v7e-m+fp/hard/libc.a(libc_a-findfp.o)
                0x000000000000bf48                __sfp_lock_release
 .text.frexp    0x000000000000bf54       0x6c /usr/local/arm/GNU_Tools_for_ARM/bin/../lib/gcc/arm-none-eabi/11.3.1/../../../../arm-none-eabi/lib/thumb/v7e-m+fp/hard/libc.a(libm_a-s_frexp.o)
                0x000000000000bf54                frexp
 .text._malloc_trim_r
                0x000000000000bfc0       0xa0 /usr/local/arm/GNU_Tools_for_ARM/bin/../lib/gcc/arm-none-eabi/11.3.1/../../../../arm-none-eabi/lib/thumb/v7e-m+fp/hard/libc.a(libc_a-freer.o)
                0x000000000000bfc0                _malloc_trim_r
 .text._free_r  0x000000000000c060      0x20c /usr/local/arm/GNU_Tools_for_ARM/bin/../lib/gcc/arm-none-eabi/11.3.1/../../../../arm-none-eabi/lib/thumb/v7e-m+fp/hard/libc.a(libc_a-freer.o)
                0x000000000000c060                _free_r
 .text.strncpy  0x000000000000c26c       0x64 /usr/local/arm/GNU_Tools_for_ARM/bin/../lib/gcc/arm-none-eabi/11.3.1/../../../../arm-none-eabi/lib/thumb/v7e-m+fp/hard/libc.a(libc_a-strncpy.o)
                0x000000000000c26c                strncpy
 .text.__sread  0x000000000000c2d0       0x24 /usr/local/arm/GNU_Tools_for_ARM/bin/../lib/gcc/arm-none-eabi/11.3.1/../../../../arm-none-eabi/lib/thumb/v7e-m+fp/hard/libc.a(libc_a-stdio.o)
                0x000000000000c2d0                __sread
 .text.__swrite
                0x000000000000c2f4       0x40 /usr/local/arm/GNU_Tools_for_ARM/bin/../lib/gcc/arm-none-eabi/11.3.1/../../../../arm-none-eabi/lib/thumb/v7e-m+fp/hard/libc.a(libc_a-stdio.o)
                0x000000000000c2f4                __swrite
 .text.__sseek  0x000000000000c334       0x20 /usr/local/arm/GNU_Tools_for_ARM/bin/../lib/gcc/arm-none-eabi/11.3.1/../../../../arm-none-eabi/lib/thumb/v7e-m+fp/hard/libc.a(libc_a-stdio.o)
                0x000000000000c334                __sseek
 .text.__sclose
                0x000000000000c354        0x8 /usr/local/arm/GNU_Tools_for_ARM/bin/../lib/gcc/arm-none-eabi/11.3.1/../../../../arm-none-eabi/lib/thumb/v7e-m+fp/hard/libc.a(libc_a-stdio.o)
                0x000000000000c354                __sclose
 .text.__ascii_wctomb
                0x000000000000c35c       0x1c /usr/local/arm/GNU_Tools_for_ARM/bin/../lib/gcc/arm-none-eabi/11.3.1/../../../../arm-none-eabi/lib/thumb/v7e-m+fp/hard/libc.a(libc_a-wctomb_r.o)
                0x000000000000c35c                __ascii_wctomb
 .text._sbrk_r  0x000000000000c378       0x24 /usr/local/arm/GNU_Tools_for_ARM/bin/../lib/gcc/arm-none-eabi/11.3.1/../../../../arm-none-eabi/lib/thumb/v7e-m+fp/hard/libc.a(libc_a-sbrkr.o)
                0x000000000000c378                _sbrk_r
 .text._fwalk_sglue
                0x000000000000c39c       0x48 /usr/local/arm/GNU_Tools_for_ARM/bin/../lib/gcc/arm-none-eabi/11.3.1/../../../../arm-none-eabi/lib/thumb/v7e-m+fp/hard/libc.a(libc_a-fwalk.o)
                0x000000000000c39c                _fwalk_sglue
 .text._write_r
                0x000000000000c3e4       0x2c /usr/local/arm/GNU_Tools_for_ARM/bin/../lib/gcc/arm-none-eabi/11.3.1/../../../../arm-none-eabi/lib/thumb/v7e-m+fp/hard/libc.a(libc_a-writer.o)
                0x000000000000c3e4                _write_r
 .text.__ssprint_r
                0x000000000000c410      0x100 /usr/local/arm/GNU_Tools_for_ARM/bin/../lib/gcc/arm-none-eabi/11.3.1/../../../../arm-none-eabi/lib/thumb/v7e-m+fp/hard/libc.a(libc_a-svfiprintf.o)
                0x000000000000c410                __ssprint_r
 .text.__register_exitproc
                0x000000000000c510       0x88 /usr/local/arm/GNU_Tools_for_ARM/bin/../lib/gcc/arm-none-eabi/11.3.1/../../../../arm-none-eabi/lib/thumb/v7e-m+fp/hard/libc.a(libc_a-__atexit.o)
                0x000000000000c510                __register_exitproc
 .text.__ascii_mbtowc
                0x000000000000c598       0x2c /usr/local/arm/GNU_Tools_for_ARM/bin/../lib/gcc/arm-none-eabi/11.3.1/../../../../arm-none-eabi/lib/thumb/v7e-m+fp/hard/libc.a(libc_a-mbtowc_r.o)
                0x000000000000c598                __ascii_mbtowc
 .text.memmove  0x000000000000c5c4       0xf8 /usr/local/arm/GNU_Tools_for_ARM/bin/../lib/gcc/arm-none-eabi/11.3.1/../../../../arm-none-eabi/lib/thumb/v7e-m+fp/hard/libc.a(libc_a-memmove.o)
                0x000000000000c5c4                memmove
 .text.__assert_func
                0x000000000000c6bc       0x40 /usr/local/arm/GNU_Tools_for_ARM/bin/../lib/gcc/arm-none-eabi/11.3.1/../../../../arm-none-eabi/lib/thumb/v7e-m+fp/hard/libc.a(libc_a-assert.o)
                0x000000000000c6bc                __assert_func
 .text._fclose_r
                0x000000000000c6fc       0xc8 /usr/local/arm/GNU_Tools_for_ARM/bin/../lib/gcc/arm-none-eabi/11.3.1/../../../../arm-none-eabi/lib/thumb/v7e-m+fp/hard/libc.a(libc_a-fclose.o)
                0x000000000000c6fc                _fclose_r
 .text._Balloc  0x000000000000c7c4       0x4c /usr/local/arm/GNU_Tools_for_ARM/bin/../lib/gcc/arm-none-eabi/11.3.1/../../../../arm-none-eabi/lib/thumb/v7e-m+fp/hard/libc.a(libc_a-mprec.o)
                0x000000000000c7c4                _Balloc
 .text._Bfree   0x000000000000c810       0x14 /usr/local/arm/GNU_Tools_for_ARM/bin/../lib/gcc/arm-none-eabi/11.3.1/../../../../arm-none-eabi/lib/thumb/v7e-m+fp/hard/libc.a(libc_a-mprec.o)
                0x000000000000c810                _Bfree
 .text.__multadd
                0x000000000000c824       0xa4 /usr/local/arm/GNU_Tools_for_ARM/bin/../lib/gcc/arm-none-eabi/11.3.1/../../../../arm-none-eabi/lib/thumb/v7e-m+fp/hard/libc.a(libc_a-mprec.o)
                0x000000000000c824                __multadd
 .text.__hi0bits
                0x000000000000c8c8       0x40 /usr/local/arm/GNU_Tools_for_ARM/bin/../lib/gcc/arm-none-eabi/11.3.1/../../../../arm-none-eabi/lib/thumb/v7e-m+fp/hard/libc.a(libc_a-mprec.o)
                0x000000000000c8c8                __hi0bits
 .text.__lo0bits
                0x000000000000c908       0x60 /usr/local/arm/GNU_Tools_for_ARM/bin/../lib/gcc/arm-none-eabi/11.3.1/../../../../arm-none-eabi/lib/thumb/v7e-m+fp/hard/libc.a(libc_a-mprec.o)
                0x000000000000c908                __lo0bits
 .text.__i2b    0x000000000000c968       0x5c /usr/local/arm/GNU_Tools_for_ARM/bin/../lib/gcc/arm-none-eabi/11.3.1/../../../../arm-none-eabi/lib/thumb/v7e-m+fp/hard/libc.a(libc_a-mprec.o)
                0x000000000000c968                __i2b
 .text.__multiply
                0x000000000000c9c4      0x15c /usr/local/arm/GNU_Tools_for_ARM/bin/../lib/gcc/arm-none-eabi/11.3.1/../../../../arm-none-eabi/lib/thumb/v7e-m+fp/hard/libc.a(libc_a-mprec.o)
                0x000000000000c9c4                __multiply
 .text.__pow5mult
                0x000000000000cb20       0xc0 /usr/local/arm/GNU_Tools_for_ARM/bin/../lib/gcc/arm-none-eabi/11.3.1/../../../../arm-none-eabi/lib/thumb/v7e-m+fp/hard/libc.a(libc_a-mprec.o)
                0x000000000000cb20                __pow5mult
 .text.__lshift
                0x000000000000cbe0       0xf0 /usr/local/arm/GNU_Tools_for_ARM/bin/../lib/gcc/arm-none-eabi/11.3.1/../../../../arm-none-eabi/lib/thumb/v7e-m+fp/hard/libc.a(libc_a-mprec.o)
                0x000000000000cbe0                __lshift
 .text.__mcmp   0x000000000000ccd0       0x44 /usr/local/arm/GNU_Tools_for_ARM/bin/../lib/gcc/arm-none-eabi/11.3.1/../../../../arm-none-eabi/lib/thumb/v7e-m+fp/hard/libc.a(libc_a-mprec.o)
                0x000000000000ccd0                __mcmp
 .text.__mdiff  0x000000000000cd14      0x154 /usr/local/arm/GNU_Tools_for_ARM/bin/../lib/gcc/arm-none-eabi/11.3.1/../../../../arm-none-eabi/lib/thumb/v7e-m+fp/hard/libc.a(libc_a-mprec.o)
                0x000000000000cd14                __mdiff
 .text.__d2b    0x000000000000ce68       0xd4 /usr/local/arm/GNU_Tools_for_ARM/bin/../lib/gcc/arm-none-eabi/11.3.1/../../../../arm-none-eabi/lib/thumb/v7e-m+fp/hard/libc.a(libc_a-mprec.o)
                0x000000000000ce68                __d2b
 .text._calloc_r
                0x000000000000cf3c       0x78 /usr/local/arm/GNU_Tools_for_ARM/bin/../lib/gcc/arm-none-eabi/11.3.1/../../../../arm-none-eabi/lib/thumb/v7e-m+fp/hard/libc.a(libc_a-callocr.o)
                0x000000000000cf3c                _calloc_r
 .text._wcsnrtombs_l
                0x000000000000cfb4      0x108 /usr/local/arm/GNU_Tools_for_ARM/bin/../lib/gcc/arm-none-eabi/11.3.1/../../../../arm-none-eabi/lib/thumb/v7e-m+fp/hard/libc.a(libc_a-wcsnrtombs.o)
                0x000000000000cfb4                _wcsnrtombs_l
 .text._wcsnrtombs_r
                0x000000000000d0bc       0x24 /usr/local/arm/GNU_Tools_for_ARM/bin/../lib/gcc/arm-none-eabi/11.3.1/../../../../arm-none-eabi/lib/thumb/v7e-m+fp/hard/libc.a(libc_a-wcsnrtombs.o)
                0x000000000000d0bc                _wcsnrtombs_r
 .text._close_r
                0x000000000000d0e0       0x24 /usr/local/arm/GNU_Tools_for_ARM/bin/../lib/gcc/arm-none-eabi/11.3.1/../../../../arm-none-eabi/lib/thumb/v7e-m+fp/hard/libc.a(libc_a-closer.o)
                0x000000000000d0e0                _close_r
 .text.__sflush_r
                0x000000000000d104      0x130 /usr/local/arm/GNU_Tools_for_ARM/bin/../lib/gcc/arm-none-eabi/11.3.1/../../../../arm-none-eabi/lib/thumb/v7e-m+fp/hard/libc.a(libc_a-fflush.o)
                0x000000000000d104                __sflush_r
 .text._fflush_r
                0x000000000000d234       0x54 /usr/local/arm/GNU_Tools_for_ARM/bin/../lib/gcc/arm-none-eabi/11.3.1/../../../../arm-none-eabi/lib/thumb/v7e-m+fp/hard/libc.a(libc_a-fflush.o)
                0x000000000000d234                _fflush_r
 .text._realloc_r
                0x000000000000d288      0x3d8 /usr/local/arm/GNU_Tools_for_ARM/bin/../lib/gcc/arm-none-eabi/11.3.1/../../../../arm-none-eabi/lib/thumb/v7e-m+fp/hard/libc.a(libc_a-reallocr.o)
                0x000000000000d288                _realloc_r
 .text._lseek_r
                0x000000000000d660       0x2c /usr/local/arm/GNU_Tools_for_ARM/bin/../lib/gcc/arm-none-eabi/11.3.1/../../../../arm-none-eabi/lib/thumb/v7e-m+fp/hard/libc.a(libc_a-lseekr.o)
                0x000000000000d660                _lseek_r
 .text._read_r  0x000000000000d68c       0x2c /usr/local/arm/GNU_Tools_for_ARM/bin/../lib/gcc/arm-none-eabi/11.3.1/../../../../arm-none-eabi/lib/thumb/v7e-m+fp/hard/libc.a(libc_a-readr.o)
                0x000000000000d68c                _read_r
 .text.fiprintf
                0x000000000000d6b8       0x28 /usr/local/arm/GNU_Tools_for_ARM/bin/../lib/gcc/arm-none-eabi/11.3.1/../../../../arm-none-eabi/lib/thumb/v7e-m+fp/hard/libc.a(libc_a-fiprintf.o)
                0x000000000000d6b8                fiprintf
 .text.__sprint_r.part.0
                0x000000000000d6e0       0x78 /usr/local/arm/GNU_Tools_for_ARM/bin/../lib/gcc/arm-none-eabi/11.3.1/../../../../arm-none-eabi/lib/thumb/v7e-m+fp/hard/libc.a(libc_a-vfiprintf.o)
 .text._vfiprintf_r
                0x000000000000d758      0xf8c /usr/local/arm/GNU_Tools_for_ARM/bin/../lib/gcc/arm-none-eabi/11.3.1/../../../../arm-none-eabi/lib/thumb/v7e-m+fp/hard/libc.a(libc_a-vfiprintf.o)
                0x000000000000d758                _vfiprintf_r
 .text.__sbprintf
                0x000000000000e6e4       0x80 /usr/local/arm/GNU_Tools_for_ARM/bin/../lib/gcc/arm-none-eabi/11.3.1/../../../../arm-none-eabi/lib/thumb/v7e-m+fp/hard/libc.a(libc_a-vfiprintf.o)
 .text.abort    0x000000000000e764       0x10 /usr/local/arm/GNU_Tools_for_ARM/bin/../lib/gcc/arm-none-eabi/11.3.1/../../../../arm-none-eabi/lib/thumb/v7e-m+fp/hard/libc.a(libc_a-abort.o)
                0x000000000000e764                abort
 .text.__swsetup_r
                0x000000000000e774       0xcc /usr/local/arm/GNU_Tools_for_ARM/bin/../lib/gcc/arm-none-eabi/11.3.1/../../../../arm-none-eabi/lib/thumb/v7e-m+fp/hard/libc.a(libc_a-wsetup.o)
                0x000000000000e774                __swsetup_r
 .text.__smakebuf_r
                0x000000000000e840       0xd8 /usr/local/arm/GNU_Tools_for_ARM/bin/../lib/gcc/arm-none-eabi/11.3.1/../../../../arm-none-eabi/lib/thumb/v7e-m+fp/hard/libc.a(libc_a-makebuf.o)
                0x000000000000e840                __smakebuf_r
 .text._fstat_r
                0x000000000000e918       0x2c /usr/local/arm/GNU_Tools_for_ARM/bin/../lib/gcc/arm-none-eabi/11.3.1/../../../../arm-none-eabi/lib/thumb/v7e-m+fp/hard/libc.a(libc_a-fstatr.o)
                0x000000000000e918                _fstat_r
 .text.raise    0x000000000000e944       0x5c /usr/local/arm/GNU_Tools_for_ARM/bin/../lib/gcc/arm-none-eabi/11.3.1/../../../../arm-none-eabi/lib/thumb/v7e-m+fp/hard/libc.a(libc_a-signal.o)
                0x000000000000e944                raise
 .text._isatty_r
                0x000000000000e9a0       0x24 /usr/local/arm/GNU_Tools_for_ARM/bin/../lib/gcc/arm-none-eabi/11.3.1/../../../../arm-none-eabi/lib/thumb/v7e-m+fp/hard/libc.a(libc_a-isattyr.o)
                0x000000000000e9a0                _isatty_r
 .text.__fputwc
                0x000000000000e9c4       0xac /usr/local/arm/GNU_Tools_for_ARM/bin/../lib/gcc/arm-none-eabi/11.3.1/../../../../arm-none-eabi/lib/thumb/v7e-m+fp/hard/libc.a(libc_a-fputwc.o)
                0x000000000000e9c4                __fputwc
 .text._fputwc_r
                0x000000000000ea70       0x68 /usr/local/arm/GNU_Tools_for_ARM/bin/../lib/gcc/arm-none-eabi/11.3.1/../../../../arm-none-eabi/lib/thumb/v7e-m+fp/hard/libc.a(libc_a-fputwc.o)
                0x000000000000ea70                _fputwc_r
 .text._kill_r  0x000000000000ead8       0x2c /usr/local/arm/GNU_Tools_for_ARM/bin/../lib/gcc/arm-none-eabi/11.3.1/../../../../arm-none-eabi/lib/thumb/v7e-m+fp/hard/libc.a(libc_a-signalr.o)
                0x000000000000ead8                _kill_r
 .text._getpid_r
                0x000000000000eb04        0x4 /usr/local/arm/GNU_Tools_for_ARM/bin/../lib/gcc/arm-none-eabi/11.3.1/../../../../arm-none-eabi/lib/thumb/v7e-m+fp/hard/libc.a(libc_a-signalr.o)
                0x000000000000eb04                _getpid_r
 .text.__sfvwrite_r
                0x000000000000eb08      0x2f4 /usr/local/arm/GNU_Tools_for_ARM/bin/../lib/gcc/arm-none-eabi/11.3.1/../../../../arm-none-eabi/lib/thumb/v7e-m+fp/hard/libc.a(libc_a-fvwrite.o)
                0x000000000000eb08                __sfvwrite_r
 .text.__swbuf_r
                0x000000000000edfc       0xb0 /usr/local/arm/GNU_Tools_for_ARM/bin/../lib/gcc/arm-none-eabi/11.3.1/../../../../arm-none-eabi/lib/thumb/v7e-m+fp/hard/libc.a(libc_a-wbuf.o)
                0x000000000000edfc                __swbuf_r
 .text._sbrk    0x000000000000eeac       0x1c /usr/local/arm/GNU_Tools_for_ARM/bin/../lib/gcc/arm-none-eabi/11.3.1/../../../../arm-none-eabi/lib/thumb/v7e-m+fp/hard/libnosys.a(sbrk.o)
                0x000000000000eeac                _sbrk
                0x000000000000eec8                . = ALIGN (0x4)
 *(.ctors)
                0x000000000000eec8                . = ALIGN (0x4)
 *(.dtors)
                0x000000000000eec8                . = ALIGN (0x4)
                0x000000000000eec8                __init_array_start = .
 *(.init_array*)
 .init_array    0x000000000000eec8        0x4 /usr/local/arm/GNU_Tools_for_ARM/bin/../lib/gcc/arm-none-eabi/11.3.1/thumb/v7e-m+fp/hard/crtbegin.o
 .init_array.00000
                0x000000000000eecc        0x4 /usr/local/arm/GNU_Tools_for_ARM/bin/../lib/gcc/arm-none-eabi/11.3.1/../../../../arm-none-eabi/lib/thumb/v7e-m+fp/hard/libc.a(libc_a-__call_atexit.o)
                0x000000000000eed0                __init_array_end = .
 *(.init)
 .init          0x000000000000eed0        0x4 /usr/local/arm/GNU_Tools_for_ARM/bin/../lib/gcc/arm-none-eabi/11.3.1/thumb/v7e-m+fp/hard/crti.o
                0x000000000000eed0                _init
 .init          0x000000000000eed4        0x8 /usr/local/arm/GNU_Tools_for_ARM/bin/../lib/gcc/arm-none-eabi/11.3.1/thumb/v7e-m+fp/hard/crtn.o
 *(.fini*)
 .fini          0x000000000000eedc        0x4 /usr/local/arm/GNU_Tools_for_ARM/bin/../lib/gcc/arm-none-eabi/11.3.1/thumb/v7e-m+fp/hard/crti.o
                0x000000000000eedc                _fini
 .fini_array    0x000000000000eee0        0x4 /usr/local/arm/GNU_Tools_for_ARM/bin/../lib/gcc/arm-none-eabi/11.3.1/thumb/v7e-m+fp/hard/crtbegin.o
 .fini          0x000000000000eee4        0x8 /usr/local/arm/GNU_Tools_for_ARM/bin/../lib/gcc/arm-none-eabi/11.3.1/thumb/v7e-m+fp/hard/crtn.o

.glue_7         0x000000000000eeec        0x0
 .glue_7        0x000000000000eeec        0x0 linker stubs

.glue_7t        0x000000000000eeec        0x0
 .glue_7t       0x000000000000eeec        0x0 linker stubs

.vfp11_veneer   0x000000000000eeec        0x0
 .vfp11_veneer  0x000000000000eeec        0x0 linker stubs

.v4_bx          0x000000000000eeec        0x0
 .v4_bx         0x000000000000eeec        0x0 linker stubs

.iplt           0x000000000000eeec        0x0
 .iplt          0x000000000000eeec        0x0 /usr/local/arm/GNU_Tools_for_ARM/bin/../lib/gcc/arm-none-eabi/11.3.1/thumb/v7e-m+fp/hard/crtbegin.o

.rodata         0x000000000000eef0      0x5d4
 *(.rodata)
 .rodata        0x000000000000eef0       0x6b build/main.o
 *fill*         0x000000000000ef5b        0x1 
 .rodata        0x000000000000ef5c       0x4c build/gpio.o
 .rodata        0x000000000000efa8       0x90 build/interrupt.o
 .rodata        0x000000000000f038       0x68 build/user_periph.o
 .rodata        0x000000000000f0a0       0x35 build/user_uart.o
 *(.rodata.*)
 *fill*         0x000000000000f0d5        0x3 
 .rodata._svfprintf_r.str1.4
                0x000000000000f0d8       0x42 /usr/local/arm/GNU_Tools_for_ARM/bin/../lib/gcc/arm-none-eabi/11.3.1/../../../../arm-none-eabi/lib/thumb/v7e-m+fp/hard/libc.a(libc_a-svfprintf.o)
 *fill*         0x000000000000f11a        0x2 
 .rodata.blanks.1
                0x000000000000f11c       0x10 /usr/local/arm/GNU_Tools_for_ARM/bin/../lib/gcc/arm-none-eabi/11.3.1/../../../../arm-none-eabi/lib/thumb/v7e-m+fp/hard/libc.a(libc_a-svfprintf.o)
 .rodata.zeroes.0
                0x000000000000f12c       0x10 /usr/local/arm/GNU_Tools_for_ARM/bin/../lib/gcc/arm-none-eabi/11.3.1/../../../../arm-none-eabi/lib/thumb/v7e-m+fp/hard/libc.a(libc_a-svfprintf.o)
 .rodata.str1.4
                0x000000000000f13c       0x48 /usr/local/arm/GNU_Tools_for_ARM/bin/../lib/gcc/arm-none-eabi/11.3.1/../../../../arm-none-eabi/lib/thumb/v7e-m+fp/hard/libc.a(libc_a-locale.o)
                                         0x4c (size before relaxing)
 .rodata._dtoa_r.str1.4
                0x000000000000f184       0x7d /usr/local/arm/GNU_Tools_for_ARM/bin/../lib/gcc/arm-none-eabi/11.3.1/../../../../arm-none-eabi/lib/thumb/v7e-m+fp/hard/libc.a(libc_a-dtoa.o)
                                         0x81 (size before relaxing)
 *fill*         0x000000000000f201        0x3 
 .rodata._ctype_
                0x000000000000f204      0x101 /usr/local/arm/GNU_Tools_for_ARM/bin/../lib/gcc/arm-none-eabi/11.3.1/../../../../arm-none-eabi/lib/thumb/v7e-m+fp/hard/libc.a(libc_a-ctype_.o)
                0x000000000000f204                _ctype_
 *fill*         0x000000000000f305        0x3 
 .rodata.__assert_func.str1.4
                0x000000000000f308       0x3f /usr/local/arm/GNU_Tools_for_ARM/bin/../lib/gcc/arm-none-eabi/11.3.1/../../../../arm-none-eabi/lib/thumb/v7e-m+fp/hard/libc.a(libc_a-assert.o)
                                         0x43 (size before relaxing)
 *fill*         0x000000000000f347        0x1 
 .rodata.__multadd.str1.4
                0x000000000000f348       0x5a /usr/local/arm/GNU_Tools_for_ARM/bin/../lib/gcc/arm-none-eabi/11.3.1/../../../../arm-none-eabi/lib/thumb/v7e-m+fp/hard/libc.a(libc_a-mprec.o)
                                         0x6e (size before relaxing)
 *fill*         0x000000000000f3a2        0x6 
 .rodata.__mprec_bigtens
                0x000000000000f3a8       0x28 /usr/local/arm/GNU_Tools_for_ARM/bin/../lib/gcc/arm-none-eabi/11.3.1/../../../../arm-none-eabi/lib/thumb/v7e-m+fp/hard/libc.a(libc_a-mprec.o)
                0x000000000000f3a8                __mprec_bigtens
 .rodata.__mprec_tens
                0x000000000000f3d0       0xc8 /usr/local/arm/GNU_Tools_for_ARM/bin/../lib/gcc/arm-none-eabi/11.3.1/../../../../arm-none-eabi/lib/thumb/v7e-m+fp/hard/libc.a(libc_a-mprec.o)
                0x000000000000f3d0                __mprec_tens
 .rodata.p05.0  0x000000000000f498        0xc /usr/local/arm/GNU_Tools_for_ARM/bin/../lib/gcc/arm-none-eabi/11.3.1/../../../../arm-none-eabi/lib/thumb/v7e-m+fp/hard/libc.a(libc_a-mprec.o)
 .rodata._vfiprintf_r.str1.4
                0x000000000000f4a4       0x2f /usr/local/arm/GNU_Tools_for_ARM/bin/../lib/gcc/arm-none-eabi/11.3.1/../../../../arm-none-eabi/lib/thumb/v7e-m+fp/hard/libc.a(libc_a-vfiprintf.o)
 .rodata.blanks.1
                0x000000000000f4a4       0x10 /usr/local/arm/GNU_Tools_for_ARM/bin/../lib/gcc/arm-none-eabi/11.3.1/../../../../arm-none-eabi/lib/thumb/v7e-m+fp/hard/libc.a(libc_a-vfiprintf.o)
 .rodata.zeroes.0
                0x000000000000f4b4       0x10 /usr/local/arm/GNU_Tools_for_ARM/bin/../lib/gcc/arm-none-eabi/11.3.1/../../../../arm-none-eabi/lib/thumb/v7e-m+fp/hard/libc.a(libc_a-vfiprintf.o)

.eh_frame       0x000000000000f4c4        0x0
 .eh_frame      0x000000000000f4c4        0x0 /usr/local/arm/GNU_Tools_for_ARM/bin/../lib/gcc/arm-none-eabi/11.3.1/thumb/v7e-m+fp/hard/crtbegin.o

.preinitcall    0x000000000000f4c4        0x8
                0x000000000000f4c4                __preinit_start = .
 *(.preinitcall)
 .preinitcall   0x000000000000f4c4        0x4 build/user_uart.o
 .preinitcall   0x000000000000f4c8        0x4 build/user_dma.o
                0x000000000000f4cc                __preinit_end = .

.ARM.exidx      0x000000000000f4cc        0x8
                0x000000000000f4cc                __exidx_start = .
 *(.ARM.exidx* .gnu.linkonce.armexidx.*)
 .ARM.exidx     0x000000000000f4cc        0x8 /usr/local/arm/GNU_Tools_for_ARM/bin/../lib/gcc/arm-none-eabi/11.3.1/../../../../arm-none-eabi/lib/thumb/v7e-m+fp/hard/crt0.o
                                         0x10 (size before relaxing)
                0x000000000000f4d4                __exidx_end = .

.ARM.extab      0x000000000000f4d4        0x0
 *(.ARM.extab* .gnu.linkonce.armextab.*)
 .ARM.extab     0x000000000000f4d4        0x0 /usr/local/arm/GNU_Tools_for_ARM/bin/../lib/gcc/arm-none-eabi/11.3.1/../../../../arm-none-eabi/lib/thumb/v7e-m+fp/hard/crt0.o
                0x000000000000f4d4                __etext = .

.rel.dyn        0x000000000000f4d4        0x0
 .rel.iplt      0x000000000000f4d4        0x0 /usr/local/arm/GNU_Tools_for_ARM/bin/../lib/gcc/arm-none-eabi/11.3.1/thumb/v7e-m+fp/hard/crtbegin.o

.data           0x0000000020000000      0x720 load address 0x000000000000f4d4
                0x000000000000f4d4                __data_load__ = LOADADDR (.data)
                0x0000000020000000                __data_start__ = .
 *(.data)
 .data          0x0000000020000000        0x0 /usr/local/arm/GNU_Tools_for_ARM/bin/../lib/gcc/arm-none-eabi/11.3.1/thumb/v7e-m+fp/hard/crti.o
 .data          0x0000000020000000        0x0 /usr/local/arm/GNU_Tools_for_ARM/bin/../lib/gcc/arm-none-eabi/11.3.1/thumb/v7e-m+fp/hard/crtbegin.o
 .data          0x0000000020000000        0x0 /usr/local/arm/GNU_Tools_for_ARM/bin/../lib/gcc/arm-none-eabi/11.3.1/../../../../arm-none-eabi/lib/thumb/v7e-m+fp/hard/crt0.o
 .data          0x0000000020000000        0x0 build/main.o
 .data          0x0000000020000000        0x0 build/cpu.o
 .data          0x0000000020000000        0x0 build/cs.o
 .data          0x0000000020000000       0x40 build/flash.o
 .data          0x0000000020000040        0x0 build/fpu.o
 .data          0x0000000020000040        0x0 build/gpio.o
 .data          0x0000000020000040        0x0 build/interrupt.o
 .data          0x0000000020000040        0x0 build/mpu.o
 .data          0x0000000020000040        0x0 build/pcm.o
 .data          0x0000000020000040        0x0 build/pss.o
 .data          0x0000000020000040        0x0 build/ref_a.o
 .data          0x0000000020000040        0x0 build/reset.o
 .data          0x0000000020000040        0x0 build/rtc_c.o
 .data          0x0000000020000040        0x0 build/sysctl.o
 .data          0x0000000020000040        0x0 build/systick.o
 .data          0x0000000020000040        0x0 build/uart.o
 .data          0x0000000020000040        0x0 build/wdt_a.o
 .data          0x0000000020000040        0x0 build/startup_msp432p401r_gcc.o
 .data          0x0000000020000040        0x4 build/system_msp432p401r.o
                0x0000000020000040                SystemCoreClock
 .data          0x0000000020000044        0x0 build/iic_bus.o
 .data          0x0000000020000044        0x0 build/user_periph.o
 .data          0x0000000020000044        0x4 build/syscalls.o
                0x0000000020000044                environ
 .data          0x0000000020000048        0x0 build/user_uart.o
 .data          0x0000000020000048        0x0 build/user_dma.o
 .data          0x0000000020000048        0x0 /usr/local/arm/GNU_Tools_for_ARM/bin/../lib/gcc/arm-none-eabi/11.3.1/../../../../arm-none-eabi/lib/thumb/v7e-m+fp/hard/libc.a(libc_a-exit.o)
 .data          0x0000000020000048        0x0 /usr/local/arm/GNU_Tools_for_ARM/bin/../lib/gcc/arm-none-eabi/11.3.1/../../../../arm-none-eabi/lib/thumb/v7e-m+fp/hard/libc.a(libc_a-sprintf.o)
 .data          0x0000000020000048        0x0 /usr/local/arm/GNU_Tools_for_ARM/bin/../lib/gcc/arm-none-eabi/11.3.1/../../../../arm-none-eabi/lib/thumb/v7e-m+fp/hard/libc.a(libc_a-errno.o)
 .data          0x0000000020000048        0x0 /usr/local/arm/GNU_Tools_for_ARM/bin/../lib/gcc/arm-none-eabi/11.3.1/../../../../arm-none-eabi/lib/thumb/v7e-m+fp/hard/libc.a(libc_a-svfprintf.o)
 .data          0x0000000020000048        0x0 /usr/local/arm/GNU_Tools_for_ARM/bin/../lib/gcc/arm-none-eabi/11.3.1/../../../../arm-none-eabi/lib/thumb/v7e-m+fp/hard/libc.a(libc_a-mallocr.o)
 .data          0x0000000020000048        0x0 /usr/local/arm/GNU_Tools_for_ARM/bin/../lib/gcc/arm-none-eabi/11.3.1/../../../../arm-none-eabi/lib/thumb/v7e-m+fp/hard/libc.a(libc_a-__call_atexit.o)
 .data          0x0000000020000048        0x0 /usr/local/arm/GNU_Tools_for_ARM/bin/../lib/gcc/arm-none-eabi/11.3.1/../../../../arm-none-eabi/lib/thumb/v7e-m+fp/hard/libc.a(libc_a-memset.o)
 .data          0x0000000020000048        0x0 /usr/local/arm/GNU_Tools_for_ARM/bin/../lib/gcc/arm-none-eabi/11.3.1/../../../../arm-none-eabi/lib/thumb/v7e-m+fp/hard/libc.a(libc_a-wcrtomb.o)
 .data          0x0000000020000048        0x0 /usr/local/arm/GNU_Tools_for_ARM/bin/../lib/gcc/arm-none-eabi/11.3.1/../../../../arm-none-eabi/lib/thumb/v7e-m+fp/hard/libc.a(libc_a-init.o)
 .data          0x0000000020000048        0x0 /usr/local/arm/GNU_Tools_for_ARM/bin/../lib/gcc/arm-none-eabi/11.3.1/../../../../arm-none-eabi/lib/thumb/v7e-m+fp/hard/libc.a(libc_a-fini.o)
 .data          0x0000000020000048        0x0 /usr/local/arm/GNU_Tools_for_ARM/bin/../lib/gcc/arm-none-eabi/11.3.1/../../../../arm-none-eabi/lib/thumb/v7e-m+fp/hard/libc.a(libc_a-lock.o)
 .data          0x0000000020000048        0x0 /usr/local/arm/GNU_Tools_for_ARM/bin/../lib/gcc/arm-none-eabi/11.3.1/../../../../arm-none-eabi/lib/thumb/v7e-m+fp/hard/libc.a(libc_a-locale.o)
 .data          0x0000000020000048        0x0 /usr/local/arm/GNU_Tools_for_ARM/bin/../lib/gcc/arm-none-eabi/11.3.1/../../../../arm-none-eabi/lib/thumb/v7e-m+fp/hard/libc.a(libc_a-localeconv.o)
 .data          0x0000000020000048        0x0 /usr/local/arm/GNU_Tools_for_ARM/bin/../lib/gcc/arm-none-eabi/11.3.1/../../../../arm-none-eabi/lib/thumb/v7e-m+fp/hard/libc.a(libc_a-strcmp.o)
 .data          0x0000000020000048        0x0 /usr/local/arm/GNU_Tools_for_ARM/bin/../lib/gcc/arm-none-eabi/11.3.1/../../../../arm-none-eabi/lib/thumb/v7e-m+fp/hard/libc.a(libc_a-strcpy.o)
 .data          0x0000000020000048        0x0 /usr/local/arm/GNU_Tools_for_ARM/bin/../lib/gcc/arm-none-eabi/11.3.1/../../../../arm-none-eabi/lib/thumb/v7e-m+fp/hard/libc.a(libc_a-mlock.o)
 .data          0x0000000020000048        0x0 /usr/local/arm/GNU_Tools_for_ARM/bin/../lib/gcc/arm-none-eabi/11.3.1/../../../../arm-none-eabi/lib/thumb/v7e-m+fp/hard/libc.a(libc_a-atexit.o)
 .data          0x0000000020000048        0x0 /usr/local/arm/GNU_Tools_for_ARM/bin/../lib/gcc/arm-none-eabi/11.3.1/../../../../arm-none-eabi/lib/thumb/v7e-m+fp/hard/libc.a(libc_a-strchr.o)
 .data          0x0000000020000048        0x0 /usr/local/arm/GNU_Tools_for_ARM/bin/../lib/gcc/arm-none-eabi/11.3.1/../../../../arm-none-eabi/lib/thumb/v7e-m+fp/hard/libc.a(libc_a-wcsrtombs.o)
 .data          0x0000000020000048        0x0 /usr/local/arm/GNU_Tools_for_ARM/bin/../lib/gcc/arm-none-eabi/11.3.1/../../../../arm-none-eabi/lib/thumb/v7e-m+fp/hard/libc.a(libc_a-dtoa.o)
 .data          0x0000000020000048        0x0 /usr/local/arm/GNU_Tools_for_ARM/bin/../lib/gcc/arm-none-eabi/11.3.1/../../../../arm-none-eabi/lib/thumb/v7e-m+fp/hard/libc.a(libc_a-ctype_.o)
 .data          0x0000000020000048        0x0 /usr/local/arm/GNU_Tools_for_ARM/bin/../lib/gcc/arm-none-eabi/11.3.1/../../../../arm-none-eabi/lib/thumb/v7e-m+fp/hard/libc.a(libc_a-impure.o)
 .data          0x0000000020000048        0x0 /usr/local/arm/GNU_Tools_for_ARM/bin/../lib/gcc/arm-none-eabi/11.3.1/../../../../arm-none-eabi/lib/thumb/v7e-m+fp/hard/libc.a(libc_a-findfp.o)
 .data          0x0000000020000048        0x0 /usr/local/arm/GNU_Tools_for_ARM/bin/../lib/gcc/arm-none-eabi/11.3.1/../../../../arm-none-eabi/lib/thumb/v7e-m+fp/hard/libc.a(libc_a-memchr.o)
 .data          0x0000000020000048        0x0 /usr/local/arm/GNU_Tools_for_ARM/bin/../lib/gcc/arm-none-eabi/11.3.1/../../../../arm-none-eabi/lib/thumb/v7e-m+fp/hard/libc.a(libc_a-memcpy.o)
 .data          0x0000000020000048        0x0 /usr/local/arm/GNU_Tools_for_ARM/bin/../lib/gcc/arm-none-eabi/11.3.1/../../../../arm-none-eabi/lib/thumb/v7e-m+fp/hard/libc.a(libc_a-strlen.o)
 .data          0x0000000020000048        0x0 /usr/local/arm/GNU_Tools_for_ARM/bin/../lib/gcc/arm-none-eabi/11.3.1/../../../../arm-none-eabi/lib/thumb/v7e-m+fp/hard/libc.a(libm_a-s_frexp.o)
 .data          0x0000000020000048        0x0 /usr/local/arm/GNU_Tools_for_ARM/bin/../lib/gcc/arm-none-eabi/11.3.1/../../../../arm-none-eabi/lib/thumb/v7e-m+fp/hard/libc.a(libc_a-strlcpy.o)
 .data          0x0000000020000048        0x0 /usr/local/arm/GNU_Tools_for_ARM/bin/../lib/gcc/arm-none-eabi/11.3.1/../../../../arm-none-eabi/lib/thumb/v7e-m+fp/hard/libc.a(libc_a-freer.o)
 .data          0x0000000020000048        0x0 /usr/local/arm/GNU_Tools_for_ARM/bin/../lib/gcc/arm-none-eabi/11.3.1/../../../../arm-none-eabi/lib/thumb/v7e-m+fp/hard/libc.a(libc_a-strtol.o)
 .data          0x0000000020000048        0x0 /usr/local/arm/GNU_Tools_for_ARM/bin/../lib/gcc/arm-none-eabi/11.3.1/../../../../arm-none-eabi/lib/thumb/v7e-m+fp/hard/libc.a(libc_a-strncasecmp.o)
 .data          0x0000000020000048        0x0 /usr/local/arm/GNU_Tools_for_ARM/bin/../lib/gcc/arm-none-eabi/11.3.1/../../../../arm-none-eabi/lib/thumb/v7e-m+fp/hard/libc.a(libc_a-getenv_r.o)
 .data          0x0000000020000048        0x0 /usr/local/arm/GNU_Tools_for_ARM/bin/../lib/gcc/arm-none-eabi/11.3.1/../../../../arm-none-eabi/lib/thumb/v7e-m+fp/hard/libc.a(libc_a-strncpy.o)
 .data          0x0000000020000048        0x0 /usr/local/arm/GNU_Tools_for_ARM/bin/../lib/gcc/arm-none-eabi/11.3.1/../../../../arm-none-eabi/lib/thumb/v7e-m+fp/hard/libc.a(libc_a-stdio.o)
 .data          0x0000000020000048        0x0 /usr/local/arm/GNU_Tools_for_ARM/bin/../lib/gcc/arm-none-eabi/11.3.1/../../../../arm-none-eabi/lib/thumb/v7e-m+fp/hard/libc.a(libc_a-wctomb_r.o)
 .data          0x0000000020000048        0x0 /usr/local/arm/GNU_Tools_for_ARM/bin/../lib/gcc/arm-none-eabi/11.3.1/../../../../arm-none-eabi/lib/thumb/v7e-m+fp/hard/libc.a(libc_a-sbrkr.o)
 .data          0x0000000020000048        0x0 /usr/local/arm/GNU_Tools_for_ARM/bin/../lib/gcc/arm-none-eabi/11.3.1/../../../../arm-none-eabi/lib/thumb/v7e-m+fp/hard/libc.a(libc_a-fwalk.o)
 .data          0x0000000020000048        0x0 /usr/local/arm/GNU_Tools_for_ARM/bin/../lib/gcc/arm-none-eabi/11.3.1/../../../../arm-none-eabi/lib/thumb/v7e-m+fp/hard/libc.a(libc_a-writer.o)
 .data          0x0000000020000048        0x0 /usr/local/arm/GNU_Tools_for_ARM/bin/../lib/gcc/arm-none-eabi/11.3.1/../../../../arm-none-eabi/lib/thumb/v7e-m+fp/hard/libc.a(libc_a-svfiprintf.o)
 .data          0x0000000020000048        0x0 /usr/local/arm/GNU_Tools_for_ARM/bin/../lib/gcc/arm-none-eabi/11.3.1/../../../../arm-none-eabi/lib/thumb/v7e-m+fp/hard/libc.a(libc_a-__atexit.o)
 .data          0x0000000020000048        0x0 /usr/local/arm/GNU_Tools_for_ARM/bin/../lib/gcc/arm-none-eabi/11.3.1/../../../../arm-none-eabi/lib/thumb/v7e-m+fp/hard/libc.a(libc_a-mbtowc_r.o)
 .data          0x0000000020000048        0x0 /usr/local/arm/GNU_Tools_for_ARM/bin/../lib/gcc/arm-none-eabi/11.3.1/../../../../arm-none-eabi/lib/thumb/v7e-m+fp/hard/libc.a(libc_a-memmove.o)
 .data          0x0000000020000048        0x0 /usr/local/arm/GNU_Tools_for_ARM/bin/../lib/gcc/arm-none-eabi/11.3.1/../../../../arm-none-eabi/lib/thumb/v7e-m+fp/hard/libc.a(libc_a-assert.o)
 .data          0x0000000020000048        0x0 /usr/local/arm/GNU_Tools_for_ARM/bin/../lib/gcc/arm-none-eabi/11.3.1/../../../../arm-none-eabi/lib/thumb/v7e-m+fp/hard/libc.a(libc_a-strcasecmp.o)
 .data          0x0000000020000048        0x0 /usr/local/arm/GNU_Tools_for_ARM/bin/../lib/gcc/arm-none-eabi/11.3.1/../../../../arm-none-eabi/lib/thumb/v7e-m+fp/hard/libc.a(libc_a-strcat.o)
 .data          0x0000000020000048        0x0 /usr/local/arm/GNU_Tools_for_ARM/bin/../lib/gcc/arm-none-eabi/11.3.1/../../../../arm-none-eabi/lib/thumb/v7e-m+fp/hard/libc.a(libc_a-fclose.o)
 .data          0x0000000020000048        0x0 /usr/local/arm/GNU_Tools_for_ARM/bin/../lib/gcc/arm-none-eabi/11.3.1/../../../../arm-none-eabi/lib/thumb/v7e-m+fp/hard/libc.a(libc_a-mprec.o)
 .data          0x0000000020000048        0x0 /usr/local/arm/GNU_Tools_for_ARM/bin/../lib/gcc/arm-none-eabi/11.3.1/../../../../arm-none-eabi/lib/thumb/v7e-m+fp/hard/libc.a(libc_a-callocr.o)
 .data          0x0000000020000048        0x0 /usr/local/arm/GNU_Tools_for_ARM/bin/../lib/gcc/arm-none-eabi/11.3.1/../../../../arm-none-eabi/lib/thumb/v7e-m+fp/hard/libc.a(libc_a-wcsnrtombs.o)
 .data          0x0000000020000048        0x0 /usr/local/arm/GNU_Tools_for_ARM/bin/../lib/gcc/arm-none-eabi/11.3.1/../../../../arm-none-eabi/lib/thumb/v7e-m+fp/hard/libc.a(libc_a-closer.o)
 .data          0x0000000020000048        0x0 /usr/local/arm/GNU_Tools_for_ARM/bin/../lib/gcc/arm-none-eabi/11.3.1/../../../../arm-none-eabi/lib/thumb/v7e-m+fp/hard/libc.a(libc_a-reent.o)
 .data          0x0000000020000048        0x0 /usr/local/arm/GNU_Tools_for_ARM/bin/../lib/gcc/arm-none-eabi/11.3.1/../../../../arm-none-eabi/lib/thumb/v7e-m+fp/hard/libc.a(libc_a-fflush.o)
 .data          0x0000000020000048        0x0 /usr/local/arm/GNU_Tools_for_ARM/bin/../lib/gcc/arm-none-eabi/11.3.1/../../../../arm-none-eabi/lib/thumb/v7e-m+fp/hard/libc.a(libc_a-reallocr.o)
 .data          0x0000000020000048        0x0 /usr/local/arm/GNU_Tools_for_ARM/bin/../lib/gcc/arm-none-eabi/11.3.1/../../../../arm-none-eabi/lib/thumb/v7e-m+fp/hard/libc.a(libc_a-envlock.o)
 .data          0x0000000020000048        0x0 /usr/local/arm/GNU_Tools_for_ARM/bin/../lib/gcc/arm-none-eabi/11.3.1/../../../../arm-none-eabi/lib/thumb/v7e-m+fp/hard/libc.a(libc_a-strncmp.o)
 .data          0x0000000020000048        0x0 /usr/local/arm/GNU_Tools_for_ARM/bin/../lib/gcc/arm-none-eabi/11.3.1/../../../../arm-none-eabi/lib/thumb/v7e-m+fp/hard/libc.a(libc_a-lseekr.o)
 .data          0x0000000020000048        0x0 /usr/local/arm/GNU_Tools_for_ARM/bin/../lib/gcc/arm-none-eabi/11.3.1/../../../../arm-none-eabi/lib/thumb/v7e-m+fp/hard/libc.a(libc_a-readr.o)
 .data          0x0000000020000048        0x0 /usr/local/arm/GNU_Tools_for_ARM/bin/../lib/gcc/arm-none-eabi/11.3.1/../../../../arm-none-eabi/lib/thumb/v7e-m+fp/hard/libc.a(libc_a-fiprintf.o)
 .data          0x0000000020000048        0x0 /usr/local/arm/GNU_Tools_for_ARM/bin/../lib/gcc/arm-none-eabi/11.3.1/../../../../arm-none-eabi/lib/thumb/v7e-m+fp/hard/libc.a(libc_a-vfiprintf.o)
 .data          0x0000000020000048        0x0 /usr/local/arm/GNU_Tools_for_ARM/bin/../lib/gcc/arm-none-eabi/11.3.1/../../../../arm-none-eabi/lib/thumb/v7e-m+fp/hard/libc.a(libc_a-abort.o)
 .data          0x0000000020000048        0x0 /usr/local/arm/GNU_Tools_for_ARM/bin/../lib/gcc/arm-none-eabi/11.3.1/../../../../arm-none-eabi/lib/thumb/v7e-m+fp/hard/libc.a(libc_a-wsetup.o)
 .data          0x0000000020000048        0x0 /usr/local/arm/GNU_Tools_for_ARM/bin/../lib/gcc/arm-none-eabi/11.3.1/../../../../arm-none-eabi/lib/thumb/v7e-m+fp/hard/libc.a(libc_a-makebuf.o)