Archive member included to satisfy reference by file (symbol)

i:/mcu/gnu_tools_for_arm/11.3_rel1/bin/../lib/gcc/arm-none-eabi/11.3.1/thumb/v7e-m+fp/hard\libc.a(libc_a-exit.o)
                              i:/mcu/gnu_tools_for_arm/11.3_rel1/bin/../lib/gcc/arm-none-eabi/11.3.1/thumb/v7e-m+fp/hard/crt0.o (exit)
i:/mcu/gnu_tools_for_arm/11.3_rel1/bin/../lib/gcc/arm-none-eabi/11.3.1/thumb/v7e-m+fp/hard\libc.a(libc_a-findfp.o)
                              i:/mcu/gnu_tools_for_arm/11.3_rel1/bin/../lib/gcc/arm-none-eabi/11.3.1/thumb/v7e-m+fp/hard\libc.a(libc_a-exit.o) (__stdio_exit_handler)
i:/mcu/gnu_tools_for_arm/11.3_rel1/bin/../lib/gcc/arm-none-eabi/11.3.1/thumb/v7e-m+fp/hard\libc.a(libc_a-fwalk.o)
                              i:/mcu/gnu_tools_for_arm/11.3_rel1/bin/../lib/gcc/arm-none-eabi/11.3.1/thumb/v7e-m+fp/hard\libc.a(libc_a-findfp.o) (_fwalk_sglue)
i:/mcu/gnu_tools_for_arm/11.3_rel1/bin/../lib/gcc/arm-none-eabi/11.3.1/thumb/v7e-m+fp/hard\libc.a(libc_a-sprintf.o)
                              build/user_uart.o (sprintf)
i:/mcu/gnu_tools_for_arm/11.3_rel1/bin/../lib/gcc/arm-none-eabi/11.3.1/thumb/v7e-m+fp/hard\libc.a(libc_a-stdio.o)
                              i:/mcu/gnu_tools_for_arm/11.3_rel1/bin/../lib/gcc/arm-none-eabi/11.3.1/thumb/v7e-m+fp/hard\libc.a(libc_a-findfp.o) (__sread)
i:/mcu/gnu_tools_for_arm/11.3_rel1/bin/../lib/gcc/arm-none-eabi/11.3.1/thumb/v7e-m+fp/hard\libc.a(libc_a-memset.o)
                              i:/mcu/gnu_tools_for_arm/11.3_rel1/bin/../lib/gcc/arm-none-eabi/11.3.1/thumb/v7e-m+fp/hard/crt0.o (memset)
i:/mcu/gnu_tools_for_arm/11.3_rel1/bin/../lib/gcc/arm-none-eabi/11.3.1/thumb/v7e-m+fp/hard\libc.a(libc_a-closer.o)
                              i:/mcu/gnu_tools_for_arm/11.3_rel1/bin/../lib/gcc/arm-none-eabi/11.3.1/thumb/v7e-m+fp/hard\libc.a(libc_a-stdio.o) (_close_r)
i:/mcu/gnu_tools_for_arm/11.3_rel1/bin/../lib/gcc/arm-none-eabi/11.3.1/thumb/v7e-m+fp/hard\libc.a(libc_a-reent.o)
                              i:/mcu/gnu_tools_for_arm/11.3_rel1/bin/../lib/gcc/arm-none-eabi/11.3.1/thumb/v7e-m+fp/hard\libc.a(libc_a-closer.o) (errno)
i:/mcu/gnu_tools_for_arm/11.3_rel1/bin/../lib/gcc/arm-none-eabi/11.3.1/thumb/v7e-m+fp/hard\libc.a(libc_a-impure.o)
                              i:/mcu/gnu_tools_for_arm/11.3_rel1/bin/../lib/gcc/arm-none-eabi/11.3.1/thumb/v7e-m+fp/hard\libc.a(libc_a-sprintf.o) (_impure_ptr)
i:/mcu/gnu_tools_for_arm/11.3_rel1/bin/../lib/gcc/arm-none-eabi/11.3.1/thumb/v7e-m+fp/hard\libc.a(libc_a-lseekr.o)
                              i:/mcu/gnu_tools_for_arm/11.3_rel1/bin/../lib/gcc/arm-none-eabi/11.3.1/thumb/v7e-m+fp/hard\libc.a(libc_a-stdio.o) (_lseek_r)
i:/mcu/gnu_tools_for_arm/11.3_rel1/bin/../lib/gcc/arm-none-eabi/11.3.1/thumb/v7e-m+fp/hard\libc.a(libc_a-readr.o)
                              i:/mcu/gnu_tools_for_arm/11.3_rel1/bin/../lib/gcc/arm-none-eabi/11.3.1/thumb/v7e-m+fp/hard\libc.a(libc_a-stdio.o) (_read_r)
i:/mcu/gnu_tools_for_arm/11.3_rel1/bin/../lib/gcc/arm-none-eabi/11.3.1/thumb/v7e-m+fp/hard\libc.a(libc_a-writer.o)
                              i:/mcu/gnu_tools_for_arm/11.3_rel1/bin/../lib/gcc/arm-none-eabi/11.3.1/thumb/v7e-m+fp/hard\libc.a(libc_a-stdio.o) (_write_r)
i:/mcu/gnu_tools_for_arm/11.3_rel1/bin/../lib/gcc/arm-none-eabi/11.3.1/thumb/v7e-m+fp/hard\libc.a(libc_a-errno.o)
                              build/syscalls.o (__errno)
i:/mcu/gnu_tools_for_arm/11.3_rel1/bin/../lib/gcc/arm-none-eabi/11.3.1/thumb/v7e-m+fp/hard\libc.a(libc_a-init.o)
                              i:/mcu/gnu_tools_for_arm/11.3_rel1/bin/../lib/gcc/arm-none-eabi/11.3.1/thumb/v7e-m+fp/hard/crt0.o (__libc_init_array)
i:/mcu/gnu_tools_for_arm/11.3_rel1/bin/../lib/gcc/arm-none-eabi/11.3.1/thumb/v7e-m+fp/hard\libc.a(libc_a-lock.o)
                              i:/mcu/gnu_tools_for_arm/11.3_rel1/bin/../lib/gcc/arm-none-eabi/11.3.1/thumb/v7e-m+fp/hard\libc.a(libc_a-findfp.o) (__retarget_lock_init_recursive)
i:/mcu/gnu_tools_for_arm/11.3_rel1/bin/../lib/gcc/arm-none-eabi/11.3.1/thumb/v7e-m+fp/hard\libc.a(libc_a-__call_atexit.o)
                              i:/mcu/gnu_tools_for_arm/11.3_rel1/bin/../lib/gcc/arm-none-eabi/11.3.1/thumb/v7e-m+fp/hard\libc.a(libc_a-exit.o) (__call_exitprocs)
i:/mcu/gnu_tools_for_arm/11.3_rel1/bin/../lib/gcc/arm-none-eabi/11.3.1/thumb/v7e-m+fp/hard\libc.a(libc_a-atexit.o)
                              i:/mcu/gnu_tools_for_arm/11.3_rel1/bin/../lib/gcc/arm-none-eabi/11.3.1/thumb/v7e-m+fp/hard\libc.a(libc_a-__call_atexit.o) (atexit)
i:/mcu/gnu_tools_for_arm/11.3_rel1/bin/../lib/gcc/arm-none-eabi/11.3.1/thumb/v7e-m+fp/hard\libc.a(libc_a-freer.o)
                              i:/mcu/gnu_tools_for_arm/11.3_rel1/bin/../lib/gcc/arm-none-eabi/11.3.1/thumb/v7e-m+fp/hard\libc.a(libc_a-reent.o) (_free_r)
i:/mcu/gnu_tools_for_arm/11.3_rel1/bin/../lib/gcc/arm-none-eabi/11.3.1/thumb/v7e-m+fp/hard\libc.a(libc_a-mallocr.o)
[...]
Memory Configuration

Name             Origin             Length             Attributes
MAIN_FLASH       0x00000000         0x00040000         xr
INFO_FLASH       0x00200000         0x00004000         xr
SRAM_CODE        0x01000000         0x00010000         xrw
SRAM_DATA        0x20000000         0x00010000         rw
*default*        0x00000000         0xffffffff

Linker script and memory map

LOAD i:/mcu/gnu_tools_for_arm/11.3_rel1/bin/../lib/gcc/arm-none-eabi/11.3.1/thumb/v7e-m+fp/hard/crti.o
LOAD i:/mcu/gnu_tools_for_arm/11.3_rel1/bin/../lib/gcc/arm-none-eabi/11.3.1/thumb/v7e-m+fp/hard/crtbegin.o
LOAD i:/mcu/gnu_tools_for_arm/11.3_rel1/bin/../lib/gcc/arm-none-eabi/11.3.1/thumb/v7e-m+fp/hard/crt0.o
LOAD build/main.o
LOAD build/cpu.o
LOAD build/cs.o
LOAD build/flash.o
LOAD build/fpu.o
LOAD build/gpio.o
LOAD build/interrupt.o
LOAD build/mpu.o
LOAD build/pcm.o
LOAD build/pss.o
LOAD build/ref_a.o
LOAD build/reset.o
LOAD build/rtc_c.o
LOAD build/sysctl.o
LOAD build/systick.o
LOAD build/uart.o
LOAD build/wdt_a.o
LOAD build/startup_msp432p401r_gcc.o
LOAD build/system_msp432p401r.o
LOAD build/user_periph.o
LOAD build/syscalls.o
LOAD build/user_uart.o
LOAD build/user_dma.o
LOAD build/iic_bus.o
LOAD i:/mcu/gnu_tools_for_arm/11.3_rel1/bin/../lib/gcc/arm-none-eabi/11.3.1/thumb/v7e-m+fp/hard\libc.a
LOAD i:/mcu/gnu_tools_for_arm/11.3_rel1/bin/../lib/gcc/arm-none-eabi/11.3.1/thumb/v7e-m+fp/hard\libm.a
LOAD i:/mcu/gnu_tools_for_arm/11.3_rel1/bin/../lib/gcc/arm-none-eabi/11.3.1/thumb/v7e-m+fp/hard\libnosys.a
START GROUP
LOAD i:/mcu/gnu_tools_for_arm/11.3_rel1/bin/../lib/gcc/arm-none-eabi/11.3.1/thumb/v7e-m+fp/hard\libgcc.a
LOAD i:/mcu/gnu_tools_for_arm/11.3_rel1/bin/../lib/gcc/arm-none-eabi/11.3.1/thumb/v7e-m+fp/hard\libc.a
END GROUP
START GROUP
LOAD i:/mcu/gnu_tools_for_arm/11.3_rel1/bin/../lib/gcc/arm-none-eabi/11.3.1/thumb/v7e-m+fp/hard\libgcc.a
LOAD i:/mcu/gnu_tools_for_arm/11.3_rel1/bin/../lib/gcc/arm-none-eabi/11.3.1/thumb/v7e-m+fp/hard\libc.a
LOAD i:/mcu/gnu_tools_for_arm/11.3_rel1/bin/../lib/gcc/arm-none-eabi/11.3.1/thumb/v7e-m+fp/hard\libnosys.a
END GROUP
LOAD i:/mcu/gnu_tools_for_arm/11.3_rel1/bin/../lib/gcc/arm-none-eabi/11.3.1/thumb/v7e-m+fp/hard/crtend.o
LOAD i:/mcu/gnu_tools_for_arm/11.3_rel1/bin/../lib/gcc/arm-none-eabi/11.3.1/thumb/v7e-m+fp/hard/crtn.o
                0x00000000                PROVIDE (_intvecs_base_address = DEFINED (_intvecs_base_address)?_intvecs_base_address:0x0)

.intvecs        0x00000000       0xe4
 *(.intvecs)
 .intvecs       0x00000000       0xe4 build/startup_msp432p401r_gcc.o
                0x00000000                interruptVectors
                0x00200000                PROVIDE (_mailbox_base_address = 0x200000)

.flashMailbox
 *(.flashMailbox)
                0x00201000                PROVIDE (_tlv_base_address = 0x201000)

.tlvTable
 *(.tlvTable)
                0x00202000                PROVIDE (_bsl_base_address = 0x202000)

.bslArea
 *(.bslArea)
                0x20000000                PROVIDE (_vtable_base_address = DEFINED (_vtable_base_address)?_vtable_base_address:0x20000000)

.vtable
 *(.vtable)

.text           0x00000100     0xede0
 CREATE_OBJECT_SYMBOLS
 *(.text)
 .text          0x00000100        0x0 i:/mcu/gnu_tools_for_arm/11.3_rel1/bin/../lib/gcc/arm-none-eabi/11.3.1/thumb/v7e-m+fp/hard/crti.o
 .text          0x00000100        0x0 i:/mcu/gnu_tools_for_arm/11.3_rel1/bin/../lib/gcc/arm-none-eabi/11.3.1/thumb/v7e-m+fp/hard/crtbegin.o
 .text          0x00000100       0x7c i:/mcu/gnu_tools_for_arm/11.3_rel1/bin/../lib/gcc/arm-none-eabi/11.3.1/thumb/v7e-m+fp/hard/crt0.o
                0x00000100                _stack_init
                0x00000108                _start
                0x00000108                _mainCRTStartup
 .text          0x0000017c      0x164 build/main.o
                0x0000017c                my_delay
                0x000001b0                main
                0x000001f8                Clock_Configuration
                0x0000026c                Clock_Information
 .text          0x000002e0       0x42 build/cpu.o
                0x000002e0                CPU_cpsid
                0x000002ee                CPU_primask
                0x000002fa                CPU_cpsie
                0x00000308                CPU_wfi
                0x0000030e                CPU_basepriSet
                0x00000316                CPU_basepriGet
 *fill*         0x00000322        0x2 
 .text          0x00000324      0xf84 build/cs.o
                0x0000067c                CS_setExternalClockSourceFrequency
                0x000006a8                CS_initClockSignal
                0x00000834                CS_startHFXT
                0x00000852                CS_startHFXTWithTimeout
                0x00000944                CS_startLFXT
                0x0000095e                CS_startLFXTWithTimeout
                0x00000a48                CS_enableClockRequest
                0x00000a80                CS_disableClockRequest
                0x00000ab8                CS_setReferenceOscillatorFrequency
                0x00000af0                CS_enableDCOExternalResistor
                0x00000b20                CS_setDCOExternalResistorCalibration
                0x00000bb4                CS_disableDCOExternalResistor
                0x00000be4                CS_setDCOCenteredFrequency
                0x00000c20                CS_tuneDCOFrequency
                0x00000ca4                CS_getDCOFrequency
                0x00000dbc                CS_setDCOFrequency
                0x00000f70                CS_getBCLK
                0x00000f9c                CS_getHSMCLK
                0x00000fd0                CS_getACLK
                0x00001004                CS_getSMCLK
                0x00001038                CS_getMCLK
                0x0000106c                CS_enableFaultCounter
                0x000010b4                CS_disableFaultCounter
                0x000010fc                CS_resetFaultCounter
                0x00001144                CS_startFaultCounter
                0x0000119c                CS_enableInterrupt
                0x000011d4                CS_disableInterrupt
                0x0000120c                CS_getInterruptStatus
                0x00001224                CS_getEnabledInterruptStatus
                0x0000123c                CS_clearInterruptFlag
                0x00001274                CS_registerInterrupt
                0x00001292                CS_unregisterInterrupt
 .text          0x000012a8     0x1af0 build/flash.o
                0x000015c6                FlashCtl_getMemoryInfo
                0x000019ac                FlashCtl_enableReadBuffering
                0x00001a24                FlashCtl_disableReadBuffering
                0x00001a9c                FlashCtl_unprotectSector
                0x00001b40                FlashCtl_protectSector
                0x00001bc8                FlashCtl_isSectorProtected
                0x00001c5c                FlashCtl_verifyMemory
                0x00001f04                FlashCtl_setReadMode
                0x00001f88                FlashCtl_getReadMode
                0x00001fc8                FlashCtl_initiateMassErase
                0x00001ff4                FlashCtl_performMassErase
                0x000021cc                FlashCtl_eraseSector
                0x00002320                FlashCtl_initiateSectorErase
                0x000023c0                FlashCtl_programMemory
                0x00002568                FlashCtl_setProgramVerification
                0x000025cc                FlashCtl_clearProgramVerification
                0x00002630                FlashCtl_enableWordProgramming
                0x00002674                FlashCtl_disableWordProgramming
                0x0000268c                FlashCtl_isWordProgrammingEnabled
                0x000026c0                FlashCtl_setWaitState
                0x0000270c                FlashCtl_getWaitState
                0x0000274c                FlashCtl_enableInterrupt
                0x00002774                FlashCtl_disableInterrupt
                0x000027a0                FlashCtl_getInterruptStatus
                0x000027b8                FlashCtl_getEnabledInterruptStatus
                0x000027d4                FlashCtl_clearInterruptFlag
                0x000027fc                FlashCtl_registerInterrupt
                0x0000281a                FlashCtl_unregisterInterrupt
                0x0000282e                __FlashCtl_remaskData8Post
                0x000028c0                __FlashCtl_remaskData8Pre
                0x00002958                __FlashCtl_remaskData32Post
                0x00002a38                __FlashCtl_remaskData32Pre
                0x00002b1c                __FlashCtl_remaskBurstDataPre
                0x00002c60                __FlashCtl_remaskBurstDataPost
 .text          0x00002d98      0x14c build/fpu.o
                0x00002d98                FPU_enableModule
                0x00002dbc                FPU_disableModule
                0x00002de0                FPU_enableStacking
                0x00002e04                FPU_enableLazyStacking
                0x00002e24                FPU_disableStacking
                0x00002e44                FPU_setHalfPrecisionMode
                0x00002e6c                FPU_setNaNMode
                0x00002e94                FPU_setFlushToZeroMode
                0x00002ebc                FPU_setRoundingMode
 .text          0x00002ee4      0x7e4 build/gpio.o
                0x00002ee4                GPIO_setAsOutputPin
                0x00002f54                GPIO_setAsInputPin
                0x00002fe0                GPIO_setAsPeripheralModuleFunctionOutputPin
                0x000030c8                GPIO_setAsPeripheralModuleFunctionInputPin
                0x000031b4                GPIO_setOutputHighOnPin
                0x000031f0                GPIO_setOutputLowOnPin
                0x00003230                GPIO_toggleOutputOnPin
                0x0000326c                GPIO_setAsInputPinWithPullDownResistor
                0x00003310                GPIO_setAsInputPinWithPullUpResistor
                0x000033b0                GPIO_getInputPinValue
                0x000033f0                GPIO_enableInterrupt
                0x0000342c                GPIO_disableInterrupt
                0x0000346c                GPIO_getInterruptStatus
                0x000034a0                GPIO_clearInterruptFlag
                0x000034e0                GPIO_interruptEdgeSelect
                0x00003540                GPIO_getEnabledInterruptStatus
                0x000035f0                GPIO_setDriveStrengthHigh
                0x0000362c                GPIO_setDriveStrengthLow
                0x0000366c                GPIO_registerInterrupt
                0x0000369c                GPIO_unregisterInterrupt
 .text          0x000036c8      0x548 build/interrupt.o
                0x000036ce                Interrupt_enableMaster
                0x000036e6                Interrupt_disableMaster
                0x000036fe                Interrupt_registerInterrupt
                0x00003764                Interrupt_unregisterInterrupt
                0x0000378c                Interrupt_setPriorityGrouping
                0x000037dc                Interrupt_getPriorityGrouping
                0x00003828                Interrupt_setPriority
                0x00003890                Interrupt_getPriority
                0x000038c4                Interrupt_enableInterrupt
                0x00003958                Interrupt_disableInterrupt
                0x000039ec                Interrupt_isEnabled
                0x00003a8c                Interrupt_pendInterrupt
                0x00003b08                Interrupt_unpendInterrupt
                0x00003b70                Interrupt_setPriorityMask
                0x00003b8a                Interrupt_getPriorityMask
                0x00003b9a                Interrupt_setVectorTableAddress
                0x00003bb8                Interrupt_getVectorTableAddress
                0x00003bd0                Interrupt_enableSleepOnIsrExit
                0x00003bf0                Interrupt_disableSleepOnIsrExit
 .text          0x00003c10      0x16c build/mpu.o
                0x00003c10                MPU_enableModule
                0x00003c34                MPU_disableModule
                0x00003c54                MPU_getRegionCount
                0x00003c70                MPU_enableRegion
                0x00003c9c                MPU_disableRegion
                0x00003cc8                MPU_setRegion
                0x00003d00                MPU_getRegion
                0x00003d38                MPU_registerInterrupt
                0x00003d50                MPU_unregisterInterrupt
                0x00003d5e                MPU_enableInterrupt
                0x00003d6c                MPU_disableInterrupt
 .text          0x00003d7c      0xb08 build/pcm.o
                0x00003e9c                PCM_setCoreVoltageLevel
                0x00003eb8                PCM_setCoreVoltageLevelWithTimeout
                0x00003ed6                PCM_setCoreVoltageLevelNonBlocking
                0x00003ef2                PCM_getPowerMode
                0x00003f62                PCM_getCoreVoltageLevel
                0x00004154                PCM_setPowerMode
                0x00004170                PCM_setPowerModeNonBlocking
                0x0000418c                PCM_setPowerModeWithTimeout
                0x00004538                PCM_setPowerState
                0x00004554                PCM_setPowerStateWithTimeout
                0x00004572                PCM_setPowerStateNonBlocking
                0x0000458e                PCM_shutdownDevice
                0x000045f4                PCM_gotoLPM4
                0x0000460a                PCM_gotoLPM4InterruptSafe
                0x0000462e                PCM_gotoLPM0
                0x00004660                PCM_gotoLPM0InterruptSafe
                0x00004684                PCM_gotoLPM3
                0x00004720                PCM_gotoLPM3InterruptSafe
                0x00004744                PCM_getPowerState
                0x00004764                PCM_enableRudeMode
                0x00004788                PCM_disableRudeMode
                0x000047b0                PCM_enableInterrupt
                0x000047d4                PCM_disableInterrupt
                0x000047fc                PCM_getInterruptStatus
                0x00004814                PCM_getEnabledInterruptStatus
                0x0000482c                PCM_clearInterruptFlag
                0x00004850                PCM_registerInterrupt
                0x0000486e                PCM_unregisterInterrupt
 .text          0x00004884      0x28c build/pss.o
                0x000048b8                PSS_enableForcedDCDCOperation
                0x000048d4                PSS_disableForcedDCDCOperation
                0x000048f0                PSS_enableHighSidePinToggle
                0x00004938                PSS_disableHighSidePinToggle
                0x00004954                PSS_enableHighSide
                0x00004970                PSS_disableHighSide
                0x0000498c                PSS_setHighSidePerformanceMode
                0x000049bc                PSS_getHighSidePerformanceMode
                0x000049e0                PSS_enableHighSideMonitor
                0x000049fc                PSS_disableHighSideMonitor
                0x00004a18                PSS_setHighSideVoltageTrigger
                0x00004a54                PSS_getHighSideVoltageTrigger
                0x00004a70                PSS_enableInterrupt
                0x00004a8c                PSS_disableInterrupt
                0x00004aa8                PSS_getInterruptStatus
                0x00004ac0                PSS_clearInterruptFlag
                0x00004adc                PSS_registerInterrupt
                0x00004afa                PSS_unregisterInterrupt
 .text          0x00004b10      0x1c0 build/ref_a.o
                0x00004b10                REF_A_setReferenceVoltage
                0x00004b40                REF_A_disableTempSensor
                0x00004b58                REF_A_enableTempSensor
                0x00004b70                REF_A_enableReferenceVoltageOutput
                0x00004b88                REF_A_disableReferenceVoltageOutput
                0x00004ba0                REF_A_enableReferenceVoltage
                0x00004bb8                REF_A_disableReferenceVoltage
                0x00004bd0                REF_A_getBandgapMode
                0x00004bec                REF_A_isBandgapActive
                0x00004c10                REF_A_isRefGenBusy
                0x00004c34                REF_A_isRefGenActive
                0x00004c58                REF_A_getBufferedBandgapVoltageStatus
                0x00004c7c                REF_A_getVariableReferenceVoltageStatus
                0x00004ca0                REF_A_setReferenceVoltageOneTimeTrigger
                0x00004cb8                REF_A_setBufferedBandgapVoltageOneTimeTrigger
 .text          0x00004cd0      0x180 build/reset.o
                0x00004cd0                ResetCtl_initiateSoftReset
                0x00004cf4                ResetCtl_initiateSoftResetWithSource
                0x00004d18                ResetCtl_getSoftResetSource
                0x00004d30                ResetCtl_clearSoftResetSource
                0x00004d54                ResetCtl_initiateHardReset
                0x00004d78                ResetCtl_initiateHardResetWithSource
                0x00004d9c                ResetCtl_getHardResetSource
                0x00004db4                ResetCtl_clearHardResetSource
                0x00004dd8                ResetCtl_getPSSSource
                0x00004df0                ResetCtl_clearPSSFlags
                0x00004e14                ResetCtl_getPCMSource
                0x00004e2c                ResetCtl_clearPCMFlags
 .text          0x00004e50      0x7d0 build/rtc_c.o
                0x00004e50                RTC_C_startClock
                0x00004e94                RTC_C_holdClock
                0x00004ed8                RTC_C_setCalibrationFrequency
                0x00004f30                RTC_C_setCalibrationData
                0x00004f80                RTC_C_setTemperatureCompensation
                0x00004fd0                RTC_C_initCalendar
                0x00005084                RTC_C_getCalendarTime
                0x00005114                RTC_C_setCalendarAlarm
                0x00005178                RTC_C_setCalendarEvent
                0x000051d0                RTC_C_definePrescaleEvent
                0x00005240                RTC_C_getPrescaleValue
                0x0000527c                RTC_C_setPrescaleValue
                0x000052fc                RTC_C_convertBCDToBinary
                0x00005324                RTC_C_convertBinaryToBCD
                0x0000534c                RTC_C_enableInterrupt
                0x000053cc                RTC_C_disableInterrupt
                0x00005458                RTC_C_getInterruptStatus
                0x000054d4                RTC_C_getEnabledInterruptStatus
                0x00005570                RTC_C_clearInterruptFlag
                0x000055ec                RTC_C_registerInterrupt
                0x0000560a                RTC_C_unregisterInterrupt
 .text          0x00005620      0x40c build/sysctl.o
                0x00005620                SysCtl_getTLVInfo
                0x000056b4                SysCtl_getSRAMSize
                0x000056cc                SysCtl_getFlashSize
                0x000056e4                SysCtl_disableNMISource
                0x0000570c                SysCtl_enableNMISource
                0x00005730                SysCtl_getNMISourceStatus
                0x0000574c                SysCtl_enableSRAMBank
                0x0000577c                SysCtl_disableSRAMBank
                0x00005884                SysCtl_enableSRAMBankRetention
                0x000058b8                SysCtl_disableSRAMBankRetention
                0x000058ec                SysCtl_rebootDevice
                0x00005908                SysCtl_enablePeripheralAtCPUHalt
                0x00005930                SysCtl_disablePeripheralAtCPUHalt
                0x00005954                SysCtl_setWDTTimeoutResetType
                0x0000598c                SysCtl_setWDTPasswordViolationResetType
                0x000059c4                SysCtl_enableGlitchFilter
                0x000059e4                SysCtl_disableGlitchFilter
                0x00005a04                SysCtl_getTempCalibrationConstant
 .text          0x00005a2c       0xf4 build/systick.o
                0x00005a2c                SysTick_enableModule
                0x00005a4c                SysTick_disableModule
                0x00005a6c                SysTick_registerInterrupt
                0x00005a84                SysTick_unregisterInterrupt
                0x00005a92                SysTick_enableInterrupt
                0x00005ab0                SysTick_disableInterrupt
                0x00005ad0                SysTick_setPeriod
                0x00005af0                SysTick_getPeriod
                0x00005b08                SysTick_getValue
 .text          0x00005b20      0x67c build/uart.o
                0x00005b20                UART_initModule
                0x00005cb4                UART_transmitData
                0x00005d04                UART_receiveData
                0x00005d4e                UART_enableModule
                0x00005d72                UART_disableModule
                0x00005d96                UART_queryStatusFlags
                0x00005db8                UART_setDormant
                0x00005dde                UART_resetDormant
                0x00005e04                UART_transmitAddress
                0x00005e34                UART_transmitBreak
                0x00005eaa                UART_getReceiveBufferAddressForDMA
                0x00005ec2                UART_getTransmitBufferAddressForDMA
                0x00005eda                UART_selectDeglitchTime
                0x00005f08                UART_enableInterrupt
                0x00005f52                UART_disableInterrupt
                0x00005fa4                UART_getInterruptStatus
                0x00005fc8                UART_getEnabledInterruptStatus
                0x0000604e                UART_clearInterruptFlag
                0x0000607a                UART_registerInterrupt
                0x00006110                UART_unregisterInterrupt
 .text          0x0000619c      0x164 build/wdt_a.o
                0x0000619c                WDT_A_holdTimer
                0x000061d0                WDT_A_startTimer
                0x00006204                WDT_A_clearTimer
                0x00006238                WDT_A_initWatchdogTimer
                0x0000626c                WDT_A_initIntervalTimer
                0x000062a0                WDT_A_setPasswordViolationReset
                0x000062b6                WDT_A_setTimeoutReset
                0x000062cc                WDT_A_registerInterrupt
                0x000062ea                WDT_A_unregisterInterrupt
 .text          0x00006300       0x4c build/startup_msp432p401r_gcc.o
                0x00006300                Reset_Handler
                0x00006344                DebugMon_Handler
                0x00006344                AES256_IRQHandler
                0x00006344                HardFault_Handler
                0x00006344                SysTick_Handler
                0x00006344                PendSV_Handler
                0x00006344                NMI_Handler
                0x00006344                RTC_C_IRQHandler
                0x00006344                PORT1_IRQHandler
                0x00006344                FPU_IRQHandler
                0x00006344                PORT2_IRQHandler
                0x00006344                TA3_0_IRQHandler
                0x00006344                UsageFault_Handler
                0x00006344                DMA_INT3_IRQHandler
                0x00006344                TA2_0_IRQHandler
                0x00006344                DMA_INT1_IRQHandler
                0x00006344                WDT_A_IRQHandler
                0x00006344                TA2_N_IRQHandler
                0x00006344                TA1_0_IRQHandler
                0x00006344                CS_IRQHandler
                0x00006344                PSS_IRQHandler
                0x00006344                DMA_INT2_IRQHandler
                0x00006344                EUSCIA3_IRQHandler
                0x00006344                DMA_INT0_IRQHandler
                0x00006344                PORT4_IRQHandler
                0x00006344                PORT5_IRQHandler
                0x00006344                EUSCIB0_IRQHandler
                0x00006344                Default_Handler
                0x00006344                T32_INTC_IRQHandler
                0x00006344                TA3_N_IRQHandler
                0x00006344                TA0_0_IRQHandler
                0x00006344                EUSCIA2_IRQHandler
                0x00006344                PORT6_IRQHandler
                0x00006344                PORT3_IRQHandler
                0x00006344                MemManage_Handler
                0x00006344                SVC_Handler
                0x00006344                TA1_N_IRQHandler
                0x00006344                EUSCIA1_IRQHandler
                0x00006344                COMP_E1_IRQHandler
                0x00006344                EUSCIB2_IRQHandler
                0x00006344                FLCTL_IRQHandler
                0x00006344                EUSCIB3_IRQHandler
                0x00006344                T32_INT1_IRQHandler
                0x00006344                DMA_ERR_IRQHandler
                0x00006344                ADC14_IRQHandler
                0x00006344                EUSCIA0_IRQHandler
                0x00006344                BusFault_Handler
                0x00006344                PCM_IRQHandler
                0x00006344                TA0_N_IRQHandler
                0x00006344                COMP_E0_IRQHandler
                0x00006344                EUSCIB1_IRQHandler
                0x00006344                T32_INT2_IRQHandler
 .text          0x0000634c      0x394 build/system_msp432p401r.o
                0x0000634c                SystemCoreClockUpdate
                0x00006660                SystemInit
 .text          0x000066e0       0xac build/user_periph.o
                0x00006718                Peripheral_PreInit
 .text          0x0000678c      0x214 build/syscalls.o
                0x0000678c                initialise_monitor_handles
                0x0000679a                _getpid
                0x000067aa                _kill
                0x000067ca                _exit
                0x000067de                _read
                0x00006818                _write
                0x00006850                _close
                0x00006868                _fstat
                0x00006888                _isatty
                0x0000689e                _lseek
                0x000068b8                _open
                0x000068d4                _wait
                0x000068f2                _unlink
                0x00006910                _times
                0x00006928                _stat
                0x00006948                _link
                0x00006968                _fork
                0x0000697e                _execve
 .text          0x000069a0      0x51c build/user_uart.o
                0x00006a3c                Send_Nchar
                0x00006a90                D_Send_Nchar
                0x00006af4                D_Send_String
                0x00006b24                Send_String
                0x00006b6c                Printf
                0x00006d08                Receive
                0x00006d1e                D_Printf
 .text          0x00006ebc      0x264 build/user_dma.o
                0x00006f24                DMA_Config_Source
                0x00006f98                DMA_Specify_Src
                0x00006fec                DMA_Specify_Ctrl
                0x00007044                DMA_Enable_Channel
                0x000070b0                DMA_Disable_Channel
 .text          0x00007120      0x650 build/iic_bus.o
                0x0000720c                IIC_Adapter_Start
                0x00007298                IIC_Adapter_Stop
                0x00007338                IIC_Adapter_SendByte
                0x00007478                IIC_Adapter_ReceiveByte
                0x00007654                IIC_Adapter_Write
                0x000076e2                IIC_Adapter_Read
 .text          0x00007770        0x0 i:/mcu/gnu_tools_for_arm/11.3_rel1/bin/../lib/gcc/arm-none-eabi/11.3.1/thumb/v7e-m+fp/hard\libc.a(libc_a-exit.o)
 .text          0x00007770        0x0 i:/mcu/gnu_tools_for_arm/11.3_rel1/bin/../lib/gcc/arm-none-eabi/11.3.1/thumb/v7e-m+fp/hard\libc.a(libc_a-findfp.o)
 .text          0x00007770        0x0 i:/mcu/gnu_tools_for_arm/11.3_rel1/bin/../lib/gcc/arm-none-eabi/11.3.1/thumb/v7e-m+fp/hard\libc.a(libc_a-fwalk.o)
 .text          0x00007770        0x0 i:/mcu/gnu_tools_for_arm/11.3_rel1/bin/../lib/gcc/arm-none-eabi/11.3.1/thumb/v7e-m+fp/hard\libc.a(libc_a-sprintf.o)
 .text          0x00007770        0x0 i:/mcu/gnu_tools_for_arm/11.3_rel1/bin/../lib/gcc/arm-none-eabi/11.3.1/thumb/v7e-m+fp/hard\libc.a(libc_a-stdio.o)
 .text          0x00007770        0x0 i:/mcu/gnu_tools_for_arm/11.3_rel1/bin/../lib/gcc/arm-none-eabi/11.3.1/thumb/v7e-m+fp/hard\libc.a(libc_a-memset.o)
 .text          0x00007770        0x0 i:/mcu/gnu_tools_for_arm/11.3_rel1/bin/../lib/gcc/arm-none-eabi/11.3.1/thumb/v7e-m+fp/hard\libc.a(libc_a-closer.o)
 .text          0x00007770        0x0 i:/mcu/gnu_tools_for_arm/11.3_rel1/bin/../lib/gcc/arm-none-eabi/11.3.1/thumb/v7e-m+fp/hard\libc.a(libc_a-reent.o)
 .text          0x00007770        0x0 i:/mcu/gnu_tools_for_arm/11.3_rel1/bin/../lib/gcc/arm-none-eabi/11.3.1/thumb/v7e-m+fp/hard\libc.a(libc_a-impure.o)
 .text          0x00007770        0x0 i:/mcu/gnu_tools_for_arm/11.3_rel1/bin/../lib/gcc/arm-none-eabi/11.3.1/thumb/v7e-m+fp/hard\libc.a(libc_a-lseekr.o)
 .text          0x00007770        0x0 i:/mcu/gnu_tools_for_arm/11.3_rel1/bin/../lib/gcc/arm-none-eabi/11.3.1/thumb/v7e-m+fp/hard\libc.a(libc_a-readr.o)
 .text          0x00007770        0x0 i:/mcu/gnu_tools_for_arm/11.3_rel1/bin/../lib/gcc/arm-none-eabi/11.3.1/thumb/v7e-m+fp/hard\libc.a(libc_a-writer.o)
 .text          0x00007770        0x0 i:/mcu/gnu_tools_for_arm/11.3_rel1/bin/../lib/gcc/arm-none-eabi/11.3.1/thumb/v7e-m+fp/hard\libc.a(libc_a-errno.o)
 .text          0x00007770        0x0 i:/mcu/gnu_tools_for_arm/11.3_rel1/bin/../lib/gcc/arm-none-eabi/11.3.1/thumb/v7e-m+fp/hard\libc.a(libc_a-init.o)
 .text          0x00007770        0x0 i:/mcu/gnu_tools_for_arm/11.3_rel1/bin/../lib/gcc/arm-none-eabi/11.3.1/thumb/v7e-m+fp/hard\libc.a(libc_a-lock.o)
 .text          0x00007770        0x0 i:/mcu/gnu_tools_for_arm/11.3_rel1/bin/../lib/gcc/arm-none-eabi/11.3.1/thumb/v7e-m+fp/hard\libc.a(libc_a-__call_atexit.o)
 .text          0x00007770        0x0 i:/mcu/gnu_tools_for_arm/11.3_rel1/bin/../lib/gcc/arm-none-eabi/11.3.1/thumb/v7e-m+fp/hard\libc.a(libc_a-atexit.o)
 .text          0x00007770        0x0 i:/mcu/gnu_tools_for_arm/11.3_rel1/bin/../lib/gcc/arm-none-eabi/11.3.1/thumb/v7e-m+fp/hard\libc.a(libc_a-freer.o)
 .text          0x00007770        0x0 i:/mcu/gnu_tools_for_arm/11.3_rel1/bin/../lib/gcc/arm-none-eabi/11.3.1/thumb/v7e-m+fp/hard\libc.a(libc_a-mallocr.o)
 .text          0x00007770        0x0 i:/mcu/gnu_tools_for_arm/11.3_rel1/bin/../lib/gcc/arm-none-eabi/11.3.1/thumb/v7e-m+fp/hard\libc.a(libc_a-mlock.o)
 .text          0x00007770        0x0 i:/mcu/gnu_tools_for_arm/11.3_rel1/bin/../lib/gcc/arm-none-eabi/11.3.1/thumb/v7e-m+fp/hard\libc.a(libc_a-svfprintf.o)
 .text          0x00007770        0x0 i:/mcu/gnu_tools_for_arm/11.3_rel1/bin/../lib/gcc/arm-none-eabi/11.3.1/thumb/v7e-m+fp/hard\libc.a(libc_a-fclose.o)
 .text          0x00007770        0x0 i:/mcu/gnu_tools_for_arm/11.3_rel1/bin/../lib/gcc/arm-none-eabi/11.3.1/thumb/v7e-m+fp/hard\libc.a(libc_a-fflush.o)
 .text          0x00007770        0x0 i:/mcu/gnu_tools_for_arm/11.3_rel1/bin/../lib/gcc/arm-none-eabi/11.3.1/thumb/v7e-m+fp/hard\libc.a(libc_a-strncpy.o)
 .text          0x00007770        0x0 i:/mcu/gnu_tools_for_arm/11.3_rel1/bin/../lib/gcc/arm-none-eabi/11.3.1/thumb/v7e-m+fp/hard\libc.a(libc_a-locale.o)
 .text          0x00007770        0x0 i:/mcu/gnu_tools_for_arm/11.3_rel1/bin/../lib/gcc/arm-none-eabi/11.3.1/thumb/v7e-m+fp/hard\libc.a(libc_a-localeconv.o)
 .text          0x00007770        0x0 i:/mcu/gnu_tools_for_arm/11.3_rel1/bin/../lib/gcc/arm-none-eabi/11.3.1/thumb/v7e-m+fp/hard\libc.a(libc_a-sbrkr.o)
 .text          0x00007770        0x0 i:/mcu/gnu_tools_for_arm/11.3_rel1/bin/../lib/gcc/arm-none-eabi/11.3.1/thumb/v7e-m+fp/hard\libc.a(libc_a-fini.o)
 *fill*         0x00007770       0x10 
 .text          0x00007780      0x2dc i:/mcu/gnu_tools_for_arm/11.3_rel1/bin/../lib/gcc/arm-none-eabi/11.3.1/thumb/v7e-m+fp/hard\libc.a(libc_a-strcmp.o)
                0x00007788                strcmp
 .text          0x00007a5c        0x0 i:/mcu/gnu_tools_for_arm/11.3_rel1/bin/../lib/gcc/arm-none-eabi/11.3.1/thumb/v7e-m+fp/hard\libc.a(libc_a-strcpy.o)
 *fill*         0x00007a5c        0x4 
 .text          0x00007a60       0xa0 i:/mcu/gnu_tools_for_arm/11.3_rel1/bin/../lib/gcc/arm-none-eabi/11.3.1/thumb/v7e-m+fp/hard\libc.a(libc_a-memchr.o)
                0x00007a60                memchr
 .text          0x00007b00       0xdc i:/mcu/gnu_tools_for_arm/11.3_rel1/bin/../lib/gcc/arm-none-eabi/11.3.1/thumb/v7e-m+fp/hard\libc.a(libc_a-strlen.o)
                0x00007b00                strlen
 .text          0x00007bdc        0x0 i:/mcu/gnu_tools_for_arm/11.3_rel1/bin/../lib/gcc/arm-none-eabi/11.3.1/thumb/v7e-m+fp/hard\libc.a(libm_a-s_frexp.o)
 .text          0x00007bdc        0x0 i:/mcu/gnu_tools_for_arm/11.3_rel1/bin/../lib/gcc/arm-none-eabi/11.3.1/thumb/v7e-m+fp/hard\libc.a(libc_a-__atexit.o)
 .text          0x00007bdc        0x0 i:/mcu/gnu_tools_for_arm/11.3_rel1/bin/../lib/gcc/arm-none-eabi/11.3.1/thumb/v7e-m+fp/hard\libc.a(libc_a-dtoa.o)
 .text          0x00007bdc        0x0 i:/mcu/gnu_tools_for_arm/11.3_rel1/bin/../lib/gcc/arm-none-eabi/11.3.1/thumb/v7e-m+fp/hard\libc.a(libc_a-getenv_r.o)
 .text          0x00007bdc        0x0 i:/mcu/gnu_tools_for_arm/11.3_rel1/bin/../lib/gcc/arm-none-eabi/11.3.1/thumb/v7e-m+fp/hard\libc.a(libc_a-mbtowc_r.o)
 .text          0x00007bdc        0x0 i:/mcu/gnu_tools_for_arm/11.3_rel1/bin/../lib/gcc/arm-none-eabi/11.3.1/thumb/v7e-m+fp/hard\libc.a(libc_a-mprec.o)
 .text          0x00007bdc        0x0 i:/mcu/gnu_tools_for_arm/11.3_rel1/bin/../lib/gcc/arm-none-eabi/11.3.1/thumb/v7e-m+fp/hard\libc.a(libc_a-strtol.o)
 .text          0x00007bdc        0x0 i:/mcu/gnu_tools_for_arm/11.3_rel1/bin/../lib/gcc/arm-none-eabi/11.3.1/thumb/v7e-m+fp/hard\libc.a(libc_a-wctomb_r.o)
 .text          0x00007bdc        0x0 i:/mcu/gnu_tools_for_arm/11.3_rel1/bin/../lib/gcc/arm-none-eabi/11.3.1/thumb/v7e-m+fp/hard\libc.a(libc_a-wcrtomb.o)
 .text          0x00007bdc        0x0 i:/mcu/gnu_tools_for_arm/11.3_rel1/bin/../lib/gcc/arm-none-eabi/11.3.1/thumb/v7e-m+fp/hard\libc.a(libc_a-wcsrtombs.o)
 .text          0x00007bdc        0x0 i:/mcu/gnu_tools_for_arm/11.3_rel1/bin/../lib/gcc/arm-none-eabi/11.3.1/thumb/v7e-m+fp/hard\libc.a(libc_a-ctype_.o)
 .text          0x00007bdc        0x0 i:/mcu/gnu_tools_for_arm/11.3_rel1/bin/../lib/gcc/arm-none-eabi/11.3.1/thumb/v7e-m+fp/hard\libc.a(libc_a-svfiprintf.o)
 .text          0x00007bdc        0x0 i:/mcu/gnu_tools_for_arm/11.3_rel1/bin/../lib/gcc/arm-none-eabi/11.3.1/thumb/v7e-m+fp/hard\libc.a(libc_a-memmove.o)
 .text          0x00007bdc        0x0 i:/mcu/gnu_tools_for_arm/11.3_rel1/bin/../lib/gcc/arm-none-eabi/11.3.1/thumb/v7e-m+fp/hard\libc.a(libc_a-strcasecmp.o)
 .text          0x00007bdc        0x0 i:/mcu/gnu_tools_for_arm/11.3_rel1/bin/../lib/gcc/arm-none-eabi/11.3.1/thumb/v7e-m+fp/hard\libc.a(libc_a-strcat.o)
 .text          0x00007bdc        0x0 i:/mcu/gnu_tools_for_arm/11.3_rel1/bin/../lib/gcc/arm-none-eabi/11.3.1/thumb/v7e-m+fp/hard\libc.a(libc_a-strchr.o)
 .text          0x00007bdc        0x0 i:/mcu/gnu_tools_for_arm/11.3_rel1/bin/../lib/gcc/arm-none-eabi/11.3.1/thumb/v7e-m+fp/hard\libc.a(libc_a-strlcpy.o)
 .text          0x00007bdc        0x0 i:/mcu/gnu_tools_for_arm/11.3_rel1/bin/../lib/gcc/arm-none-eabi/11.3.1/thumb/v7e-m+fp/hard\libc.a(libc_a-strncasecmp.o)
 .text          0x00007bdc        0x0 i:/mcu/gnu_tools_for_arm/11.3_rel1/bin/../lib/gcc/arm-none-eabi/11.3.1/thumb/v7e-m+fp/hard\libc.a(libc_a-strncmp.o)
 .text          0x00007bdc      0x134 i:/mcu/gnu_tools_for_arm/11.3_rel1/bin/../lib/gcc/arm-none-eabi/11.3.1/thumb/v7e-m+fp/hard\libc.a(libc_a-memcpy.o)
                0x00007bdc                memcpy
 .text          0x00007d10        0x0 i:/mcu/gnu_tools_for_arm/11.3_rel1/bin/../lib/gcc/arm-none-eabi/11.3.1/thumb/v7e-m+fp/hard\libc.a(libc_a-assert.o)
 .text          0x00007d10        0x0 i:/mcu/gnu_tools_for_arm/11.3_rel1/bin/../lib/gcc/arm-none-eabi/11.3.1/thumb/v7e-m+fp/hard\libc.a(libc_a-callocr.o)
 .text          0x00007d10        0x0 i:/mcu/gnu_tools_for_arm/11.3_rel1/bin/../lib/gcc/arm-none-eabi/11.3.1/thumb/v7e-m+fp/hard\libc.a(libc_a-envlock.o)
 .text          0x00007d10        0x0 i:/mcu/gnu_tools_for_arm/11.3_rel1/bin/../lib/gcc/arm-none-eabi/11.3.1/thumb/v7e-m+fp/hard\libc.a(libc_a-reallocr.o)
 .text          0x00007d10        0x0 i:/mcu/gnu_tools_for_arm/11.3_rel1/bin/../lib/gcc/arm-none-eabi/11.3.1/thumb/v7e-m+fp/hard\libc.a(libc_a-wcsnrtombs.o)
 .text          0x00007d10        0x0 i:/mcu/gnu_tools_for_arm/11.3_rel1/bin/../lib/gcc/arm-none-eabi/11.3.1/thumb/v7e-m+fp/hard\libc.a(libc_a-fiprintf.o)
 .text          0x00007d10        0x0 i:/mcu/gnu_tools_for_arm/11.3_rel1/bin/../lib/gcc/arm-none-eabi/11.3.1/thumb/v7e-m+fp/hard\libc.a(libc_a-vfiprintf.o)
 .text          0x00007d10        0x0 i:/mcu/gnu_tools_for_arm/11.3_rel1/bin/../lib/gcc/arm-none-eabi/11.3.1/thumb/v7e-m+fp/hard\libc.a(libc_a-fvwrite.o)
 .text          0x00007d10        0x0 i:/mcu/gnu_tools_for_arm/11.3_rel1/bin/../lib/gcc/arm-none-eabi/11.3.1/thumb/v7e-m+fp/hard\libc.a(libc_a-wsetup.o)
 .text          0x00007d10        0x0 i:/mcu/gnu_tools_for_arm/11.3_rel1/bin/../lib/gcc/arm-none-eabi/11.3.1/thumb/v7e-m+fp/hard\libc.a(libc_a-fputwc.o)
 .text          0x00007d10        0x0 i:/mcu/gnu_tools_for_arm/11.3_rel1/bin/../lib/gcc/arm-none-eabi/11.3.1/thumb/v7e-m+fp/hard\libc.a(libc_a-abort.o)
 .text          0x00007d10        0x0 i:/mcu/gnu_tools_for_arm/11.3_rel1/bin/../lib/gcc/arm-none-eabi/11.3.1/thumb/v7e-m+fp/hard\libc.a(libc_a-makebuf.o)
 .text          0x00007d10        0x0 i:/mcu/gnu_tools_for_arm/11.3_rel1/bin/../lib/gcc/arm-none-eabi/11.3.1/thumb/v7e-m+fp/hard\libc.a(libc_a-wbuf.o)
 .text          0x00007d10        0x0 i:/mcu/gnu_tools_for_arm/11.3_rel1/bin/../lib/gcc/arm-none-eabi/11.3.1/thumb/v7e-m+fp/hard\libc.a(libc_a-signal.o)
 .text          0x00007d10        0x0 i:/mcu/gnu_tools_for_arm/11.3_rel1/bin/../lib/gcc/arm-none-eabi/11.3.1/thumb/v7e-m+fp/hard\libc.a(libc_a-fstatr.o)
 .text          0x00007d10        0x0 i:/mcu/gnu_tools_for_arm/11.3_rel1/bin/../lib/gcc/arm-none-eabi/11.3.1/thumb/v7e-m+fp/hard\libc.a(libc_a-isattyr.o)
 .text          0x00007d10        0x0 i:/mcu/gnu_tools_for_arm/11.3_rel1/bin/../lib/gcc/arm-none-eabi/11.3.1/thumb/v7e-m+fp/hard\libc.a(libc_a-signalr.o)
 .text          0x00007d10        0x0 i:/mcu/gnu_tools_for_arm/11.3_rel1/bin/../lib/gcc/arm-none-eabi/11.3.1/thumb/v7e-m+fp/hard\libnosys.a(sbrk.o)
 .text          0x00007d10      0x254 i:/mcu/gnu_tools_for_arm/11.3_rel1/bin/../lib/gcc/arm-none-eabi/11.3.1/thumb/v7e-m+fp/hard\libgcc.a(_arm_muldf3.o)
 .text          0x00007f64      0x378 i:/mcu/gnu_tools_for_arm/11.3_rel1/bin/../lib/gcc/arm-none-eabi/11.3.1/thumb/v7e-m+fp/hard\libgcc.a(_arm_addsubdf3.o)
                0x00007f64                __aeabi_drsub
                0x00007f6c                __aeabi_dsub
                0x00007f6c                __subdf3
                0x00007f70                __aeabi_dadd
                0x00007f70                __adddf3
                0x000081e8                __floatunsidf
                0x000081e8                __aeabi_ui2d
                0x00008208                __floatsidf
                0x00008208                __aeabi_i2d
                0x0000822c                __aeabi_f2d
                0x0000822c                __extendsfdf2
                0x00008270                __floatundidf
                0x00008270                __aeabi_ul2d
                0x00008280                __floatdidf
                0x00008280                __aeabi_l2d
 .text          0x000082dc      0x424 i:/mcu/gnu_tools_for_arm/11.3_rel1/bin/../lib/gcc/arm-none-eabi/11.3.1/thumb/v7e-m+fp/hard\libgcc.a(_arm_muldivdf3.o)
                0x000082dc                __aeabi_dmul
                0x000082dc                __muldf3
                0x00008530                __divdf3
                0x00008530                __aeabi_ddiv
 .text          0x00008700      0x110 i:/mcu/gnu_tools_for_arm/11.3_rel1/bin/../lib/gcc/arm-none-eabi/11.3.1/thumb/v7e-m+fp/hard\libgcc.a(_arm_cmpdf2.o)
                0x00008700                __gtdf2
                0x00008700                __gedf2
                0x00008708                __ltdf2
                0x00008708                __ledf2
                0x00008710                __nedf2
                0x00008710                __eqdf2
                0x00008710                __cmpdf2
                0x0000878c                __aeabi_cdrcmple
                0x0000879c                __aeabi_cdcmpeq
                0x0000879c                __aeabi_cdcmple
                0x000087ac                __aeabi_dcmpeq
                0x000087c0                __aeabi_dcmplt
                0x000087d4                __aeabi_dcmple
                0x000087e8                __aeabi_dcmpge
                0x000087fc                __aeabi_dcmpgt
 .text          0x00008810       0x2c i:/mcu/gnu_tools_for_arm/11.3_rel1/bin/../lib/gcc/arm-none-eabi/11.3.1/thumb/v7e-m+fp/hard\libgcc.a(_arm_unorddf2.o)
                0x00008810                __unorddf2
                0x00008810                __aeabi_dcmpun
 .text          0x0000883c       0x50 i:/mcu/gnu_tools_for_arm/11.3_rel1/bin/../lib/gcc/arm-none-eabi/11.3.1/thumb/v7e-m+fp/hard\libgcc.a(_arm_fixdfsi.o)
                0x0000883c                __aeabi_d2iz
                0x0000883c                __fixdfsi
 .text          0x0000888c        0x0 i:/mcu/gnu_tools_for_arm/11.3_rel1/bin/../lib/gcc/arm-none-eabi/11.3.1/thumb/v7e-m+fp/hard/crtend.o
 .text          0x0000888c        0x0 i:/mcu/gnu_tools_for_arm/11.3_rel1/bin/../lib/gcc/arm-none-eabi/11.3.1/thumb/v7e-m+fp/hard/crtn.o
 *(.text.*)
 .text.deregister_tm_clones
                0x0000888c       0x1c i:/mcu/gnu_tools_for_arm/11.3_rel1/bin/../lib/gcc/arm-none-eabi/11.3.1/thumb/v7e-m+fp/hard/crtbegin.o
 .text.register_tm_clones
                0x000088a8       0x24 i:/mcu/gnu_tools_for_arm/11.3_rel1/bin/../lib/gcc/arm-none-eabi/11.3.1/thumb/v7e-m+fp/hard/crtbegin.o
 .text.__do_global_dtors_aux
                0x000088cc       0x28 i:/mcu/gnu_tools_for_arm/11.3_rel1/bin/../lib/gcc/arm-none-eabi/11.3.1/thumb/v7e-m+fp/hard/crtbegin.o
 .text.frame_dummy
                0x000088f4       0x24 i:/mcu/gnu_tools_for_arm/11.3_rel1/bin/../lib/gcc/arm-none-eabi/11.3.1/thumb/v7e-m+fp/hard/crtbegin.o
 .text.exit     0x00008918       0x1c i:/mcu/gnu_tools_for_arm/11.3_rel1/bin/../lib/gcc/arm-none-eabi/11.3.1/thumb/v7e-m+fp/hard\libc.a(libc_a-exit.o)
                0x00008918                exit
 .text.stdio_exit_handler
                0x00008934       0x18 i:/mcu/gnu_tools_for_arm/11.3_rel1/bin/../lib/gcc/arm-none-eabi/11.3.1/thumb/v7e-m+fp/hard\libc.a(libc_a-findfp.o)
 .text.cleanup_stdio
                0x0000894c       0x40 i:/mcu/gnu_tools_for_arm/11.3_rel1/bin/../lib/gcc/arm-none-eabi/11.3.1/thumb/v7e-m+fp/hard\libc.a(libc_a-findfp.o)
 .text.global_stdio_init.part.0
                0x0000898c       0xd4 i:/mcu/gnu_tools_for_arm/11.3_rel1/bin/../lib/gcc/arm-none-eabi/11.3.1/thumb/v7e-m+fp/hard\libc.a(libc_a-findfp.o)
 .text.__sinit  0x00008a60       0x3c i:/mcu/gnu_tools_for_arm/11.3_rel1/bin/../lib/gcc/arm-none-eabi/11.3.1/thumb/v7e-m+fp/hard\libc.a(libc_a-findfp.o)
                0x00008a60                __sinit
 .text.__sfp_lock_acquire
                0x00008a9c        0xc i:/mcu/gnu_tools_for_arm/11.3_rel1/bin/../lib/gcc/arm-none-eabi/11.3.1/thumb/v7e-m+fp/hard\libc.a(libc_a-findfp.o)
                0x00008a9c                __sfp_lock_acquire
 .text.__sfp_lock_release
                0x00008aa8        0xc i:/mcu/gnu_tools_for_arm/11.3_rel1/bin/../lib/gcc/arm-none-eabi/11.3.1/thumb/v7e-m+fp/hard\libc.a(libc_a-findfp.o)
                0x00008aa8                __sfp_lock_release
 .text._fwalk_sglue
                0x00008ab4       0x48 i:/mcu/gnu_tools_for_arm/11.3_rel1/bin/../lib/gcc/arm-none-eabi/11.3.1/thumb/v7e-m+fp/hard\libc.a(libc_a-fwalk.o)
                0x00008ab4                _fwalk_sglue
 .text.sprintf  0x00008afc       0x40 i:/mcu/gnu_tools_for_arm/11.3_rel1/bin/../lib/gcc/arm-none-eabi/11.3.1/thumb/v7e-m+fp/hard\libc.a(libc_a-sprintf.o)
                0x00008afc                sprintf
 .text.__sread  0x00008b3c       0x24 i:/mcu/gnu_tools_for_arm/11.3_rel1/bin/../lib/gcc/arm-none-eabi/11.3.1/thumb/v7e-m+fp/hard\libc.a(libc_a-stdio.o)
                0x00008b3c                __sread
 .text.__swrite
                0x00008b60       0x40 i:/mcu/gnu_tools_for_arm/11.3_rel1/bin/../lib/gcc/arm-none-eabi/11.3.1/thumb/v7e-m+fp/hard\libc.a(libc_a-stdio.o)
                0x00008b60                __swrite
 .text.__sseek  0x00008ba0       0x20 i:/mcu/gnu_tools_for_arm/11.3_rel1/bin/../lib/gcc/arm-none-eabi/11.3.1/thumb/v7e-m+fp/hard\libc.a(libc_a-stdio.o)
                0x00008ba0                __sseek
 .text.__sclose
                0x00008bc0        0x8 i:/mcu/gnu_tools_for_arm/11.3_rel1/bin/../lib/gcc/arm-none-eabi/11.3.1/thumb/v7e-m+fp/hard\libc.a(libc_a-stdio.o)
                0x00008bc0                __sclose
 .text.memset   0x00008bc8       0xa4 i:/mcu/gnu_tools_for_arm/11.3_rel1/bin/../lib/gcc/arm-none-eabi/11.3.1/thumb/v7e-m+fp/hard\libc.a(libc_a-memset.o)
                0x00008bc8                memset
 .text._close_r
                0x00008c6c       0x24 i:/mcu/gnu_tools_for_arm/11.3_rel1/bin/../lib/gcc/arm-none-eabi/11.3.1/thumb/v7e-m+fp/hard\libc.a(libc_a-closer.o)
                0x00008c6c                _close_r
 .text._lseek_r
                0x00008c90       0x2c i:/mcu/gnu_tools_for_arm/11.3_rel1/bin/../lib/gcc/arm-none-eabi/11.3.1/thumb/v7e-m+fp/hard\libc.a(libc_a-lseekr.o)
                0x00008c90                _lseek_r
 .text._read_r  0x00008cbc       0x2c i:/mcu/gnu_tools_for_arm/11.3_rel1/bin/../lib/gcc/arm-none-eabi/11.3.1/thumb/v7e-m+fp/hard\libc.a(libc_a-readr.o)
                0x00008cbc                _read_r
 .text._write_r
                0x00008ce8       0x2c i:/mcu/gnu_tools_for_arm/11.3_rel1/bin/../lib/gcc/arm-none-eabi/11.3.1/thumb/v7e-m+fp/hard\libc.a(libc_a-writer.o)
                0x00008ce8                _write_r
 .text.__errno  0x00008d14        0xc i:/mcu/gnu_tools_for_arm/11.3_rel1/bin/../lib/gcc/arm-none-eabi/11.3.1/thumb/v7e-m+fp/hard\libc.a(libc_a-errno.o)
                0x00008d14                __errno
 .text.__libc_init_array
                0x00008d20       0x48 i:/mcu/gnu_tools_for_arm/11.3_rel1/bin/../lib/gcc/arm-none-eabi/11.3.1/thumb/v7e-m+fp/hard\libc.a(libc_a-init.o)
                0x00008d20                __libc_init_array
 .text.__retarget_lock_init_recursive
                0x00008d68        0x4 i:/mcu/gnu_tools_for_arm/11.3_rel1/bin/../lib/gcc/arm-none-eabi/11.3.1/thumb/v7e-m+fp/hard\libc.a(libc_a-lock.o)
                0x00008d68                __retarget_lock_init_recursive
 .text.__retarget_lock_close_recursive
                0x00008d6c        0x4 i:/mcu/gnu_tools_for_arm/11.3_rel1/bin/../lib/gcc/arm-none-eabi/11.3.1/thumb/v7e-m+fp/hard\libc.a(libc_a-lock.o)
                0x00008d6c                __retarget_lock_close_recursive
 .text.__retarget_lock_acquire_recursive
                0x00008d70        0x4 i:/mcu/gnu_tools_for_arm/11.3_rel1/bin/../lib/gcc/arm-none-eabi/11.3.1/thumb/v7e-m+fp/hard\libc.a(libc_a-lock.o)
                0x00008d70                __retarget_lock_acquire_recursive
 .text.__retarget_lock_release_recursive
                0x00008d74        0x4 i:/mcu/gnu_tools_for_arm/11.3_rel1/bin/../lib/gcc/arm-none-eabi/11.3.1/thumb/v7e-m+fp/hard\libc.a(libc_a-lock.o)
                0x00008d74                __retarget_lock_release_recursive
 .text.startup.register_fini
                0x00008d78       0x14 i:/mcu/gnu_tools_for_arm/11.3_rel1/bin/../lib/gcc/arm-none-eabi/11.3.1/thumb/v7e-m+fp/hard\libc.a(libc_a-__call_atexit.o)
 .text.__call_exitprocs
                0x00008d8c       0xc8 i:/mcu/gnu_tools_for_arm/11.3_rel1/bin/../lib/gcc/arm-none-eabi/11.3.1/thumb/v7e-m+fp/hard\libc.a(libc_a-__call_atexit.o)
                0x00008d8c                __call_exitprocs
 .text.atexit   0x00008e54        0xc i:/mcu/gnu_tools_for_arm/11.3_rel1/bin/../lib/gcc/arm-none-eabi/11.3.1/thumb/v7e-m+fp/hard\libc.a(libc_a-atexit.o)
                0x00008e54                atexit
 .text._malloc_trim_r
                0x00008e60       0xa0 i:/mcu/gnu_tools_for_arm/11.3_rel1/bin/../lib/gcc/arm-none-eabi/11.3.1/thumb/v7e-m+fp/hard\libc.a(libc_a-freer.o)
                0x00008e60                _malloc_trim_r
 .text._free_r  0x00008f00      0x20c i:/mcu/gnu_tools_for_arm/11.3_rel1/bin/../lib/gcc/arm-none-eabi/11.3.1/thumb/v7e-m+fp/hard\libc.a(libc_a-freer.o)
                0x00008f00                _free_r
 .text._malloc_r
                0x0000910c      0x560 i:/mcu/gnu_tools_for_arm/11.3_rel1/bin/../lib/gcc/arm-none-eabi/11.3.1/thumb/v7e-m+fp/hard\libc.a(libc_a-mallocr.o)
                0x0000910c                _malloc_r
 .text.__malloc_lock
                0x0000966c        0xc i:/mcu/gnu_tools_for_arm/11.3_rel1/bin/../lib/gcc/arm-none-eabi/11.3.1/thumb/v7e-m+fp/hard\libc.a(libc_a-mlock.o)
                0x0000966c                __malloc_lock
 .text.__malloc_unlock
                0x00009678        0xc i:/mcu/gnu_tools_for_arm/11.3_rel1/bin/../lib/gcc/arm-none-eabi/11.3.1/thumb/v7e-m+fp/hard\libc.a(libc_a-mlock.o)
                0x00009678                __malloc_unlock
 *fill*         0x00009684        0x4 
 .text._svfprintf_r
                0x00009688     0x1be0 i:/mcu/gnu_tools_for_arm/11.3_rel1/bin/../lib/gcc/arm-none-eabi/11.3.1/thumb/v7e-m+fp/hard\libc.a(libc_a-svfprintf.o)
                0x00009688                _svfprintf_r
 .text._fclose_r
                0x0000b268       0xc8 i:/mcu/gnu_tools_for_arm/11.3_rel1/bin/../lib/gcc/arm-none-eabi/11.3.1/thumb/v7e-m+fp/hard\libc.a(libc_a-fclose.o)
                0x0000b268                _fclose_r
 .text.__sflush_r
                0x0000b330      0x130 i:/mcu/gnu_tools_for_arm/11.3_rel1/bin/../lib/gcc/arm-none-eabi/11.3.1/thumb/v7e-m+fp/hard\libc.a(libc_a-fflush.o)
                0x0000b330                __sflush_r
 .text._fflush_r
                0x0000b460       0x54 i:/mcu/gnu_tools_for_arm/11.3_rel1/bin/../lib/gcc/arm-none-eabi/11.3.1/thumb/v7e-m+fp/hard\libc.a(libc_a-fflush.o)
                0x0000b460                _fflush_r
 .text.strncpy  0x0000b4b4       0x64 i:/mcu/gnu_tools_for_arm/11.3_rel1/bin/../lib/gcc/arm-none-eabi/11.3.1/thumb/v7e-m+fp/hard\libc.a(libc_a-strncpy.o)
                0x0000b4b4                strncpy
 .text.__locale_mb_cur_max
                0x0000b518        0xc i:/mcu/gnu_tools_for_arm/11.3_rel1/bin/../lib/gcc/arm-none-eabi/11.3.1/thumb/v7e-m+fp/hard\libc.a(libc_a-locale.o)
                0x0000b518                __locale_mb_cur_max
 .text._localeconv_r
                0x0000b524        0x8 i:/mcu/gnu_tools_for_arm/11.3_rel1/bin/../lib/gcc/arm-none-eabi/11.3.1/thumb/v7e-m+fp/hard\libc.a(libc_a-localeconv.o)
                0x0000b524                _localeconv_r
 .text._sbrk_r  0x0000b52c       0x24 i:/mcu/gnu_tools_for_arm/11.3_rel1/bin/../lib/gcc/arm-none-eabi/11.3.1/thumb/v7e-m+fp/hard\libc.a(libc_a-sbrkr.o)
                0x0000b52c                _sbrk_r
 .text.__libc_fini_array
                0x0000b550       0x28 i:/mcu/gnu_tools_for_arm/11.3_rel1/bin/../lib/gcc/arm-none-eabi/11.3.1/thumb/v7e-m+fp/hard\libc.a(libc_a-fini.o)
                0x0000b550                __libc_fini_array
 .text.frexp    0x0000b578       0x6c i:/mcu/gnu_tools_for_arm/11.3_rel1/bin/../lib/gcc/arm-none-eabi/11.3.1/thumb/v7e-m+fp/hard\libc.a(libm_a-s_frexp.o)
                0x0000b578                frexp
 .text.__register_exitproc
                0x0000b5e4       0x88 i:/mcu/gnu_tools_for_arm/11.3_rel1/bin/../lib/gcc/arm-none-eabi/11.3.1/thumb/v7e-m+fp/hard\libc.a(libc_a-__atexit.o)
                0x0000b5e4                __register_exitproc
 .text.quorem   0x0000b66c      0x128 i:/mcu/gnu_tools_for_arm/11.3_rel1/bin/../lib/gcc/arm-none-eabi/11.3.1/thumb/v7e-m+fp/hard\libc.a(libc_a-dtoa.o)
 *fill*         0x0000b794        0x4 
 .text._dtoa_r  0x0000b798      0xf3c i:/mcu/gnu_tools_for_arm/11.3_rel1/bin/../lib/gcc/arm-none-eabi/11.3.1/thumb/v7e-m+fp/hard\libc.a(libc_a-dtoa.o)
                0x0000b798                _dtoa_r
 .text.__ascii_mbtowc
                0x0000c6d4       0x2c i:/mcu/gnu_tools_for_arm/11.3_rel1/bin/../lib/gcc/arm-none-eabi/11.3.1/thumb/v7e-m+fp/hard\libc.a(libc_a-mbtowc_r.o)
                0x0000c6d4                __ascii_mbtowc
 .text._Balloc  0x0000c700       0x4c i:/mcu/gnu_tools_for_arm/11.3_rel1/bin/../lib/gcc/arm-none-eabi/11.3.1/thumb/v7e-m+fp/hard\libc.a(libc_a-mprec.o)
                0x0000c700                _Balloc
 .text._Bfree   0x0000c74c       0x14 i:/mcu/gnu_tools_for_arm/11.3_rel1/bin/../lib/gcc/arm-none-eabi/11.3.1/thumb/v7e-m+fp/hard\libc.a(libc_a-mprec.o)
                0x0000c74c                _Bfree
 .text.__multadd
                0x0000c760       0xa4 i:/mcu/gnu_tools_for_arm/11.3_rel1/bin/../lib/gcc/arm-none-eabi/11.3.1/thumb/v7e-m+fp/hard\libc.a(libc_a-mprec.o)
                0x0000c760                __multadd
 .text.__hi0bits
                0x0000c804       0x40 i:/mcu/gnu_tools_for_arm/11.3_rel1/bin/../lib/gcc/arm-none-eabi/11.3.1/thumb/v7e-m+fp/hard\libc.a(libc_a-mprec.o)
                0x0000c804                __hi0bits
 .text.__lo0bits
                0x0000c844       0x60 i:/mcu/gnu_tools_for_arm/11.3_rel1/bin/../lib/gcc/arm-none-eabi/11.3.1/thumb/v7e-m+fp/hard\libc.a(libc_a-mprec.o)
                0x0000c844                __lo0bits
 .text.__i2b    0x0000c8a4       0x5c i:/mcu/gnu_tools_for_arm/11.3_rel1/bin/../lib/gcc/arm-none-eabi/11.3.1/thumb/v7e-m+fp/hard\libc.a(libc_a-mprec.o)
                0x0000c8a4                __i2b
 .text.__multiply
                0x0000c900      0x15c i:/mcu/gnu_tools_for_arm/11.3_rel1/bin/../lib/gcc/arm-none-eabi/11.3.1/thumb/v7e-m+fp/hard\libc.a(libc_a-mprec.o)
                0x0000c900                __multiply
 .text.__pow5mult
                0x0000ca5c       0xc0 i:/mcu/gnu_tools_for_arm/11.3_rel1/bin/../lib/gcc/arm-none-eabi/11.3.1/thumb/v7e-m+fp/hard\libc.a(libc_a-mprec.o)
                0x0000ca5c                __pow5mult
 .text.__lshift
                0x0000cb1c       0xf0 i:/mcu/gnu_tools_for_arm/11.3_rel1/bin/../lib/gcc/arm-none-eabi/11.3.1/thumb/v7e-m+fp/hard\libc.a(libc_a-mprec.o)
                0x0000cb1c                __lshift
 .text.__mcmp   0x0000cc0c       0x44 i:/mcu/gnu_tools_for_arm/11.3_rel1/bin/../lib/gcc/arm-none-eabi/11.3.1/thumb/v7e-m+fp/hard\libc.a(libc_a-mprec.o)
                0x0000cc0c                __mcmp
 .text.__mdiff  0x0000cc50      0x154 i:/mcu/gnu_tools_for_arm/11.3_rel1/bin/../lib/gcc/arm-none-eabi/11.3.1/thumb/v7e-m+fp/hard\libc.a(libc_a-mprec.o)
                0x0000cc50                __mdiff
 .text.__d2b    0x0000cda4       0xd4 i:/mcu/gnu_tools_for_arm/11.3_rel1/bin/../lib/gcc/arm-none-eabi/11.3.1/thumb/v7e-m+fp/hard\libc.a(libc_a-mprec.o)
                0x0000cda4                __d2b
 .text.__ascii_wctomb
                0x0000ce78       0x1c i:/mcu/gnu_tools_for_arm/11.3_rel1/bin/../lib/gcc/arm-none-eabi/11.3.1/thumb/v7e-m+fp/hard\libc.a(libc_a-wctomb_r.o)
                0x0000ce78                __ascii_wctomb
 .text._wcrtomb_r
                0x0000ce94       0x4c i:/mcu/gnu_tools_for_arm/11.3_rel1/bin/../lib/gcc/arm-none-eabi/11.3.1/thumb/v7e-m+fp/hard\libc.a(libc_a-wcrtomb.o)
                0x0000ce94                _wcrtomb_r
 .text._wcsrtombs_r
                0x0000cee0       0x18 i:/mcu/gnu_tools_for_arm/11.3_rel1/bin/../lib/gcc/arm-none-eabi/11.3.1/thumb/v7e-m+fp/hard\libc.a(libc_a-wcsrtombs.o)
                0x0000cee0                _wcsrtombs_r
 .text.__ssprint_r
                0x0000cef8      0x100 i:/mcu/gnu_tools_for_arm/11.3_rel1/bin/../lib/gcc/arm-none-eabi/11.3.1/thumb/v7e-m+fp/hard\libc.a(libc_a-svfiprintf.o)
                0x0000cef8                __ssprint_r
 .text.memmove  0x0000cff8       0xf8 i:/mcu/gnu_tools_for_arm/11.3_rel1/bin/../lib/gcc/arm-none-eabi/11.3.1/thumb/v7e-m+fp/hard\libc.a(libc_a-memmove.o)
                0x0000cff8                memmove
 .text.__assert_func
                0x0000d0f0       0x40 i:/mcu/gnu_tools_for_arm/11.3_rel1/bin/../lib/gcc/arm-none-eabi/11.3.1/thumb/v7e-m+fp/hard\libc.a(libc_a-assert.o)
                0x0000d0f0                __assert_func
 .text._calloc_r
                0x0000d130       0x78 i:/mcu/gnu_tools_for_arm/11.3_rel1/bin/../lib/gcc/arm-none-eabi/11.3.1/thumb/v7e-m+fp/hard\libc.a(libc_a-callocr.o)
                0x0000d130                _calloc_r
 .text._realloc_r
                0x0000d1a8      0x3d8 i:/mcu/gnu_tools_for_arm/11.3_rel1/bin/../lib/gcc/arm-none-eabi/11.3.1/thumb/v7e-m+fp/hard\libc.a(libc_a-reallocr.o)
                0x0000d1a8                _realloc_r
 .text._wcsnrtombs_l
                0x0000d580      0x108 i:/mcu/gnu_tools_for_arm/11.3_rel1/bin/../lib/gcc/arm-none-eabi/11.3.1/thumb/v7e-m+fp/hard\libc.a(libc_a-wcsnrtombs.o)
                0x0000d580                _wcsnrtombs_l
 .text._wcsnrtombs_r
                0x0000d688       0x24 i:/mcu/gnu_tools_for_arm/11.3_rel1/bin/../lib/gcc/arm-none-eabi/11.3.1/thumb/v7e-m+fp/hard\libc.a(libc_a-wcsnrtombs.o)
                0x0000d688                _wcsnrtombs_r
 .text.fiprintf
                0x0000d6ac       0x28 i:/mcu/gnu_tools_for_arm/11.3_rel1/bin/../lib/gcc/arm-none-eabi/11.3.1/thumb/v7e-m+fp/hard\libc.a(libc_a-fiprintf.o)
                0x0000d6ac                fiprintf
 .text.__sprint_r.part.0
                0x0000d6d4       0x78 i:/mcu/gnu_tools_for_arm/11.3_rel1/bin/../lib/gcc/arm-none-eabi/11.3.1/thumb/v7e-m+fp/hard\libc.a(libc_a-vfiprintf.o)
 .text._vfiprintf_r
                0x0000d74c      0xf8c i:/mcu/gnu_tools_for_arm/11.3_rel1/bin/../lib/gcc/arm-none-eabi/11.3.1/thumb/v7e-m+fp/hard\libc.a(libc_a-vfiprintf.o)
                0x0000d74c                _vfiprintf_r
 .text.__sbprintf
                0x0000e6d8       0x80 i:/mcu/gnu_tools_for_arm/11.3_rel1/bin/../lib/gcc/arm-none-eabi/11.3.1/thumb/v7e-m+fp/hard\libc.a(libc_a-vfiprintf.o)
 .text.__sfvwrite_r
                0x0000e758      0x2f4 i:/mcu/gnu_tools_for_arm/11.3_rel1/bin/../lib/gcc/arm-none-eabi/11.3.1/thumb/v7e-m+fp/hard\libc.a(libc_a-fvwrite.o)
                0x0000e758                __sfvwrite_r
 .text.__swsetup_r
                0x0000ea4c       0xcc i:/mcu/gnu_tools_for_arm/11.3_rel1/bin/../lib/gcc/arm-none-eabi/11.3.1/thumb/v7e-m+fp/hard\libc.a(libc_a-wsetup.o)
                0x0000ea4c                __swsetup_r
 .text.__fputwc
                0x0000eb18       0xac i:/mcu/gnu_tools_for_arm/11.3_rel1/bin/../lib/gcc/arm-none-eabi/11.3.1/thumb/v7e-m+fp/hard\libc.a(libc_a-fputwc.o)
                0x0000eb18                __fputwc
 .text._fputwc_r
                0x0000ebc4       0x68 i:/mcu/gnu_tools_for_arm/11.3_rel1/bin/../lib/gcc/arm-none-eabi/11.3.1/thumb/v7e-m+fp/hard\libc.a(libc_a-fputwc.o)
                0x0000ebc4                _fputwc_r
 .text.abort    0x0000ec2c       0x10 i:/mcu/gnu_tools_for_arm/11.3_rel1/bin/../lib/gcc/arm-none-eabi/11.3.1/thumb/v7e-m+fp/hard\libc.a(libc_a-abort.o)
                0x0000ec2c                abort
 .text.__smakebuf_r
                0x0000ec3c       0xd8 i:/mcu/gnu_tools_for_arm/11.3_rel1/bin/../lib/gcc/arm-none-eabi/11.3.1/thumb/v7e-m+fp/hard\libc.a(libc_a-makebuf.o)
                0x0000ec3c                __smakebuf_r
 .text.__swbuf_r
                0x0000ed14       0xb0 i:/mcu/gnu_tools_for_arm/11.3_rel1/bin/../lib/gcc/arm-none-eabi/11.3.1/thumb/v7e-m+fp/hard\libc.a(libc_a-wbuf.o)
                0x0000ed14                __swbuf_r
 .text.raise    0x0000edc4       0x5c i:/mcu/gnu_tools_for_arm/11.3_rel1/bin/../lib/gcc/arm-none-eabi/11.3.1/thumb/v7e-m+fp/hard\libc.a(libc_a-signal.o)
                0x0000edc4                raise
 .text._fstat_r
                0x0000ee20       0x2c i:/mcu/gnu_tools_for_arm/11.3_rel1/bin/../lib/gcc/arm-none-eabi/11.3.1/thumb/v7e-m+fp/hard\libc.a(libc_a-fstatr.o)
                0x0000ee20                _fstat_r
 .text._isatty_r
                0x0000ee4c       0x24 i:/mcu/gnu_tools_for_arm/11.3_rel1/bin/../lib/gcc/arm-none-eabi/11.3.1/thumb/v7e-m+fp/hard\libc.a(libc_a-isattyr.o)
                0x0000ee4c                _isatty_r
 .text._kill_r  0x0000ee70       0x2c i:/mcu/gnu_tools_for_arm/11.3_rel1/bin/../lib/gcc/arm-none-eabi/11.3.1/thumb/v7e-m+fp/hard\libc.a(libc_a-signalr.o)
                0x0000ee70                _kill_r
 .text._getpid_r
                0x0000ee9c        0x4 i:/mcu/gnu_tools_for_arm/11.3_rel1/bin/../lib/gcc/arm-none-eabi/11.3.1/thumb/v7e-m+fp/hard\libc.a(libc_a-signalr.o)
                0x0000ee9c                _getpid_r
 .text._sbrk    0x0000eea0       0x1c i:/mcu/gnu_tools_for_arm/11.3_rel1/bin/../lib/gcc/arm-none-eabi/11.3.1/thumb/v7e-m+fp/hard\libnosys.a(sbrk.o)
                0x0000eea0                _sbrk
                0x0000eebc                . = ALIGN (0x4)
 *(.ctors)
                0x0000eebc                . = ALIGN (0x4)
 *(.dtors)
                0x0000eebc                . = ALIGN (0x4)
                0x0000eebc                __init_array_start = .
 *(.init_array*)
 .init_array    0x0000eebc        0x4 i:/mcu/gnu_tools_for_arm/11.3_rel1/bin/../lib/gcc/arm-none-eabi/11.3.1/thumb/v7e-m+fp/hard/crtbegin.o
 .init_array.00000
                0x0000eec0        0x4 i:/mcu/gnu_tools_for_arm/11.3_rel1/bin/../lib/gcc/arm-none-eabi/11.3.1/thumb/v7e-m+fp/hard\libc.a(libc_a-__call_atexit.o)
                0x0000eec4                __init_array_end = .
 *(.init)
 .init          0x0000eec4        0x4 i:/mcu/gnu_tools_for_arm/11.3_rel1/bin/../lib/gcc/arm-none-eabi/11.3.1/thumb/v7e-m+fp/hard/crti.o
                0x0000eec4                _init
 .init          0x0000eec8        0x8 i:/mcu/gnu_tools_for_arm/11.3_rel1/bin/../lib/gcc/arm-none-eabi/11.3.1/thumb/v7e-m+fp/hard/crtn.o
 *(.fini*)
 .fini          0x0000eed0        0x4 i:/mcu/gnu_tools_for_arm/11.3_rel1/bin/../lib/gcc/arm-none-eabi/11.3.1/thumb/v7e-m+fp/hard/crti.o
                0x0000eed0                _fini
 .fini_array    0x0000eed4        0x4 i:/mcu/gnu_tools_for_arm/11.3_rel1/bin/../lib/gcc/arm-none-eabi/11.3.1/thumb/v7e-m+fp/hard/crtbegin.o
 .fini          0x0000eed8        0x8 i:/mcu/gnu_tools_for_arm/11.3_rel1/bin/../lib/gcc/arm-none-eabi/11.3.1/thumb/v7e-m+fp/hard/crtn.o

.glue_7         0x0000eee0        0x0
 .glue_7        0x0000eee0        0x0 linker stubs

.glue_7t        0x0000eee0        0x0
 .glue_7t       0x0000eee0        0x0 linker stubs

.vfp11_veneer   0x0000eee0        0x0
 .vfp11_veneer  0x0000eee0        0x0 linker stubs

.v4_bx          0x0000eee0        0x0
 .v4_bx         0x0000eee0        0x0 linker stubs

.iplt           0x0000eee0        0x0
 .iplt          0x0000eee0        0x0 i:/mcu/gnu_tools_for_arm/11.3_rel1/bin/../lib/gcc/arm-none-eabi/11.3.1/thumb/v7e-m+fp/hard/crtbegin.o

.rodata         0x0000eee0      0x600
 *(.rodata)
 .rodata        0x0000eee0       0x76 build/main.o
 *fill*         0x0000ef56        0x2 
 .rodata        0x0000ef58       0x4c build/gpio.o
 .rodata        0x0000efa4       0x90 build/interrupt.o
 .rodata        0x0000f034       0x8c build/user_periph.o
 .rodata        0x0000f0c0       0x35 build/user_uart.o
 *(.rodata.*)
 *fill*         0x0000f0f5        0x3 
 .rodata._svfprintf_r.str1.4
                0x0000f0f8       0x42 i:/mcu/gnu_tools_for_arm/11.3_rel1/bin/../lib/gcc/arm-none-eabi/11.3.1/thumb/v7e-m+fp/hard\libc.a(libc_a-svfprintf.o)
 *fill*         0x0000f13a        0x2 
 .rodata.blanks.1
                0x0000f13c       0x10 i:/mcu/gnu_tools_for_arm/11.3_rel1/bin/../lib/gcc/arm-none-eabi/11.3.1/thumb/v7e-m+fp/hard\libc.a(libc_a-svfprintf.o)
 .rodata.zeroes.0
                0x0000f14c       0x10 i:/mcu/gnu_tools_for_arm/11.3_rel1/bin/../lib/gcc/arm-none-eabi/11.3.1/thumb/v7e-m+fp/hard\libc.a(libc_a-svfprintf.o)
 .rodata.str1.4
                0x0000f15c       0x48 i:/mcu/gnu_tools_for_arm/11.3_rel1/bin/../lib/gcc/arm-none-eabi/11.3.1/thumb/v7e-m+fp/hard\libc.a(libc_a-locale.o)
                                 0x4c (size before relaxing)
 .rodata._dtoa_r.str1.4
                0x0000f1a4       0x7d i:/mcu/gnu_tools_for_arm/11.3_rel1/bin/../lib/gcc/arm-none-eabi/11.3.1/thumb/v7e-m+fp/hard\libc.a(libc_a-dtoa.o)
                                 0x81 (size before relaxing)
 *fill*         0x0000f221        0x3 
 .rodata.__multadd.str1.4
                0x0000f224       0x5a i:/mcu/gnu_tools_for_arm/11.3_rel1/bin/../lib/gcc/arm-none-eabi/11.3.1/thumb/v7e-m+fp/hard\libc.a(libc_a-mprec.o)
                                 0x6e (size before relaxing)
 *fill*         0x0000f27e        0x2 
 .rodata.__mprec_bigtens
                0x0000f280       0x28 i:/mcu/gnu_tools_for_arm/11.3_rel1/bin/../lib/gcc/arm-none-eabi/11.3.1/thumb/v7e-m+fp/hard\libc.a(libc_a-mprec.o)
                0x0000f280                __mprec_bigtens
 .rodata.__mprec_tens
                0x0000f2a8       0xc8 i:/mcu/gnu_tools_for_arm/11.3_rel1/bin/../lib/gcc/arm-none-eabi/11.3.1/thumb/v7e-m+fp/hard\libc.a(libc_a-mprec.o)
                0x0000f2a8                __mprec_tens
 .rodata.p05.0  0x0000f370        0xc i:/mcu/gnu_tools_for_arm/11.3_rel1/bin/../lib/gcc/arm-none-eabi/11.3.1/thumb/v7e-m+fp/hard\libc.a(libc_a-mprec.o)
 .rodata._ctype_
                0x0000f37c      0x101 i:/mcu/gnu_tools_for_arm/11.3_rel1/bin/../lib/gcc/arm-none-eabi/11.3.1/thumb/v7e-m+fp/hard\libc.a(libc_a-ctype_.o)
                0x0000f37c                _ctype_
 *fill*         0x0000f47d        0x3 
 .rodata.__assert_func.str1.4
                0x0000f480       0x3f i:/mcu/gnu_tools_for_arm/11.3_rel1/bin/../lib/gcc/arm-none-eabi/11.3.1/thumb/v7e-m+fp/hard\libc.a(libc_a-assert.o)
                                 0x43 (size before relaxing)
 .rodata._vfiprintf_r.str1.4
                0x0000f4bf       0x2f i:/mcu/gnu_tools_for_arm/11.3_rel1/bin/../lib/gcc/arm-none-eabi/11.3.1/thumb/v7e-m+fp/hard\libc.a(libc_a-vfiprintf.o)
 *fill*         0x0000f4bf        0x1 
 .rodata.blanks.1
                0x0000f4c0       0x10 i:/mcu/gnu_tools_for_arm/11.3_rel1/bin/../lib/gcc/arm-none-eabi/11.3.1/thumb/v7e-m+fp/hard\libc.a(libc_a-vfiprintf.o)
 .rodata.zeroes.0
                0x0000f4d0       0x10 i:/mcu/gnu_tools_for_arm/11.3_rel1/bin/../lib/gcc/arm-none-eabi/11.3.1/thumb/v7e-m+fp/hard\libc.a(libc_a-vfiprintf.o)

.eh_frame       0x0000f4e0        0x0
 .eh_frame      0x0000f4e0        0x0 i:/mcu/gnu_tools_for_arm/11.3_rel1/bin/../lib/gcc/arm-none-eabi/11.3.1/thumb/v7e-m+fp/hard/crtbegin.o

.preinitcall    0x0000f4e0        0xc
                0x0000f4e0                __preinit_start = .
 *(.preinitcall)
 .preinitcall   0x0000f4e0        0x4 build/user_uart.o
 .preinitcall   0x0000f4e4        0x4 build/user_dma.o
 .preinitcall   0x0000f4e8        0x4 build/iic_bus.o
                0x0000f4ec                __preinit_end = .

.ARM.exidx      0x0000f4ec        0x8
                0x0000f4ec                __exidx_start = .
 *(.ARM.exidx* .gnu.linkonce.armexidx.*)
 .ARM.exidx     0x0000f4ec        0x8 i:/mcu/gnu_tools_for_arm/11.3_rel1/bin/../lib/gcc/arm-none-eabi/11.3.1/thumb/v7e-m+fp/hard/crt0.o
                                 0x10 (size before relaxing)
                0x0000f4f4                __exidx_end = .

.ARM.extab      0x0000f4f4        0x0
 *(.ARM.extab* .gnu.linkonce.armextab.*)
 .ARM.extab     0x0000f4f4        0x0 i:/mcu/gnu_tools_for_arm/11.3_rel1/bin/../lib/gcc/arm-none-eabi/11.3.1/thumb/v7e-m+fp/hard/crt0.o
                0x0000f4f4                __etext = .

.rel.dyn        0x0000f4f4        0x0
 .rel.iplt      0x0000f4f4        0x0 i:/mcu/gnu_tools_for_arm/11.3_rel1/bin/../lib/gcc/arm-none-eabi/11.3.1/thumb/v7e-m+fp/hard/crtbegin.o

.data           0x20000000      0x71c load address 0x0000f4f4
                0x0000f4f4                __data_load__ = LOADADDR (.data)
                0x20000000                __data_start__ = .
 *(.data)
 .data          0x20000000        0x0 i:/mcu/gnu_tools_for_arm/11.3_rel1/bin/../lib/gcc/arm-none-eabi/11.3.1/thumb/v7e-m+fp/hard/crti.o
 .data          0x20000000        0x0 i:/mcu/gnu_tools_for_arm/11.3_rel1/bin/../lib/gcc/arm-none-eabi/11.3.1/thumb/v7e-m+fp/hard/crtbegin.o
 .data          0x20000000        0x0 i:/mcu/gnu_tools_for_arm/11.3_rel1/bin/../lib/gcc/arm-none-eabi/11.3.1/thumb/v7e-m+fp/hard/crt0.o
 .data          0x20000000        0x0 build/main.o
 .data          0x20000000        0x0 build/cpu.o
 .data          0x20000000        0x0 build/cs.o
 .data          0x20000000       0x40 build/flash.o
 .data          0x20000040        0x0 build/fpu.o
 .data          0x20000040        0x0 build/gpio.o
 .data          0x20000040        0x0 build/interrupt.o
 .data          0x20000040        0x0 build/mpu.o
 .data          0x20000040        0x0 build/pcm.o
 .data          0x20000040        0x0 build/pss.o
 .data          0x20000040        0x0 build/ref_a.o
 .data          0x20000040        0x0 build/reset.o
 .data          0x20000040        0x0 build/rtc_c.o
 .data          0x20000040        0x0 build/sysctl.o
 .data          0x20000040        0x0 build/systick.o
 .data          0x20000040        0x0 build/uart.o
 .data          0x20000040        0x0 build/wdt_a.o
 .data          0x20000040        0x0 build/startup_msp432p401r_gcc.o
 .data          0x20000040        0x4 build/system_msp432p401r.o
                0x20000040                SystemCoreClock
 .data          0x20000044        0x0 build/user_periph.o
 .data          0x20000044        0x4 build/syscalls.o
                0x20000044                environ
 .data          0x20000048        0x0 build/user_uart.o
 .data          0x20000048        0x0 build/user_dma.o
 .data          0x20000048        0x0 build/iic_bus.o
 .data          0x20000048        0x0 i:/mcu/gnu_tools_for_arm/11.3_rel1/bin/../lib/gcc/arm-none-eabi/11.3.1/thumb/v7e-m+fp/hard\libc.a(libc_a-exit.o)
 .data          0x20000048        0x0 i:/mcu/gnu_tools_for_arm/11.3_rel1/bin/../lib/gcc/arm-none-eabi/11.3.1/thumb/v7e-m+fp/hard\libc.a(libc_a-findfp.o)
 .data          0x20000048        0x0 i:/mcu/gnu_tools_for_arm/11.3_rel1/bin/../lib/gcc/arm-none-eabi/11.3.1/thumb/v7e-m+fp/hard\libc.a(libc_a-fwalk.o)
 .data          0x20000048        0x0 i:/mcu/gnu_tools_for_arm/11.3_rel1/bin/../lib/gcc/arm-none-eabi/11.3.1/thumb/v7e-m+fp/hard\libc.a(libc_a-sprintf.o)
 .data          0x20000048        0x0 i:/mcu/gnu_tools_for_arm/11.3_rel1/bin/../lib/gcc/arm-none-eabi/11.3.1/thumb/v7e-m+fp/hard\libc.a(libc_a-stdio.o)
 .data          0x20000048        0x0 i:/mcu/gnu_tools_for_arm/11.3_rel1/bin/../lib/gcc/arm-none-eabi/11.3.1/thumb/v7e-m+fp/hard\libc.a(libc_a-memset.o)
 .data          0x20000048        0x0 i:/mcu/gnu_tools_for_arm/11.3_rel1/bin/../lib/gcc/arm-none-eabi/11.3.1/thumb/v7e-m+fp/hard\libc.a(libc_a-closer.o)
 .data          0x20000048        0x0 i:/mcu/gnu_tools_for_arm/11.3_rel1/bin/../lib/gcc/arm-none-eabi/11.3.1/thumb/v7e-m+fp/hard\libc.a(libc_a-reent.o)
 .data          0x20000048        0x0 i:/mcu/gnu_tools_for_arm/11.3_rel1/bin/../lib/gcc/arm-none-eabi/11.3.1/thumb/v7e-m+fp/hard\libc.a(libc_a-impure.o)
 .data          0x20000048        0x0 i:/mcu/gnu_tools_for_arm/11.3_rel1/bin/../lib/gcc/arm-none-eabi/11.3.1/thumb/v7e-m+fp/hard\libc.a(libc_a-lseekr.o)
 .data          0x20000048        0x0 i:/mcu/gnu_tools_for_arm/11.3_rel1/bin/../lib/gcc/arm-none-eabi/11.3.1/thumb/v7e-m+fp/hard\libc.a(libc_a-readr.o)
 .data          0x20000048        0x0 i:/mcu/gnu_tools_for_arm/11.3_rel1/bin/../lib/gcc/arm-none-eabi/11.3.1/thumb/v7e-m+fp/hard\libc.a(libc_a-writer.o)
 .data          0x20000048        0x0 i:/mcu/gnu_tools_for_arm/11.3_rel1/bin/../lib/gcc/arm-none-eabi/11.3.1/thumb/v7e-m+fp/hard\libc.a(libc_a-errno.o)
 .data          0x20000048        0x0 i:/mcu/gnu_tools_for_arm/11.3_rel1/bin/../lib/gcc/arm-none-eabi/11.3.1/thumb/v7e-m+fp/hard\libc.a(libc_a-init.o)
 .data          0x20000048        0x0 i:/mcu/gnu_tools_for_arm/11.3_rel1/bin/../lib/gcc/arm-none-eabi/11.3.1/thumb/v7e-m+fp/hard\libc.a(libc_a-lock.o)
 .data          0x20000048        0x0 i:/mcu/gnu_tools_for_arm/11.3_rel1/bin/../lib/gcc/arm-none-eabi/11.3.1/thumb/v7e-m+fp/hard\libc.a(libc_a-__call_atexit.o)
 .data          0x20000048        0x0 i:/mcu/gnu_tools_for_arm/11.3_rel1/bin/../lib/gcc/arm-none-eabi/11.3.1/thumb/v7e-m+fp/hard\libc.a(libc_a-atexit.o)
 .data          0x20000048        0x0 i:/mcu/gnu_tools_for_arm/11.3_rel1/bin/../lib/gcc/arm-none-eabi/11.3.1/thumb/v7e-m+fp/hard\libc.a(libc_a-freer.o)
 .data          0x20000048        0x0 i:/mcu/gnu_tools_for_arm/11.3_rel1/bin/../lib/gcc/arm-none-eabi/11.3.1/thumb/v7e-m+fp/hard\libc.a(libc_a-mallocr.o)
 .data          0x20000048        0x0 i:/mcu/gnu_tools_for_arm/11.3_rel1/bin/../lib/gcc/arm-none-eabi/11.3.1/thumb/v7e-m+fp/hard\libc.a(libc_a-mlock.o)
 .data          0x20000048        0x0 i:/mcu/gnu_tools_for_arm/11.3_rel1/bin/../lib/gcc/arm-none-eabi/11.3.1/thumb/v7e-m+fp/hard\libc.a(libc_a-svfprintf.o)
 .data          0x20000048        0x0 i:/mcu/gnu_tools_for_arm/11.3_rel1/bin/../lib/gcc/arm-none-eabi/11.3.1/thumb/v7e-m+fp/hard\libc.a(libc_a-fclose.o)
 .data          0x20000048        0x0 i:/mcu/gnu_tools_for_arm/11.3_rel1/bin/../lib/gcc/arm-none-eabi/11.3.1/thumb/v7e-m+fp/hard\libc.a(libc_a-fflush.o)
 .data          0x20000048        0x0 i:/mcu/gnu_tools_for_arm/11.3_rel1/bin/../lib/gcc/arm-none-eabi/11.3.1/thumb/v7e-m+fp/hard\libc.a(libc_a-strncpy.o)
 .data          0x20000048        0x0 i:/mcu/gnu_tools_for_arm/11.3_rel1/bin/../lib/gcc/arm-none-eabi/11.3.1/thumb/v7e-m+fp/hard\libc.a(libc_a-locale.o)
 .data          0x20000048        0x0 i:/mcu/gnu_tools_for_arm/11.3_rel1/bin/../lib/gcc/arm-none-eabi/11.3.1/thumb/v7e-m+fp/hard\libc.a(libc_a-localeconv.o)
 .data          0x20000048        0x0 i:/mcu/gnu_tools_for_arm/11.3_rel1/bin/../lib/gcc/arm-none-eabi/11.3.1/thumb/v7e-m+fp/hard\libc.a(libc_a-sbrkr.o)
 .data          0x20000048        0x0 i:/mcu/gnu_tools_for_arm/11.3_rel1/bin/../lib/gcc/arm-none-eabi/11.3.1/thumb/v7e-m+fp/hard\libc.a(libc_a-fini.o)
 .data          0x20000048        0x0 i:/mcu/gnu_tools_for_arm/11.3_rel1/bin/../lib/gcc/arm-none-eabi/11.3.1/thumb/v7e-m+fp/hard\libc.a(libc_a-strcmp.o)
 .data          0x20000048        0x0 i:/mcu/gnu_tools_for_arm/11.3_rel1/bin/../lib/gcc/arm-none-eabi/11.3.1/thumb/v7e-m+fp/hard\libc.a(libc_a-strcpy.o)
 .data          0x20000048        0x0 i:/mcu/gnu_tools_for_arm/11.3_rel1/bin/../lib/gcc/arm-none-eabi/11.3.1/thumb/v7e-m+fp/hard\libc.a(libc_a-memchr.o)
 .data          0x20000048        0x0 i:/mcu/gnu_tools_for_arm/11.3_rel1/bin/../lib/gcc/arm-none-eabi/11.3.1/thumb/v7e-m+fp/hard\libc.a(libc_a-strlen.o)
 .data          0x20000048        0x0 i:/mcu/gnu_tools_for_arm/11.3_rel1/bin/../lib/gcc/arm-none-eabi/11.3.1/thumb/v7e-m+fp/hard\libc.a(libm_a-s_frexp.o)
 .data          0x20000048        0x0 i:/mcu/gnu_tools_for_arm/11.3_rel1/bin/../lib/gcc/arm-none-eabi/11.3.1/thumb/v7e-m+fp/hard\libc.a(libc_a-__atexit.o)
 .data          0x20000048        0x0 i:/mcu/gnu_tools_for_arm/11.3_rel1/bin/../lib/gcc/arm-none-eabi/11.3.1/thumb/v7e-m+fp/hard\libc.a(libc_a-dtoa.o)
 .data          0x20000048        0x0 i:/mcu/gnu_tools_for_arm/11.3_rel1/bin/../lib/gcc/arm-none-eabi/11.3.1/thumb/v7e-m+fp/hard\libc.a(libc_a-getenv_r.o)
 .data          0x20000048        0x0 i:/mcu/gnu_tools_for_arm/11.3_rel1/bin/../lib/gcc/arm-none-eabi/11.3.1/thumb/v7e-m+fp/hard\libc.a(libc_a-mbtowc_r.o)
 .data          0x20000048        0x0 i:/mcu/gnu_tools_for_arm/11.3_rel1/bin/../lib/gcc/arm-none-eabi/11.3.1/thumb/v7e-m+fp/hard\libc.a(libc_a-mprec.o)
 .data          0x20000048        0x0 i:/mcu/gnu_tools_for_arm/11.3_rel1/bin/../lib/gcc/arm-none-eabi/11.3.1/thumb/v7e-m+fp/hard\libc.a(libc_a-strtol.o)
 .data          0x20000048        0x0 i:/mcu/gnu_tools_for_arm/11.3_rel1/bin/../lib/gcc/arm-none-eabi/11.3.1/thumb/v7e-m+fp/hard\libc.a(libc_a-wctomb_r.o)
 .data          0x20000048        0x0 i:/mcu/gnu_tools_for_arm/11.3_rel1/bin/../lib/gcc/arm-none-eabi/11.3.1/thumb/v7e-m+fp/hard\libc.a(libc_a-wcrtomb.o)
 .data          0x20000048        0x0 i:/mcu/gnu_tools_for_arm/11.3_rel1/bin/../lib/gcc/arm-none-eabi/11.3.1/thumb/v7e-m+fp/hard\libc.a(libc_a-wcsrtombs.o)
 .data          0x20000048        0x0 i:/mcu/gnu_tools_for_arm/11.3_rel1/bin/../lib/gcc/arm-none-eabi/11.3.1/thumb/v7e-m+fp/hard\libc.a(libc_a-ctype_.o)
 .data          0x20000048        0x0 i:/mcu/gnu_tools_for_arm/11.3_rel1/bin/../lib/gcc/arm-none-eabi/11.3.1/thumb/v7e-m+fp/hard\libc.a(libc_a-svfiprintf.o)
 .data          0x20000048        0x0 i:/mcu/gnu_tools_for_arm/11.3_rel1/bin/../lib/gcc/arm-none-eabi/11.3.1/thumb/v7e-m+fp/hard\libc.a(libc_a-memmove.o)
 .data          0x20000048        0x0 i:/mcu/gnu_tools_for_arm/11.3_rel1/bin/../lib/gcc/arm-none-eabi/11.3.1/thumb/v7e-m+fp/hard\libc.a(libc_a-strcasecmp.o)
 .data          0x20000048        0x0 i:/mcu/gnu_tools_for_arm/11.3_rel1/bin/../lib/gcc/arm-none-eabi/11.3.1/thumb/v7e-m+fp/hard\libc.a(libc_a-strcat.o)
 .data          0x20000048        0x0 i:/mcu/gnu_tools_for_arm/11.3_rel1/bin/../lib/gcc/arm-none-eabi/11.3.1/thumb/v7e-m+fp/hard\libc.a(libc_a-strchr.o)
 .data          0x20000048        0x0 i:/mcu/gnu_tools_for_arm/11.3_rel1/bin/../lib/gcc/arm-none-eabi/11.3.1/thumb/v7e-m+fp/hard\libc.a(libc_a-strlcpy.o)
 .data          0x20000048        0x0 i:/mcu/gnu_tools_for_arm/11.3_rel1/bin/../lib/gcc/arm-none-eabi/11.3.1/thumb/v7e-m+fp/hard\libc.a(libc_a-strncasecmp.o)
 .data          0x20000048        0x0 i:/mcu/gnu_tools_for_arm/11.3_rel1/bin/../lib/gcc/arm-none-eabi/11.3.1/thumb/v7e-m+fp/hard\libc.a(libc_a-strncmp.o)
 .data          0x20000048        0x0 i:/mcu/gnu_tools_for_arm/11.3_rel1/bin/../lib/gcc/arm-none-eabi/11.3.1/thumb/v7e-m+fp/hard\libc.a(libc_a-memcpy.o)
 .data          0x20000048        0x0 i:/mcu/gnu_tools_for_arm/11.3_rel1/bin/../lib/gcc/arm-none-eabi/11.3.1/thumb/v7e-m+fp/hard\libc.a(libc_a-assert.o)
 .data          0x20000048        0x0 i:/mcu/gnu_tools_for_arm/11.3_rel1/bin/../lib/gcc/arm-none-eabi/11.3.1/thumb/v7e-m+fp/hard\libc.a(libc_a-callocr.o)
 .data          0x20000048        0x0 i:/mcu/gnu_tools_for_arm/11.3_rel1/bin/../lib/gcc/arm-none-eabi/11.3.1/thumb/v7e-m+fp/hard\libc.a(libc_a-envlock.o)
 .data          0x20000048        0x0 i:/mcu/gnu_tools_for_arm/11.3_rel1/bin/../lib/gcc/arm-none-eabi/11.3.1/thumb/v7e-m+fp/hard\libc.a(libc_a-reallocr.o)
 .data          0x20000048        0x0 i:/mcu/gnu_tools_for_arm/11.3_rel1/bin/../lib/gcc/arm-none-eabi/11.3.1/thumb/v7e-m+fp/hard\libc.a(libc_a-wcsnrtombs.o)
 .data          0x20000048        0x0 i:/mcu/gnu_tools_for_arm/11.3_rel1/bin/../lib/gcc/arm-none-eabi/11.3.1/thumb/v7e-m+fp/hard\libc.a(libc_a-fiprintf.o)
 .data          0x20000048        0x0 i:/mcu/gnu_tools_for_arm/11.3_rel1/bin/../lib/gcc/arm-none-eabi/11.3.1/thumb/v7e-m+fp/hard\libc.a(libc_a-vfiprintf.o)
 .data          0x20000048        0x0 i:/mcu/gnu_tools_for_arm/11.3_rel1/bin/../lib/gcc/arm-none-eabi/11.3.1/thumb/v7e-m+fp/hard\libc.a(libc_a-fvwrite.o)
 .data          0x20000048        0x0 i:/mcu/gnu_tools_for_arm/11.3_rel1/bin/../lib/gcc/arm-none-eabi/11.3.1/thumb/v7e-m+fp/hard\libc.a(libc_a-wsetup.o)
 .data          0x20000048        0x0 i:/mcu/gnu_tools_for_arm/11.3_rel1/bin/../lib/gcc/arm-none-eabi/11.3.1/thumb/v7e-m+fp/hard\libc.a(libc_a-fputwc.o)
 .data          0x20000048        0x0 i:/mcu/gnu_tools_for_arm/11.3_rel1/bin/../lib/gcc/arm-none-eabi/11.3.1/thumb/v7e-m+fp/hard\libc.a(libc_a-abort.o)
 .data          0x20000048        0x0 i:/mcu/gnu_tools_for_arm/11.3_rel1/bin/../lib/gcc/arm-none-eabi/11.3.1/thumb/v7e-m+fp/hard\libc.a(libc_a-makebuf.o)
 .data          0x20000048        0x0 i:/mcu/gnu_tools_for_arm/11.3_rel1/bin/../lib/gcc/arm-none-eabi/11.3.1/thumb/v7e-m+fp/hard\libc.a(libc_a-wbuf.o)
 .data          0x20000048        0x0 i:/mcu/gnu_tools_for_arm/11.3_rel1/bin/../lib/gcc/arm-none-eabi/11.3.1/thumb/v7e-m+fp/hard\libc.a(libc_a-signal.o)
 .data          0x20000048        0x0 i:/mcu/gnu_tools_for_arm/11.3_rel1/bin/../lib/gcc/arm-none-eabi/11.3.1/thumb/v7e-m+fp/hard\libc.a(libc_a-fstatr.o)
 .data          0x20000048        0x0 i:/mcu/gnu_tools_for_arm/11.3_rel1/bin/../lib/gcc/arm-none-eabi/11.3.1/thumb/v7e-m+fp/hard\libc.a(libc_a-isattyr.o)
 .data          0x20000048        0x0 i:/mcu/gnu_tools_for_arm/11.3_rel1/bin/../lib/gcc/arm-none-eabi/11.3.1/thumb/v7e-m+fp/hard\libc.a(libc_a-signalr.o)
 .data          0x20000048        0x0 i:/mcu/gnu_tools_for_arm/11.3_rel1/bin/../lib/gcc/arm-none-eabi/11.3.1/thumb/v7e-m+fp/hard\libnosys.a(sbrk.o)
 .data          0x20000048        0x0 i:/mcu/gnu_tools_for_arm/11.3_rel1/bin/../lib/gcc/arm-none-eabi/11.3.1/thumb/v7e-m+fp/hard\libgcc.a(_arm_muldf3.o)
 .data          0x20000048        0x0 i:/mcu/gnu_tools_for_arm/11.3_rel1/bin/../lib/gcc/arm-none-eabi/11.3.1/thumb/v7e-m+fp/hard\libgcc.a(_arm_addsubdf3.o)
 .data          0x20000048        0x0 i:/mcu/gnu_tools_for_arm/11.3_rel1/bin/../lib/gcc/arm-none-eabi/11.3.1/thumb/v7e-m+fp/hard\libgcc.a(_arm_muldivdf3.o)
 .data          0x20000048        0x0 i:/mcu/gnu_tools_for_arm/11.3_rel1/bin/../lib/gcc/arm-none-eabi/11.3.1/thumb/v7e-m+fp/hard\libgcc.a(_arm_cmpdf2.o)
 .data          0x20000048        0x0 i:/mcu/gnu_tools_for_arm/11.3_rel1/bin/../lib/gcc/arm-none-eabi/11.3.1/thumb/v7e-m+fp/hard\libgcc.a(_arm_unorddf2.o)
 .data          0x20000048        0x0 i:/mcu/gnu_tools_for_arm/11.3_rel1/bin/../lib/gcc/arm-none-eabi/11.3.1/thumb/v7e-m+fp/hard\libgcc.a(_arm_fixdfsi.o)
 .data          0x20000048        0x0 i:/mcu/gnu_tools_for_arm/11.3_rel1/bin/../lib/gcc/arm-none-eabi/11.3.1/thumb/v7e-m+fp/hard/crtend.o
 .data          0x20000048        0x0 i:/mcu/gnu_tools_for_arm/11.3_rel1/bin/../lib/gcc/arm-none-eabi/11.3.1/thumb/v7e-m+fp/hard/crtn.o
 *(.data*)
 .data.__dso_handle
                0x20000048        0x4 i:/mcu/gnu_tools_for_arm/11.3_rel1/bin/../lib/gcc/arm-none-eabi/11.3.1/thumb/v7e-m+fp/hard/crtbegin.o
                0x20000048                __dso_handle
 .data.__sglue  0x2000004c        0xc i:/mcu/gnu_tools_for_arm/11.3_rel1/bin/../lib/gcc/arm-none-eabi/11.3.1/thumb/v7e-m+fp/hard\libc.a(libc_a-findfp.o)
                0x2000004c                __sglue
 .data._impure_data
                0x20000058      0x120 i:/mcu/gnu_tools_for_arm/11.3_rel1/bin/../lib/gcc/arm-none-eabi/11.3.1/thumb/v7e-m+fp/hard\libc.a(libc_a-impure.o)
                0x20000058                _impure_data
 .data._impure_ptr
                0x20000178        0x4 i:/mcu/gnu_tools_for_arm/11.3_rel1/bin/../lib/gcc/arm-none-eabi/11.3.1/thumb/v7e-m+fp/hard\libc.a(libc_a-impure.o)
                0x20000178                _impure_ptr
 .data.__atexit_recursive_mutex
                0x2000017c        0x4 i:/mcu/gnu_tools_for_arm/11.3_rel1/bin/../lib/gcc/arm-none-eabi/11.3.1/thumb/v7e-m+fp/hard\libc.a(libc_a-__call_atexit.o)
                0x2000017c                __atexit_recursive_mutex
 .data.__malloc_av_
                0x20000180      0x408 i:/mcu/gnu_tools_for_arm/11.3_rel1/bin/../lib/gcc/arm-none-eabi/11.3.1/thumb/v7e-m+fp/hard\libc.a(libc_a-mallocr.o)
                0x20000180                __malloc_av_
 .data.__malloc_sbrk_base
                0x20000588        0x4 i:/mcu/gnu_tools_for_arm/11.3_rel1/bin/../lib/gcc/arm-none-eabi/11.3.1/thumb/v7e-m+fp/hard\libc.a(libc_a-mallocr.o)
                0x20000588                __malloc_sbrk_base
 .data.__malloc_trim_threshold
                0x2000058c        0x4 i:/mcu/gnu_tools_for_arm/11.3_rel1/bin/../lib/gcc/arm-none-eabi/11.3.1/thumb/v7e-m+fp/hard\libc.a(libc_a-mallocr.o)
                0x2000058c                __malloc_trim_threshold
 .data.__default_locale
                0x20000590       0x20 i:/mcu/gnu_tools_for_arm/11.3_rel1/bin/../lib/gcc/arm-none-eabi/11.3.1/thumb/v7e-m+fp/hard\libc.a(libc_a-locale.o)
                0x20000590                __default_locale
 .data.__global_locale
                0x200005b0      0x16c i:/mcu/gnu_tools_for_arm/11.3_rel1/bin/../lib/gcc/arm-none-eabi/11.3.1/thumb/v7e-m+fp/hard\libc.a(libc_a-locale.o)
                0x200005b0                __global_locale
                0x2000071c                . = ALIGN (0x4)
                0x2000071c                __data_end__ = .

.tm_clone_table
                0x2000071c        0x0 load address 0x0000fc10
 .tm_clone_table
                0x2000071c        0x0 i:/mcu/gnu_tools_for_arm/11.3_rel1/bin/../lib/gcc/arm-none-eabi/11.3.1/thumb/v7e-m+fp/hard/crtbegin.o
 .tm_clone_table
                0x2000071c        0x0 i:/mcu/gnu_tools_for_arm/11.3_rel1/bin/../lib/gcc/arm-none-eabi/11.3.1/thumb/v7e-m+fp/hard/crtend.o

.igot.plt       0x2000071c        0x0 load address 0x0000fc10
 .igot.plt      0x2000071c        0x0 i:/mcu/gnu_tools_for_arm/11.3_rel1/bin/../lib/gcc/arm-none-eabi/11.3.1/thumb/v7e-m+fp/hard/crtbegin.o

vtable          0x20000800       0xe8 load address 0x0000fc10
 vtable         0x20000800       0xe8 build/interrupt.o

.bss            0x20000900      0x548
                0x20000900                __bss_start__ = .
 *(.shbss)
 *(.bss)
 .bss           0x20000900        0x0 i:/mcu/gnu_tools_for_arm/11.3_rel1/bin/../lib/gcc/arm-none-eabi/11.3.1/thumb/v7e-m+fp/hard/crti.o
 .bss           0x20000900        0x0 i:/mcu/gnu_tools_for_arm/11.3_rel1/bin/../lib/gcc/arm-none-eabi/11.3.1/thumb/v7e-m+fp/hard/crtbegin.o
 .bss           0x20000900        0x0 i:/mcu/gnu_tools_for_arm/11.3_rel1/bin/../lib/gcc/arm-none-eabi/11.3.1/thumb/v7e-m+fp/hard/crt0.o
 .bss           0x20000900        0x0 build/main.o
 .bss           0x20000900        0x0 build/cpu.o
 .bss           0x20000900        0x8 build/cs.o
 .bss           0x20000908        0x0 build/flash.o
 .bss           0x20000908        0x0 build/fpu.o
 .bss           0x20000908        0x0 build/gpio.o
 .bss           0x20000908        0x0 build/interrupt.o
 .bss           0x20000908        0x0 build/mpu.o
 .bss           0x20000908        0x0 build/pcm.o
 .bss           0x20000908        0x0 build/pss.o
 .bss           0x20000908        0x0 build/ref_a.o
 .bss           0x20000908        0x0 build/reset.o
 .bss           0x20000908        0x0 build/rtc_c.o
 .bss           0x20000908        0x0 build/sysctl.o
 .bss           0x20000908        0x0 build/systick.o
 .bss           0x20000908        0x0 build/uart.o
 .bss           0x20000908        0x0 build/wdt_a.o
 .bss           0x20000908        0x0 build/startup_msp432p401r_gcc.o
 .bss           0x20000908        0x0 build/system_msp432p401r.o
 .bss           0x20000908        0x0 build/user_periph.o
 .bss           0x20000908        0x4 build/syscalls.o
                0x20000908                __env
 .bss           0x2000090c       0x18 build/user_uart.o
 *fill*         0x20000924       0xdc 
 .bss           0x20000a00      0x100 build/user_dma.o
                0x20000a00                data_control_structure
 .bss           0x20000b00       0x14 build/iic_bus.o
                0x20000b00                user_iic
 .bss           0x20000b14        0x0 i:/mcu/gnu_tools_for_arm/11.3_rel1/bin/../lib/gcc/arm-none-eabi/11.3.1/thumb/v7e-m+fp/hard\libc.a(libc_a-exit.o)
 .bss           0x20000b14        0x0 i:/mcu/gnu_tools_for_arm/11.3_rel1/bin/../lib/gcc/arm-none-eabi/11.3.1/thumb/v7e-m+fp/hard\libc.a(libc_a-findfp.o)
 .bss           0x20000b14        0x0 i:/mcu/gnu_tools_for_arm/11.3_rel1/bin/../lib/gcc/arm-none-eabi/11.3.1/thumb/v7e-m+fp/hard\libc.a(libc_a-fwalk.o)
 .bss           0x20000b14        0x0 i:/mcu/gnu_tools_for_arm/11.3_rel1/bin/../lib/gcc/arm-none-eabi/11.3.1/thumb/v7e-m+fp/hard\libc.a(libc_a-sprintf.o)
 .bss           0x20000b14        0x0 i:/mcu/gnu_tools_for_arm/11.3_rel1/bin/../lib/gcc/arm-none-eabi/11.3.1/thumb/v7e-m+fp/hard\libc.a(libc_a-stdio.o)
 .bss           0x20000b14        0x0 i:/mcu/gnu_tools_for_arm/11.3_rel1/bin/../lib/gcc/arm-none-eabi/11.3.1/thumb/v7e-m+fp/hard\libc.a(libc_a-memset.o)
 .bss           0x20000b14        0x0 i:/mcu/gnu_tools_for_arm/11.3_rel1/bin/../lib/gcc/arm-none-eabi/11.3.1/thumb/v7e-m+fp/hard\libc.a(libc_a-closer.o)
 .bss           0x20000b14        0x0 i:/mcu/gnu_tools_for_arm/11.3_rel1/bin/../lib/gcc/arm-none-eabi/11.3.1/thumb/v7e-m+fp/hard\libc.a(libc_a-reent.o)
 .bss           0x20000b14        0x0 i:/mcu/gnu_tools_for_arm/11.3_rel1/bin/../lib/gcc/arm-none-eabi/11.3.1/thumb/v7e-m+fp/hard\libc.a(libc_a-impure.o)
 .bss           0x20000b14        0x0 i:/mcu/gnu_tools_for_arm/11.3_rel1/bin/../lib/gcc/arm-none-eabi/11.3.1/thumb/v7e-m+fp/hard\libc.a(libc_a-lseekr.o)
 .bss           0x20000b14        0x0 i:/mcu/gnu_tools_for_arm/11.3_rel1/bin/../lib/gcc/arm-none-eabi/11.3.1/thumb/v7e-m+fp/hard\libc.a(libc_a-readr.o)
 .bss           0x20000b14        0x0 i:/mcu/gnu_tools_for_arm/11.3_rel1/bin/../lib/gcc/arm-none-eabi/11.3.1/thumb/v7e-m+fp/hard\libc.a(libc_a-writer.o)
 .bss           0x20000b14        0x0 i:/mcu/gnu_tools_for_arm/11.3_rel1/bin/../lib/gcc/arm-none-eabi/11.3.1/thumb/v7e-m+fp/hard\libc.a(libc_a-errno.o)
 .bss           0x20000b14        0x0 i:/mcu/gnu_tools_for_arm/11.3_rel1/bin/../lib/gcc/arm-none-eabi/11.3.1/thumb/v7e-m+fp/hard\libc.a(libc_a-init.o)
 .bss           0x20000b14        0x0 i:/mcu/gnu_tools_for_arm/11.3_rel1/bin/../lib/gcc/arm-none-eabi/11.3.1/thumb/v7e-m+fp/hard\libc.a(libc_a-lock.o)
 .bss           0x20000b14        0x0 i:/mcu/gnu_tools_for_arm/11.3_rel1/bin/../lib/gcc/arm-none-eabi/11.3.1/thumb/v7e-m+fp/hard\libc.a(libc_a-__call_atexit.o)
 .bss           0x20000b14        0x0 i:/mcu/gnu_tools_for_arm/11.3_rel1/bin/../lib/gcc/arm-none-eabi/11.3.1/thumb/v7e-m+fp/hard\libc.a(libc_a-atexit.o)
 .bss           0x20000b14        0x0 i:/mcu/gnu_tools_for_arm/11.3_rel1/bin/../lib/gcc/arm-none-eabi/11.3.1/thumb/v7e-m+fp/hard\libc.a(libc_a-freer.o)
 .bss           0x20000b14        0x0 i:/mcu/gnu_tools_for_arm/11.3_rel1/bin/../lib/gcc/arm-none-eabi/11.3.1/thumb/v7e-m+fp/hard\libc.a(libc_a-mallocr.o)
 .bss           0x20000b14        0x0 i:/mcu/gnu_tools_for_arm/11.3_rel1/bin/../lib/gcc/arm-none-eabi/11.3.1/thumb/v7e-m+fp/hard\libc.a(libc_a-mlock.o)
 .bss           0x20000b14        0x0 i:/mcu/gnu_tools_for_arm/11.3_rel1/bin/../lib/gcc/arm-none-eabi/11.3.1/thumb/v7e-m+fp/hard\libc.a(libc_a-svfprintf.o)
 .bss           0x20000b14        0x0 i:/mcu/gnu_tools_for_arm/11.3_rel1/bin/../lib/gcc/arm-none-eabi/11.3.1/thumb/v7e-m+fp/hard\libc.a(libc_a-fclose.o)
 .bss           0x20000b14        0x0 i:/mcu/gnu_tools_for_arm/11.3_rel1/bin/../lib/gcc/arm-none-eabi/11.3.1/thumb/v7e-m+fp/hard\libc.a(libc_a-fflush.o)
 .bss           0x20000b14        0x0 i:/mcu/gnu_tools_for_arm/11.3_rel1/bin/../lib/gcc/arm-none-eabi/11.3.1/thumb/v7e-m+fp/hard\libc.a(libc_a-strncpy.o)
 .bss           0x20000b14        0x0 i:/mcu/gnu_tools_for_arm/11.3_rel1/bin/../lib/gcc/arm-none-eabi/11.3.1/thumb/v7e-m+fp/hard\libc.a(libc_a-locale.o)
 .bss           0x20000b14        0x0 i:/mcu/gnu_tools_for_arm/11.3_rel1/bin/../lib/gcc/arm-none-eabi/11.3.1/thumb/v7e-m+fp/hard\libc.a(libc_a-localeconv.o)
 .bss           0x20000b14        0x0 i:/mcu/gnu_tools_for_arm/11.3_rel1/bin/../lib/gcc/arm-none-eabi/11.3.1/thumb/v7e-m+fp/hard\libc.a(libc_a-sbrkr.o)
 .bss           0x20000b14        0x0 i:/mcu/gnu_tools_for_arm/11.3_rel1/bin/../lib/gcc/arm-none-eabi/11.3.1/thumb/v7e-m+fp/hard\libc.a(libc_a-fini.o)
 .bss           0x20000b14        0x0 i:/mcu/gnu_tools_for_arm/11.3_rel1/bin/../lib/gcc/arm-none-eabi/11.3.1/thumb/v7e-m+fp/hard\libc.a(libc_a-strcmp.o)
 .bss           0x20000b14        0x0 i:/mcu/gnu_tools_for_arm/11.3_rel1/bin/../lib/gcc/arm-none-eabi/11.3.1/thumb/v7e-m+fp/hard\libc.a(libc_a-strcpy.o)
 .bss           0x20000b14        0x0 i:/mcu/gnu_tools_for_arm/11.3_rel1/bin/../lib/gcc/arm-none-eabi/11.3.1/thumb/v7e-m+fp/hard\libc.a(libc_a-memchr.o)
 .bss           0x20000b14        0x0 i:/mcu/gnu_tools_for_arm/11.3_rel1/bin/../lib/gcc/arm-none-eabi/11.3.1/thumb/v7e-m+fp/hard\libc.a(libc_a-strlen.o)
 .bss           0x20000b14        0x0 i:/mcu/gnu_tools_for_arm/11.3_rel1/bin/../lib/gcc/arm-none-eabi/11.3.1/thumb/v7e-m+fp/hard\libc.a(libm_a-s_frexp.o)
 .bss           0x20000b14        0x0 i:/mcu/gnu_tools_for_arm/11.3_rel1/bin/../lib/gcc/arm-none-eabi/11.3.1/thumb/v7e-m+fp/hard\libc.a(libc_a-__atexit.o)
 .bss           0x20000b14        0x0 i:/mcu/gnu_tools_for_arm/11.3_rel1/bin/../lib/gcc/arm-none-eabi/11.3.1/thumb/v7e-m+fp/hard\libc.a(libc_a-dtoa.o)
 .bss           0x20000b14        0x0 i:/mcu/gnu_tools_for_arm/11.3_rel1/bin/../lib/gcc/arm-none-eabi/11.3.1/thumb/v7e-m+fp/hard\libc.a(libc_a-getenv_r.o)
 .bss           0x20000b14        0x0 i:/mcu/gnu_tools_for_arm/11.3_rel1/bin/../lib/gcc/arm-none-eabi/11.3.1/thumb/v7e-m+fp/hard\libc.a(libc_a-mbtowc_r.o)
 .bss           0x20000b14        0x0 i:/mcu/gnu_tools_for_arm/11.3_rel1/bin/../lib/gcc/arm-none-eabi/11.3.1/thumb/v7e-m+fp/hard\libc.a(libc_a-mprec.o)
 .bss           0x20000b14        0x0 i:/mcu/gnu_tools_for_arm/11.3_rel1/bin/../lib/gcc/arm-none-eabi/11.3.1/thumb/v7e-m+fp/hard\libc.a(libc_a-strtol.o)
 .bss           0x20000b14        0x0 i:/mcu/gnu_tools_for_arm/11.3_rel1/bin/../lib/gcc/arm-none-eabi/11.3.1/thumb/v7e-m+fp/hard\libc.a(libc_a-wctomb_r.o)
 .bss           0x20000b14        0x0 i:/mcu/gnu_tools_for_arm/11.3_rel1/bin/../lib/gcc/arm-none-eabi/11.3.1/thumb/v7e-m+fp/hard\libc.a(libc_a-wcrtomb.o)