Archive member included to satisfy reference by file (symbol)

/usr/local/arm/GNU_Tools_for_ARM/bin/../lib/gcc/arm-none-eabi/11.3.1/../../../../arm-none-eabi/lib/thumb/v7e-m+fp/hard/libc.a(libc_a-exit.o)
                              /usr/local/arm/GNU_Tools_for_ARM/bin/../lib/gcc/arm-none-eabi/11.3.1/../../../../arm-none-eabi/lib/thumb/v7e-m+fp/hard/crt0.o (exit)
/usr/local/arm/GNU_Tools_for_ARM/bin/../lib/gcc/arm-none-eabi/11.3.1/../../../../arm-none-eabi/lib/thumb/v7e-m+fp/hard/libc.a(libc_a-errno.o)
                              build/syscalls.o (__errno)
/usr/local/arm/GNU_Tools_for_ARM/bin/../lib/gcc/arm-none-eabi/11.3.1/../../../../arm-none-eabi/lib/thumb/v7e-m+fp/hard/libc.a(libc_a-__call_atexit.o)
                              /usr/local/arm/GNU_Tools_for_ARM/bin/../lib/gcc/arm-none-eabi/11.3.1/../../../../arm-none-eabi/lib/thumb/v7e-m+fp/hard/libc.a(libc_a-exit.o) (__call_exitprocs)
/usr/local/arm/GNU_Tools_for_ARM/bin/../lib/gcc/arm-none-eabi/11.3.1/../../../../arm-none-eabi/lib/thumb/v7e-m+fp/hard/libc.a(libc_a-memset.o)
                              /usr/local/arm/GNU_Tools_for_ARM/bin/../lib/gcc/arm-none-eabi/11.3.1/../../../../arm-none-eabi/lib/thumb/v7e-m+fp/hard/crt0.o (memset)
/usr/local/arm/GNU_Tools_for_ARM/bin/../lib/gcc/arm-none-eabi/11.3.1/../../../../arm-none-eabi/lib/thumb/v7e-m+fp/hard/libc.a(libc_a-init.o)
                              /usr/local/arm/GNU_Tools_for_ARM/bin/../lib/gcc/arm-none-eabi/11.3.1/../../../../arm-none-eabi/lib/thumb/v7e-m+fp/hard/crt0.o (__libc_init_array)
/usr/local/arm/GNU_Tools_for_ARM/bin/../lib/gcc/arm-none-eabi/11.3.1/../../../../arm-none-eabi/lib/thumb/v7e-m+fp/hard/libc.a(libc_a-fini.o)
                              /usr/local/arm/GNU_Tools_for_ARM/bin/../lib/gcc/arm-none-eabi/11.3.1/../../../../arm-none-eabi/lib/thumb/v7e-m+fp/hard/libc.a(libc_a-__call_atexit.o) (__libc_fini_array)
/usr/local/arm/GNU_Tools_for_ARM/bin/../lib/gcc/arm-none-eabi/11.3.1/../../../../arm-none-eabi/lib/thumb/v7e-m+fp/hard/libc.a(libc_a-lock.o)
                              /usr/local/arm/GNU_Tools_for_ARM/bin/../lib/gcc/arm-none-eabi/11.3.1/../../../../arm-none-eabi/lib/thumb/v7e-m+fp/hard/libc.a(libc_a-__call_atexit.o) (__retarget_lock_acquire_recursive)
/usr/local/arm/GNU_Tools_for_ARM/bin/../lib/gcc/arm-none-eabi/11.3.1/../../../../arm-none-eabi/lib/thumb/v7e-m+fp/hard/libc.a(libc_a-atexit.o)
                              /usr/local/arm/GNU_Tools_for_ARM/bin/../lib/gcc/arm-none-eabi/11.3.1/../../../../arm-none-eabi/lib/thumb/v7e-m+fp/hard/libc.a(libc_a-__call_atexit.o) (atexit)
/usr/local/arm/GNU_Tools_for_ARM/bin/../lib/gcc/arm-none-eabi/11.3.1/../../../../arm-none-eabi/lib/thumb/v7e-m+fp/hard/libc.a(libc_a-impure.o)
                              /usr/local/arm/GNU_Tools_for_ARM/bin/../lib/gcc/arm-none-eabi/11.3.1/../../../../arm-none-eabi/lib/thumb/v7e-m+fp/hard/libc.a(libc_a-errno.o) (_impure_ptr)
/usr/local/arm/GNU_Tools_for_ARM/bin/../lib/gcc/arm-none-eabi/11.3.1/../../../../arm-none-eabi/lib/thumb/v7e-m+fp/hard/libc.a(libc_a-findfp.o)
                              /usr/local/arm/GNU_Tools_for_ARM/bin/../lib/gcc/arm-none-eabi/11.3.1/../../../../arm-none-eabi/lib/thumb/v7e-m+fp/hard/libc.a(libc_a-impure.o) (__sf)
/usr/local/arm/GNU_Tools_for_ARM/bin/../lib/gcc/arm-none-eabi/11.3.1/../../../../arm-none-eabi/lib/thumb/v7e-m+fp/hard/libc.a(libc_a-stdio.o)
                              /usr/local/arm/GNU_Tools_for_ARM/bin/../lib/gcc/arm-none-eabi/11.3.1/../../../../arm-none-eabi/lib/thumb/v7e-m+fp/hard/libc.a(libc_a-findfp.o) (__sread)
/usr/local/arm/GNU_Tools_for_ARM/bin/../lib/gcc/arm-none-eabi/11.3.1/../../../../arm-none-eabi/lib/thumb/v7e-m+fp/hard/libc.a(libc_a-fwalk.o)
                              /usr/local/arm/GNU_Tools_for_ARM/bin/../lib/gcc/arm-none-eabi/11.3.1/../../../../arm-none-eabi/lib/thumb/v7e-m+fp/hard/libc.a(libc_a-findfp.o) (_fwalk_sglue)
/usr/local/arm/GNU_Tools_for_ARM/bin/../lib/gcc/arm-none-eabi/11.3.1/../../../../arm-none-eabi/lib/thumb/v7e-m+fp/hard/libc.a(libc_a-writer.o)
                              /usr/local/arm/GNU_Tools_for_ARM/bin/../lib/gcc/arm-none-eabi/11.3.1/../../../../arm-none-eabi/lib/thumb/v7e-m+fp/hard/libc.a(libc_a-stdio.o) (_write_r)
/usr/local/arm/GNU_Tools_for_ARM/bin/../lib/gcc/arm-none-eabi/11.3.1/../../../../arm-none-eabi/lib/thumb/v7e-m+fp/hard/libc.a(libc_a-__atexit.o)
                              /usr/local/arm/GNU_Tools_for_ARM/bin/../lib/gcc/arm-none-eabi/11.3.1/../../../../arm-none-eabi/lib/thumb/v7e-m+fp/hard/libc.a(libc_a-atexit.o) (__register_exitproc)
/usr/local/arm/GNU_Tools_for_ARM/bin/../lib/gcc/arm-none-eabi/11.3.1/../../../../arm-none-eabi/lib/thumb/v7e-m+fp/hard/libc.a(libc_a-mallocr.o)
                              /usr/local/arm/GNU_Tools_for_ARM/bin/../lib/gcc/arm-none-eabi/11.3.1/../../../../arm-none-eabi/lib/thumb/v7e-m+fp/hard/libc.a(libc_a-findfp.o) (_malloc_r)
[...]
Memory Configuration

Name             Origin             Length             Attributes
MAIN_FLASH       0x0000000000000000 0x0000000000040000 xr
INFO_FLASH       0x0000000000200000 0x0000000000004000 xr
SRAM_CODE        0x0000000001000000 0x0000000000010000 xrw
SRAM_DATA        0x0000000020000000 0x0000000000010000 rw
*default*        0x0000000000000000 0xffffffffffffffff

Linker script and memory map

LOAD /usr/local/arm/GNU_Tools_for_ARM/bin/../lib/gcc/arm-none-eabi/11.3.1/thumb/v7e-m+fp/hard/crti.o
LOAD /usr/local/arm/GNU_Tools_for_ARM/bin/../lib/gcc/arm-none-eabi/11.3.1/thumb/v7e-m+fp/hard/crtbegin.o
LOAD /usr/local/arm/GNU_Tools_for_ARM/bin/../lib/gcc/arm-none-eabi/11.3.1/../../../../arm-none-eabi/lib/thumb/v7e-m+fp/hard/crt0.o
LOAD build/main.o
LOAD build/adc14.o
LOAD build/aes256.o
LOAD build/comp_e.o
LOAD build/cpu.o
LOAD build/crc32.o
LOAD build/cs.o
LOAD build/dma.o
LOAD build/flash.o
LOAD build/fpu.o
LOAD build/gpio.o
LOAD build/i2c.o
LOAD build/interrupt.o
LOAD build/mpu.o
LOAD build/pcm.o
LOAD build/pmap.o
LOAD build/pss.o
LOAD build/ref_a.o
LOAD build/reset.o
LOAD build/rtc_c.o
LOAD build/spi.o
LOAD build/sysctl.o
LOAD build/systick.o
LOAD build/timer32.o
LOAD build/timer_a.o
LOAD build/uart.o
LOAD build/wdt_a.o
LOAD build/startup_msp432p401r_gcc.o
LOAD build/system_msp432p401r.o
LOAD build/syscalls.o
LOAD build/iic_bus.o
LOAD build/mpu6050.o
LOAD /usr/local/arm/GNU_Tools_for_ARM/bin/../lib/gcc/arm-none-eabi/11.3.1/../../../../arm-none-eabi/lib/thumb/v7e-m+fp/hard/libc.a
LOAD /usr/local/arm/GNU_Tools_for_ARM/bin/../lib/gcc/arm-none-eabi/11.3.1/../../../../arm-none-eabi/lib/thumb/v7e-m+fp/hard/libm.a
LOAD /usr/local/arm/GNU_Tools_for_ARM/bin/../lib/gcc/arm-none-eabi/11.3.1/../../../../arm-none-eabi/lib/thumb/v7e-m+fp/hard/libnosys.a
START GROUP
LOAD /usr/local/arm/GNU_Tools_for_ARM/bin/../lib/gcc/arm-none-eabi/11.3.1/thumb/v7e-m+fp/hard/libgcc.a
LOAD /usr/local/arm/GNU_Tools_for_ARM/bin/../lib/gcc/arm-none-eabi/11.3.1/../../../../arm-none-eabi/lib/thumb/v7e-m+fp/hard/libc.a
END GROUP
START GROUP
LOAD /usr/local/arm/GNU_Tools_for_ARM/bin/../lib/gcc/arm-none-eabi/11.3.1/thumb/v7e-m+fp/hard/libgcc.a
LOAD /usr/local/arm/GNU_Tools_for_ARM/bin/../lib/gcc/arm-none-eabi/11.3.1/../../../../arm-none-eabi/lib/thumb/v7e-m+fp/hard/libc.a
LOAD /usr/local/arm/GNU_Tools_for_ARM/bin/../lib/gcc/arm-none-eabi/11.3.1/../../../../arm-none-eabi/lib/thumb/v7e-m+fp/hard/libnosys.a
END GROUP
LOAD /usr/local/arm/GNU_Tools_for_ARM/bin/../lib/gcc/arm-none-eabi/11.3.1/thumb/v7e-m+fp/hard/crtend.o
LOAD /usr/local/arm/GNU_Tools_for_ARM/bin/../lib/gcc/arm-none-eabi/11.3.1/thumb/v7e-m+fp/hard/crtn.o
                0x0000000000000000                PROVIDE (_intvecs_base_address = DEFINED (_intvecs_base_address)?_intvecs_base_address:0x0)

.intvecs        0x0000000000000000       0xe4
 *(.intvecs)
 .intvecs       0x0000000000000000       0xe4 build/startup_msp432p401r_gcc.o
                0x0000000000000000                interruptVectors
                0x0000000000200000                PROVIDE (_mailbox_base_address = 0x200000)

.flashMailbox
 *(.flashMailbox)
                0x0000000000201000                PROVIDE (_tlv_base_address = 0x201000)

.tlvTable
 *(.tlvTable)
                0x0000000000202000                PROVIDE (_bsl_base_address = 0x202000)

.bslArea
 *(.bslArea)
                0x0000000020000000                PROVIDE (_vtable_base_address = DEFINED (_vtable_base_address)?_vtable_base_address:0x20000000)

.vtable
 *(.vtable)

.text           0x00000000000000e4     0xbed0
 CREATE_OBJECT_SYMBOLS
 *(.text)
 .text          0x00000000000000e4        0x0 /usr/local/arm/GNU_Tools_for_ARM/bin/../lib/gcc/arm-none-eabi/11.3.1/thumb/v7e-m+fp/hard/crti.o
 .text          0x00000000000000e4        0x0 /usr/local/arm/GNU_Tools_for_ARM/bin/../lib/gcc/arm-none-eabi/11.3.1/thumb/v7e-m+fp/hard/crtbegin.o
 .text          0x00000000000000e4       0x7c /usr/local/arm/GNU_Tools_for_ARM/bin/../lib/gcc/arm-none-eabi/11.3.1/../../../../arm-none-eabi/lib/thumb/v7e-m+fp/hard/crt0.o
                0x00000000000000e4                _stack_init
                0x00000000000000ec                _mainCRTStartup
                0x00000000000000ec                _start
 .text          0x0000000000000160       0x10 build/main.o
                0x0000000000000160                main
 .text          0x0000000000000170      0xd8c build/adc14.o
                0x00000000000004b8                ADC14_enableModule
                0x00000000000004d0                ADC14_disableModule
                0x00000000000004f4                ADC14_enableSampleTimer
                0x0000000000000538                ADC14_disableSampleTimer
                0x000000000000055c                ADC14_initModule
                0x00000000000005b4                ADC14_setResolution
                0x00000000000005dc                ADC14_getResolution
                0x00000000000005f8                ADC14_setSampleHoldTrigger
                0x000000000000064c                ADC14_setSampleHoldTime
                0x0000000000000688                ADC14_configureMultiSequenceMode
                0x000000000000074c                ADC14_configureSingleSampleMode
                0x00000000000007b8                ADC14_enableConversion
                0x00000000000007f0                ADC14_toggleConversionTrigger
                0x0000000000000830                ADC14_disableConversion
                0x0000000000000850                ADC14_isBusy
                0x0000000000000874                ADC14_configureConversionMemory
                0x0000000000000930                ADC14_enableComparatorWindow
                0x00000000000009d8                ADC14_disableComparatorWindow
                0x0000000000000a4c                ADC14_setComparatorWindowValue
                0x0000000000000af8                ADC14_setResultFormat
                0x0000000000000b38                ADC14_getResult
                0x0000000000000b6c                ADC14_getMultiSequenceResult
                0x0000000000000bd0                ADC14_getResultArray
                0x0000000000000c6c                ADC14_enableReferenceBurst
                0x0000000000000c90                ADC14_disableReferenceBurst
                0x0000000000000cb4                ADC14_setPowerMode
                0x0000000000000d0c                ADC14_enableInterrupt
                0x0000000000000d60                ADC14_disableInterrupt
                0x0000000000000db8                ADC14_getInterruptStatus
                0x0000000000000e10                ADC14_getEnabledInterruptStatus
                0x0000000000000e74                ADC14_clearInterruptFlag
                0x0000000000000ec8                ADC14_registerInterrupt
                0x0000000000000ee6                ADC14_unregisterInterrupt
 .text          0x0000000000000efc      0x708 build/aes256.o
                0x0000000000000efc                AES256_setCipherKey
                0x0000000000000fce                AES256_encryptData
                0x000000000000109c                AES256_decryptData
                0x0000000000001168                AES256_setDecipherKey
                0x000000000000124c                AES256_clearInterruptFlag
                0x0000000000001274                AES256_getInterruptFlagStatus
                0x000000000000129c                AES256_enableInterrupt
                0x00000000000012c2                AES256_disableInterrupt
                0x00000000000012e8                AES256_reset
                0x000000000000130e                AES256_startEncryptData
                0x0000000000001386                AES256_startDecryptData
                0x00000000000013fc                AES256_startSetDecipherKey
                0x00000000000014c8                AES256_getDataOut
                0x0000000000001534                AES256_isBusy
                0x0000000000001564                AES256_clearErrorFlag
                0x000000000000158a                AES256_getErrorFlagStatus
                0x00000000000015b0                AES256_registerInterrupt
                0x00000000000015d0                AES256_unregisterInterrupt
                0x00000000000015ec                AES256_getInterruptStatus
 .text          0x0000000000001604      0x6cc build/comp_e.o
                0x00000000000017b2                COMP_E_initModule
                0x00000000000018b2                COMP_E_setReferenceVoltage
                0x000000000000195e                COMP_E_setReferenceAccuracy
                0x00000000000019a4                COMP_E_setPowerMode
                0x00000000000019d2                COMP_E_enableModule
                0x00000000000019fa                COMP_E_disableModule
                0x0000000000001a22                COMP_E_shortInputs
                0x0000000000001a4a                COMP_E_unshortInputs
                0x0000000000001a72                COMP_E_disableInputBuffer
                0x0000000000001a9a                COMP_E_enableInputBuffer
                0x0000000000001ac6                COMP_E_swapIO
                0x0000000000001aea                COMP_E_outputValue
                0x0000000000001b0c                COMP_E_enableInterrupt
                0x0000000000001b34                COMP_E_getEnabledInterruptStatus
                0x0000000000001b54                COMP_E_disableInterrupt
                0x0000000000001b80                COMP_E_clearInterruptFlag
                0x0000000000001bac                COMP_E_getInterruptStatus
                0x0000000000001bca                COMP_E_setInterruptEdgeDirection
                0x0000000000001c16                COMP_E_toggleInterruptEdgeDirection
                0x0000000000001c3a                COMP_E_registerInterrupt
                0x0000000000001c88                COMP_E_unregisterInterrupt
 .text          0x0000000000001cd0       0x42 build/cpu.o
                0x0000000000001cd0                CPU_cpsid
                0x0000000000001cde                CPU_primask
                0x0000000000001cea                CPU_cpsie
                0x0000000000001cf8                CPU_wfi
                0x0000000000001cfe                CPU_basepriSet
                0x0000000000001d06                CPU_basepriGet
 *fill*         0x0000000000001d12        0x2 
 .text          0x0000000000001d14      0x1e8 build/crc32.o
                0x0000000000001d14                CRC32_setSeed
                0x0000000000001d52                CRC32_set8BitData
                0x0000000000001d84                CRC32_set16BitData
                0x0000000000001db4                CRC32_set32BitData
                0x0000000000001dde                CRC32_set8BitDataReversed
                0x0000000000001e14                CRC32_set16BitDataReversed
                0x0000000000001e44                CRC32_set32BitDataReversed
                0x0000000000001e70                CRC32_getResult
                0x0000000000001eb6                CRC32_getResultReversed
 .text          0x0000000000001efc      0xf84 build/cs.o
                0x0000000000002254                CS_setExternalClockSourceFrequency
                0x0000000000002280                CS_initClockSignal
                0x000000000000240c                CS_startHFXT
                0x000000000000242a                CS_startHFXTWithTimeout
                0x000000000000251c                CS_startLFXT
                0x0000000000002536                CS_startLFXTWithTimeout
                0x0000000000002620                CS_enableClockRequest
                0x0000000000002658                CS_disableClockRequest
                0x0000000000002690                CS_setReferenceOscillatorFrequency
                0x00000000000026c8                CS_enableDCOExternalResistor
                0x00000000000026f8                CS_setDCOExternalResistorCalibration
                0x000000000000278c                CS_disableDCOExternalResistor
                0x00000000000027bc                CS_setDCOCenteredFrequency
                0x00000000000027f8                CS_tuneDCOFrequency
                0x000000000000287c                CS_getDCOFrequency
                0x0000000000002994                CS_setDCOFrequency
                0x0000000000002b48                CS_getBCLK
                0x0000000000002b74                CS_getHSMCLK
                0x0000000000002ba8                CS_getACLK
                0x0000000000002bdc                CS_getSMCLK
                0x0000000000002c10                CS_getMCLK
                0x0000000000002c44                CS_enableFaultCounter
                0x0000000000002c8c                CS_disableFaultCounter
                0x0000000000002cd4                CS_resetFaultCounter
                0x0000000000002d1c                CS_startFaultCounter
                0x0000000000002d74                CS_enableInterrupt
                0x0000000000002dac                CS_disableInterrupt
                0x0000000000002de4                CS_getInterruptStatus
                0x0000000000002dfc                CS_getEnabledInterruptStatus
                0x0000000000002e14                CS_clearInterruptFlag
                0x0000000000002e4c                CS_registerInterrupt
                0x0000000000002e6a                CS_unregisterInterrupt
 .text          0x0000000000002e80      0xa20 build/dma.o
                0x0000000000002e80                DMA_enableModule
                0x0000000000002e98                DMA_disableModule
                0x0000000000002edc                DMA_getErrorStatus
                0x0000000000002ef4                DMA_clearErrorStatus
                0x0000000000002f0c                DMA_enableChannel
                0x0000000000002f34                DMA_disableChannel
                0x0000000000002f5c                DMA_isChannelEnabled
                0x0000000000002f90                DMA_setControlBase
                0x0000000000002fb0                DMA_getControlBase
                0x0000000000002fc8                DMA_getControlAlternateBase
                0x0000000000002fe0                DMA_requestChannel
                0x0000000000003008                DMA_enableChannelAttribute
                0x000000000000307c                DMA_disableChannelAttribute
                0x00000000000030f0                DMA_getChannelAttribute
                0x0000000000003180                DMA_setChannelControl
                0x00000000000031c8                DMA_setChannelTransfer
                0x00000000000032cc                DMA_setChannelScatterGather
                0x0000000000003360                DMA_getChannelSize
                0x00000000000033a8                DMA_getChannelMode
                0x00000000000033fc                DMA_assignChannel
                0x00000000000036c0                DMA_assignInterrupt
                0x0000000000003730                DMA_requestSoftwareTransfer
                0x000000000000375c                DMA_getInterruptStatus
                0x0000000000003774                DMA_clearInterruptFlag
                0x00000000000037a4                DMA_enableInterrupt
                0x0000000000003804                DMA_disableInterrupt
                0x0000000000003864                DMA_registerInterrupt
                0x0000000000003884                DMA_unregisterInterrupt
 .text          0x00000000000038a0     0x1af0 build/flash.o
                0x0000000000003bbe                FlashCtl_getMemoryInfo
                0x0000000000003fa4                FlashCtl_enableReadBuffering
                0x000000000000401c                FlashCtl_disableReadBuffering
                0x0000000000004094                FlashCtl_unprotectSector
                0x0000000000004138                FlashCtl_protectSector
                0x00000000000041c0                FlashCtl_isSectorProtected
                0x0000000000004254                FlashCtl_verifyMemory
                0x00000000000044fc                FlashCtl_setReadMode
                0x0000000000004580                FlashCtl_getReadMode
                0x00000000000045c0                FlashCtl_initiateMassErase
                0x00000000000045ec                FlashCtl_performMassErase
                0x00000000000047c4                FlashCtl_eraseSector
                0x0000000000004918                FlashCtl_initiateSectorErase
                0x00000000000049b8                FlashCtl_programMemory
                0x0000000000004b60                FlashCtl_setProgramVerification
                0x0000000000004bc4                FlashCtl_clearProgramVerification
                0x0000000000004c28                FlashCtl_enableWordProgramming
                0x0000000000004c6c                FlashCtl_disableWordProgramming
                0x0000000000004c84                FlashCtl_isWordProgrammingEnabled
                0x0000000000004cb8                FlashCtl_setWaitState
                0x0000000000004d04                FlashCtl_getWaitState
                0x0000000000004d44                FlashCtl_enableInterrupt
                0x0000000000004d6c                FlashCtl_disableInterrupt
                0x0000000000004d98                FlashCtl_getInterruptStatus
                0x0000000000004db0                FlashCtl_getEnabledInterruptStatus
                0x0000000000004dcc                FlashCtl_clearInterruptFlag
                0x0000000000004df4                FlashCtl_registerInterrupt
                0x0000000000004e12                FlashCtl_unregisterInterrupt
                0x0000000000004e26                __FlashCtl_remaskData8Post
                0x0000000000004eb8                __FlashCtl_remaskData8Pre
                0x0000000000004f50                __FlashCtl_remaskData32Post
                0x0000000000005030                __FlashCtl_remaskData32Pre
                0x0000000000005114                __FlashCtl_remaskBurstDataPre
                0x0000000000005258                __FlashCtl_remaskBurstDataPost
 .text          0x0000000000005390      0x14c build/fpu.o
                0x0000000000005390                FPU_enableModule
                0x00000000000053b4                FPU_disableModule
                0x00000000000053d8                FPU_enableStacking
                0x00000000000053fc                FPU_enableLazyStacking
                0x000000000000541c                FPU_disableStacking
                0x000000000000543c                FPU_setHalfPrecisionMode
                0x0000000000005464                FPU_setNaNMode
                0x000000000000548c                FPU_setFlushToZeroMode
                0x00000000000054b4                FPU_setRoundingMode
 .text          0x00000000000054dc      0x7e4 build/gpio.o
                0x00000000000054dc                GPIO_setAsOutputPin
                0x000000000000554c                GPIO_setAsInputPin
                0x00000000000055d8                GPIO_setAsPeripheralModuleFunctionOutputPin
                0x00000000000056c0                GPIO_setAsPeripheralModuleFunctionInputPin
                0x00000000000057ac                GPIO_setOutputHighOnPin
                0x00000000000057e8                GPIO_setOutputLowOnPin
                0x0000000000005828                GPIO_toggleOutputOnPin
                0x0000000000005864                GPIO_setAsInputPinWithPullDownResistor
                0x0000000000005908                GPIO_setAsInputPinWithPullUpResistor
                0x00000000000059a8                GPIO_getInputPinValue
                0x00000000000059e8                GPIO_enableInterrupt
                0x0000000000005a24                GPIO_disableInterrupt
                0x0000000000005a64                GPIO_getInterruptStatus
                0x0000000000005a98                GPIO_clearInterruptFlag
                0x0000000000005ad8                GPIO_interruptEdgeSelect
                0x0000000000005b38                GPIO_getEnabledInterruptStatus
                0x0000000000005be8                GPIO_setDriveStrengthHigh
                0x0000000000005c24                GPIO_setDriveStrengthLow
                0x0000000000005c64                GPIO_registerInterrupt
                0x0000000000005c94                GPIO_unregisterInterrupt
 .text          0x0000000000005cc0      0xdb0 build/i2c.o
                0x0000000000005cc0                I2C_initMaster
                0x0000000000005d46                I2C_initSlave
                0x0000000000005da2                I2C_enableModule
                0x0000000000005dc6                I2C_disableModule
                0x0000000000005dea                I2C_setSlaveAddress
                0x0000000000005e08                I2C_setMode
                0x0000000000005e36                I2C_setTimeout
                0x0000000000005e98                I2C_masterReceiveSingleByte
                0x0000000000005f32                I2C_slavePutData
                0x0000000000005f52                I2C_slaveGetData
                0x0000000000005f6e                I2C_isBusBusy
                0x0000000000005f96                I2C_masterSendSingleByte
                0x0000000000006056                I2C_masterSendSingleByteWithTimeout
                0x000000000000613c                I2C_masterSendMultiByteStart
                0x00000000000061cc                I2C_masterSendMultiByteStartWithTimeout
                0x0000000000006278                I2C_masterSendMultiByteNext
                0x00000000000062ca                I2C_masterSendMultiByteNextWithTimeout
                0x0000000000006336                I2C_masterSendMultiByteFinish
                0x00000000000063ea                I2C_masterSendMultiByteFinishWithTimeout
                0x00000000000064b4                I2C_masterSendMultiByteStop
                0x000000000000650c                I2C_masterSendMultiByteStopWithTimeout
                0x000000000000657e                I2C_masterReceiveStart
                0x00000000000065ac                I2C_masterReceiveMultiByteNext
                0x00000000000065c8                I2C_masterReceiveMultiByteFinish
                0x0000000000006626                I2C_masterReceiveMultiByteFinishWithTimeout
                0x00000000000066be                I2C_masterReceiveMultiByteStop
                0x00000000000066e4                I2C_masterReceiveSingle
                0x000000000000672e                I2C_getReceiveBufferAddressForDMA
                0x0000000000006746                I2C_getTransmitBufferAddressForDMA
                0x000000000000675e                I2C_masterIsStopSent
                0x0000000000006784                I2C_masterIsStartSent
                0x00000000000067b4                I2C_masterSendStart
                0x00000000000067da                I2C_enableMultiMasterMode
                0x0000000000006810                I2C_disableMultiMasterMode
                0x0000000000006846                I2C_enableInterrupt
                0x000000000000686e                I2C_disableInterrupt
                0x000000000000689a                I2C_clearInterruptFlag
                0x00000000000068c6                I2C_getInterruptStatus
                0x00000000000068ea                I2C_getEnabledInterruptStatus
                0x000000000000690a                I2C_getMode
                0x0000000000006928                I2C_registerInterrupt
                0x00000000000069bc                I2C_unregisterInterrupt
                0x0000000000006a48                I2C_slaveSendNAK
 .text          0x0000000000006a70      0x548 build/interrupt.o
                0x0000000000006a76                Interrupt_enableMaster
                0x0000000000006a8e                Interrupt_disableMaster
                0x0000000000006aa6                Interrupt_registerInterrupt
                0x0000000000006b0c                Interrupt_unregisterInterrupt
                0x0000000000006b34                Interrupt_setPriorityGrouping
                0x0000000000006b84                Interrupt_getPriorityGrouping
                0x0000000000006bd0                Interrupt_setPriority
                0x0000000000006c38                Interrupt_getPriority
                0x0000000000006c6c                Interrupt_enableInterrupt
                0x0000000000006d00                Interrupt_disableInterrupt
                0x0000000000006d94                Interrupt_isEnabled
                0x0000000000006e34                Interrupt_pendInterrupt
                0x0000000000006eb0                Interrupt_unpendInterrupt
                0x0000000000006f18                Interrupt_setPriorityMask
                0x0000000000006f32                Interrupt_getPriorityMask
                0x0000000000006f42                Interrupt_setVectorTableAddress
                0x0000000000006f60                Interrupt_getVectorTableAddress
                0x0000000000006f78                Interrupt_enableSleepOnIsrExit
                0x0000000000006f98                Interrupt_disableSleepOnIsrExit
 .text          0x0000000000006fb8      0x16c build/mpu.o
                0x0000000000006fb8                MPU_enableModule
                0x0000000000006fdc                MPU_disableModule
                0x0000000000006ffc                MPU_getRegionCount
                0x0000000000007018                MPU_enableRegion
                0x0000000000007044                MPU_disableRegion
                0x0000000000007070                MPU_setRegion
                0x00000000000070a8                MPU_getRegion
                0x00000000000070e0                MPU_registerInterrupt
                0x00000000000070f8                MPU_unregisterInterrupt
                0x0000000000007106                MPU_enableInterrupt
                0x0000000000007114                MPU_disableInterrupt
 .text          0x0000000000007124      0xb08 build/pcm.o
                0x0000000000007244                PCM_setCoreVoltageLevel
                0x0000000000007260                PCM_setCoreVoltageLevelWithTimeout
                0x000000000000727e                PCM_setCoreVoltageLevelNonBlocking
                0x000000000000729a                PCM_getPowerMode
                0x000000000000730a                PCM_getCoreVoltageLevel
                0x00000000000074fc                PCM_setPowerMode
                0x0000000000007518                PCM_setPowerModeNonBlocking
                0x0000000000007534                PCM_setPowerModeWithTimeout
                0x00000000000078e0                PCM_setPowerState
                0x00000000000078fc                PCM_setPowerStateWithTimeout
                0x000000000000791a                PCM_setPowerStateNonBlocking
                0x0000000000007936                PCM_shutdownDevice
                0x000000000000799c                PCM_gotoLPM4
                0x00000000000079b2                PCM_gotoLPM4InterruptSafe
                0x00000000000079d6                PCM_gotoLPM0
                0x0000000000007a08                PCM_gotoLPM0InterruptSafe
                0x0000000000007a2c                PCM_gotoLPM3
                0x0000000000007ac8                PCM_gotoLPM3InterruptSafe
                0x0000000000007aec                PCM_getPowerState
                0x0000000000007b0c                PCM_enableRudeMode
                0x0000000000007b30                PCM_disableRudeMode
                0x0000000000007b58                PCM_enableInterrupt
                0x0000000000007b7c                PCM_disableInterrupt
                0x0000000000007ba4                PCM_getInterruptStatus
                0x0000000000007bbc                PCM_getEnabledInterruptStatus
                0x0000000000007bd4                PCM_clearInterruptFlag
                0x0000000000007bf8                PCM_registerInterrupt
                0x0000000000007c16                PCM_unregisterInterrupt
 .text          0x0000000000007c2c       0x84 build/pmap.o
                0x0000000000007c2c                PMAP_configurePorts
 .text          0x0000000000007cb0      0x28c build/pss.o
                0x0000000000007ce4                PSS_enableForcedDCDCOperation
                0x0000000000007d00                PSS_disableForcedDCDCOperation
                0x0000000000007d1c                PSS_enableHighSidePinToggle
                0x0000000000007d64                PSS_disableHighSidePinToggle
                0x0000000000007d80                PSS_enableHighSide
                0x0000000000007d9c                PSS_disableHighSide
                0x0000000000007db8                PSS_setHighSidePerformanceMode
                0x0000000000007de8                PSS_getHighSidePerformanceMode
                0x0000000000007e0c                PSS_enableHighSideMonitor
                0x0000000000007e28                PSS_disableHighSideMonitor
                0x0000000000007e44                PSS_setHighSideVoltageTrigger
                0x0000000000007e80                PSS_getHighSideVoltageTrigger
                0x0000000000007e9c                PSS_enableInterrupt
                0x0000000000007eb8                PSS_disableInterrupt
                0x0000000000007ed4                PSS_getInterruptStatus
                0x0000000000007eec                PSS_clearInterruptFlag
                0x0000000000007f08                PSS_registerInterrupt
                0x0000000000007f26                PSS_unregisterInterrupt
 .text          0x0000000000007f3c      0x1c0 build/ref_a.o
                0x0000000000007f3c                REF_A_setReferenceVoltage
                0x0000000000007f6c                REF_A_disableTempSensor
                0x0000000000007f84                REF_A_enableTempSensor
                0x0000000000007f9c                REF_A_enableReferenceVoltageOutput
                0x0000000000007fb4                REF_A_disableReferenceVoltageOutput
                0x0000000000007fcc                REF_A_enableReferenceVoltage
                0x0000000000007fe4                REF_A_disableReferenceVoltage
                0x0000000000007ffc                REF_A_getBandgapMode
                0x0000000000008018                REF_A_isBandgapActive
                0x000000000000803c                REF_A_isRefGenBusy
                0x0000000000008060                REF_A_isRefGenActive
                0x0000000000008084                REF_A_getBufferedBandgapVoltageStatus
                0x00000000000080a8                REF_A_getVariableReferenceVoltageStatus
                0x00000000000080cc                REF_A_setReferenceVoltageOneTimeTrigger
                0x00000000000080e4                REF_A_setBufferedBandgapVoltageOneTimeTrigger
 .text          0x00000000000080fc      0x180 build/reset.o
                0x00000000000080fc                ResetCtl_initiateSoftReset
                0x0000000000008120                ResetCtl_initiateSoftResetWithSource
                0x0000000000008144                ResetCtl_getSoftResetSource
                0x000000000000815c                ResetCtl_clearSoftResetSource
                0x0000000000008180                ResetCtl_initiateHardReset
                0x00000000000081a4                ResetCtl_initiateHardResetWithSource
                0x00000000000081c8                ResetCtl_getHardResetSource
                0x00000000000081e0                ResetCtl_clearHardResetSource
                0x0000000000008204                ResetCtl_getPSSSource
                0x000000000000821c                ResetCtl_clearPSSFlags
                0x0000000000008240                ResetCtl_getPCMSource
                0x0000000000008258                ResetCtl_clearPCMFlags
 .text          0x000000000000827c      0x7d0 build/rtc_c.o
                0x000000000000827c                RTC_C_startClock
                0x00000000000082c0                RTC_C_holdClock
                0x0000000000008304                RTC_C_setCalibrationFrequency
                0x000000000000835c                RTC_C_setCalibrationData
                0x00000000000083ac                RTC_C_setTemperatureCompensation
                0x00000000000083fc                RTC_C_initCalendar
                0x00000000000084b0                RTC_C_getCalendarTime
                0x0000000000008540                RTC_C_setCalendarAlarm
                0x00000000000085a4                RTC_C_setCalendarEvent
                0x00000000000085fc                RTC_C_definePrescaleEvent
                0x000000000000866c                RTC_C_getPrescaleValue
                0x00000000000086a8                RTC_C_setPrescaleValue
                0x0000000000008728                RTC_C_convertBCDToBinary
                0x0000000000008750                RTC_C_convertBinaryToBCD
                0x0000000000008778                RTC_C_enableInterrupt
                0x00000000000087f8                RTC_C_disableInterrupt
                0x0000000000008884                RTC_C_getInterruptStatus
                0x0000000000008900                RTC_C_getEnabledInterruptStatus
                0x000000000000899c                RTC_C_clearInterruptFlag
                0x0000000000008a18                RTC_C_registerInterrupt
                0x0000000000008a36                RTC_C_unregisterInterrupt
 .text          0x0000000000008a4c      0xd14 build/spi.o
                0x0000000000008a98                SPI_initMaster
                0x0000000000008b96                SPI_selectFourPinFunctionality
                0x0000000000008bce                SPI_changeMasterClock
                0x0000000000008c04                SPI_initSlave
                0x0000000000008cc4                SPI_changeClockPhasePolarity
                0x0000000000008d06                SPI_transmitData
                0x0000000000008d3e                SPI_receiveData
                0x0000000000008d6c                SPI_enableModule
                0x0000000000008d96                SPI_disableModule
                0x0000000000008dc0                SPI_getReceiveBufferAddressForDMA
                0x0000000000008dee                SPI_getTransmitBufferAddressForDMA
                0x0000000000008e1c                SPI_isBusy
                0x0000000000008e4a                SPI_enableInterrupt
                0x0000000000008e82                SPI_disableInterrupt
                0x0000000000008eba                SPI_getInterruptStatus
                0x0000000000008ef8                SPI_getEnabledInterruptStatus
                0x0000000000008f3a                SPI_clearInterruptFlag
                0x0000000000008f72                SPI_registerInterrupt
                0x0000000000009098                SPI_unregisterInterrupt
                0x00000000000091ac                EUSCI_B_SPI_select4PinFunctionality
                0x00000000000091e0                EUSCI_B_SPI_masterChangeClock
                0x0000000000009226                EUSCI_B_SPI_slaveInit
                0x0000000000009292                EUSCI_B_SPI_changeClockPhasePolarity
                0x00000000000092f0                EUSCI_B_SPI_transmitData
                0x0000000000009310                EUSCI_B_SPI_receiveData
                0x000000000000932c                EUSCI_B_SPI_enableInterrupt
                0x0000000000009354                EUSCI_B_SPI_disableInterrupt
                0x0000000000009386                EUSCI_B_SPI_getInterruptStatus
                0x00000000000093ac                EUSCI_B_SPI_clearInterruptFlag
                0x00000000000093de                EUSCI_B_SPI_enable
                0x0000000000009402                EUSCI_B_SPI_disable
                0x0000000000009426                EUSCI_B_SPI_getReceiveBufferAddressForDMA
                0x000000000000943e                EUSCI_B_SPI_getTransmitBufferAddressForDMA
                0x0000000000009456                EUSCI_B_SPI_isBusy
                0x0000000000009486                EUSCI_A_SPI_select4PinFunctionality
                0x00000000000094ba                EUSCI_A_SPI_masterChangeClock
                0x0000000000009500                EUSCI_A_SPI_slaveInit
                0x000000000000956c                EUSCI_A_SPI_changeClockPhasePolarity
                0x00000000000095ca                EUSCI_A_SPI_transmitData
                0x00000000000095ea                EUSCI_A_SPI_receiveData
                0x0000000000009606                EUSCI_A_SPI_enableInterrupt
                0x000000000000962e                EUSCI_A_SPI_disableInterrupt
                0x0000000000009660                EUSCI_A_SPI_getInterruptStatus
                0x0000000000009686                EUSCI_A_SPI_clearInterruptFlag
                0x00000000000096b8                EUSCI_A_SPI_enable
                0x00000000000096dc                EUSCI_A_SPI_disable
                0x0000000000009700                EUSCI_A_SPI_getReceiveBufferAddressForDMA
                0x0000000000009718                EUSCI_A_SPI_getTransmitBufferAddressForDMA
                0x0000000000009730                EUSCI_A_SPI_isBusy
 .text          0x0000000000009760      0x40c build/sysctl.o
                0x0000000000009760                SysCtl_getTLVInfo
                0x00000000000097f4                SysCtl_getSRAMSize
                0x000000000000980c                SysCtl_getFlashSize
                0x0000000000009824                SysCtl_disableNMISource
                0x000000000000984c                SysCtl_enableNMISource
                0x0000000000009870                SysCtl_getNMISourceStatus
                0x000000000000988c                SysCtl_enableSRAMBank
                0x00000000000098bc                SysCtl_disableSRAMBank
                0x00000000000099c4                SysCtl_enableSRAMBankRetention
                0x00000000000099f8                SysCtl_disableSRAMBankRetention
                0x0000000000009a2c                SysCtl_rebootDevice
                0x0000000000009a48                SysCtl_enablePeripheralAtCPUHalt
                0x0000000000009a70                SysCtl_disablePeripheralAtCPUHalt
                0x0000000000009a94                SysCtl_setWDTTimeoutResetType
                0x0000000000009acc                SysCtl_setWDTPasswordViolationResetType
                0x0000000000009b04                SysCtl_enableGlitchFilter
                0x0000000000009b24                SysCtl_disableGlitchFilter
                0x0000000000009b44                SysCtl_getTempCalibrationConstant
 .text          0x0000000000009b6c       0xf4 build/systick.o
                0x0000000000009b6c                SysTick_enableModule
                0x0000000000009b8c                SysTick_disableModule
                0x0000000000009bac                SysTick_registerInterrupt
                0x0000000000009bc4                SysTick_unregisterInterrupt
                0x0000000000009bd2                SysTick_enableInterrupt
                0x0000000000009bf0                SysTick_disableInterrupt
                0x0000000000009c10                SysTick_setPeriod
                0x0000000000009c30                SysTick_getPeriod
                0x0000000000009c48                SysTick_getValue
 .text          0x0000000000009c60      0x262 build/timer32.o
                0x0000000000009c60                Timer32_initModule
                0x0000000000009cf6                Timer32_setCount
                0x0000000000009d3e                Timer32_setCountInBackground
                0x0000000000009d86                Timer32_getValue
                0x0000000000009d9e                Timer32_startTimer
                0x0000000000009dee                Timer32_haltTimer
                0x0000000000009e0e                Timer32_enableInterrupt
                0x0000000000009e2e                Timer32_disableInterrupt
                0x0000000000009e4e                Timer32_clearInterruptFlag
                0x0000000000009e6e                Timer32_getInterruptStatus
                0x0000000000009e86                Timer32_registerInterrupt
                0x0000000000009ea6                Timer32_unregisterInterrupt
 *fill*         0x0000000000009ec2        0x2 
 .text          0x0000000000009ec4      0xaa8 build/timer_a.o
                0x000000000000a074                Timer_A_startCounter
                0x000000000000a09c                Timer_A_configureContinuousMode
                0x000000000000a0ee                Timer_A_configureUpMode
                0x000000000000a186                Timer_A_configureUpDownMode
                0x000000000000a21e                Timer_A_initCapture
                0x000000000000a298                Timer_A_initCompare
                0x000000000000a300                Timer_A_getCounterValue
                0x000000000000a35a                Timer_A_clearTimer
                0x000000000000a380                Timer_A_getSynchronizedCaptureCompareInput
                0x000000000000a3be                Timer_A_getOutputForOutputModeOutBitValue
                0x000000000000a402                Timer_A_getCaptureCompareCount
                0x000000000000a430                Timer_A_setOutputForOutputModeOutBitValue
                0x000000000000a478                Timer_A_generatePWM
                0x000000000000a520                Timer_A_stopTimer
                0x000000000000a544                Timer_A_setCompareValue
                0x000000000000a578                Timer_A_clearInterruptFlag
                0x000000000000a59c                Timer_A_clearCaptureCompareInterrupt
                0x000000000000a5d4                Timer_A_enableInterrupt
                0x000000000000a5fa                Timer_A_disableInterrupt
                0x000000000000a620                Timer_A_getInterruptStatus
                0x000000000000a63e                Timer_A_enableCaptureCompareInterrupt
                0x000000000000a678                Timer_A_disableCaptureCompareInterrupt
                0x000000000000a6b2                Timer_A_getCaptureCompareInterruptStatus
                0x000000000000a6e6                Timer_A_getEnabledInterruptStatus
                0x000000000000a710                Timer_A_getCaptureCompareEnabledInterruptStatus
                0x000000000000a75a                Timer_A_registerInterrupt
                0x000000000000a86c                Timer_A_unregisterInterrupt
 .text          0x000000000000a96c      0x67c build/uart.o
                0x000000000000a96c                UART_initModule
                0x000000000000ab00                UART_transmitData
                0x000000000000ab50                UART_receiveData
                0x000000000000ab9a                UART_enableModule
                0x000000000000abbe                UART_disableModule
                0x000000000000abe2                UART_queryStatusFlags
                0x000000000000ac04                UART_setDormant
                0x000000000000ac2a                UART_resetDormant
                0x000000000000ac50                UART_transmitAddress
                0x000000000000ac80                UART_transmitBreak
                0x000000000000acf6                UART_getReceiveBufferAddressForDMA
                0x000000000000ad0e                UART_getTransmitBufferAddressForDMA
                0x000000000000ad26                UART_selectDeglitchTime
                0x000000000000ad54                UART_enableInterrupt
                0x000000000000ad9e                UART_disableInterrupt
                0x000000000000adf0                UART_getInterruptStatus
                0x000000000000ae14                UART_getEnabledInterruptStatus
                0x000000000000ae9a                UART_clearInterruptFlag
                0x000000000000aec6                UART_registerInterrupt
                0x000000000000af5c                UART_unregisterInterrupt
 .text          0x000000000000afe8      0x164 build/wdt_a.o
                0x000000000000afe8                WDT_A_holdTimer
                0x000000000000b01c                WDT_A_startTimer
                0x000000000000b050                WDT_A_clearTimer
                0x000000000000b084                WDT_A_initWatchdogTimer
                0x000000000000b0b8                WDT_A_initIntervalTimer
                0x000000000000b0ec                WDT_A_setPasswordViolationReset
                0x000000000000b102                WDT_A_setTimeoutReset
                0x000000000000b118                WDT_A_registerInterrupt
                0x000000000000b136                WDT_A_unregisterInterrupt
 .text          0x000000000000b14c       0x4c build/startup_msp432p401r_gcc.o
                0x000000000000b14c                Reset_Handler
                0x000000000000b190                CS_IRQHandler
                0x000000000000b190                DebugMon_Handler
                0x000000000000b190                AES256_IRQHandler
                0x000000000000b190                HardFault_Handler
                0x000000000000b190                SysTick_Handler
                0x000000000000b190                PendSV_Handler
                0x000000000000b190                NMI_Handler
                0x000000000000b190                RTC_C_IRQHandler
                0x000000000000b190                PORT1_IRQHandler
                0x000000000000b190                FPU_IRQHandler
                0x000000000000b190                PORT2_IRQHandler
                0x000000000000b190                TA3_0_IRQHandler
                0x000000000000b190                UsageFault_Handler
                0x000000000000b190                DMA_INT3_IRQHandler
                0x000000000000b190                TA2_0_IRQHandler
                0x000000000000b190                DMA_INT1_IRQHandler
                0x000000000000b190                WDT_A_IRQHandler
                0x000000000000b190                TA2_N_IRQHandler
                0x000000000000b190                TA1_0_IRQHandler
                0x000000000000b190                PSS_IRQHandler
                0x000000000000b190                DMA_INT2_IRQHandler
                0x000000000000b190                EUSCIA3_IRQHandler
                0x000000000000b190                DMA_INT0_IRQHandler
                0x000000000000b190                PORT4_IRQHandler
                0x000000000000b190                PORT5_IRQHandler
                0x000000000000b190                EUSCIB0_IRQHandler
                0x000000000000b190                Default_Handler
                0x000000000000b190                T32_INTC_IRQHandler
                0x000000000000b190                TA3_N_IRQHandler
                0x000000000000b190                TA0_0_IRQHandler
                0x000000000000b190                EUSCIA2_IRQHandler
                0x000000000000b190                PORT6_IRQHandler
                0x000000000000b190                PORT3_IRQHandler
                0x000000000000b190                MemManage_Handler
                0x000000000000b190                SVC_Handler
                0x000000000000b190                TA1_N_IRQHandler
                0x000000000000b190                EUSCIA1_IRQHandler
                0x000000000000b190                COMP_E1_IRQHandler
                0x000000000000b190                EUSCIB2_IRQHandler
                0x000000000000b190                FLCTL_IRQHandler
                0x000000000000b190                EUSCIB3_IRQHandler
                0x000000000000b190                T32_INT1_IRQHandler
                0x000000000000b190                DMA_ERR_IRQHandler
                0x000000000000b190                ADC14_IRQHandler
                0x000000000000b190                EUSCIA0_IRQHandler
                0x000000000000b190                BusFault_Handler
                0x000000000000b190                PCM_IRQHandler
                0x000000000000b190                TA0_N_IRQHandler
                0x000000000000b190                COMP_E0_IRQHandler
                0x000000000000b190                EUSCIB1_IRQHandler
                0x000000000000b190                T32_INT2_IRQHandler
 .text          0x000000000000b198      0x394 build/system_msp432p401r.o
                0x000000000000b198                SystemCoreClockUpdate
                0x000000000000b4ac                SystemInit
 .text          0x000000000000b52c      0x214 build/syscalls.o
                0x000000000000b52c                initialise_monitor_handles
                0x000000000000b53a                _getpid
                0x000000000000b54a                _kill
                0x000000000000b56a                _exit
                0x000000000000b57e                _read
                0x000000000000b5b8                _write
                0x000000000000b5f0                _close
                0x000000000000b608                _fstat
                0x000000000000b628                _isatty
                0x000000000000b63e                _lseek
                0x000000000000b658                _open
                0x000000000000b674                _wait
                0x000000000000b692                _unlink
                0x000000000000b6b0                _times
                0x000000000000b6c8                _stat
                0x000000000000b6e8                _link
                0x000000000000b708                _fork
                0x000000000000b71e                _execve
 .text          0x000000000000b740      0x510 build/iic_bus.o
                0x000000000000b740                IIC_Init
                0x000000000000b788                IIC_Adapter_Init
                0x000000000000b806                IIC_Adapter_Start
                0x000000000000b894                IIC_Adapter_Stop
                0x000000000000b934                IIC_Adapter_SendByte
                0x000000000000ba74                IIC_Adapter_ReceiveByte
 .text          0x000000000000bc50        0x0 build/mpu6050.o
 .text          0x000000000000bc50        0x0 /usr/local/arm/GNU_Tools_for_ARM/bin/../lib/gcc/arm-none-eabi/11.3.1/../../../../arm-none-eabi/lib/thumb/v7e-m+fp/hard/libc.a(libc_a-exit.o)
 .text          0x000000000000bc50        0x0 /usr/local/arm/GNU_Tools_for_ARM/bin/../lib/gcc/arm-none-eabi/11.3.1/../../../../arm-none-eabi/lib/thumb/v7e-m+fp/hard/libc.a(libc_a-errno.o)
 .text          0x000000000000bc50        0x0 /usr/local/arm/GNU_Tools_for_ARM/bin/../lib/gcc/arm-none-eabi/11.3.1/../../../../arm-none-eabi/lib/thumb/v7e-m+fp/hard/libc.a(libc_a-__call_atexit.o)
 .text          0x000000000000bc50        0x0 /usr/local/arm/GNU_Tools_for_ARM/bin/../lib/gcc/arm-none-eabi/11.3.1/../../../../arm-none-eabi/lib/thumb/v7e-m+fp/hard/libc.a(libc_a-memset.o)
 .text          0x000000000000bc50        0x0 /usr/local/arm/GNU_Tools_for_ARM/bin/../lib/gcc/arm-none-eabi/11.3.1/../../../../arm-none-eabi/lib/thumb/v7e-m+fp/hard/libc.a(libc_a-init.o)
 .text          0x000000000000bc50        0x0 /usr/local/arm/GNU_Tools_for_ARM/bin/../lib/gcc/arm-none-eabi/11.3.1/../../../../arm-none-eabi/lib/thumb/v7e-m+fp/hard/libc.a(libc_a-fini.o)
 .text          0x000000000000bc50        0x0 /usr/local/arm/GNU_Tools_for_ARM/bin/../lib/gcc/arm-none-eabi/11.3.1/../../../../arm-none-eabi/lib/thumb/v7e-m+fp/hard/libc.a(libc_a-lock.o)
 .text          0x000000000000bc50        0x0 /usr/local/arm/GNU_Tools_for_ARM/bin/../lib/gcc/arm-none-eabi/11.3.1/../../../../arm-none-eabi/lib/thumb/v7e-m+fp/hard/libc.a(libc_a-atexit.o)
 .text          0x000000000000bc50        0x0 /usr/local/arm/GNU_Tools_for_ARM/bin/../lib/gcc/arm-none-eabi/11.3.1/../../../../arm-none-eabi/lib/thumb/v7e-m+fp/hard/libc.a(libc_a-impure.o)
 .text          0x000000000000bc50        0x0 /usr/local/arm/GNU_Tools_for_ARM/bin/../lib/gcc/arm-none-eabi/11.3.1/../../../../arm-none-eabi/lib/thumb/v7e-m+fp/hard/libc.a(libc_a-findfp.o)
 .text          0x000000000000bc50        0x0 /usr/local/arm/GNU_Tools_for_ARM/bin/../lib/gcc/arm-none-eabi/11.3.1/../../../../arm-none-eabi/lib/thumb/v7e-m+fp/hard/libc.a(libc_a-stdio.o)
 .text          0x000000000000bc50        0x0 /usr/local/arm/GNU_Tools_for_ARM/bin/../lib/gcc/arm-none-eabi/11.3.1/../../../../arm-none-eabi/lib/thumb/v7e-m+fp/hard/libc.a(libc_a-fwalk.o)
 .text          0x000000000000bc50        0x0 /usr/local/arm/GNU_Tools_for_ARM/bin/../lib/gcc/arm-none-eabi/11.3.1/../../../../arm-none-eabi/lib/thumb/v7e-m+fp/hard/libc.a(libc_a-writer.o)
 .text          0x000000000000bc50        0x0 /usr/local/arm/GNU_Tools_for_ARM/bin/../lib/gcc/arm-none-eabi/11.3.1/../../../../arm-none-eabi/lib/thumb/v7e-m+fp/hard/libc.a(libc_a-__atexit.o)
 .text          0x000000000000bc50        0x0 /usr/local/arm/GNU_Tools_for_ARM/bin/../lib/gcc/arm-none-eabi/11.3.1/../../../../arm-none-eabi/lib/thumb/v7e-m+fp/hard/libc.a(libc_a-mallocr.o)
 .text          0x000000000000bc50        0x0 /usr/local/arm/GNU_Tools_for_ARM/bin/../lib/gcc/arm-none-eabi/11.3.1/../../../../arm-none-eabi/lib/thumb/v7e-m+fp/hard/libc.a(libc_a-fclose.o)
 .text          0x000000000000bc50        0x0 /usr/local/arm/GNU_Tools_for_ARM/bin/../lib/gcc/arm-none-eabi/11.3.1/../../../../arm-none-eabi/lib/thumb/v7e-m+fp/hard/libc.a(libc_a-mlock.o)
 .text          0x000000000000bc50        0x0 /usr/local/arm/GNU_Tools_for_ARM/bin/../lib/gcc/arm-none-eabi/11.3.1/../../../../arm-none-eabi/lib/thumb/v7e-m+fp/hard/libc.a(libc_a-closer.o)
 .text          0x000000000000bc50        0x0 /usr/local/arm/GNU_Tools_for_ARM/bin/../lib/gcc/arm-none-eabi/11.3.1/../../../../arm-none-eabi/lib/thumb/v7e-m+fp/hard/libc.a(libc_a-reent.o)
 .text          0x000000000000bc50        0x0 /usr/local/arm/GNU_Tools_for_ARM/bin/../lib/gcc/arm-none-eabi/11.3.1/../../../../arm-none-eabi/lib/thumb/v7e-m+fp/hard/libc.a(libc_a-fflush.o)
 .text          0x000000000000bc50        0x0 /usr/local/arm/GNU_Tools_for_ARM/bin/../lib/gcc/arm-none-eabi/11.3.1/../../../../arm-none-eabi/lib/thumb/v7e-m+fp/hard/libc.a(libc_a-freer.o)
 .text          0x000000000000bc50        0x0 /usr/local/arm/GNU_Tools_for_ARM/bin/../lib/gcc/arm-none-eabi/11.3.1/../../../../arm-none-eabi/lib/thumb/v7e-m+fp/hard/libc.a(libc_a-lseekr.o)
 .text          0x000000000000bc50        0x0 /usr/local/arm/GNU_Tools_for_ARM/bin/../lib/gcc/arm-none-eabi/11.3.1/../../../../arm-none-eabi/lib/thumb/v7e-m+fp/hard/libc.a(libc_a-readr.o)
 .text          0x000000000000bc50        0x0 /usr/local/arm/GNU_Tools_for_ARM/bin/../lib/gcc/arm-none-eabi/11.3.1/../../../../arm-none-eabi/lib/thumb/v7e-m+fp/hard/libc.a(libc_a-sbrkr.o)
 .text          0x000000000000bc50        0x0 /usr/local/arm/GNU_Tools_for_ARM/bin/../lib/gcc/arm-none-eabi/11.3.1/../../../../arm-none-eabi/lib/thumb/v7e-m+fp/hard/libnosys.a(sbrk.o)
 .text          0x000000000000bc50        0x0 /usr/local/arm/GNU_Tools_for_ARM/bin/../lib/gcc/arm-none-eabi/11.3.1/thumb/v7e-m+fp/hard/crtend.o
 .text          0x000000000000bc50        0x0 /usr/local/arm/GNU_Tools_for_ARM/bin/../lib/gcc/arm-none-eabi/11.3.1/thumb/v7e-m+fp/hard/crtn.o
 *(.text.*)
 .text.deregister_tm_clones
                0x000000000000bc50       0x1c /usr/local/arm/GNU_Tools_for_ARM/bin/../lib/gcc/arm-none-eabi/11.3.1/thumb/v7e-m+fp/hard/crtbegin.o
 .text.register_tm_clones
                0x000000000000bc6c       0x24 /usr/local/arm/GNU_Tools_for_ARM/bin/../lib/gcc/arm-none-eabi/11.3.1/thumb/v7e-m+fp/hard/crtbegin.o
 .text.__do_global_dtors_aux
                0x000000000000bc90       0x28 /usr/local/arm/GNU_Tools_for_ARM/bin/../lib/gcc/arm-none-eabi/11.3.1/thumb/v7e-m+fp/hard/crtbegin.o
 .text.frame_dummy
                0x000000000000bcb8       0x24 /usr/local/arm/GNU_Tools_for_ARM/bin/../lib/gcc/arm-none-eabi/11.3.1/thumb/v7e-m+fp/hard/crtbegin.o
 .text.exit     0x000000000000bcdc       0x1c /usr/local/arm/GNU_Tools_for_ARM/bin/../lib/gcc/arm-none-eabi/11.3.1/../../../../arm-none-eabi/lib/thumb/v7e-m+fp/hard/libc.a(libc_a-exit.o)
                0x000000000000bcdc                exit
 .text.__errno  0x000000000000bcf8        0xc /usr/local/arm/GNU_Tools_for_ARM/bin/../lib/gcc/arm-none-eabi/11.3.1/../../../../arm-none-eabi/lib/thumb/v7e-m+fp/hard/libc.a(libc_a-errno.o)
                0x000000000000bcf8                __errno
 .text.startup.register_fini
                0x000000000000bd04       0x14 /usr/local/arm/GNU_Tools_for_ARM/bin/../lib/gcc/arm-none-eabi/11.3.1/../../../../arm-none-eabi/lib/thumb/v7e-m+fp/hard/libc.a(libc_a-__call_atexit.o)
 .text.__call_exitprocs
                0x000000000000bd18       0xc8 /usr/local/arm/GNU_Tools_for_ARM/bin/../lib/gcc/arm-none-eabi/11.3.1/../../../../arm-none-eabi/lib/thumb/v7e-m+fp/hard/libc.a(libc_a-__call_atexit.o)
                0x000000000000bd18                __call_exitprocs
 .text.memset   0x000000000000bde0       0xa4 /usr/local/arm/GNU_Tools_for_ARM/bin/../lib/gcc/arm-none-eabi/11.3.1/../../../../arm-none-eabi/lib/thumb/v7e-m+fp/hard/libc.a(libc_a-memset.o)
                0x000000000000bde0                memset
 .text.__libc_init_array
                0x000000000000be84       0x48 /usr/local/arm/GNU_Tools_for_ARM/bin/../lib/gcc/arm-none-eabi/11.3.1/../../../../arm-none-eabi/lib/thumb/v7e-m+fp/hard/libc.a(libc_a-init.o)
                0x000000000000be84                __libc_init_array
 .text.__libc_fini_array
                0x000000000000becc       0x28 /usr/local/arm/GNU_Tools_for_ARM/bin/../lib/gcc/arm-none-eabi/11.3.1/../../../../arm-none-eabi/lib/thumb/v7e-m+fp/hard/libc.a(libc_a-fini.o)
                0x000000000000becc                __libc_fini_array
 .text.__retarget_lock_acquire_recursive
                0x000000000000bef4        0x4 /usr/local/arm/GNU_Tools_for_ARM/bin/../lib/gcc/arm-none-eabi/11.3.1/../../../../arm-none-eabi/lib/thumb/v7e-m+fp/hard/libc.a(libc_a-lock.o)
                0x000000000000bef4                __retarget_lock_acquire_recursive
 .text.__retarget_lock_release_recursive
                0x000000000000bef8        0x4 /usr/local/arm/GNU_Tools_for_ARM/bin/../lib/gcc/arm-none-eabi/11.3.1/../../../../arm-none-eabi/lib/thumb/v7e-m+fp/hard/libc.a(libc_a-lock.o)
                0x000000000000bef8                __retarget_lock_release_recursive
 .text.atexit   0x000000000000befc        0xc /usr/local/arm/GNU_Tools_for_ARM/bin/../lib/gcc/arm-none-eabi/11.3.1/../../../../arm-none-eabi/lib/thumb/v7e-m+fp/hard/libc.a(libc_a-atexit.o)
                0x000000000000befc                atexit
 .text.__register_exitproc
                0x000000000000bf08       0x88 /usr/local/arm/GNU_Tools_for_ARM/bin/../lib/gcc/arm-none-eabi/11.3.1/../../../../arm-none-eabi/lib/thumb/v7e-m+fp/hard/libc.a(libc_a-__atexit.o)
                0x000000000000bf08                __register_exitproc
                0x000000000000bf90                . = ALIGN (0x4)
 *(.ctors)
                0x000000000000bf90                . = ALIGN (0x4)
 *(.dtors)
                0x000000000000bf90                . = ALIGN (0x4)
                0x000000000000bf90                __init_array_start = .
 *(.init_array*)
 .init_array    0x000000000000bf90        0x4 /usr/local/arm/GNU_Tools_for_ARM/bin/../lib/gcc/arm-none-eabi/11.3.1/thumb/v7e-m+fp/hard/crtbegin.o
 .init_array.00000
                0x000000000000bf94        0x4 /usr/local/arm/GNU_Tools_for_ARM/bin/../lib/gcc/arm-none-eabi/11.3.1/../../../../arm-none-eabi/lib/thumb/v7e-m+fp/hard/libc.a(libc_a-__call_atexit.o)
                0x000000000000bf98                __init_array_end = .
 *(.init)
 .init          0x000000000000bf98        0x4 /usr/local/arm/GNU_Tools_for_ARM/bin/../lib/gcc/arm-none-eabi/11.3.1/thumb/v7e-m+fp/hard/crti.o
                0x000000000000bf98                _init
 .init          0x000000000000bf9c        0x8 /usr/local/arm/GNU_Tools_for_ARM/bin/../lib/gcc/arm-none-eabi/11.3.1/thumb/v7e-m+fp/hard/crtn.o
 *(.fini*)
 .fini          0x000000000000bfa4        0x4 /usr/local/arm/GNU_Tools_for_ARM/bin/../lib/gcc/arm-none-eabi/11.3.1/thumb/v7e-m+fp/hard/crti.o
                0x000000000000bfa4                _fini
 .fini_array    0x000000000000bfa8        0x4 /usr/local/arm/GNU_Tools_for_ARM/bin/../lib/gcc/arm-none-eabi/11.3.1/thumb/v7e-m+fp/hard/crtbegin.o
 .fini          0x000000000000bfac        0x8 /usr/local/arm/GNU_Tools_for_ARM/bin/../lib/gcc/arm-none-eabi/11.3.1/thumb/v7e-m+fp/hard/crtn.o

.glue_7         0x000000000000bfb4        0x0
 .glue_7        0x000000000000bfb4        0x0 linker stubs

.glue_7t        0x000000000000bfb4        0x0
 .glue_7t       0x000000000000bfb4        0x0 linker stubs

.vfp11_veneer   0x000000000000bfb4        0x0
 .vfp11_veneer  0x000000000000bfb4        0x0 linker stubs

.v4_bx          0x000000000000bfb4        0x0
 .v4_bx         0x000000000000bfb4        0x0 linker stubs

.iplt           0x000000000000bfb4        0x0
 .iplt          0x000000000000bfb4        0x0 /usr/local/arm/GNU_Tools_for_ARM/bin/../lib/gcc/arm-none-eabi/11.3.1/thumb/v7e-m+fp/hard/crtbegin.o

.rodata         0x000000000000bfb4      0x15c
 *(.rodata)
 .rodata        0x000000000000bfb4       0x80 build/adc14.o
 .rodata        0x000000000000c034       0x4c build/gpio.o
 .rodata        0x000000000000c080       0x90 build/interrupt.o
 *(.rodata.*)

.eh_frame       0x000000000000c110        0x0
 .eh_frame      0x000000000000c110        0x0 /usr/local/arm/GNU_Tools_for_ARM/bin/../lib/gcc/arm-none-eabi/11.3.1/thumb/v7e-m+fp/hard/crtbegin.o

.ARM.exidx      0x000000000000c110        0x8
                0x000000000000c110                __exidx_start = .
 *(.ARM.exidx* .gnu.linkonce.armexidx.*)
 .ARM.exidx     0x000000000000c110        0x8 /usr/local/arm/GNU_Tools_for_ARM/bin/../lib/gcc/arm-none-eabi/11.3.1/../../../../arm-none-eabi/lib/thumb/v7e-m+fp/hard/crt0.o
                                         0x10 (size before relaxing)
                0x000000000000c118                __exidx_end = .

.ARM.extab      0x000000000000c118        0x0
 *(.ARM.extab* .gnu.linkonce.armextab.*)
 .ARM.extab     0x000000000000c118        0x0 /usr/local/arm/GNU_Tools_for_ARM/bin/../lib/gcc/arm-none-eabi/11.3.1/../../../../arm-none-eabi/lib/thumb/v7e-m+fp/hard/crt0.o
                0x000000000000c118                __etext = .

.rel.dyn        0x000000000000c118        0x0
 .rel.iplt      0x000000000000c118        0x0 /usr/local/arm/GNU_Tools_for_ARM/bin/../lib/gcc/arm-none-eabi/11.3.1/thumb/v7e-m+fp/hard/crtbegin.o

.data           0x0000000020000000      0x590 load address 0x000000000000c118
                0x000000000000c118                __data_load__ = LOADADDR (.data)
                0x0000000020000000                __data_start__ = .
 *(.data)
 .data          0x0000000020000000        0x0 /usr/local/arm/GNU_Tools_for_ARM/bin/../lib/gcc/arm-none-eabi/11.3.1/thumb/v7e-m+fp/hard/crti.o
 .data          0x0000000020000000        0x0 /usr/local/arm/GNU_Tools_for_ARM/bin/../lib/gcc/arm-none-eabi/11.3.1/thumb/v7e-m+fp/hard/crtbegin.o
 .data          0x0000000020000000        0x0 /usr/local/arm/GNU_Tools_for_ARM/bin/../lib/gcc/arm-none-eabi/11.3.1/../../../../arm-none-eabi/lib/thumb/v7e-m+fp/hard/crt0.o
 .data          0x0000000020000000        0x0 build/main.o
 .data          0x0000000020000000        0x0 build/adc14.o
 .data          0x0000000020000000        0x0 build/aes256.o
 .data          0x0000000020000000        0x0 build/comp_e.o
 .data          0x0000000020000000        0x0 build/cpu.o
 .data          0x0000000020000000        0x0 build/crc32.o
 .data          0x0000000020000000        0x0 build/cs.o
 .data          0x0000000020000000        0x0 build/dma.o
 .data          0x0000000020000000       0x40 build/flash.o
 .data          0x0000000020000040        0x0 build/fpu.o
 .data          0x0000000020000040        0x0 build/gpio.o
 .data          0x0000000020000040        0x0 build/i2c.o
 .data          0x0000000020000040        0x0 build/interrupt.o
 .data          0x0000000020000040        0x0 build/mpu.o
 .data          0x0000000020000040        0x0 build/pcm.o
 .data          0x0000000020000040        0x0 build/pmap.o
 .data          0x0000000020000040        0x0 build/pss.o
 .data          0x0000000020000040        0x0 build/ref_a.o
 .data          0x0000000020000040        0x0 build/reset.o
 .data          0x0000000020000040        0x0 build/rtc_c.o
 .data          0x0000000020000040        0x0 build/spi.o
 .data          0x0000000020000040        0x0 build/sysctl.o
 .data          0x0000000020000040        0x0 build/systick.o
 .data          0x0000000020000040        0x0 build/timer32.o
 .data          0x0000000020000040        0x0 build/timer_a.o
 .data          0x0000000020000040        0x0 build/uart.o
 .data          0x0000000020000040        0x0 build/wdt_a.o
 .data          0x0000000020000040        0x0 build/startup_msp432p401r_gcc.o
 .data          0x0000000020000040        0x4 build/system_msp432p401r.o
                0x0000000020000040                SystemCoreClock
 .data          0x0000000020000044        0x4 build/syscalls.o
                0x0000000020000044                environ
 .data          0x0000000020000048        0x0 build/iic_bus.o
 .data          0x0000000020000048        0x0 build/mpu6050.o
 .data          0x0000000020000048        0x0 /usr/local/arm/GNU_Tools_for_ARM/bin/../lib/gcc/arm-none-eabi/11.3.1/../../../../arm-none-eabi/lib/thumb/v7e-m+fp/hard/libc.a(libc_a-exit.o)
 .data          0x0000000020000048        0x0 /usr/local/arm/GNU_Tools_for_ARM/bin/../lib/gcc/arm-none-eabi/11.3.1/../../../../arm-none-eabi/lib/thumb/v7e-m+fp/hard/libc.a(libc_a-errno.o)
 .data          0x0000000020000048        0x0 /usr/local/arm/GNU_Tools_for_ARM/bin/../lib/gcc/arm-none-eabi/11.3.1/../../../../arm-none-eabi/lib/thumb/v7e-m+fp/hard/libc.a(libc_a-__call_atexit.o)
 .data          0x0000000020000048        0x0 /usr/local/arm/GNU_Tools_for_ARM/bin/../lib/gcc/arm-none-eabi/11.3.1/../../../../arm-none-eabi/lib/thumb/v7e-m+fp/hard/libc.a(libc_a-memset.o)
 .data          0x0000000020000048        0x0 /usr/local/arm/GNU_Tools_for_ARM/bin/../lib/gcc/arm-none-eabi/11.3.1/../../../../arm-none-eabi/lib/thumb/v7e-m+fp/hard/libc.a(libc_a-init.o)
 .data          0x0000000020000048        0x0 /usr/local/arm/GNU_Tools_for_ARM/bin/../lib/gcc/arm-none-eabi/11.3.1/../../../../arm-none-eabi/lib/thumb/v7e-m+fp/hard/libc.a(libc_a-fini.o)
 .data          0x0000000020000048        0x0 /usr/local/arm/GNU_Tools_for_ARM/bin/../lib/gcc/arm-none-eabi/11.3.1/../../../../arm-none-eabi/lib/thumb/v7e-m+fp/hard/libc.a(libc_a-lock.o)
 .data          0x0000000020000048        0x0 /usr/local/arm/GNU_Tools_for_ARM/bin/../lib/gcc/arm-none-eabi/11.3.1/../../../../arm-none-eabi/lib/thumb/v7e-m+fp/hard/libc.a(libc_a-atexit.o)
 .data          0x0000000020000048        0x0 /usr/local/arm/GNU_Tools_for_ARM/bin/../lib/gcc/arm-none-eabi/11.3.1/../../../../arm-none-eabi/lib/thumb/v7e-m+fp/hard/libc.a(libc_a-impure.o)
 .data          0x0000000020000048        0x0 /usr/local/arm/GNU_Tools_for_ARM/bin/../lib/gcc/arm-none-eabi/11.3.1/../../../../arm-none-eabi/lib/thumb/v7e-m+fp/hard/libc.a(libc_a-findfp.o)
 .data          0x0000000020000048        0x0 /usr/local/arm/GNU_Tools_for_ARM/bin/../lib/gcc/arm-none-eabi/11.3.1/../../../../arm-none-eabi/lib/thumb/v7e-m+fp/hard/libc.a(libc_a-stdio.o)
 .data          0x0000000020000048        0x0 /usr/local/arm/GNU_Tools_for_ARM/bin/../lib/gcc/arm-none-eabi/11.3.1/../../../../arm-none-eabi/lib/thumb/v7e-m+fp/hard/libc.a(libc_a-fwalk.o)
 .data          0x0000000020000048        0x0 /usr/local/arm/GNU_Tools_for_ARM/bin/../lib/gcc/arm-none-eabi/11.3.1/../../../../arm-none-eabi/lib/thumb/v7e-m+fp/hard/libc.a(libc_a-writer.o)
 .data          0x0000000020000048        0x0 /usr/local/arm/GNU_Tools_for_ARM/bin/../lib/gcc/arm-none-eabi/11.3.1/../../../../arm-none-eabi/lib/thumb/v7e-m+fp/hard/libc.a(libc_a-__atexit.o)
 .data          0x0000000020000048        0x0 /usr/local/arm/GNU_Tools_for_ARM/bin/../lib/gcc/arm-none-eabi/11.3.1/../../../../arm-none-eabi/lib/thumb/v7e-m+fp/hard/libc.a(libc_a-mallocr.o)
 .data          0x0000000020000048        0x0 /usr/local/arm/GNU_Tools_for_ARM/bin/../lib/gcc/arm-none-eabi/11.3.1/../../../../arm-none-eabi/lib/thumb/v7e-m+fp/hard/libc.a(libc_a-fclose.o)
 .data          0x0000000020000048        0x0 /usr/local/arm/GNU_Tools_for_ARM/bin/../lib/gcc/arm-none-eabi/11.3.1/../../../../arm-none-eabi/lib/thumb/v7e-m+fp/hard/libc.a(libc_a-mlock.o)
 .data          0x0000000020000048        0x0 /usr/local/arm/GNU_Tools_for_ARM/bin/../lib/gcc/arm-none-eabi/11.3.1/../../../../arm-none-eabi/lib/thumb/v7e-m+fp/hard/libc.a(libc_a-closer.o)
 .data          0x0000000020000048        0x0 /usr/local/arm/GNU_Tools_for_ARM/bin/../lib/gcc/arm-none-eabi/11.3.1/../../../../arm-none-eabi/lib/thumb/v7e-m+fp/hard/libc.a(libc_a-reent.o)
 .data          0x0000000020000048        0x0 /usr/local/arm/GNU_Tools_for_ARM/bin/../lib/gcc/arm-none-eabi/11.3.1/../../../../arm-none-eabi/lib/thumb/v7e-m+fp/hard/libc.a(libc_a-fflush.o)
 .data          0x0000000020000048        0x0 /usr/local/arm/GNU_Tools_for_ARM/bin/../lib/gcc/arm-none-eabi/11.3.1/../../../../arm-none-eabi/lib/thumb/v7e-m+fp/hard/libc.a(libc_a-freer.o)
 .data          0x0000000020000048        0x0 /usr/local/arm/GNU_Tools_for_ARM/bin/../lib/gcc/arm-none-eabi/11.3.1/../../../../arm-none-eabi/lib/thumb/v7e-m+fp/hard/libc.a(libc_a-lseekr.o)
 .data          0x0000000020000048        0x0 /usr/local/arm/GNU_Tools_for_ARM/bin/../lib/gcc/arm-none-eabi/11.3.1/../../../../arm-none-eabi/lib/thumb/v7e-m+fp/hard/libc.a(libc_a-readr.o)
 .data          0x0000000020000048        0x0 /usr/local/arm/GNU_Tools_for_ARM/bin/../lib/gcc/arm-none-eabi/11.3.1/../../../../arm-none-eabi/lib/thumb/v7e-m+fp/hard/libc.a(libc_a-sbrkr.o)
 .data          0x0000000020000048        0x0 /usr/local/arm/GNU_Tools_for_ARM/bin/../lib/gcc/arm-none-eabi/11.3.1/../../../../arm-none-eabi/lib/thumb/v7e-m+fp/hard/libnosys.a(sbrk.o)
 .data          0x0000000020000048        0x0 /usr/local/arm/GNU_Tools_for_ARM/bin/../lib/gcc/arm-none-eabi/11.3.1/thumb/v7e-m+fp/hard/crtend.o
 .data          0x0000000020000048        0x0 /usr/local/arm/GNU_Tools_for_ARM/bin/../lib/gcc/arm-none-eabi/11.3.1/thumb/v7e-m+fp/hard/crtn.o
 *(.data*)
 .data.__dso_handle
                0x0000000020000048        0x4 /usr/local/arm/GNU_Tools_for_ARM/bin/../lib/gcc/arm-none-eabi/11.3.1/thumb/v7e-m+fp/hard/crtbegin.o
                0x0000000020000048                __dso_handle
 .data.__atexit_recursive_mutex
                0x000000002000004c        0x4 /usr/local/arm/GNU_Tools_for_ARM/bin/../lib/gcc/arm-none-eabi/11.3.1/../../../../arm-none-eabi/lib/thumb/v7e-m+fp/hard/libc.a(libc_a-__call_atexit.o)
                0x000000002000004c                __atexit_recursive_mutex
 .data._impure_data
                0x0000000020000050      0x120 /usr/local/arm/GNU_Tools_for_ARM/bin/../lib/gcc/arm-none-eabi/11.3.1/../../../../arm-none-eabi/lib/thumb/v7e-m+fp/hard/libc.a(libc_a-impure.o)
                0x0000000020000050                _impure_data
 .data._impure_ptr
                0x0000000020000170        0x4 /usr/local/arm/GNU_Tools_for_ARM/bin/../lib/gcc/arm-none-eabi/11.3.1/../../../../arm-none-eabi/lib/thumb/v7e-m+fp/hard/libc.a(libc_a-impure.o)
                0x0000000020000170                _impure_ptr
 .data.__sglue  0x0000000020000174        0xc /usr/local/arm/GNU_Tools_for_ARM/bin/../lib/gcc/arm-none-eabi/11.3.1/../../../../arm-none-eabi/lib/thumb/v7e-m+fp/hard/libc.a(libc_a-findfp.o)
                0x0000000020000174                __sglue
 .data.__malloc_av_
                0x0000000020000180      0x408 /usr/local/arm/GNU_Tools_for_ARM/bin/../lib/gcc/arm-none-eabi/11.3.1/../../../../arm-none-eabi/lib/thumb/v7e-m+fp/hard/libc.a(libc_a-mallocr.o)
                0x0000000020000180                __malloc_av_
 .data.__malloc_sbrk_base
                0x0000000020000588        0x4 /usr/local/arm/GNU_Tools_for_ARM/bin/../lib/gcc/arm-none-eabi/11.3.1/../../../../arm-none-eabi/lib/thumb/v7e-m+fp/hard/libc.a(libc_a-mallocr.o)
                0x0000000020000588                __malloc_sbrk_base
 .data.__malloc_trim_threshold
                0x000000002000058c        0x4 /usr/local/arm/GNU_Tools_for_ARM/bin/../lib/gcc/arm-none-eabi/11.3.1/../../../../arm-none-eabi/lib/thumb/v7e-m+fp/hard/libc.a(libc_a-mallocr.o)
                0x000000002000058c                __malloc_trim_threshold
                0x0000000020000590                . = ALIGN (0x4)
                0x0000000020000590                __data_end__ = .

.tm_clone_table
                0x0000000020000590        0x0 load address 0x000000000000c6a8
 .tm_clone_table
                0x0000000020000590        0x0 /usr/local/arm/GNU_Tools_for_ARM/bin/../lib/gcc/arm-none-eabi/11.3.1/thumb/v7e-m+fp/hard/crtbegin.o
 .tm_clone_table
                0x0000000020000590        0x0 /usr/local/arm/GNU_Tools_for_ARM/bin/../lib/gcc/arm-none-eabi/11.3.1/thumb/v7e-m+fp/hard/crtend.o

.igot.plt       0x0000000020000590        0x0 load address 0x000000000000c6a8
 .igot.plt      0x0000000020000590        0x0 /usr/local/arm/GNU_Tools_for_ARM/bin/../lib/gcc/arm-none-eabi/11.3.1/thumb/v7e-m+fp/hard/crtbegin.o

vtable          0x0000000020000800       0xe8 load address 0x000000000000c6a8
 vtable         0x0000000020000800       0xe8 build/interrupt.o

.bss            0x00000000200008e8      0x2fc
                0x00000000200008e8                __bss_start__ = .
 *(.shbss)
 *(.bss)
 .bss           0x00000000200008e8        0x0 /usr/local/arm/GNU_Tools_for_ARM/bin/../lib/gcc/arm-none-eabi/11.3.1/thumb/v7e-m+fp/hard/crti.o
 .bss           0x00000000200008e8        0x0 /usr/local/arm/GNU_Tools_for_ARM/bin/../lib/gcc/arm-none-eabi/11.3.1/thumb/v7e-m+fp/hard/crtbegin.o
 .bss           0x00000000200008e8        0x0 /usr/local/arm/GNU_Tools_for_ARM/bin/../lib/gcc/arm-none-eabi/11.3.1/../../../../arm-none-eabi/lib/thumb/v7e-m+fp/hard/crt0.o
 .bss           0x00000000200008e8        0x0 build/main.o
 .bss           0x00000000200008e8        0x0 build/adc14.o
 .bss           0x00000000200008e8        0x0 build/aes256.o
 .bss           0x00000000200008e8        0x0 build/comp_e.o
 .bss           0x00000000200008e8        0x0 build/cpu.o
 .bss           0x00000000200008e8        0x0 build/crc32.o
 .bss           0x00000000200008e8        0x8 build/cs.o
 .bss           0x00000000200008f0        0x0 build/dma.o
 .bss           0x00000000200008f0        0x0 build/flash.o
 .bss           0x00000000200008f0        0x0 build/fpu.o
 .bss           0x00000000200008f0        0x0 build/gpio.o
 .bss           0x00000000200008f0        0x0 build/i2c.o
 .bss           0x00000000200008f0        0x0 build/interrupt.o
 .bss           0x00000000200008f0        0x0 build/mpu.o
 .bss           0x00000000200008f0        0x0 build/pcm.o
 .bss           0x00000000200008f0        0x0 build/pmap.o
 .bss           0x00000000200008f0        0x0 build/pss.o
 .bss           0x00000000200008f0        0x0 build/ref_a.o
 .bss           0x00000000200008f0        0x0 build/reset.o
 .bss           0x00000000200008f0        0x0 build/rtc_c.o
 .bss           0x00000000200008f0        0x0 build/spi.o
 .bss           0x00000000200008f0        0x0 build/sysctl.o
 .bss           0x00000000200008f0        0x0 build/systick.o
 .bss           0x00000000200008f0        0x0 build/timer32.o
 .bss           0x00000000200008f0        0x0 build/timer_a.o
 .bss           0x00000000200008f0        0x0 build/uart.o
 .bss           0x00000000200008f0        0x0 build/wdt_a.o
 .bss           0x00000000200008f0        0x0 build/startup_msp432p401r_gcc.o
 .bss           0x00000000200008f0        0x0 build/system_msp432p401r.o
 .bss           0x00000000200008f0        0x4 build/syscalls.o
                0x00000000200008f0                __env
 .bss           0x00000000200008f4        0x0 build/iic_bus.o
 .bss           0x00000000200008f4        0x0 build/mpu6050.o
 .bss           0x00000000200008f4        0x0 /usr/local/arm/GNU_Tools_for_ARM/bin/../lib/gcc/arm-none-eabi/11.3.1/../../../../arm-none-eabi/lib/thumb/v7e-m+fp/hard/libc.a(libc_a-exit.o)
 .bss           0x00000000200008f4        0x0 /usr/local/arm/GNU_Tools_for_ARM/bin/../lib/gcc/arm-none-eabi/11.3.1/../../../../arm-none-eabi/lib/thumb/v7e-m+fp/hard/libc.a(libc_a-errno.o)
 .bss           0x00000000200008f4        0x0 /usr/local/arm/GNU_Tools_for_ARM/bin/../lib/gcc/arm-none-eabi/11.3.1/../../../../arm-none-eabi/lib/thumb/v7e-m+fp/hard/libc.a(libc_a-__call_atexit.o)
 .bss           0x00000000200008f4        0x0 /usr/local/arm/GNU_Tools_for_ARM/bin/../lib/gcc/arm-none-eabi/11.3.1/../../../../arm-none-eabi/lib/thumb/v7e-m+fp/hard/libc.a(libc_a-memset.o)
 .bss           0x00000000200008f4        0x0 /usr/local/arm/GNU_Tools_for_ARM/bin/../lib/gcc/arm-none-eabi/11.3.1/../../../../arm-none-eabi/lib/thumb/v7e-m+fp/hard/libc.a(libc_a-init.o)
 .bss           0x00000000200008f4        0x0 /usr/local/arm/GNU_Tools_for_ARM/bin/../lib/gcc/arm-none-eabi/11.3.1/../../../../arm-none-eabi/lib/thumb/v7e-m+fp/hard/libc.a(libc_a-fini.o)
 .bss           0x00000000200008f4        0x0 /usr/local/arm/GNU_Tools_for_ARM/bin/../lib/gcc/arm-none-eabi/11.3.1/../../../../arm-none-eabi/lib/thumb/v7e-m+fp/hard/libc.a(libc_a-lock.o)
 .bss           0x00000000200008f4        0x0 /usr/local/arm/GNU_Tools_for_ARM/bin/../lib/gcc/arm-none-eabi/11.3.1/../../../../arm-none-eabi/lib/thumb/v7e-m+fp/hard/libc.a(libc_a-atexit.o)
 .bss           0x00000000200008f4        0x0 /usr/local/arm/GNU_Tools_for_ARM/bin/../lib/gcc/arm-none-eabi/11.3.1/../../../../arm-none-eabi/lib/thumb/v7e-m+fp/hard/libc.a(libc_a-impure.o)
 .bss           0x00000000200008f4        0x0 /usr/local/arm/GNU_Tools_for_ARM/bin/../lib/gcc/arm-none-eabi/11.3.1/../../../../arm-none-eabi/lib/thumb/v7e-m+fp/hard/libc.a(libc_a-findfp.o)
 .bss           0x00000000200008f4        0x0 /usr/local/arm/GNU_Tools_for_ARM/bin/../lib/gcc/arm-none-eabi/11.3.1/../../../../arm-none-eabi/lib/thumb/v7e-m+fp/hard/libc.a(libc_a-stdio.o)
 .bss           0x00000000200008f4        0x0 /usr/local/arm/GNU_Tools_for_ARM/bin/../lib/gcc/arm-none-eabi/11.3.1/../../../../arm-none-eabi/lib/thumb/v7e-m+fp/hard/libc.a(libc_a-fwalk.o)
 .bss           0x00000000200008f4        0x0 /usr/local/arm/GNU_Tools_for_ARM/bin/../lib/gcc/arm-none-eabi/11.3.1/../../../../arm-none-eabi/lib/thumb/v7e-m+fp/hard/libc.a(libc_a-writer.o)
 .bss           0x00000000200008f4        0x0 /usr/local/arm/GNU_Tools_for_ARM/bin/../lib/gcc/arm-none-eabi/11.3.1/../../../../arm-none-eabi/lib/thumb/v7e-m+fp/hard/libc.a(libc_a-__atexit.o)
 .bss           0x00000000200008f4        0x0 /usr/local/arm/GNU_Tools_for_ARM/bin/../lib/gcc/arm-none-eabi/11.3.1/../../../../arm-none-eabi/lib/thumb/v7e-m+fp/hard/libc.a(libc_a-mallocr.o)
 .bss           0x00000000200008f4        0x0 /usr/local/arm/GNU_Tools_for_ARM/bin/../lib/gcc/arm-none-eabi/11.3.1/../../../../arm-none-eabi/lib/thumb/v7e-m+fp/hard/libc.a(libc_a-fclose.o)
 .bss           0x00000000200008f4        0x0 /usr/local/arm/GNU_Tools_for_ARM/bin/../lib/gcc/arm-none-eabi/11.3.1/../../../../arm-none-eabi/lib/thumb/v7e-m+fp/hard/libc.a(libc_a-mlock.o)
 .bss           0x00000000200008f4        0x0 /usr/local/arm/GNU_Tools_for_ARM/bin/../lib/gcc/arm-none-eabi/11.3.1/../../../../arm-none-eabi/lib/thumb/v7e-m+fp/hard/libc.a(libc_a-closer.o)
 .bss           0x00000000200008f4        0x0 /usr/local/arm/GNU_Tools_for_ARM/bin/../lib/gcc/arm-none-eabi/11.3.1/../../../../arm-none-eabi/lib/thumb/v7e-m+fp/hard/libc.a(libc_a-reent.o)
 .bss           0x00000000200008f4        0x0 /usr/local/arm/GNU_Tools_for_ARM/bin/../lib/gcc/arm-none-eabi/11.3.1/../../../../arm-none-eabi/lib/thumb/v7e-m+fp/hard/libc.a(libc_a-fflush.o)
 .bss           0x00000000200008f4        0x0 /usr/local/arm/GNU_Tools_for_ARM/bin/../lib/gcc/arm-none-eabi/11.3.1/../../../../arm-none-eabi/lib/thumb/v7e-m+fp/hard/libc.a(libc_a-freer.o)
 .bss           0x00000000200008f4        0x0 /usr/local/arm/GNU_Tools_for_ARM/bin/../lib/gcc/arm-none-eabi/11.3.1/../../../../arm-none-eabi/lib/thumb/v7e-m+fp/hard/libc.a(libc_a-lseekr.o)
 .bss           0x00000000200008f4        0x0 /usr/local/arm/GNU_Tools_for_ARM/bin/../lib/gcc/arm-none-eabi/11.3.1/../../../../arm-none-eabi/lib/thumb/v7e-m+fp/hard/libc.a(libc_a-readr.o)
 .bss           0x00000000200008f4        0x0 /usr/local/arm/GNU_Tools_for_ARM/bin/../lib/gcc/arm-none-eabi/11.3.1/../../../../arm-none-eabi/lib/thumb/v7e-m+fp/hard/libc.a(libc_a-sbrkr.o)
 .bss           0x00000000200008f4        0x0 /usr/local/arm/GNU_Tools_for_ARM/bin/../lib/gcc/arm-none-eabi/11.3.1/../../../../arm-none-eabi/lib/thumb/v7e-m+fp/hard/libnosys.a(sbrk.o)
 .bss           0x00000000200008f4        0x0 /usr/local/arm/GNU_Tools_for_ARM/bin/../lib/gcc/arm-none-eabi/11.3.1/thumb/v7e-m+fp/hard/crtend.o
 .bss           0x00000000200008f4        0x0 /usr/local/arm/GNU_Tools_for_ARM/bin/../lib/gcc/arm-none-eabi/11.3.1/thumb/v7e-m+fp/hard/crtn.o
 *(.bss.*)
 .bss.completed.1
                0x00000000200008f4        0x1 /usr/local/arm/GNU_Tools_for_ARM/bin/../lib/gcc/arm-none-eabi/11.3.1/thumb/v7e-m+fp/hard/crtbegin.o
 *fill*         0x00000000200008f5        0x3 
 .bss.object.0  0x00000000200008f8       0x18 /usr/local/arm/GNU_Tools_for_ARM/bin/../lib/gcc/arm-none-eabi/11.3.1/thumb/v7e-m+fp/hard/crtbegin.o
 .bss.__atexit  0x0000000020000910        0x4 /usr/local/arm/GNU_Tools_for_ARM/bin/../lib/gcc/arm-none-eabi/11.3.1/../../../../arm-none-eabi/lib/thumb/v7e-m+fp/hard/libc.a(libc_a-__call_atexit.o)
                0x0000000020000910                __atexit
 .bss.__lock___atexit_recursive_mutex
                0x0000000020000914        0x1 /usr/local/arm/GNU_Tools_for_ARM/bin/../lib/gcc/arm-none-eabi/11.3.1/../../../../arm-none-eabi/lib/thumb/v7e-m+fp/hard/libc.a(libc_a-lock.o)
                0x0000000020000914                __lock___atexit_recursive_mutex
 *fill*         0x0000000020000915        0x3 
 .bss.__sf      0x0000000020000918      0x138 /usr/local/arm/GNU_Tools_for_ARM/bin/../lib/gcc/arm-none-eabi/11.3.1/../../../../arm-none-eabi/lib/thumb/v7e-m+fp/hard/libc.a(libc_a-findfp.o)
                0x0000000020000918                __sf
 .bss.__stdio_exit_handler
                0x0000000020000a50        0x4 /usr/local/arm/GNU_Tools_for_ARM/bin/../lib/gcc/arm-none-eabi/11.3.1/../../../../arm-none-eabi/lib/thumb/v7e-m+fp/hard/libc.a(libc_a-findfp.o)
                0x0000000020000a50                __stdio_exit_handler
 .bss.__atexit0
                0x0000000020000a54      0x190 /usr/local/arm/GNU_Tools_for_ARM/bin/../lib/gcc/arm-none-eabi/11.3.1/../../../../arm-none-eabi/lib/thumb/v7e-m+fp/hard/libc.a(libc_a-__atexit.o)
                0x0000000020000a54                __atexit0
 *(COMMON)
                0x0000000020000be4                . = ALIGN (0x4)
                0x0000000020000be4                __bss_end__ = .

.heap           0x0000000020000be4        0x0
                0x0000000020000be4                __heap_start__ = .
                0x0000000020000be4                end = __heap_start__
                0x0000000020000be4                _end = end
                0x0000000020000be4                __end = end
 *(.heap)
                0x0000000020000be4                __heap_end__ = .
                0x0000000020000be4                __HeapLimit = __heap_end__

.stack          0x0000000020000be8        0x0
                0x0000000020000be8                _stack = .
 *(.stack)
                0x0000000020010000                __StackTop = (ORIGIN (REGION_STACK) + LENGTH (REGION_STACK))
                0x0000000020010000                PROVIDE (__stack = __StackTop)
OUTPUT(build/mpu6050.elf elf32-littlearm)
LOAD linker stubs

.ARM.attributes
                0x0000000000000000       0x30
 .ARM.attributes
                0x0000000000000000       0x1e /usr/local/arm/GNU_Tools_for_ARM/bin/../lib/gcc/arm-none-eabi/11.3.1/thumb/v7e-m+fp/hard/crti.o
 .ARM.attributes
                0x000000000000001e       0x34 /usr/local/arm/GNU_Tools_for_ARM/bin/../lib/gcc/arm-none-eabi/11.3.1/thumb/v7e-m+fp/hard/crtbegin.o
 .ARM.attributes
                0x0000000000000052       0x1c /usr/local/arm/GNU_Tools_for_ARM/bin/../lib/gcc/arm-none-eabi/11.3.1/../../../../arm-none-eabi/lib/thumb/v7e-m+fp/hard/crt0.o
 .ARM.attributes
                0x000000000000006e       0x34 build/main.o
 .ARM.attributes
                0x00000000000000a2       0x34 build/adc14.o
 .ARM.attributes
                0x00000000000000d6       0x34 build/aes256.o
 .ARM.attributes
                0x000000000000010a       0x34 build/comp_e.o
 .ARM.attributes
                0x000000000000013e       0x34 build/cpu.o
 .ARM.attributes
                0x0000000000000172       0x34 build/crc32.o
 .ARM.attributes
                0x00000000000001a6       0x34 build/cs.o
 .ARM.attributes
                0x00000000000001da       0x34 build/dma.o
 .ARM.attributes
                0x000000000000020e       0x34 build/flash.o
 .ARM.attributes
                0x0000000000000242       0x34 build/fpu.o
 .ARM.attributes
                0x0000000000000276       0x34 build/gpio.o
 .ARM.attributes
                0x00000000000002aa       0x34 build/i2c.o
 .ARM.attributes
                0x00000000000002de       0x34 build/interrupt.o
 .ARM.attributes
                0x0000000000000312       0x34 build/mpu.o
 .ARM.attributes
                0x0000000000000346       0x34 build/pcm.o
 .ARM.attributes
                0x000000000000037a       0x34 build/pmap.o
 .ARM.attributes
                0x00000000000003ae       0x34 build/pss.o
 .ARM.attributes
                0x00000000000003e2       0x34 build/ref_a.o
 .ARM.attributes
                0x0000000000000416       0x34 build/reset.o
 .ARM.attributes
                0x000000000000044a       0x34 build/rtc_c.o
 .ARM.attributes
                0x000000000000047e       0x34 build/spi.o
 .ARM.attributes
                0x00000000000004b2       0x34 build/sysctl.o
 .ARM.attributes
                0x00000000000004e6       0x34 build/systick.o
 .ARM.attributes
                0x000000000000051a       0x34 build/timer32.o
 .ARM.attributes
                0x000000000000054e       0x34 build/timer_a.o
 .ARM.attributes
                0x0000000000000582       0x34 build/uart.o
 .ARM.attributes
                0x00000000000005b6       0x34 build/wdt_a.o
 .ARM.attributes
                0x00000000000005ea       0x34 build/startup_msp432p401r_gcc.o
 .ARM.attributes
                0x000000000000061e       0x34 build/system_msp432p401r.o
 .ARM.attributes
                0x0000000000000652       0x34 build/syscalls.o
 .ARM.attributes
                0x0000000000000686       0x34 build/iic_bus.o
 .ARM.attributes
                0x00000000000006ba       0x34 build/mpu6050.o
 .ARM.attributes
                0x00000000000006ee       0x34 /usr/local/arm/GNU_Tools_for_ARM/bin/../lib/gcc/arm-none-eabi/11.3.1/../../../../arm-none-eabi/lib/thumb/v7e-m+fp/hard/libc.a(libc_a-exit.o)
 .ARM.attributes
                0x0000000000000722       0x34 /usr/local/arm/GNU_Tools_for_ARM/bin/../lib/gcc/arm-none-eabi/11.3.1/../../../../arm-none-eabi/lib/thumb/v7e-m+fp/hard/libc.a(libc_a-errno.o)
 .ARM.attributes
                0x0000000000000756       0x34 /usr/local/arm/GNU_Tools_for_ARM/bin/../lib/gcc/arm-none-eabi/11.3.1/../../../../arm-none-eabi/lib/thumb/v7e-m+fp/hard/libc.a(libc_a-__call_atexit.o)
 .ARM.attributes
                0x000000000000078a       0x34 /usr/local/arm/GNU_Tools_for_ARM/bin/../lib/gcc/arm-none-eabi/11.3.1/../../../../arm-none-eabi/lib/thumb/v7e-m+fp/hard/libc.a(libc_a-memset.o)
 .ARM.attributes
                0x00000000000007be       0x34 /usr/local/arm/GNU_Tools_for_ARM/bin/../lib/gcc/arm-none-eabi/11.3.1/../../../../arm-none-eabi/lib/thumb/v7e-m+fp/hard/libc.a(libc_a-init.o)
 .ARM.attributes
                0x00000000000007f2       0x34 /usr/local/arm/GNU_Tools_for_ARM/bin/../lib/gcc/arm-none-eabi/11.3.1/../../../../arm-none-eabi/lib/thumb/v7e-m+fp/hard/libc.a(libc_a-fini.o)
 .ARM.attributes
                0x0000000000000826       0x34 /usr/local/arm/GNU_Tools_for_ARM/bin/../lib/gcc/arm-none-eabi/11.3.1/../../../../arm-none-eabi/lib/thumb/v7e-m+fp/hard/libc.a(libc_a-lock.o)
 .ARM.attributes
                0x000000000000085a       0x34 /usr/local/arm/GNU_Tools_for_ARM/bin/../lib/gcc/arm-none-eabi/11.3.1/../../../../arm-none-eabi/lib/thumb/v7e-m+fp/hard/libc.a(libc_a-atexit.o)
 .ARM.attributes
                0x000000000000088e       0x34 /usr/local/arm/GNU_Tools_for_ARM/bin/../lib/gcc/arm-none-eabi/11.3.1/../../../../arm-none-eabi/lib/thumb/v7e-m+fp/hard/libc.a(libc_a-impure.o)
 .ARM.attributes
                0x00000000000008c2       0x34 /usr/local/arm/GNU_Tools_for_ARM/bin/../lib/gcc/arm-none-eabi/11.3.1/../../../../arm-none-eabi/lib/thumb/v7e-m+fp/hard/libc.a(libc_a-findfp.o)
 .ARM.attributes
                0x00000000000008f6       0x34 /usr/local/arm/GNU_Tools_for_ARM/bin/../lib/gcc/arm-none-eabi/11.3.1/../../../../arm-none-eabi/lib/thumb/v7e-m+fp/hard/libc.a(libc_a-stdio.o)
 .ARM.attributes
                0x000000000000092a       0x34 /usr/local/arm/GNU_Tools_for_ARM/bin/../lib/gcc/arm-none-eabi/11.3.1/../../../../arm-none-eabi/lib/thumb/v7e-m+fp/hard/libc.a(libc_a-fwalk.o)
 .ARM.attributes
                0x000000000000095e       0x34 /usr/local/arm/GNU_Tools_for_ARM/bin/../lib/gcc/arm-none-eabi/11.3.1/../../../../arm-none-eabi/lib/thumb/v7e-m+fp/hard/libc.a(libc_a-writer.o)
 .ARM.attributes
                0x0000000000000992       0x34 /usr/local/arm/GNU_Tools_for_ARM/bin/../lib/gcc/arm-none-eabi/11.3.1/../../../../arm-none-eabi/lib/thumb/v7e-m+fp/hard/libc.a(libc_a-__atexit.o)
 .ARM.attributes
                0x00000000000009c6       0x34 /usr/local/arm/GNU_Tools_for_ARM/bin/../lib/gcc/arm-none-eabi/11.3.1/../../../../arm-none-eabi/lib/thumb/v7e-m+fp/hard/libc.a(libc_a-mallocr.o)
 .ARM.attributes
                0x00000000000009fa       0x34 /usr/local/arm/GNU_Tools_for_ARM/bin/../lib/gcc/arm-none-eabi/11.3.1/../../../../arm-none-eabi/lib/thumb/v7e-m+fp/hard/libc.a(libc_a-fclose.o)
 .ARM.attributes
                0x0000000000000a2e       0x34 /usr/local/arm/GNU_Tools_for_ARM/bin/../lib/gcc/arm-none-eabi/11.3.1/../../../../arm-none-eabi/lib/thumb/v7e-m+fp/hard/libc.a(libc_a-mlock.o)
 .ARM.attributes
                0x0000000000000a62       0x34 /usr/local/arm/GNU_Tools_for_ARM/bin/../lib/gcc/arm-none-eabi/11.3.1/../../../../arm-none-eabi/lib/thumb/v7e-m+fp/hard/libc.a(libc_a-closer.o)
 .ARM.attributes
                0x0000000000000a96       0x34 /usr/local/arm/GNU_Tools_for_ARM/bin/../lib/gcc/arm-none-eabi/11.3.1/../../../../arm-none-eabi/lib/thumb/v7e-m+fp/hard/libc.a(libc_a-reent.o)
 .ARM.attributes
                0x0000000000000aca       0x34 /usr/local/arm/GNU_Tools_for_ARM/bin/../lib/gcc/arm-none-eabi/11.3.1/../../../../arm-none-eabi/lib/thumb/v7e-m+fp/hard/libc.a(libc_a-fflush.o)
 .ARM.attributes
                0x0000000000000afe       0x34 /usr/local/arm/GNU_Tools_for_ARM/bin/../lib/gcc/arm-none-eabi/11.3.1/../../../../arm-none-eabi/lib/thumb/v7e-m+fp/hard/libc.a(libc_a-freer.o)
 .ARM.attributes
                0x0000000000000b32       0x34 /usr/local/arm/GNU_Tools_for_ARM/bin/../lib/gcc/arm-none-eabi/11.3.1/../../../../arm-none-eabi/lib/thumb/v7e-m+fp/hard/libc.a(libc_a-lseekr.o)
 .ARM.attributes
                0x0000000000000b66       0x34 /usr/local/arm/GNU_Tools_for_ARM/bin/../lib/gcc/arm-none-eabi/11.3.1/../../../../arm-none-eabi/lib/thumb/v7e-m+fp/hard/libc.a(libc_a-readr.o)
 .ARM.attributes
                0x0000000000000b9a       0x34 /usr/local/arm/GNU_Tools_for_ARM/bin/../lib/gcc/arm-none-eabi/11.3.1/../../../../arm-none-eabi/lib/thumb/v7e-m+fp/hard/libc.a(libc_a-sbrkr.o)
 .ARM.attributes
                0x0000000000000bce       0x34 /usr/local/arm/GNU_Tools_for_ARM/bin/../lib/gcc/arm-none-eabi/11.3.1/../../../../arm-none-eabi/lib/thumb/v7e-m+fp/hard/libnosys.a(sbrk.o)
 .ARM.attributes
                0x0000000000000c02       0x34 /usr/local/arm/GNU_Tools_for_ARM/bin/../lib/gcc/arm-none-eabi/11.3.1/thumb/v7e-m+fp/hard/crtend.o
 .ARM.attributes
                0x0000000000000c36       0x1e /usr/local/arm/GNU_Tools_for_ARM/bin/../lib/gcc/arm-none-eabi/11.3.1/thumb/v7e-m+fp/hard/crtn.o

.comment        0x0000000000000000       0x33
 .comment       0x0000000000000000       0x33 /usr/local/arm/GNU_Tools_for_ARM/bin/../lib/gcc/arm-none-eabi/11.3.1/thumb/v7e-m+fp/hard/crtbegin.o
                                         0x34 (size before relaxing)
 .comment       0x0000000000000033       0x34 build/main.o
 .comment       0x0000000000000033       0x34 build/adc14.o
 .comment       0x0000000000000033       0x34 build/aes256.o
 .comment       0x0000000000000033       0x34 build/comp_e.o
 .comment       0x0000000000000033       0x34 build/cpu.o
 .comment       0x0000000000000033       0x34 build/crc32.o
 .comment       0x0000000000000033       0x34 build/cs.o
 .comment       0x0000000000000033       0x34 build/dma.o
 .comment       0x0000000000000033       0x34 build/flash.o
 .comment       0x0000000000000033       0x34 build/fpu.o
 .comment       0x0000000000000033       0x34 build/gpio.o
 .comment       0x0000000000000033       0x34 build/i2c.o
 .comment       0x0000000000000033       0x34 build/interrupt.o
 .comment       0x0000000000000033       0x34 build/mpu.o
 .comment       0x0000000000000033       0x34 build/pcm.o
 .comment       0x0000000000000033       0x34 build/pmap.o
 .comment       0x0000000000000033       0x34 build/pss.o
 .comment       0x0000000000000033       0x34 build/ref_a.o
 .comment       0x0000000000000033       0x34 build/reset.o
 .comment       0x0000000000000033       0x34 build/rtc_c.o
 .comment       0x0000000000000033       0x34 build/spi.o
 .comment       0x0000000000000033       0x34 build/sysctl.o
 .comment       0x0000000000000033       0x34 build/systick.o
 .comment       0x0000000000000033       0x34 build/timer32.o
 .comment       0x0000000000000033       0x34 build/timer_a.o
 .comment       0x0000000000000033       0x34 build/uart.o
 .comment       0x0000000000000033       0x34 build/wdt_a.o
 .comment       0x0000000000000033       0x34 build/startup_msp432p401r_gcc.o
 .comment       0x0000000000000033       0x34 build/system_msp432p401r.o
 .comment       0x0000000000000033       0x34 build/syscalls.o
 .comment       0x0000000000000033       0x34 build/iic_bus.o
 .comment       0x0000000000000033       0x34 build/mpu6050.o
 .comment       0x0000000000000033       0x34 /usr/local/arm/GNU_Tools_for_ARM/bin/../lib/gcc/arm-none-eabi/11.3.1/../../../../arm-none-eabi/lib/thumb/v7e-m+fp/hard/libc.a(libc_a-exit.o)