Archive member included to satisfy reference by file (symbol)

/usr/local/arm/GNU_Tools_for_ARM/bin/../lib/gcc/arm-none-eabi/11.3.1/../../../../arm-none-eabi/lib/thumb/v7e-m+fp/hard/libc.a(libc_a-exit.o)
                              /usr/local/arm/GNU_Tools_for_ARM/bin/../lib/gcc/arm-none-eabi/11.3.1/../../../../arm-none-eabi/lib/thumb/v7e-m+fp/hard/crt0.o (exit)
/usr/local/arm/GNU_Tools_for_ARM/bin/../lib/gcc/arm-none-eabi/11.3.1/../../../../arm-none-eabi/lib/thumb/v7e-m+fp/hard/libc.a(libc_a-errno.o)
                              build/syscalls.o (__errno)
/usr/local/arm/GNU_Tools_for_ARM/bin/../lib/gcc/arm-none-eabi/11.3.1/../../../../arm-none-eabi/lib/thumb/v7e-m+fp/hard/libc.a(libc_a-__call_atexit.o)
                              /usr/local/arm/GNU_Tools_for_ARM/bin/../lib/gcc/arm-none-eabi/11.3.1/../../../../arm-none-eabi/lib/thumb/v7e-m+fp/hard/libc.a(libc_a-exit.o) (__call_exitprocs)
/usr/local/arm/GNU_Tools_for_ARM/bin/../lib/gcc/arm-none-eabi/11.3.1/../../../../arm-none-eabi/lib/thumb/v7e-m+fp/hard/libc.a(libc_a-memset.o)
                              /usr/local/arm/GNU_Tools_for_ARM/bin/../lib/gcc/arm-none-eabi/11.3.1/../../../../arm-none-eabi/lib/thumb/v7e-m+fp/hard/crt0.o (memset)
/usr/local/arm/GNU_Tools_for_ARM/bin/../lib/gcc/arm-none-eabi/11.3.1/../../../../arm-none-eabi/lib/thumb/v7e-m+fp/hard/libc.a(libc_a-init.o)
                              /usr/local/arm/GNU_Tools_for_ARM/bin/../lib/gcc/arm-none-eabi/11.3.1/../../../../arm-none-eabi/lib/thumb/v7e-m+fp/hard/crt0.o (__libc_init_array)
/usr/local/arm/GNU_Tools_for_ARM/bin/../lib/gcc/arm-none-eabi/11.3.1/../../../../arm-none-eabi/lib/thumb/v7e-m+fp/hard/libc.a(libc_a-fini.o)
                              /usr/local/arm/GNU_Tools_for_ARM/bin/../lib/gcc/arm-none-eabi/11.3.1/../../../../arm-none-eabi/lib/thumb/v7e-m+fp/hard/libc.a(libc_a-__call_atexit.o) (__libc_fini_array)
/usr/local/arm/GNU_Tools_for_ARM/bin/../lib/gcc/arm-none-eabi/11.3.1/../../../../arm-none-eabi/lib/thumb/v7e-m+fp/hard/libc.a(libc_a-lock.o)
                              /usr/local/arm/GNU_Tools_for_ARM/bin/../lib/gcc/arm-none-eabi/11.3.1/../../../../arm-none-eabi/lib/thumb/v7e-m+fp/hard/libc.a(libc_a-__call_atexit.o) (__retarget_lock_acquire_recursive)
/usr/local/arm/GNU_Tools_for_ARM/bin/../lib/gcc/arm-none-eabi/11.3.1/../../../../arm-none-eabi/lib/thumb/v7e-m+fp/hard/libc.a(libc_a-atexit.o)
                              /usr/local/arm/GNU_Tools_for_ARM/bin/../lib/gcc/arm-none-eabi/11.3.1/../../../../arm-none-eabi/lib/thumb/v7e-m+fp/hard/libc.a(libc_a-__call_atexit.o) (atexit)
/usr/local/arm/GNU_Tools_for_ARM/bin/../lib/gcc/arm-none-eabi/11.3.1/../../../../arm-none-eabi/lib/thumb/v7e-m+fp/hard/libc.a(libc_a-impure.o)
                              /usr/local/arm/GNU_Tools_for_ARM/bin/../lib/gcc/arm-none-eabi/11.3.1/../../../../arm-none-eabi/lib/thumb/v7e-m+fp/hard/libc.a(libc_a-errno.o) (_impure_ptr)
/usr/local/arm/GNU_Tools_for_ARM/bin/../lib/gcc/arm-none-eabi/11.3.1/../../../../arm-none-eabi/lib/thumb/v7e-m+fp/hard/libc.a(libc_a-findfp.o)
                              /usr/local/arm/GNU_Tools_for_ARM/bin/../lib/gcc/arm-none-eabi/11.3.1/../../../../arm-none-eabi/lib/thumb/v7e-m+fp/hard/libc.a(libc_a-impure.o) (__sf)
/usr/local/arm/GNU_Tools_for_ARM/bin/../lib/gcc/arm-none-eabi/11.3.1/../../../../arm-none-eabi/lib/thumb/v7e-m+fp/hard/libc.a(libc_a-stdio.o)
                              /usr/local/arm/GNU_Tools_for_ARM/bin/../lib/gcc/arm-none-eabi/11.3.1/../../../../arm-none-eabi/lib/thumb/v7e-m+fp/hard/libc.a(libc_a-findfp.o) (__sread)
/usr/local/arm/GNU_Tools_for_ARM/bin/../lib/gcc/arm-none-eabi/11.3.1/../../../../arm-none-eabi/lib/thumb/v7e-m+fp/hard/libc.a(libc_a-fwalk.o)
                              /usr/local/arm/GNU_Tools_for_ARM/bin/../lib/gcc/arm-none-eabi/11.3.1/../../../../arm-none-eabi/lib/thumb/v7e-m+fp/hard/libc.a(libc_a-findfp.o) (_fwalk_sglue)
/usr/local/arm/GNU_Tools_for_ARM/bin/../lib/gcc/arm-none-eabi/11.3.1/../../../../arm-none-eabi/lib/thumb/v7e-m+fp/hard/libc.a(libc_a-writer.o)
                              /usr/local/arm/GNU_Tools_for_ARM/bin/../lib/gcc/arm-none-eabi/11.3.1/../../../../arm-none-eabi/lib/thumb/v7e-m+fp/hard/libc.a(libc_a-stdio.o) (_write_r)
/usr/local/arm/GNU_Tools_for_ARM/bin/../lib/gcc/arm-none-eabi/11.3.1/../../../../arm-none-eabi/lib/thumb/v7e-m+fp/hard/libc.a(libc_a-__atexit.o)
                              /usr/local/arm/GNU_Tools_for_ARM/bin/../lib/gcc/arm-none-eabi/11.3.1/../../../../arm-none-eabi/lib/thumb/v7e-m+fp/hard/libc.a(libc_a-atexit.o) (__register_exitproc)
/usr/local/arm/GNU_Tools_for_ARM/bin/../lib/gcc/arm-none-eabi/11.3.1/../../../../arm-none-eabi/lib/thumb/v7e-m+fp/hard/libc.a(libc_a-mallocr.o)
                              /usr/local/arm/GNU_Tools_for_ARM/bin/../lib/gcc/arm-none-eabi/11.3.1/../../../../arm-none-eabi/lib/thumb/v7e-m+fp/hard/libc.a(libc_a-findfp.o) (_malloc_r)
[...]
Memory Configuration

Name             Origin             Length             Attributes
MAIN_FLASH       0x0000000000000000 0x0000000000040000 xr
INFO_FLASH       0x0000000000200000 0x0000000000004000 xr
SRAM_CODE        0x0000000001000000 0x0000000000010000 xrw
SRAM_DATA        0x0000000020000000 0x0000000000010000 rw
*default*        0x0000000000000000 0xffffffffffffffff

Linker script and memory map

LOAD /usr/local/arm/GNU_Tools_for_ARM/bin/../lib/gcc/arm-none-eabi/11.3.1/thumb/v7e-m+fp/hard/crti.o
LOAD /usr/local/arm/GNU_Tools_for_ARM/bin/../lib/gcc/arm-none-eabi/11.3.1/thumb/v7e-m+fp/hard/crtbegin.o
LOAD /usr/local/arm/GNU_Tools_for_ARM/bin/../lib/gcc/arm-none-eabi/11.3.1/../../../../arm-none-eabi/lib/thumb/v7e-m+fp/hard/crt0.o
LOAD build/main.o
LOAD build/adc14.o
LOAD build/aes256.o
LOAD build/comp_e.o
LOAD build/cpu.o
LOAD build/crc32.o
LOAD build/cs.o
LOAD build/dma.o
LOAD build/flash.o
LOAD build/fpu.o
LOAD build/gpio.o
LOAD build/i2c.o
LOAD build/interrupt.o
LOAD build/mpu.o
LOAD build/pcm.o
LOAD build/pmap.o
LOAD build/pss.o
LOAD build/ref_a.o
LOAD build/reset.o
LOAD build/rtc_c.o
LOAD build/spi.o
LOAD build/sysctl.o
LOAD build/systick.o
LOAD build/timer32.o
LOAD build/timer_a.o
LOAD build/uart.o
LOAD build/wdt_a.o
LOAD build/startup_msp432p401r_gcc.o
LOAD build/system_msp432p401r.o
LOAD build/iic_bus.o
LOAD build/syscalls.o
LOAD build/user_uart.o
LOAD build/mpu6050.o
LOAD /usr/local/arm/GNU_Tools_for_ARM/bin/../lib/gcc/arm-none-eabi/11.3.1/../../../../arm-none-eabi/lib/thumb/v7e-m+fp/hard/libc.a
LOAD /usr/local/arm/GNU_Tools_for_ARM/bin/../lib/gcc/arm-none-eabi/11.3.1/../../../../arm-none-eabi/lib/thumb/v7e-m+fp/hard/libm.a
LOAD /usr/local/arm/GNU_Tools_for_ARM/bin/../lib/gcc/arm-none-eabi/11.3.1/../../../../arm-none-eabi/lib/thumb/v7e-m+fp/hard/libnosys.a
START GROUP
LOAD /usr/local/arm/GNU_Tools_for_ARM/bin/../lib/gcc/arm-none-eabi/11.3.1/thumb/v7e-m+fp/hard/libgcc.a
LOAD /usr/local/arm/GNU_Tools_for_ARM/bin/../lib/gcc/arm-none-eabi/11.3.1/../../../../arm-none-eabi/lib/thumb/v7e-m+fp/hard/libc.a
END GROUP
START GROUP
LOAD /usr/local/arm/GNU_Tools_for_ARM/bin/../lib/gcc/arm-none-eabi/11.3.1/thumb/v7e-m+fp/hard/libgcc.a
LOAD /usr/local/arm/GNU_Tools_for_ARM/bin/../lib/gcc/arm-none-eabi/11.3.1/../../../../arm-none-eabi/lib/thumb/v7e-m+fp/hard/libc.a
LOAD /usr/local/arm/GNU_Tools_for_ARM/bin/../lib/gcc/arm-none-eabi/11.3.1/../../../../arm-none-eabi/lib/thumb/v7e-m+fp/hard/libnosys.a
END GROUP
LOAD /usr/local/arm/GNU_Tools_for_ARM/bin/../lib/gcc/arm-none-eabi/11.3.1/thumb/v7e-m+fp/hard/crtend.o
LOAD /usr/local/arm/GNU_Tools_for_ARM/bin/../lib/gcc/arm-none-eabi/11.3.1/thumb/v7e-m+fp/hard/crtn.o
                0x0000000000000000                PROVIDE (_intvecs_base_address = DEFINED (_intvecs_base_address)?_intvecs_base_address:0x0)

.intvecs        0x0000000000000000       0xe4
 *(.intvecs)
 .intvecs       0x0000000000000000       0xe4 build/startup_msp432p401r_gcc.o
                0x0000000000000000                interruptVectors
                0x0000000000200000                PROVIDE (_mailbox_base_address = 0x200000)

.flashMailbox
 *(.flashMailbox)
                0x0000000000201000                PROVIDE (_tlv_base_address = 0x201000)

.tlvTable
 *(.tlvTable)
                0x0000000000202000                PROVIDE (_bsl_base_address = 0x202000)

.bslArea
 *(.bslArea)
                0x0000000020000000                PROVIDE (_vtable_base_address = DEFINED (_vtable_base_address)?_vtable_base_address:0x20000000)

.vtable
 *(.vtable)

.text           0x00000000000000e4     0xcda0
 CREATE_OBJECT_SYMBOLS
 *(.text)
 .text          0x00000000000000e4        0x0 /usr/local/arm/GNU_Tools_for_ARM/bin/../lib/gcc/arm-none-eabi/11.3.1/thumb/v7e-m+fp/hard/crti.o
 .text          0x00000000000000e4        0x0 /usr/local/arm/GNU_Tools_for_ARM/bin/../lib/gcc/arm-none-eabi/11.3.1/thumb/v7e-m+fp/hard/crtbegin.o
 .text          0x00000000000000e4       0x7c /usr/local/arm/GNU_Tools_for_ARM/bin/../lib/gcc/arm-none-eabi/11.3.1/../../../../arm-none-eabi/lib/thumb/v7e-m+fp/hard/crt0.o
                0x00000000000000e4                _stack_init
                0x00000000000000ec                _mainCRTStartup
                0x00000000000000ec                _start
 .text          0x0000000000000160       0xec build/main.o
                0x0000000000000160                main
                0x00000000000001ac                Clock_Configuration
                0x0000000000000220                Clock_Information
 .text          0x000000000000024c      0xd8c build/adc14.o
                0x0000000000000594                ADC14_enableModule
                0x00000000000005ac                ADC14_disableModule
                0x00000000000005d0                ADC14_enableSampleTimer
                0x0000000000000614                ADC14_disableSampleTimer
                0x0000000000000638                ADC14_initModule
                0x0000000000000690                ADC14_setResolution
                0x00000000000006b8                ADC14_getResolution
                0x00000000000006d4                ADC14_setSampleHoldTrigger
                0x0000000000000728                ADC14_setSampleHoldTime
                0x0000000000000764                ADC14_configureMultiSequenceMode
                0x0000000000000828                ADC14_configureSingleSampleMode
                0x0000000000000894                ADC14_enableConversion
                0x00000000000008cc                ADC14_toggleConversionTrigger
                0x000000000000090c                ADC14_disableConversion
                0x000000000000092c                ADC14_isBusy
                0x0000000000000950                ADC14_configureConversionMemory
                0x0000000000000a0c                ADC14_enableComparatorWindow
                0x0000000000000ab4                ADC14_disableComparatorWindow
                0x0000000000000b28                ADC14_setComparatorWindowValue
                0x0000000000000bd4                ADC14_setResultFormat
                0x0000000000000c14                ADC14_getResult
                0x0000000000000c48                ADC14_getMultiSequenceResult
                0x0000000000000cac                ADC14_getResultArray
                0x0000000000000d48                ADC14_enableReferenceBurst
                0x0000000000000d6c                ADC14_disableReferenceBurst
                0x0000000000000d90                ADC14_setPowerMode
                0x0000000000000de8                ADC14_enableInterrupt
                0x0000000000000e3c                ADC14_disableInterrupt
                0x0000000000000e94                ADC14_getInterruptStatus
                0x0000000000000eec                ADC14_getEnabledInterruptStatus
                0x0000000000000f50                ADC14_clearInterruptFlag
                0x0000000000000fa4                ADC14_registerInterrupt
                0x0000000000000fc2                ADC14_unregisterInterrupt
 .text          0x0000000000000fd8      0x708 build/aes256.o
                0x0000000000000fd8                AES256_setCipherKey
                0x00000000000010aa                AES256_encryptData
                0x0000000000001178                AES256_decryptData
                0x0000000000001244                AES256_setDecipherKey
                0x0000000000001328                AES256_clearInterruptFlag
                0x0000000000001350                AES256_getInterruptFlagStatus
                0x0000000000001378                AES256_enableInterrupt
                0x000000000000139e                AES256_disableInterrupt
                0x00000000000013c4                AES256_reset
                0x00000000000013ea                AES256_startEncryptData
                0x0000000000001462                AES256_startDecryptData
                0x00000000000014d8                AES256_startSetDecipherKey
                0x00000000000015a4                AES256_getDataOut
                0x0000000000001610                AES256_isBusy
                0x0000000000001640                AES256_clearErrorFlag
                0x0000000000001666                AES256_getErrorFlagStatus
                0x000000000000168c                AES256_registerInterrupt
                0x00000000000016ac                AES256_unregisterInterrupt
                0x00000000000016c8                AES256_getInterruptStatus
 .text          0x00000000000016e0      0x6cc build/comp_e.o
                0x000000000000188e                COMP_E_initModule
                0x000000000000198e                COMP_E_setReferenceVoltage
                0x0000000000001a3a                COMP_E_setReferenceAccuracy
                0x0000000000001a80                COMP_E_setPowerMode
                0x0000000000001aae                COMP_E_enableModule
                0x0000000000001ad6                COMP_E_disableModule
                0x0000000000001afe                COMP_E_shortInputs
                0x0000000000001b26                COMP_E_unshortInputs
                0x0000000000001b4e                COMP_E_disableInputBuffer
                0x0000000000001b76                COMP_E_enableInputBuffer
                0x0000000000001ba2                COMP_E_swapIO
                0x0000000000001bc6                COMP_E_outputValue
                0x0000000000001be8                COMP_E_enableInterrupt
                0x0000000000001c10                COMP_E_getEnabledInterruptStatus
                0x0000000000001c30                COMP_E_disableInterrupt
                0x0000000000001c5c                COMP_E_clearInterruptFlag
                0x0000000000001c88                COMP_E_getInterruptStatus
                0x0000000000001ca6                COMP_E_setInterruptEdgeDirection
                0x0000000000001cf2                COMP_E_toggleInterruptEdgeDirection
                0x0000000000001d16                COMP_E_registerInterrupt
                0x0000000000001d64                COMP_E_unregisterInterrupt
 .text          0x0000000000001dac       0x42 build/cpu.o
                0x0000000000001dac                CPU_cpsid
                0x0000000000001dba                CPU_primask
                0x0000000000001dc6                CPU_cpsie
                0x0000000000001dd4                CPU_wfi
                0x0000000000001dda                CPU_basepriSet
                0x0000000000001de2                CPU_basepriGet
 *fill*         0x0000000000001dee        0x2 
 .text          0x0000000000001df0      0x1e8 build/crc32.o
                0x0000000000001df0                CRC32_setSeed
                0x0000000000001e2e                CRC32_set8BitData
                0x0000000000001e60                CRC32_set16BitData
                0x0000000000001e90                CRC32_set32BitData
                0x0000000000001eba                CRC32_set8BitDataReversed
                0x0000000000001ef0                CRC32_set16BitDataReversed
                0x0000000000001f20                CRC32_set32BitDataReversed
                0x0000000000001f4c                CRC32_getResult
                0x0000000000001f92                CRC32_getResultReversed
 .text          0x0000000000001fd8      0xf84 build/cs.o
                0x0000000000002330                CS_setExternalClockSourceFrequency
                0x000000000000235c                CS_initClockSignal
                0x00000000000024e8                CS_startHFXT
                0x0000000000002506                CS_startHFXTWithTimeout
                0x00000000000025f8                CS_startLFXT
                0x0000000000002612                CS_startLFXTWithTimeout
                0x00000000000026fc                CS_enableClockRequest
                0x0000000000002734                CS_disableClockRequest
                0x000000000000276c                CS_setReferenceOscillatorFrequency
                0x00000000000027a4                CS_enableDCOExternalResistor
                0x00000000000027d4                CS_setDCOExternalResistorCalibration
                0x0000000000002868                CS_disableDCOExternalResistor
                0x0000000000002898                CS_setDCOCenteredFrequency
                0x00000000000028d4                CS_tuneDCOFrequency
                0x0000000000002958                CS_getDCOFrequency
                0x0000000000002a70                CS_setDCOFrequency
                0x0000000000002c24                CS_getBCLK
                0x0000000000002c50                CS_getHSMCLK
                0x0000000000002c84                CS_getACLK
                0x0000000000002cb8                CS_getSMCLK
                0x0000000000002cec                CS_getMCLK
                0x0000000000002d20                CS_enableFaultCounter
                0x0000000000002d68                CS_disableFaultCounter
                0x0000000000002db0                CS_resetFaultCounter
                0x0000000000002df8                CS_startFaultCounter
                0x0000000000002e50                CS_enableInterrupt
                0x0000000000002e88                CS_disableInterrupt
                0x0000000000002ec0                CS_getInterruptStatus
                0x0000000000002ed8                CS_getEnabledInterruptStatus
                0x0000000000002ef0                CS_clearInterruptFlag
                0x0000000000002f28                CS_registerInterrupt
                0x0000000000002f46                CS_unregisterInterrupt
 .text          0x0000000000002f5c      0xa20 build/dma.o
                0x0000000000002f5c                DMA_enableModule
                0x0000000000002f74                DMA_disableModule
                0x0000000000002fb8                DMA_getErrorStatus
                0x0000000000002fd0                DMA_clearErrorStatus
                0x0000000000002fe8                DMA_enableChannel
                0x0000000000003010                DMA_disableChannel
                0x0000000000003038                DMA_isChannelEnabled
                0x000000000000306c                DMA_setControlBase
                0x000000000000308c                DMA_getControlBase
                0x00000000000030a4                DMA_getControlAlternateBase
                0x00000000000030bc                DMA_requestChannel
                0x00000000000030e4                DMA_enableChannelAttribute
                0x0000000000003158                DMA_disableChannelAttribute
                0x00000000000031cc                DMA_getChannelAttribute
                0x000000000000325c                DMA_setChannelControl
                0x00000000000032a4                DMA_setChannelTransfer
                0x00000000000033a8                DMA_setChannelScatterGather
                0x000000000000343c                DMA_getChannelSize
                0x0000000000003484                DMA_getChannelMode
                0x00000000000034d8                DMA_assignChannel
                0x000000000000379c                DMA_assignInterrupt
                0x000000000000380c                DMA_requestSoftwareTransfer
                0x0000000000003838                DMA_getInterruptStatus
                0x0000000000003850                DMA_clearInterruptFlag
                0x0000000000003880                DMA_enableInterrupt
                0x00000000000038e0                DMA_disableInterrupt
                0x0000000000003940                DMA_registerInterrupt
                0x0000000000003960                DMA_unregisterInterrupt
 .text          0x000000000000397c     0x1af0 build/flash.o
                0x0000000000003c9a                FlashCtl_getMemoryInfo
                0x0000000000004080                FlashCtl_enableReadBuffering
                0x00000000000040f8                FlashCtl_disableReadBuffering
                0x0000000000004170                FlashCtl_unprotectSector
                0x0000000000004214                FlashCtl_protectSector
                0x000000000000429c                FlashCtl_isSectorProtected
                0x0000000000004330                FlashCtl_verifyMemory
                0x00000000000045d8                FlashCtl_setReadMode
                0x000000000000465c                FlashCtl_getReadMode
                0x000000000000469c                FlashCtl_initiateMassErase
                0x00000000000046c8                FlashCtl_performMassErase
                0x00000000000048a0                FlashCtl_eraseSector
                0x00000000000049f4                FlashCtl_initiateSectorErase
                0x0000000000004a94                FlashCtl_programMemory
                0x0000000000004c3c                FlashCtl_setProgramVerification
                0x0000000000004ca0                FlashCtl_clearProgramVerification
                0x0000000000004d04                FlashCtl_enableWordProgramming
                0x0000000000004d48                FlashCtl_disableWordProgramming
                0x0000000000004d60                FlashCtl_isWordProgrammingEnabled
                0x0000000000004d94                FlashCtl_setWaitState
                0x0000000000004de0                FlashCtl_getWaitState
                0x0000000000004e20                FlashCtl_enableInterrupt
                0x0000000000004e48                FlashCtl_disableInterrupt
                0x0000000000004e74                FlashCtl_getInterruptStatus
                0x0000000000004e8c                FlashCtl_getEnabledInterruptStatus
                0x0000000000004ea8                FlashCtl_clearInterruptFlag
                0x0000000000004ed0                FlashCtl_registerInterrupt
                0x0000000000004eee                FlashCtl_unregisterInterrupt
                0x0000000000004f02                __FlashCtl_remaskData8Post
                0x0000000000004f94                __FlashCtl_remaskData8Pre
                0x000000000000502c                __FlashCtl_remaskData32Post
                0x000000000000510c                __FlashCtl_remaskData32Pre
                0x00000000000051f0                __FlashCtl_remaskBurstDataPre
                0x0000000000005334                __FlashCtl_remaskBurstDataPost
 .text          0x000000000000546c      0x14c build/fpu.o
                0x000000000000546c                FPU_enableModule
                0x0000000000005490                FPU_disableModule
                0x00000000000054b4                FPU_enableStacking
                0x00000000000054d8                FPU_enableLazyStacking
                0x00000000000054f8                FPU_disableStacking
                0x0000000000005518                FPU_setHalfPrecisionMode
                0x0000000000005540                FPU_setNaNMode
                0x0000000000005568                FPU_setFlushToZeroMode
                0x0000000000005590                FPU_setRoundingMode
 .text          0x00000000000055b8      0x7e4 build/gpio.o
                0x00000000000055b8                GPIO_setAsOutputPin
                0x0000000000005628                GPIO_setAsInputPin
                0x00000000000056b4                GPIO_setAsPeripheralModuleFunctionOutputPin
                0x000000000000579c                GPIO_setAsPeripheralModuleFunctionInputPin
                0x0000000000005888                GPIO_setOutputHighOnPin
                0x00000000000058c4                GPIO_setOutputLowOnPin
                0x0000000000005904                GPIO_toggleOutputOnPin
                0x0000000000005940                GPIO_setAsInputPinWithPullDownResistor
                0x00000000000059e4                GPIO_setAsInputPinWithPullUpResistor
                0x0000000000005a84                GPIO_getInputPinValue
                0x0000000000005ac4                GPIO_enableInterrupt
                0x0000000000005b00                GPIO_disableInterrupt
                0x0000000000005b40                GPIO_getInterruptStatus
                0x0000000000005b74                GPIO_clearInterruptFlag
                0x0000000000005bb4                GPIO_interruptEdgeSelect
                0x0000000000005c14                GPIO_getEnabledInterruptStatus
                0x0000000000005cc4                GPIO_setDriveStrengthHigh
                0x0000000000005d00                GPIO_setDriveStrengthLow
                0x0000000000005d40                GPIO_registerInterrupt
                0x0000000000005d70                GPIO_unregisterInterrupt
 .text          0x0000000000005d9c      0xdb0 build/i2c.o
                0x0000000000005d9c                I2C_initMaster
                0x0000000000005e22                I2C_initSlave
                0x0000000000005e7e                I2C_enableModule
                0x0000000000005ea2                I2C_disableModule
                0x0000000000005ec6                I2C_setSlaveAddress
                0x0000000000005ee4                I2C_setMode
                0x0000000000005f12                I2C_setTimeout
                0x0000000000005f74                I2C_masterReceiveSingleByte
                0x000000000000600e                I2C_slavePutData
                0x000000000000602e                I2C_slaveGetData
                0x000000000000604a                I2C_isBusBusy
                0x0000000000006072                I2C_masterSendSingleByte
                0x0000000000006132                I2C_masterSendSingleByteWithTimeout
                0x0000000000006218                I2C_masterSendMultiByteStart
                0x00000000000062a8                I2C_masterSendMultiByteStartWithTimeout
                0x0000000000006354                I2C_masterSendMultiByteNext
                0x00000000000063a6                I2C_masterSendMultiByteNextWithTimeout
                0x0000000000006412                I2C_masterSendMultiByteFinish
                0x00000000000064c6                I2C_masterSendMultiByteFinishWithTimeout
                0x0000000000006590                I2C_masterSendMultiByteStop
                0x00000000000065e8                I2C_masterSendMultiByteStopWithTimeout
                0x000000000000665a                I2C_masterReceiveStart
                0x0000000000006688                I2C_masterReceiveMultiByteNext
                0x00000000000066a4                I2C_masterReceiveMultiByteFinish
                0x0000000000006702                I2C_masterReceiveMultiByteFinishWithTimeout
                0x000000000000679a                I2C_masterReceiveMultiByteStop
                0x00000000000067c0                I2C_masterReceiveSingle
                0x000000000000680a                I2C_getReceiveBufferAddressForDMA
                0x0000000000006822                I2C_getTransmitBufferAddressForDMA
                0x000000000000683a                I2C_masterIsStopSent
                0x0000000000006860                I2C_masterIsStartSent
                0x0000000000006890                I2C_masterSendStart
                0x00000000000068b6                I2C_enableMultiMasterMode
                0x00000000000068ec                I2C_disableMultiMasterMode
                0x0000000000006922                I2C_enableInterrupt
                0x000000000000694a                I2C_disableInterrupt
                0x0000000000006976                I2C_clearInterruptFlag
                0x00000000000069a2                I2C_getInterruptStatus
                0x00000000000069c6                I2C_getEnabledInterruptStatus
                0x00000000000069e6                I2C_getMode
                0x0000000000006a04                I2C_registerInterrupt
                0x0000000000006a98                I2C_unregisterInterrupt
                0x0000000000006b24                I2C_slaveSendNAK
 .text          0x0000000000006b4c      0x548 build/interrupt.o
                0x0000000000006b52                Interrupt_enableMaster
                0x0000000000006b6a                Interrupt_disableMaster
                0x0000000000006b82                Interrupt_registerInterrupt
                0x0000000000006be8                Interrupt_unregisterInterrupt
                0x0000000000006c10                Interrupt_setPriorityGrouping
                0x0000000000006c60                Interrupt_getPriorityGrouping
                0x0000000000006cac                Interrupt_setPriority
                0x0000000000006d14                Interrupt_getPriority
                0x0000000000006d48                Interrupt_enableInterrupt
                0x0000000000006ddc                Interrupt_disableInterrupt
                0x0000000000006e70                Interrupt_isEnabled
                0x0000000000006f10                Interrupt_pendInterrupt
                0x0000000000006f8c                Interrupt_unpendInterrupt
                0x0000000000006ff4                Interrupt_setPriorityMask
                0x000000000000700e                Interrupt_getPriorityMask
                0x000000000000701e                Interrupt_setVectorTableAddress
                0x000000000000703c                Interrupt_getVectorTableAddress
                0x0000000000007054                Interrupt_enableSleepOnIsrExit
                0x0000000000007074                Interrupt_disableSleepOnIsrExit
 .text          0x0000000000007094      0x16c build/mpu.o
                0x0000000000007094                MPU_enableModule
                0x00000000000070b8                MPU_disableModule
                0x00000000000070d8                MPU_getRegionCount
                0x00000000000070f4                MPU_enableRegion
                0x0000000000007120                MPU_disableRegion
                0x000000000000714c                MPU_setRegion
                0x0000000000007184                MPU_getRegion
                0x00000000000071bc                MPU_registerInterrupt
                0x00000000000071d4                MPU_unregisterInterrupt
                0x00000000000071e2                MPU_enableInterrupt
                0x00000000000071f0                MPU_disableInterrupt
 .text          0x0000000000007200      0xb08 build/pcm.o
                0x0000000000007320                PCM_setCoreVoltageLevel
                0x000000000000733c                PCM_setCoreVoltageLevelWithTimeout
                0x000000000000735a                PCM_setCoreVoltageLevelNonBlocking
                0x0000000000007376                PCM_getPowerMode
                0x00000000000073e6                PCM_getCoreVoltageLevel
                0x00000000000075d8                PCM_setPowerMode
                0x00000000000075f4                PCM_setPowerModeNonBlocking
                0x0000000000007610                PCM_setPowerModeWithTimeout
                0x00000000000079bc                PCM_setPowerState
                0x00000000000079d8                PCM_setPowerStateWithTimeout
                0x00000000000079f6                PCM_setPowerStateNonBlocking
                0x0000000000007a12                PCM_shutdownDevice
                0x0000000000007a78                PCM_gotoLPM4
                0x0000000000007a8e                PCM_gotoLPM4InterruptSafe
                0x0000000000007ab2                PCM_gotoLPM0
                0x0000000000007ae4                PCM_gotoLPM0InterruptSafe
                0x0000000000007b08                PCM_gotoLPM3
                0x0000000000007ba4                PCM_gotoLPM3InterruptSafe
                0x0000000000007bc8                PCM_getPowerState
                0x0000000000007be8                PCM_enableRudeMode
                0x0000000000007c0c                PCM_disableRudeMode
                0x0000000000007c34                PCM_enableInterrupt
                0x0000000000007c58                PCM_disableInterrupt
                0x0000000000007c80                PCM_getInterruptStatus
                0x0000000000007c98                PCM_getEnabledInterruptStatus
                0x0000000000007cb0                PCM_clearInterruptFlag
                0x0000000000007cd4                PCM_registerInterrupt
                0x0000000000007cf2                PCM_unregisterInterrupt
 .text          0x0000000000007d08       0x84 build/pmap.o
                0x0000000000007d08                PMAP_configurePorts
 .text          0x0000000000007d8c      0x28c build/pss.o
                0x0000000000007dc0                PSS_enableForcedDCDCOperation
                0x0000000000007ddc                PSS_disableForcedDCDCOperation
                0x0000000000007df8                PSS_enableHighSidePinToggle
                0x0000000000007e40                PSS_disableHighSidePinToggle
                0x0000000000007e5c                PSS_enableHighSide
                0x0000000000007e78                PSS_disableHighSide
                0x0000000000007e94                PSS_setHighSidePerformanceMode
                0x0000000000007ec4                PSS_getHighSidePerformanceMode
                0x0000000000007ee8                PSS_enableHighSideMonitor
                0x0000000000007f04                PSS_disableHighSideMonitor
                0x0000000000007f20                PSS_setHighSideVoltageTrigger
                0x0000000000007f5c                PSS_getHighSideVoltageTrigger
                0x0000000000007f78                PSS_enableInterrupt
                0x0000000000007f94                PSS_disableInterrupt
                0x0000000000007fb0                PSS_getInterruptStatus
                0x0000000000007fc8                PSS_clearInterruptFlag
                0x0000000000007fe4                PSS_registerInterrupt
                0x0000000000008002                PSS_unregisterInterrupt
 .text          0x0000000000008018      0x1c0 build/ref_a.o
                0x0000000000008018                REF_A_setReferenceVoltage
                0x0000000000008048                REF_A_disableTempSensor
                0x0000000000008060                REF_A_enableTempSensor
                0x0000000000008078                REF_A_enableReferenceVoltageOutput
                0x0000000000008090                REF_A_disableReferenceVoltageOutput
                0x00000000000080a8                REF_A_enableReferenceVoltage
                0x00000000000080c0                REF_A_disableReferenceVoltage
                0x00000000000080d8                REF_A_getBandgapMode
                0x00000000000080f4                REF_A_isBandgapActive
                0x0000000000008118                REF_A_isRefGenBusy
                0x000000000000813c                REF_A_isRefGenActive
                0x0000000000008160                REF_A_getBufferedBandgapVoltageStatus
                0x0000000000008184                REF_A_getVariableReferenceVoltageStatus
                0x00000000000081a8                REF_A_setReferenceVoltageOneTimeTrigger
                0x00000000000081c0                REF_A_setBufferedBandgapVoltageOneTimeTrigger
 .text          0x00000000000081d8      0x180 build/reset.o
                0x00000000000081d8                ResetCtl_initiateSoftReset
                0x00000000000081fc                ResetCtl_initiateSoftResetWithSource
                0x0000000000008220                ResetCtl_getSoftResetSource
                0x0000000000008238                ResetCtl_clearSoftResetSource
                0x000000000000825c                ResetCtl_initiateHardReset
                0x0000000000008280                ResetCtl_initiateHardResetWithSource
                0x00000000000082a4                ResetCtl_getHardResetSource
                0x00000000000082bc                ResetCtl_clearHardResetSource
                0x00000000000082e0                ResetCtl_getPSSSource
                0x00000000000082f8                ResetCtl_clearPSSFlags
                0x000000000000831c                ResetCtl_getPCMSource
                0x0000000000008334                ResetCtl_clearPCMFlags
 .text          0x0000000000008358      0x7d0 build/rtc_c.o
                0x0000000000008358                RTC_C_startClock
                0x000000000000839c                RTC_C_holdClock
                0x00000000000083e0                RTC_C_setCalibrationFrequency
                0x0000000000008438                RTC_C_setCalibrationData
                0x0000000000008488                RTC_C_setTemperatureCompensation
                0x00000000000084d8                RTC_C_initCalendar
                0x000000000000858c                RTC_C_getCalendarTime
                0x000000000000861c                RTC_C_setCalendarAlarm
                0x0000000000008680                RTC_C_setCalendarEvent
                0x00000000000086d8                RTC_C_definePrescaleEvent
                0x0000000000008748                RTC_C_getPrescaleValue
                0x0000000000008784                RTC_C_setPrescaleValue
                0x0000000000008804                RTC_C_convertBCDToBinary
                0x000000000000882c                RTC_C_convertBinaryToBCD
                0x0000000000008854                RTC_C_enableInterrupt
                0x00000000000088d4                RTC_C_disableInterrupt
                0x0000000000008960                RTC_C_getInterruptStatus
                0x00000000000089dc                RTC_C_getEnabledInterruptStatus
                0x0000000000008a78                RTC_C_clearInterruptFlag
                0x0000000000008af4                RTC_C_registerInterrupt
                0x0000000000008b12                RTC_C_unregisterInterrupt
 .text          0x0000000000008b28      0xd14 build/spi.o
                0x0000000000008b74                SPI_initMaster
                0x0000000000008c72                SPI_selectFourPinFunctionality
                0x0000000000008caa                SPI_changeMasterClock
                0x0000000000008ce0                SPI_initSlave
                0x0000000000008da0                SPI_changeClockPhasePolarity
                0x0000000000008de2                SPI_transmitData
                0x0000000000008e1a                SPI_receiveData
                0x0000000000008e48                SPI_enableModule
                0x0000000000008e72                SPI_disableModule
                0x0000000000008e9c                SPI_getReceiveBufferAddressForDMA
                0x0000000000008eca                SPI_getTransmitBufferAddressForDMA
                0x0000000000008ef8                SPI_isBusy
                0x0000000000008f26                SPI_enableInterrupt
                0x0000000000008f5e                SPI_disableInterrupt
                0x0000000000008f96                SPI_getInterruptStatus
                0x0000000000008fd4                SPI_getEnabledInterruptStatus
                0x0000000000009016                SPI_clearInterruptFlag
                0x000000000000904e                SPI_registerInterrupt
                0x0000000000009174                SPI_unregisterInterrupt
                0x0000000000009288                EUSCI_B_SPI_select4PinFunctionality
                0x00000000000092bc                EUSCI_B_SPI_masterChangeClock
                0x0000000000009302                EUSCI_B_SPI_slaveInit
                0x000000000000936e                EUSCI_B_SPI_changeClockPhasePolarity
                0x00000000000093cc                EUSCI_B_SPI_transmitData
                0x00000000000093ec                EUSCI_B_SPI_receiveData
                0x0000000000009408                EUSCI_B_SPI_enableInterrupt
                0x0000000000009430                EUSCI_B_SPI_disableInterrupt
                0x0000000000009462                EUSCI_B_SPI_getInterruptStatus
                0x0000000000009488                EUSCI_B_SPI_clearInterruptFlag
                0x00000000000094ba                EUSCI_B_SPI_enable
                0x00000000000094de                EUSCI_B_SPI_disable
                0x0000000000009502                EUSCI_B_SPI_getReceiveBufferAddressForDMA
                0x000000000000951a                EUSCI_B_SPI_getTransmitBufferAddressForDMA
                0x0000000000009532                EUSCI_B_SPI_isBusy
                0x0000000000009562                EUSCI_A_SPI_select4PinFunctionality
                0x0000000000009596                EUSCI_A_SPI_masterChangeClock
                0x00000000000095dc                EUSCI_A_SPI_slaveInit
                0x0000000000009648                EUSCI_A_SPI_changeClockPhasePolarity
                0x00000000000096a6                EUSCI_A_SPI_transmitData
                0x00000000000096c6                EUSCI_A_SPI_receiveData
                0x00000000000096e2                EUSCI_A_SPI_enableInterrupt
                0x000000000000970a                EUSCI_A_SPI_disableInterrupt
                0x000000000000973c                EUSCI_A_SPI_getInterruptStatus
                0x0000000000009762                EUSCI_A_SPI_clearInterruptFlag
                0x0000000000009794                EUSCI_A_SPI_enable
                0x00000000000097b8                EUSCI_A_SPI_disable
                0x00000000000097dc                EUSCI_A_SPI_getReceiveBufferAddressForDMA
                0x00000000000097f4                EUSCI_A_SPI_getTransmitBufferAddressForDMA
                0x000000000000980c                EUSCI_A_SPI_isBusy
 .text          0x000000000000983c      0x40c build/sysctl.o
                0x000000000000983c                SysCtl_getTLVInfo
                0x00000000000098d0                SysCtl_getSRAMSize
                0x00000000000098e8                SysCtl_getFlashSize
                0x0000000000009900                SysCtl_disableNMISource
                0x0000000000009928                SysCtl_enableNMISource
                0x000000000000994c                SysCtl_getNMISourceStatus
                0x0000000000009968                SysCtl_enableSRAMBank
                0x0000000000009998                SysCtl_disableSRAMBank
                0x0000000000009aa0                SysCtl_enableSRAMBankRetention
                0x0000000000009ad4                SysCtl_disableSRAMBankRetention
                0x0000000000009b08                SysCtl_rebootDevice
                0x0000000000009b24                SysCtl_enablePeripheralAtCPUHalt
                0x0000000000009b4c                SysCtl_disablePeripheralAtCPUHalt
                0x0000000000009b70                SysCtl_setWDTTimeoutResetType
                0x0000000000009ba8                SysCtl_setWDTPasswordViolationResetType
                0x0000000000009be0                SysCtl_enableGlitchFilter
                0x0000000000009c00                SysCtl_disableGlitchFilter
                0x0000000000009c20                SysCtl_getTempCalibrationConstant
 .text          0x0000000000009c48       0xf4 build/systick.o
                0x0000000000009c48                SysTick_enableModule
                0x0000000000009c68                SysTick_disableModule
                0x0000000000009c88                SysTick_registerInterrupt
                0x0000000000009ca0                SysTick_unregisterInterrupt
                0x0000000000009cae                SysTick_enableInterrupt
                0x0000000000009ccc                SysTick_disableInterrupt
                0x0000000000009cec                SysTick_setPeriod
                0x0000000000009d0c                SysTick_getPeriod
                0x0000000000009d24                SysTick_getValue
 .text          0x0000000000009d3c      0x262 build/timer32.o
                0x0000000000009d3c                Timer32_initModule
                0x0000000000009dd2                Timer32_setCount
                0x0000000000009e1a                Timer32_setCountInBackground
                0x0000000000009e62                Timer32_getValue
                0x0000000000009e7a                Timer32_startTimer
                0x0000000000009eca                Timer32_haltTimer
                0x0000000000009eea                Timer32_enableInterrupt
                0x0000000000009f0a                Timer32_disableInterrupt
                0x0000000000009f2a                Timer32_clearInterruptFlag
                0x0000000000009f4a                Timer32_getInterruptStatus
                0x0000000000009f62                Timer32_registerInterrupt
                0x0000000000009f82                Timer32_unregisterInterrupt
 *fill*         0x0000000000009f9e        0x2 
 .text          0x0000000000009fa0      0xaa8 build/timer_a.o
                0x000000000000a150                Timer_A_startCounter
                0x000000000000a178                Timer_A_configureContinuousMode
                0x000000000000a1ca                Timer_A_configureUpMode
                0x000000000000a262                Timer_A_configureUpDownMode
                0x000000000000a2fa                Timer_A_initCapture
                0x000000000000a374                Timer_A_initCompare
                0x000000000000a3dc                Timer_A_getCounterValue
                0x000000000000a436                Timer_A_clearTimer
                0x000000000000a45c                Timer_A_getSynchronizedCaptureCompareInput
                0x000000000000a49a                Timer_A_getOutputForOutputModeOutBitValue
                0x000000000000a4de                Timer_A_getCaptureCompareCount
                0x000000000000a50c                Timer_A_setOutputForOutputModeOutBitValue
                0x000000000000a554                Timer_A_generatePWM
                0x000000000000a5fc                Timer_A_stopTimer
                0x000000000000a620                Timer_A_setCompareValue
                0x000000000000a654                Timer_A_clearInterruptFlag
                0x000000000000a678                Timer_A_clearCaptureCompareInterrupt
                0x000000000000a6b0                Timer_A_enableInterrupt
                0x000000000000a6d6                Timer_A_disableInterrupt
                0x000000000000a6fc                Timer_A_getInterruptStatus
                0x000000000000a71a                Timer_A_enableCaptureCompareInterrupt
                0x000000000000a754                Timer_A_disableCaptureCompareInterrupt
                0x000000000000a78e                Timer_A_getCaptureCompareInterruptStatus
                0x000000000000a7c2                Timer_A_getEnabledInterruptStatus
                0x000000000000a7ec                Timer_A_getCaptureCompareEnabledInterruptStatus
                0x000000000000a836                Timer_A_registerInterrupt
                0x000000000000a948                Timer_A_unregisterInterrupt
 .text          0x000000000000aa48      0x67c build/uart.o
                0x000000000000aa48                UART_initModule
                0x000000000000abdc                UART_transmitData
                0x000000000000ac2c                UART_receiveData
                0x000000000000ac76                UART_enableModule
                0x000000000000ac9a                UART_disableModule
                0x000000000000acbe                UART_queryStatusFlags
                0x000000000000ace0                UART_setDormant
                0x000000000000ad06                UART_resetDormant
                0x000000000000ad2c                UART_transmitAddress
                0x000000000000ad5c                UART_transmitBreak
                0x000000000000add2                UART_getReceiveBufferAddressForDMA
                0x000000000000adea                UART_getTransmitBufferAddressForDMA
                0x000000000000ae02                UART_selectDeglitchTime
                0x000000000000ae30                UART_enableInterrupt
                0x000000000000ae7a                UART_disableInterrupt
                0x000000000000aecc                UART_getInterruptStatus
                0x000000000000aef0                UART_getEnabledInterruptStatus
                0x000000000000af76                UART_clearInterruptFlag
                0x000000000000afa2                UART_registerInterrupt
                0x000000000000b038                UART_unregisterInterrupt
 .text          0x000000000000b0c4      0x164 build/wdt_a.o
                0x000000000000b0c4                WDT_A_holdTimer
                0x000000000000b0f8                WDT_A_startTimer
                0x000000000000b12c                WDT_A_clearTimer
                0x000000000000b160                WDT_A_initWatchdogTimer
                0x000000000000b194                WDT_A_initIntervalTimer
                0x000000000000b1c8                WDT_A_setPasswordViolationReset
                0x000000000000b1de                WDT_A_setTimeoutReset
                0x000000000000b1f4                WDT_A_registerInterrupt
                0x000000000000b212                WDT_A_unregisterInterrupt
 .text          0x000000000000b228       0x4c build/startup_msp432p401r_gcc.o
                0x000000000000b228                Reset_Handler
                0x000000000000b26c                CS_IRQHandler
                0x000000000000b26c                DebugMon_Handler
                0x000000000000b26c                AES256_IRQHandler
                0x000000000000b26c                HardFault_Handler
                0x000000000000b26c                SysTick_Handler
                0x000000000000b26c                PendSV_Handler
                0x000000000000b26c                NMI_Handler
                0x000000000000b26c                RTC_C_IRQHandler
                0x000000000000b26c                PORT1_IRQHandler
                0x000000000000b26c                FPU_IRQHandler
                0x000000000000b26c                PORT2_IRQHandler
                0x000000000000b26c                TA3_0_IRQHandler
                0x000000000000b26c                UsageFault_Handler
                0x000000000000b26c                DMA_INT3_IRQHandler
                0x000000000000b26c                TA2_0_IRQHandler
                0x000000000000b26c                DMA_INT1_IRQHandler
                0x000000000000b26c                WDT_A_IRQHandler
                0x000000000000b26c                TA2_N_IRQHandler
                0x000000000000b26c                TA1_0_IRQHandler
                0x000000000000b26c                PSS_IRQHandler
                0x000000000000b26c                DMA_INT2_IRQHandler
                0x000000000000b26c                EUSCIA3_IRQHandler
                0x000000000000b26c                DMA_INT0_IRQHandler
                0x000000000000b26c                PORT4_IRQHandler
                0x000000000000b26c                PORT5_IRQHandler
                0x000000000000b26c                EUSCIB0_IRQHandler
                0x000000000000b26c                Default_Handler
                0x000000000000b26c                T32_INTC_IRQHandler
                0x000000000000b26c                TA3_N_IRQHandler
                0x000000000000b26c                TA0_0_IRQHandler
                0x000000000000b26c                EUSCIA2_IRQHandler
                0x000000000000b26c                PORT6_IRQHandler
                0x000000000000b26c                PORT3_IRQHandler
                0x000000000000b26c                MemManage_Handler
                0x000000000000b26c                SVC_Handler
                0x000000000000b26c                TA1_N_IRQHandler
                0x000000000000b26c                EUSCIA1_IRQHandler
                0x000000000000b26c                COMP_E1_IRQHandler
                0x000000000000b26c                EUSCIB2_IRQHandler
                0x000000000000b26c                FLCTL_IRQHandler
                0x000000000000b26c                EUSCIB3_IRQHandler
                0x000000000000b26c                T32_INT1_IRQHandler
                0x000000000000b26c                DMA_ERR_IRQHandler
                0x000000000000b26c                ADC14_IRQHandler
                0x000000000000b26c                EUSCIA0_IRQHandler
                0x000000000000b26c                BusFault_Handler
                0x000000000000b26c                PCM_IRQHandler
                0x000000000000b26c                TA0_N_IRQHandler
                0x000000000000b26c                COMP_E0_IRQHandler
                0x000000000000b26c                EUSCIB1_IRQHandler
                0x000000000000b26c                T32_INT2_IRQHandler
 .text          0x000000000000b274      0x394 build/system_msp432p401r.o
                0x000000000000b274                SystemCoreClockUpdate
                0x000000000000b588                SystemInit
 .text          0x000000000000b608      0x628 build/iic_bus.o
                0x000000000000b608                IIC_Init
                0x000000000000b64c                IIC_Adapter_Init
                0x000000000000b6ca                IIC_Adapter_Start
                0x000000000000b758                IIC_Adapter_Stop
                0x000000000000b7f8                IIC_Adapter_SendByte
                0x000000000000b938                IIC_Adapter_ReceiveByte
                0x000000000000bb14                IIC_Adapter_Write
                0x000000000000bba2                IIC_Adapter_Read
 .text          0x000000000000bc30      0x214 build/syscalls.o
                0x000000000000bc30                initialise_monitor_handles
                0x000000000000bc3e                _getpid
                0x000000000000bc4e                _kill
                0x000000000000bc6e                _exit
                0x000000000000bc82                _read
                0x000000000000bcbc                _write
                0x000000000000bcf4                _close
                0x000000000000bd0c                _fstat
                0x000000000000bd2c                _isatty
                0x000000000000bd42                _lseek
                0x000000000000bd5c                _open
                0x000000000000bd78                _wait
                0x000000000000bd96                _unlink
                0x000000000000bdb4                _times
                0x000000000000bdcc                _stat
                0x000000000000bdec                _link
                0x000000000000be0c                _fork
                0x000000000000be22                _execve
 .text          0x000000000000be44        0x0 build/user_uart.o
 .text          0x000000000000be44      0x540 build/mpu6050.o
                0x000000000000be44                MPU6050_Init
                0x000000000000be78                MPU6050_Device_Init
                0x000000000000c0c4                MPU6050_Read_All
                0x000000000000c36c                MPU6050_Kalman_GetAngle
 .text          0x000000000000c384        0x0 /usr/local/arm/GNU_Tools_for_ARM/bin/../lib/gcc/arm-none-eabi/11.3.1/../../../../arm-none-eabi/lib/thumb/v7e-m+fp/hard/libc.a(libc_a-exit.o)
 .text          0x000000000000c384        0x0 /usr/local/arm/GNU_Tools_for_ARM/bin/../lib/gcc/arm-none-eabi/11.3.1/../../../../arm-none-eabi/lib/thumb/v7e-m+fp/hard/libc.a(libc_a-errno.o)
 .text          0x000000000000c384        0x0 /usr/local/arm/GNU_Tools_for_ARM/bin/../lib/gcc/arm-none-eabi/11.3.1/../../../../arm-none-eabi/lib/thumb/v7e-m+fp/hard/libc.a(libc_a-__call_atexit.o)
 .text          0x000000000000c384        0x0 /usr/local/arm/GNU_Tools_for_ARM/bin/../lib/gcc/arm-none-eabi/11.3.1/../../../../arm-none-eabi/lib/thumb/v7e-m+fp/hard/libc.a(libc_a-memset.o)
 .text          0x000000000000c384        0x0 /usr/local/arm/GNU_Tools_for_ARM/bin/../lib/gcc/arm-none-eabi/11.3.1/../../../../arm-none-eabi/lib/thumb/v7e-m+fp/hard/libc.a(libc_a-init.o)
 .text          0x000000000000c384        0x0 /usr/local/arm/GNU_Tools_for_ARM/bin/../lib/gcc/arm-none-eabi/11.3.1/../../../../arm-none-eabi/lib/thumb/v7e-m+fp/hard/libc.a(libc_a-fini.o)
 .text          0x000000000000c384        0x0 /usr/local/arm/GNU_Tools_for_ARM/bin/../lib/gcc/arm-none-eabi/11.3.1/../../../../arm-none-eabi/lib/thumb/v7e-m+fp/hard/libc.a(libc_a-lock.o)
 .text          0x000000000000c384        0x0 /usr/local/arm/GNU_Tools_for_ARM/bin/../lib/gcc/arm-none-eabi/11.3.1/../../../../arm-none-eabi/lib/thumb/v7e-m+fp/hard/libc.a(libc_a-atexit.o)
 .text          0x000000000000c384        0x0 /usr/local/arm/GNU_Tools_for_ARM/bin/../lib/gcc/arm-none-eabi/11.3.1/../../../../arm-none-eabi/lib/thumb/v7e-m+fp/hard/libc.a(libc_a-impure.o)
 .text          0x000000000000c384        0x0 /usr/local/arm/GNU_Tools_for_ARM/bin/../lib/gcc/arm-none-eabi/11.3.1/../../../../arm-none-eabi/lib/thumb/v7e-m+fp/hard/libc.a(libc_a-findfp.o)
 .text          0x000000000000c384        0x0 /usr/local/arm/GNU_Tools_for_ARM/bin/../lib/gcc/arm-none-eabi/11.3.1/../../../../arm-none-eabi/lib/thumb/v7e-m+fp/hard/libc.a(libc_a-stdio.o)
 .text          0x000000000000c384        0x0 /usr/local/arm/GNU_Tools_for_ARM/bin/../lib/gcc/arm-none-eabi/11.3.1/../../../../arm-none-eabi/lib/thumb/v7e-m+fp/hard/libc.a(libc_a-fwalk.o)
 .text          0x000000000000c384        0x0 /usr/local/arm/GNU_Tools_for_ARM/bin/../lib/gcc/arm-none-eabi/11.3.1/../../../../arm-none-eabi/lib/thumb/v7e-m+fp/hard/libc.a(libc_a-writer.o)
 .text          0x000000000000c384        0x0 /usr/local/arm/GNU_Tools_for_ARM/bin/../lib/gcc/arm-none-eabi/11.3.1/../../../../arm-none-eabi/lib/thumb/v7e-m+fp/hard/libc.a(libc_a-__atexit.o)
 .text          0x000000000000c384        0x0 /usr/local/arm/GNU_Tools_for_ARM/bin/../lib/gcc/arm-none-eabi/11.3.1/../../../../arm-none-eabi/lib/thumb/v7e-m+fp/hard/libc.a(libc_a-mallocr.o)
 .text          0x000000000000c384        0x0 /usr/local/arm/GNU_Tools_for_ARM/bin/../lib/gcc/arm-none-eabi/11.3.1/../../../../arm-none-eabi/lib/thumb/v7e-m+fp/hard/libc.a(libc_a-fclose.o)
 .text          0x000000000000c384        0x0 /usr/local/arm/GNU_Tools_for_ARM/bin/../lib/gcc/arm-none-eabi/11.3.1/../../../../arm-none-eabi/lib/thumb/v7e-m+fp/hard/libc.a(libc_a-mlock.o)
 .text          0x000000000000c384        0x0 /usr/local/arm/GNU_Tools_for_ARM/bin/../lib/gcc/arm-none-eabi/11.3.1/../../../../arm-none-eabi/lib/thumb/v7e-m+fp/hard/libc.a(libc_a-closer.o)
 .text          0x000000000000c384        0x0 /usr/local/arm/GNU_Tools_for_ARM/bin/../lib/gcc/arm-none-eabi/11.3.1/../../../../arm-none-eabi/lib/thumb/v7e-m+fp/hard/libc.a(libc_a-reent.o)
 .text          0x000000000000c384        0x0 /usr/local/arm/GNU_Tools_for_ARM/bin/../lib/gcc/arm-none-eabi/11.3.1/../../../../arm-none-eabi/lib/thumb/v7e-m+fp/hard/libc.a(libc_a-fflush.o)
 .text          0x000000000000c384        0x0 /usr/local/arm/GNU_Tools_for_ARM/bin/../lib/gcc/arm-none-eabi/11.3.1/../../../../arm-none-eabi/lib/thumb/v7e-m+fp/hard/libc.a(libc_a-freer.o)
 .text          0x000000000000c384        0x0 /usr/local/arm/GNU_Tools_for_ARM/bin/../lib/gcc/arm-none-eabi/11.3.1/../../../../arm-none-eabi/lib/thumb/v7e-m+fp/hard/libc.a(libc_a-lseekr.o)
 .text          0x000000000000c384        0x0 /usr/local/arm/GNU_Tools_for_ARM/bin/../lib/gcc/arm-none-eabi/11.3.1/../../../../arm-none-eabi/lib/thumb/v7e-m+fp/hard/libc.a(libc_a-readr.o)
 .text          0x000000000000c384        0x0 /usr/local/arm/GNU_Tools_for_ARM/bin/../lib/gcc/arm-none-eabi/11.3.1/../../../../arm-none-eabi/lib/thumb/v7e-m+fp/hard/libc.a(libc_a-sbrkr.o)
 .text          0x000000000000c384        0x0 /usr/local/arm/GNU_Tools_for_ARM/bin/../lib/gcc/arm-none-eabi/11.3.1/../../../../arm-none-eabi/lib/thumb/v7e-m+fp/hard/libnosys.a(sbrk.o)
 .text          0x000000000000c384      0x378 /usr/local/arm/GNU_Tools_for_ARM/bin/../lib/gcc/arm-none-eabi/11.3.1/thumb/v7e-m+fp/hard/libgcc.a(_arm_addsubdf3.o)
                0x000000000000c384                __aeabi_drsub
                0x000000000000c38c                __aeabi_dsub
                0x000000000000c38c                __subdf3
                0x000000000000c390                __adddf3
                0x000000000000c390                __aeabi_dadd
                0x000000000000c608                __aeabi_ui2d
                0x000000000000c608                __floatunsidf
                0x000000000000c628                __floatsidf
                0x000000000000c628                __aeabi_i2d
                0x000000000000c64c                __extendsfdf2
                0x000000000000c64c                __aeabi_f2d
                0x000000000000c690                __aeabi_ul2d
                0x000000000000c690                __floatundidf
                0x000000000000c6a0                __floatdidf
                0x000000000000c6a0                __aeabi_l2d
 .text          0x000000000000c6fc      0x424 /usr/local/arm/GNU_Tools_for_ARM/bin/../lib/gcc/arm-none-eabi/11.3.1/thumb/v7e-m+fp/hard/libgcc.a(_arm_muldivdf3.o)
                0x000000000000c6fc                __aeabi_dmul
                0x000000000000c6fc                __muldf3
                0x000000000000c950                __aeabi_ddiv
                0x000000000000c950                __divdf3
 .text          0x000000000000cb20        0x0 /usr/local/arm/GNU_Tools_for_ARM/bin/../lib/gcc/arm-none-eabi/11.3.1/thumb/v7e-m+fp/hard/crtend.o
 .text          0x000000000000cb20        0x0 /usr/local/arm/GNU_Tools_for_ARM/bin/../lib/gcc/arm-none-eabi/11.3.1/thumb/v7e-m+fp/hard/crtn.o
 *(.text.*)
 .text.deregister_tm_clones
                0x000000000000cb20       0x1c /usr/local/arm/GNU_Tools_for_ARM/bin/../lib/gcc/arm-none-eabi/11.3.1/thumb/v7e-m+fp/hard/crtbegin.o
 .text.register_tm_clones
                0x000000000000cb3c       0x24 /usr/local/arm/GNU_Tools_for_ARM/bin/../lib/gcc/arm-none-eabi/11.3.1/thumb/v7e-m+fp/hard/crtbegin.o
 .text.__do_global_dtors_aux
                0x000000000000cb60       0x28 /usr/local/arm/GNU_Tools_for_ARM/bin/../lib/gcc/arm-none-eabi/11.3.1/thumb/v7e-m+fp/hard/crtbegin.o
 .text.frame_dummy
                0x000000000000cb88       0x24 /usr/local/arm/GNU_Tools_for_ARM/bin/../lib/gcc/arm-none-eabi/11.3.1/thumb/v7e-m+fp/hard/crtbegin.o
 .text.exit     0x000000000000cbac       0x1c /usr/local/arm/GNU_Tools_for_ARM/bin/../lib/gcc/arm-none-eabi/11.3.1/../../../../arm-none-eabi/lib/thumb/v7e-m+fp/hard/libc.a(libc_a-exit.o)
                0x000000000000cbac                exit
 .text.__errno  0x000000000000cbc8        0xc /usr/local/arm/GNU_Tools_for_ARM/bin/../lib/gcc/arm-none-eabi/11.3.1/../../../../arm-none-eabi/lib/thumb/v7e-m+fp/hard/libc.a(libc_a-errno.o)
                0x000000000000cbc8                __errno
 .text.startup.register_fini
                0x000000000000cbd4       0x14 /usr/local/arm/GNU_Tools_for_ARM/bin/../lib/gcc/arm-none-eabi/11.3.1/../../../../arm-none-eabi/lib/thumb/v7e-m+fp/hard/libc.a(libc_a-__call_atexit.o)
 .text.__call_exitprocs
                0x000000000000cbe8       0xc8 /usr/local/arm/GNU_Tools_for_ARM/bin/../lib/gcc/arm-none-eabi/11.3.1/../../../../arm-none-eabi/lib/thumb/v7e-m+fp/hard/libc.a(libc_a-__call_atexit.o)
                0x000000000000cbe8                __call_exitprocs
 .text.memset   0x000000000000ccb0       0xa4 /usr/local/arm/GNU_Tools_for_ARM/bin/../lib/gcc/arm-none-eabi/11.3.1/../../../../arm-none-eabi/lib/thumb/v7e-m+fp/hard/libc.a(libc_a-memset.o)
                0x000000000000ccb0                memset
 .text.__libc_init_array
                0x000000000000cd54       0x48 /usr/local/arm/GNU_Tools_for_ARM/bin/../lib/gcc/arm-none-eabi/11.3.1/../../../../arm-none-eabi/lib/thumb/v7e-m+fp/hard/libc.a(libc_a-init.o)
                0x000000000000cd54                __libc_init_array
 .text.__libc_fini_array
                0x000000000000cd9c       0x28 /usr/local/arm/GNU_Tools_for_ARM/bin/../lib/gcc/arm-none-eabi/11.3.1/../../../../arm-none-eabi/lib/thumb/v7e-m+fp/hard/libc.a(libc_a-fini.o)
                0x000000000000cd9c                __libc_fini_array
 .text.__retarget_lock_acquire_recursive
                0x000000000000cdc4        0x4 /usr/local/arm/GNU_Tools_for_ARM/bin/../lib/gcc/arm-none-eabi/11.3.1/../../../../arm-none-eabi/lib/thumb/v7e-m+fp/hard/libc.a(libc_a-lock.o)
                0x000000000000cdc4                __retarget_lock_acquire_recursive
 .text.__retarget_lock_release_recursive
                0x000000000000cdc8        0x4 /usr/local/arm/GNU_Tools_for_ARM/bin/../lib/gcc/arm-none-eabi/11.3.1/../../../../arm-none-eabi/lib/thumb/v7e-m+fp/hard/libc.a(libc_a-lock.o)
                0x000000000000cdc8                __retarget_lock_release_recursive
 .text.atexit   0x000000000000cdcc        0xc /usr/local/arm/GNU_Tools_for_ARM/bin/../lib/gcc/arm-none-eabi/11.3.1/../../../../arm-none-eabi/lib/thumb/v7e-m+fp/hard/libc.a(libc_a-atexit.o)
                0x000000000000cdcc                atexit
 .text.__register_exitproc
                0x000000000000cdd8       0x88 /usr/local/arm/GNU_Tools_for_ARM/bin/../lib/gcc/arm-none-eabi/11.3.1/../../../../arm-none-eabi/lib/thumb/v7e-m+fp/hard/libc.a(libc_a-__atexit.o)
                0x000000000000cdd8                __register_exitproc
                0x000000000000ce60                . = ALIGN (0x4)
 *(.ctors)
                0x000000000000ce60                . = ALIGN (0x4)
 *(.dtors)
                0x000000000000ce60                . = ALIGN (0x4)
                0x000000000000ce60                __init_array_start = .
 *(.init_array*)
 .init_array    0x000000000000ce60        0x4 /usr/local/arm/GNU_Tools_for_ARM/bin/../lib/gcc/arm-none-eabi/11.3.1/thumb/v7e-m+fp/hard/crtbegin.o
 .init_array.00000
                0x000000000000ce64        0x4 /usr/local/arm/GNU_Tools_for_ARM/bin/../lib/gcc/arm-none-eabi/11.3.1/../../../../arm-none-eabi/lib/thumb/v7e-m+fp/hard/libc.a(libc_a-__call_atexit.o)
                0x000000000000ce68                __init_array_end = .
 *(.init)
 .init          0x000000000000ce68        0x4 /usr/local/arm/GNU_Tools_for_ARM/bin/../lib/gcc/arm-none-eabi/11.3.1/thumb/v7e-m+fp/hard/crti.o
                0x000000000000ce68                _init
 .init          0x000000000000ce6c        0x8 /usr/local/arm/GNU_Tools_for_ARM/bin/../lib/gcc/arm-none-eabi/11.3.1/thumb/v7e-m+fp/hard/crtn.o
 *(.fini*)
 .fini          0x000000000000ce74        0x4 /usr/local/arm/GNU_Tools_for_ARM/bin/../lib/gcc/arm-none-eabi/11.3.1/thumb/v7e-m+fp/hard/crti.o
                0x000000000000ce74                _fini
 .fini_array    0x000000000000ce78        0x4 /usr/local/arm/GNU_Tools_for_ARM/bin/../lib/gcc/arm-none-eabi/11.3.1/thumb/v7e-m+fp/hard/crtbegin.o
 .fini          0x000000000000ce7c        0x8 /usr/local/arm/GNU_Tools_for_ARM/bin/../lib/gcc/arm-none-eabi/11.3.1/thumb/v7e-m+fp/hard/crtn.o

.glue_7         0x000000000000ce84        0x0
 .glue_7        0x000000000000ce84        0x0 linker stubs

.glue_7t        0x000000000000ce84        0x0
 .glue_7t       0x000000000000ce84        0x0 linker stubs

.vfp11_veneer   0x000000000000ce84        0x0
 .vfp11_veneer  0x000000000000ce84        0x0 linker stubs

.v4_bx          0x000000000000ce84        0x0
 .v4_bx         0x000000000000ce84        0x0 linker stubs

.iplt           0x000000000000ce84        0x0
 .iplt          0x000000000000ce84        0x0 /usr/local/arm/GNU_Tools_for_ARM/bin/../lib/gcc/arm-none-eabi/11.3.1/thumb/v7e-m+fp/hard/crtbegin.o

.rodata         0x000000000000ce84      0x15f
 *(.rodata)
 .rodata        0x000000000000ce84       0x80 build/adc14.o
 .rodata        0x000000000000cf04       0x4c build/gpio.o
 .rodata        0x000000000000cf50       0x90 build/interrupt.o
 .rodata        0x000000000000cfe0        0x3 build/mpu6050.o
 *(.rodata.*)

.eh_frame       0x000000000000cfe4        0x0
 .eh_frame      0x000000000000cfe4        0x0 /usr/local/arm/GNU_Tools_for_ARM/bin/../lib/gcc/arm-none-eabi/11.3.1/thumb/v7e-m+fp/hard/crtbegin.o

.ARM.exidx      0x000000000000cfe4        0x8
                0x000000000000cfe4                __exidx_start = .
 *(.ARM.exidx* .gnu.linkonce.armexidx.*)
 .ARM.exidx     0x000000000000cfe4        0x8 /usr/local/arm/GNU_Tools_for_ARM/bin/../lib/gcc/arm-none-eabi/11.3.1/../../../../arm-none-eabi/lib/thumb/v7e-m+fp/hard/crt0.o
                                         0x10 (size before relaxing)
                0x000000000000cfec                __exidx_end = .

.ARM.extab      0x000000000000cfec        0x0
 *(.ARM.extab* .gnu.linkonce.armextab.*)
 .ARM.extab     0x000000000000cfec        0x0 /usr/local/arm/GNU_Tools_for_ARM/bin/../lib/gcc/arm-none-eabi/11.3.1/../../../../arm-none-eabi/lib/thumb/v7e-m+fp/hard/crt0.o
                0x000000000000cfec                __etext = .

.rel.dyn        0x000000000000cfec        0x0
 .rel.iplt      0x000000000000cfec        0x0 /usr/local/arm/GNU_Tools_for_ARM/bin/../lib/gcc/arm-none-eabi/11.3.1/thumb/v7e-m+fp/hard/crtbegin.o

.data           0x0000000020000000      0x5b0 load address 0x000000000000cfec
                0x000000000000cfec                __data_load__ = LOADADDR (.data)
                0x0000000020000000                __data_start__ = .
 *(.data)
 .data          0x0000000020000000        0x0 /usr/local/arm/GNU_Tools_for_ARM/bin/../lib/gcc/arm-none-eabi/11.3.1/thumb/v7e-m+fp/hard/crti.o
 .data          0x0000000020000000        0x0 /usr/local/arm/GNU_Tools_for_ARM/bin/../lib/gcc/arm-none-eabi/11.3.1/thumb/v7e-m+fp/hard/crtbegin.o
 .data          0x0000000020000000        0x0 /usr/local/arm/GNU_Tools_for_ARM/bin/../lib/gcc/arm-none-eabi/11.3.1/../../../../arm-none-eabi/lib/thumb/v7e-m+fp/hard/crt0.o
 .data          0x0000000020000000        0x0 build/main.o
 .data          0x0000000020000000        0x0 build/adc14.o
 .data          0x0000000020000000        0x0 build/aes256.o
 .data          0x0000000020000000        0x0 build/comp_e.o
 .data          0x0000000020000000        0x0 build/cpu.o
 .data          0x0000000020000000        0x0 build/crc32.o
 .data          0x0000000020000000        0x0 build/cs.o
 .data          0x0000000020000000        0x0 build/dma.o
 .data          0x0000000020000000       0x40 build/flash.o
 .data          0x0000000020000040        0x0 build/fpu.o
 .data          0x0000000020000040        0x0 build/gpio.o
 .data          0x0000000020000040        0x0 build/i2c.o
 .data          0x0000000020000040        0x0 build/interrupt.o
 .data          0x0000000020000040        0x0 build/mpu.o
 .data          0x0000000020000040        0x0 build/pcm.o
 .data          0x0000000020000040        0x0 build/pmap.o
 .data          0x0000000020000040        0x0 build/pss.o
 .data          0x0000000020000040        0x0 build/ref_a.o
 .data          0x0000000020000040        0x0 build/reset.o
 .data          0x0000000020000040        0x0 build/rtc_c.o
 .data          0x0000000020000040        0x0 build/spi.o
 .data          0x0000000020000040        0x0 build/sysctl.o
 .data          0x0000000020000040        0x0 build/systick.o
 .data          0x0000000020000040        0x0 build/timer32.o
 .data          0x0000000020000040        0x0 build/timer_a.o
 .data          0x0000000020000040        0x0 build/uart.o
 .data          0x0000000020000040        0x0 build/wdt_a.o
 .data          0x0000000020000040        0x0 build/startup_msp432p401r_gcc.o
 .data          0x0000000020000040        0x4 build/system_msp432p401r.o
                0x0000000020000040                SystemCoreClock
 .data          0x0000000020000044        0x0 build/iic_bus.o
 .data          0x0000000020000044        0x4 build/syscalls.o
                0x0000000020000044                environ
 .data          0x0000000020000048        0x0 build/user_uart.o
 .data          0x0000000020000048       0x20 build/mpu6050.o
                0x0000000020000048                accel_LSB
                0x0000000020000058                gyro_LSB
 .data          0x0000000020000068        0x0 /usr/local/arm/GNU_Tools_for_ARM/bin/../lib/gcc/arm-none-eabi/11.3.1/../../../../arm-none-eabi/lib/thumb/v7e-m+fp/hard/libc.a(libc_a-exit.o)
 .data          0x0000000020000068        0x0 /usr/local/arm/GNU_Tools_for_ARM/bin/../lib/gcc/arm-none-eabi/11.3.1/../../../../arm-none-eabi/lib/thumb/v7e-m+fp/hard/libc.a(libc_a-errno.o)
 .data          0x0000000020000068        0x0 /usr/local/arm/GNU_Tools_for_ARM/bin/../lib/gcc/arm-none-eabi/11.3.1/../../../../arm-none-eabi/lib/thumb/v7e-m+fp/hard/libc.a(libc_a-__call_atexit.o)
 .data          0x0000000020000068        0x0 /usr/local/arm/GNU_Tools_for_ARM/bin/../lib/gcc/arm-none-eabi/11.3.1/../../../../arm-none-eabi/lib/thumb/v7e-m+fp/hard/libc.a(libc_a-memset.o)
 .data          0x0000000020000068        0x0 /usr/local/arm/GNU_Tools_for_ARM/bin/../lib/gcc/arm-none-eabi/11.3.1/../../../../arm-none-eabi/lib/thumb/v7e-m+fp/hard/libc.a(libc_a-init.o)
 .data          0x0000000020000068        0x0 /usr/local/arm/GNU_Tools_for_ARM/bin/../lib/gcc/arm-none-eabi/11.3.1/../../../../arm-none-eabi/lib/thumb/v7e-m+fp/hard/libc.a(libc_a-fini.o)
 .data          0x0000000020000068        0x0 /usr/local/arm/GNU_Tools_for_ARM/bin/../lib/gcc/arm-none-eabi/11.3.1/../../../../arm-none-eabi/lib/thumb/v7e-m+fp/hard/libc.a(libc_a-lock.o)
 .data          0x0000000020000068        0x0 /usr/local/arm/GNU_Tools_for_ARM/bin/../lib/gcc/arm-none-eabi/11.3.1/../../../../arm-none-eabi/lib/thumb/v7e-m+fp/hard/libc.a(libc_a-atexit.o)
 .data          0x0000000020000068        0x0 /usr/local/arm/GNU_Tools_for_ARM/bin/../lib/gcc/arm-none-eabi/11.3.1/../../../../arm-none-eabi/lib/thumb/v7e-m+fp/hard/libc.a(libc_a-impure.o)
 .data          0x0000000020000068        0x0 /usr/local/arm/GNU_Tools_for_ARM/bin/../lib/gcc/arm-none-eabi/11.3.1/../../../../arm-none-eabi/lib/thumb/v7e-m+fp/hard/libc.a(libc_a-findfp.o)
 .data          0x0000000020000068        0x0 /usr/local/arm/GNU_Tools_for_ARM/bin/../lib/gcc/arm-none-eabi/11.3.1/../../../../arm-none-eabi/lib/thumb/v7e-m+fp/hard/libc.a(libc_a-stdio.o)
 .data          0x0000000020000068        0x0 /usr/local/arm/GNU_Tools_for_ARM/bin/../lib/gcc/arm-none-eabi/11.3.1/../../../../arm-none-eabi/lib/thumb/v7e-m+fp/hard/libc.a(libc_a-fwalk.o)
 .data          0x0000000020000068        0x0 /usr/local/arm/GNU_Tools_for_ARM/bin/../lib/gcc/arm-none-eabi/11.3.1/../../../../arm-none-eabi/lib/thumb/v7e-m+fp/hard/libc.a(libc_a-writer.o)
 .data          0x0000000020000068        0x0 /usr/local/arm/GNU_Tools_for_ARM/bin/../lib/gcc/arm-none-eabi/11.3.1/../../../../arm-none-eabi/lib/thumb/v7e-m+fp/hard/libc.a(libc_a-__atexit.o)
 .data          0x0000000020000068        0x0 /usr/local/arm/GNU_Tools_for_ARM/bin/../lib/gcc/arm-none-eabi/11.3.1/../../../../arm-none-eabi/lib/thumb/v7e-m+fp/hard/libc.a(libc_a-mallocr.o)
 .data          0x0000000020000068        0x0 /usr/local/arm/GNU_Tools_for_ARM/bin/../lib/gcc/arm-none-eabi/11.3.1/../../../../arm-none-eabi/lib/thumb/v7e-m+fp/hard/libc.a(libc_a-fclose.o)
 .data          0x0000000020000068        0x0 /usr/local/arm/GNU_Tools_for_ARM/bin/../lib/gcc/arm-none-eabi/11.3.1/../../../../arm-none-eabi/lib/thumb/v7e-m+fp/hard/libc.a(libc_a-mlock.o)
 .data          0x0000000020000068        0x0 /usr/local/arm/GNU_Tools_for_ARM/bin/../lib/gcc/arm-none-eabi/11.3.1/../../../../arm-none-eabi/lib/thumb/v7e-m+fp/hard/libc.a(libc_a-closer.o)
 .data          0x0000000020000068        0x0 /usr/local/arm/GNU_Tools_for_ARM/bin/../lib/gcc/arm-none-eabi/11.3.1/../../../../arm-none-eabi/lib/thumb/v7e-m+fp/hard/libc.a(libc_a-reent.o)
 .data          0x0000000020000068        0x0 /usr/local/arm/GNU_Tools_for_ARM/bin/../lib/gcc/arm-none-eabi/11.3.1/../../../../arm-none-eabi/lib/thumb/v7e-m+fp/hard/libc.a(libc_a-fflush.o)
 .data          0x0000000020000068        0x0 /usr/local/arm/GNU_Tools_for_ARM/bin/../lib/gcc/arm-none-eabi/11.3.1/../../../../arm-none-eabi/lib/thumb/v7e-m+fp/hard/libc.a(libc_a-freer.o)
 .data          0x0000000020000068        0x0 /usr/local/arm/GNU_Tools_for_ARM/bin/../lib/gcc/arm-none-eabi/11.3.1/../../../../arm-none-eabi/lib/thumb/v7e-m+fp/hard/libc.a(libc_a-lseekr.o)
 .data          0x0000000020000068        0x0 /usr/local/arm/GNU_Tools_for_ARM/bin/../lib/gcc/arm-none-eabi/11.3.1/../../../../arm-none-eabi/lib/thumb/v7e-m+fp/hard/libc.a(libc_a-readr.o)
 .data          0x0000000020000068        0x0 /usr/local/arm/GNU_Tools_for_ARM/bin/../lib/gcc/arm-none-eabi/11.3.1/../../../../arm-none-eabi/lib/thumb/v7e-m+fp/hard/libc.a(libc_a-sbrkr.o)
 .data          0x0000000020000068        0x0 /usr/local/arm/GNU_Tools_for_ARM/bin/../lib/gcc/arm-none-eabi/11.3.1/../../../../arm-none-eabi/lib/thumb/v7e-m+fp/hard/libnosys.a(sbrk.o)
 .data          0x0000000020000068        0x0 /usr/local/arm/GNU_Tools_for_ARM/bin/../lib/gcc/arm-none-eabi/11.3.1/thumb/v7e-m+fp/hard/libgcc.a(_arm_addsubdf3.o)
 .data          0x0000000020000068        0x0 /usr/local/arm/GNU_Tools_for_ARM/bin/../lib/gcc/arm-none-eabi/11.3.1/thumb/v7e-m+fp/hard/libgcc.a(_arm_muldivdf3.o)
 .data          0x0000000020000068        0x0 /usr/local/arm/GNU_Tools_for_ARM/bin/../lib/gcc/arm-none-eabi/11.3.1/thumb/v7e-m+fp/hard/crtend.o
 .data          0x0000000020000068        0x0 /usr/local/arm/GNU_Tools_for_ARM/bin/../lib/gcc/arm-none-eabi/11.3.1/thumb/v7e-m+fp/hard/crtn.o
 *(.data*)
 .data.__dso_handle
                0x0000000020000068        0x4 /usr/local/arm/GNU_Tools_for_ARM/bin/../lib/gcc/arm-none-eabi/11.3.1/thumb/v7e-m+fp/hard/crtbegin.o
                0x0000000020000068                __dso_handle
 .data.__atexit_recursive_mutex
                0x000000002000006c        0x4 /usr/local/arm/GNU_Tools_for_ARM/bin/../lib/gcc/arm-none-eabi/11.3.1/../../../../arm-none-eabi/lib/thumb/v7e-m+fp/hard/libc.a(libc_a-__call_atexit.o)
                0x000000002000006c                __atexit_recursive_mutex
 .data._impure_data
                0x0000000020000070      0x120 /usr/local/arm/GNU_Tools_for_ARM/bin/../lib/gcc/arm-none-eabi/11.3.1/../../../../arm-none-eabi/lib/thumb/v7e-m+fp/hard/libc.a(libc_a-impure.o)
                0x0000000020000070                _impure_data
 .data._impure_ptr
                0x0000000020000190        0x4 /usr/local/arm/GNU_Tools_for_ARM/bin/../lib/gcc/arm-none-eabi/11.3.1/../../../../arm-none-eabi/lib/thumb/v7e-m+fp/hard/libc.a(libc_a-impure.o)
                0x0000000020000190                _impure_ptr
 .data.__sglue  0x0000000020000194        0xc /usr/local/arm/GNU_Tools_for_ARM/bin/../lib/gcc/arm-none-eabi/11.3.1/../../../../arm-none-eabi/lib/thumb/v7e-m+fp/hard/libc.a(libc_a-findfp.o)
                0x0000000020000194                __sglue
 .data.__malloc_av_
                0x00000000200001a0      0x408 /usr/local/arm/GNU_Tools_for_ARM/bin/../lib/gcc/arm-none-eabi/11.3.1/../../../../arm-none-eabi/lib/thumb/v7e-m+fp/hard/libc.a(libc_a-mallocr.o)
                0x00000000200001a0                __malloc_av_
 .data.__malloc_sbrk_base
                0x00000000200005a8        0x4 /usr/local/arm/GNU_Tools_for_ARM/bin/../lib/gcc/arm-none-eabi/11.3.1/../../../../arm-none-eabi/lib/thumb/v7e-m+fp/hard/libc.a(libc_a-mallocr.o)
                0x00000000200005a8                __malloc_sbrk_base
 .data.__malloc_trim_threshold
                0x00000000200005ac        0x4 /usr/local/arm/GNU_Tools_for_ARM/bin/../lib/gcc/arm-none-eabi/11.3.1/../../../../arm-none-eabi/lib/thumb/v7e-m+fp/hard/libc.a(libc_a-mallocr.o)
                0x00000000200005ac                __malloc_trim_threshold
                0x00000000200005b0                . = ALIGN (0x4)
                0x00000000200005b0                __data_end__ = .

.tm_clone_table
                0x00000000200005b0        0x0 load address 0x000000000000d59c
 .tm_clone_table
                0x00000000200005b0        0x0 /usr/local/arm/GNU_Tools_for_ARM/bin/../lib/gcc/arm-none-eabi/11.3.1/thumb/v7e-m+fp/hard/crtbegin.o
 .tm_clone_table
                0x00000000200005b0        0x0 /usr/local/arm/GNU_Tools_for_ARM/bin/../lib/gcc/arm-none-eabi/11.3.1/thumb/v7e-m+fp/hard/crtend.o

.igot.plt       0x00000000200005b0        0x0 load address 0x000000000000d59c
 .igot.plt      0x00000000200005b0        0x0 /usr/local/arm/GNU_Tools_for_ARM/bin/../lib/gcc/arm-none-eabi/11.3.1/thumb/v7e-m+fp/hard/crtbegin.o

vtable          0x0000000020000800       0xe8 load address 0x000000000000d59c
 vtable         0x0000000020000800       0xe8 build/interrupt.o

.bss            0x00000000200008e8      0x3c0
                0x00000000200008e8                __bss_start__ = .
 *(.shbss)
 *(.bss)
 .bss           0x00000000200008e8        0x0 /usr/local/arm/GNU_Tools_for_ARM/bin/../lib/gcc/arm-none-eabi/11.3.1/thumb/v7e-m+fp/hard/crti.o
 .bss           0x00000000200008e8        0x0 /usr/local/arm/GNU_Tools_for_ARM/bin/../lib/gcc/arm-none-eabi/11.3.1/thumb/v7e-m+fp/hard/crtbegin.o
 .bss           0x00000000200008e8        0x0 /usr/local/arm/GNU_Tools_for_ARM/bin/../lib/gcc/arm-none-eabi/11.3.1/../../../../arm-none-eabi/lib/thumb/v7e-m+fp/hard/crt0.o
 .bss           0x00000000200008e8       0x20 build/main.o
                0x00000000200008e8                user_iic
                0x00000000200008fc                mpu6050
 .bss           0x0000000020000908        0x0 build/adc14.o
 .bss           0x0000000020000908        0x0 build/aes256.o
 .bss           0x0000000020000908        0x0 build/comp_e.o
 .bss           0x0000000020000908        0x0 build/cpu.o
 .bss           0x0000000020000908        0x0 build/crc32.o
 .bss           0x0000000020000908        0x8 build/cs.o
 .bss           0x0000000020000910        0x0 build/dma.o
 .bss           0x0000000020000910        0x0 build/flash.o
 .bss           0x0000000020000910        0x0 build/fpu.o
 .bss           0x0000000020000910        0x0 build/gpio.o
 .bss           0x0000000020000910        0x0 build/i2c.o
 .bss           0x0000000020000910        0x0 build/interrupt.o
 .bss           0x0000000020000910        0x0 build/mpu.o
 .bss           0x0000000020000910        0x0 build/pcm.o
 .bss           0x0000000020000910        0x0 build/pmap.o
 .bss           0x0000000020000910        0x0 build/pss.o
 .bss           0x0000000020000910        0x0 build/ref_a.o
 .bss           0x0000000020000910        0x0 build/reset.o
 .bss           0x0000000020000910        0x0 build/rtc_c.o
 .bss           0x0000000020000910        0x0 build/spi.o
 .bss           0x0000000020000910        0x0 build/sysctl.o
 .bss           0x0000000020000910        0x0 build/systick.o
 .bss           0x0000000020000910        0x0 build/timer32.o
 .bss           0x0000000020000910        0x0 build/timer_a.o
 .bss           0x0000000020000910        0x0 build/uart.o
 .bss           0x0000000020000910        0x0 build/wdt_a.o
 .bss           0x0000000020000910        0x0 build/startup_msp432p401r_gcc.o
 .bss           0x0000000020000910        0x0 build/system_msp432p401r.o
 .bss           0x0000000020000910        0x0 build/iic_bus.o
 .bss           0x0000000020000910        0x4 build/syscalls.o
                0x0000000020000910                __env
 .bss           0x0000000020000914        0x0 build/user_uart.o
 *fill*         0x0000000020000914        0x4 
 .bss           0x0000000020000918       0xa0 build/mpu6050.o
 .bss           0x00000000200009b8        0x0 /usr/local/arm/GNU_Tools_for_ARM/bin/../lib/gcc/arm-none-eabi/11.3.1/../../../../arm-none-eabi/lib/thumb/v7e-m+fp/hard/libc.a(libc_a-exit.o)
 .bss           0x00000000200009b8        0x0 /usr/local/arm/GNU_Tools_for_ARM/bin/../lib/gcc/arm-none-eabi/11.3.1/../../../../arm-none-eabi/lib/thumb/v7e-m+fp/hard/libc.a(libc_a-errno.o)
 .bss           0x00000000200009b8        0x0 /usr/local/arm/GNU_Tools_for_ARM/bin/../lib/gcc/arm-none-eabi/11.3.1/../../../../arm-none-eabi/lib/thumb/v7e-m+fp/hard/libc.a(libc_a-__call_atexit.o)
 .bss           0x00000000200009b8        0x0 /usr/local/arm/GNU_Tools_for_ARM/bin/../lib/gcc/arm-none-eabi/11.3.1/../../../../arm-none-eabi/lib/thumb/v7e-m+fp/hard/libc.a(libc_a-memset.o)
 .bss           0x00000000200009b8        0x0 /usr/local/arm/GNU_Tools_for_ARM/bin/../lib/gcc/arm-none-eabi/11.3.1/../../../../arm-none-eabi/lib/thumb/v7e-m+fp/hard/libc.a(libc_a-init.o)
 .bss           0x00000000200009b8        0x0 /usr/local/arm/GNU_Tools_for_ARM/bin/../lib/gcc/arm-none-eabi/11.3.1/../../../../arm-none-eabi/lib/thumb/v7e-m+fp/hard/libc.a(libc_a-fini.o)
 .bss           0x00000000200009b8        0x0 /usr/local/arm/GNU_Tools_for_ARM/bin/../lib/gcc/arm-none-eabi/11.3.1/../../../../arm-none-eabi/lib/thumb/v7e-m+fp/hard/libc.a(libc_a-lock.o)
 .bss           0x00000000200009b8        0x0 /usr/local/arm/GNU_Tools_for_ARM/bin/../lib/gcc/arm-none-eabi/11.3.1/../../../../arm-none-eabi/lib/thumb/v7e-m+fp/hard/libc.a(libc_a-atexit.o)
 .bss           0x00000000200009b8        0x0 /usr/local/arm/GNU_Tools_for_ARM/bin/../lib/gcc/arm-none-eabi/11.3.1/../../../../arm-none-eabi/lib/thumb/v7e-m+fp/hard/libc.a(libc_a-impure.o)
 .bss           0x00000000200009b8        0x0 /usr/local/arm/GNU_Tools_for_ARM/bin/../lib/gcc/arm-none-eabi/11.3.1/../../../../arm-none-eabi/lib/thumb/v7e-m+fp/hard/libc.a(libc_a-findfp.o)
 .bss           0x00000000200009b8        0x0 /usr/local/arm/GNU_Tools_for_ARM/bin/../lib/gcc/arm-none-eabi/11.3.1/../../../../arm-none-eabi/lib/thumb/v7e-m+fp/hard/libc.a(libc_a-stdio.o)
 .bss           0x00000000200009b8        0x0 /usr/local/arm/GNU_Tools_for_ARM/bin/../lib/gcc/arm-none-eabi/11.3.1/../../../../arm-none-eabi/lib/thumb/v7e-m+fp/hard/libc.a(libc_a-fwalk.o)
 .bss           0x00000000200009b8        0x0 /usr/local/arm/GNU_Tools_for_ARM/bin/../lib/gcc/arm-none-eabi/11.3.1/../../../../arm-none-eabi/lib/thumb/v7e-m+fp/hard/libc.a(libc_a-writer.o)
 .bss           0x00000000200009b8        0x0 /usr/local/arm/GNU_Tools_for_ARM/bin/../lib/gcc/arm-none-eabi/11.3.1/../../../../arm-none-eabi/lib/thumb/v7e-m+fp/hard/libc.a(libc_a-__atexit.o)
 .bss           0x00000000200009b8        0x0 /usr/local/arm/GNU_Tools_for_ARM/bin/../lib/gcc/arm-none-eabi/11.3.1/../../../../arm-none-eabi/lib/thumb/v7e-m+fp/hard/libc.a(libc_a-mallocr.o)
 .bss           0x00000000200009b8        0x0 /usr/local/arm/GNU_Tools_for_ARM/bin/../lib/gcc/arm-none-eabi/11.3.1/../../../../arm-none-eabi/lib/thumb/v7e-m+fp/hard/libc.a(libc_a-fclose.o)
 .bss           0x00000000200009b8        0x0 /usr/local/arm/GNU_Tools_for_ARM/bin/../lib/gcc/arm-none-eabi/11.3.1/../../../../arm-none-eabi/lib/thumb/v7e-m+fp/hard/libc.a(libc_a-mlock.o)
 .bss           0x00000000200009b8        0x0 /usr/local/arm/GNU_Tools_for_ARM/bin/../lib/gcc/arm-none-eabi/11.3.1/../../../../arm-none-eabi/lib/thumb/v7e-m+fp/hard/libc.a(libc_a-closer.o)
 .bss           0x00000000200009b8        0x0 /usr/local/arm/GNU_Tools_for_ARM/bin/../lib/gcc/arm-none-eabi/11.3.1/../../../../arm-none-eabi/lib/thumb/v7e-m+fp/hard/libc.a(libc_a-reent.o)
 .bss           0x00000000200009b8        0x0 /usr/local/arm/GNU_Tools_for_ARM/bin/../lib/gcc/arm-none-eabi/11.3.1/../../../../arm-none-eabi/lib/thumb/v7e-m+fp/hard/libc.a(libc_a-fflush.o)
 .bss           0x00000000200009b8        0x0 /usr/local/arm/GNU_Tools_for_ARM/bin/../lib/gcc/arm-none-eabi/11.3.1/../../../../arm-none-eabi/lib/thumb/v7e-m+fp/hard/libc.a(libc_a-freer.o)
 .bss           0x00000000200009b8        0x0 /usr/local/arm/GNU_Tools_for_ARM/bin/../lib/gcc/arm-none-eabi/11.3.1/../../../../arm-none-eabi/lib/thumb/v7e-m+fp/hard/libc.a(libc_a-lseekr.o)
 .bss           0x00000000200009b8        0x0 /usr/local/arm/GNU_Tools_for_ARM/bin/../lib/gcc/arm-none-eabi/11.3.1/../../../../arm-none-eabi/lib/thumb/v7e-m+fp/hard/libc.a(libc_a-readr.o)
 .bss           0x00000000200009b8        0x0 /usr/local/arm/GNU_Tools_for_ARM/bin/../lib/gcc/arm-none-eabi/11.3.1/../../../../arm-none-eabi/lib/thumb/v7e-m+fp/hard/libc.a(libc_a-sbrkr.o)
 .bss           0x00000000200009b8        0x0 /usr/local/arm/GNU_Tools_for_ARM/bin/../lib/gcc/arm-none-eabi/11.3.1/../../../../arm-none-eabi/lib/thumb/v7e-m+fp/hard/libnosys.a(sbrk.o)
 .bss           0x00000000200009b8        0x0 /usr/local/arm/GNU_Tools_for_ARM/bin/../lib/gcc/arm-none-eabi/11.3.1/thumb/v7e-m+fp/hard/libgcc.a(_arm_addsubdf3.o)
 .bss           0x00000000200009b8        0x0 /usr/local/arm/GNU_Tools_for_ARM/bin/../lib/gcc/arm-none-eabi/11.3.1/thumb/v7e-m+fp/hard/libgcc.a(_arm_muldivdf3.o)
 .bss           0x00000000200009b8        0x0 /usr/local/arm/GNU_Tools_for_ARM/bin/../lib/gcc/arm-none-eabi/11.3.1/thumb/v7e-m+fp/hard/crtend.o
 .bss           0x00000000200009b8        0x0 /usr/local/arm/GNU_Tools_for_ARM/bin/../lib/gcc/arm-none-eabi/11.3.1/thumb/v7e-m+fp/hard/crtn.o
 *(.bss.*)
 .bss.completed.1
                0x00000000200009b8        0x1 /usr/local/arm/GNU_Tools_for_ARM/bin/../lib/gcc/arm-none-eabi/11.3.1/thumb/v7e-m+fp/hard/crtbegin.o
 *fill*         0x00000000200009b9        0x3 
 .bss.object.0  0x00000000200009bc       0x18 /usr/local/arm/GNU_Tools_for_ARM/bin/../lib/gcc/arm-none-eabi/11.3.1/thumb/v7e-m+fp/hard/crtbegin.o
 .bss.__atexit  0x00000000200009d4        0x4 /usr/local/arm/GNU_Tools_for_ARM/bin/../lib/gcc/arm-none-eabi/11.3.1/../../../../arm-none-eabi/lib/thumb/v7e-m+fp/hard/libc.a(libc_a-__call_atexit.o)
                0x00000000200009d4                __atexit
 .bss.__lock___atexit_recursive_mutex
                0x00000000200009d8        0x1 /usr/local/arm/GNU_Tools_for_ARM/bin/../lib/gcc/arm-none-eabi/11.3.1/../../../../arm-none-eabi/lib/thumb/v7e-m+fp/hard/libc.a(libc_a-lock.o)
                0x00000000200009d8                __lock___atexit_recursive_mutex
 *fill*         0x00000000200009d9        0x3 
 .bss.__sf      0x00000000200009dc      0x138 /usr/local/arm/GNU_Tools_for_ARM/bin/../lib/gcc/arm-none-eabi/11.3.1/../../../../arm-none-eabi/lib/thumb/v7e-m+fp/hard/libc.a(libc_a-findfp.o)
                0x00000000200009dc                __sf
 .bss.__stdio_exit_handler
                0x0000000020000b14        0x4 /usr/local/arm/GNU_Tools_for_ARM/bin/../lib/gcc/arm-none-eabi/11.3.1/../../../../arm-none-eabi/lib/thumb/v7e-m+fp/hard/libc.a(libc_a-findfp.o)
                0x0000000020000b14                __stdio_exit_handler
 .bss.__atexit0
                0x0000000020000b18      0x190 /usr/local/arm/GNU_Tools_for_ARM/bin/../lib/gcc/arm-none-eabi/11.3.1/../../../../arm-none-eabi/lib/thumb/v7e-m+fp/hard/libc.a(libc_a-__atexit.o)
                0x0000000020000b18                __atexit0
 *(COMMON)
                0x0000000020000ca8                . = ALIGN (0x4)
                0x0000000020000ca8                __bss_end__ = .

.heap           0x0000000020000ca8        0x0
                0x0000000020000ca8                __heap_start__ = .
                0x0000000020000ca8                end = __heap_start__
                0x0000000020000ca8                _end = end
                0x0000000020000ca8                __end = end
 *(.heap)
                0x0000000020000ca8                __heap_end__ = .
                0x0000000020000ca8                __HeapLimit = __heap_end__

.stack          0x0000000020000ca8        0x0
                0x0000000020000ca8                _stack = .
 *(.stack)
                0x0000000020010000                __StackTop = (ORIGIN (REGION_STACK) + LENGTH (REGION_STACK))
                0x0000000020010000                PROVIDE (__stack = __StackTop)
OUTPUT(build/mpu6050.elf elf32-littlearm)
LOAD linker stubs

.ARM.attributes
                0x0000000000000000       0x30
 .ARM.attributes
                0x0000000000000000       0x1e /usr/local/arm/GNU_Tools_for_ARM/bin/../lib/gcc/arm-none-eabi/11.3.1/thumb/v7e-m+fp/hard/crti.o
 .ARM.attributes
                0x000000000000001e       0x34 /usr/local/arm/GNU_Tools_for_ARM/bin/../lib/gcc/arm-none-eabi/11.3.1/thumb/v7e-m+fp/hard/crtbegin.o
 .ARM.attributes
                0x0000000000000052       0x1c /usr/local/arm/GNU_Tools_for_ARM/bin/../lib/gcc/arm-none-eabi/11.3.1/../../../../arm-none-eabi/lib/thumb/v7e-m+fp/hard/crt0.o
 .ARM.attributes
                0x000000000000006e       0x34 build/main.o
 .ARM.attributes
                0x00000000000000a2       0x34 build/adc14.o
 .ARM.attributes
                0x00000000000000d6       0x34 build/aes256.o
 .ARM.attributes
                0x000000000000010a       0x34 build/comp_e.o
 .ARM.attributes
                0x000000000000013e       0x34 build/cpu.o
 .ARM.attributes
                0x0000000000000172       0x34 build/crc32.o
 .ARM.attributes
                0x00000000000001a6       0x34 build/cs.o
 .ARM.attributes
                0x00000000000001da       0x34 build/dma.o
 .ARM.attributes
                0x000000000000020e       0x34 build/flash.o
 .ARM.attributes
                0x0000000000000242       0x34 build/fpu.o
 .ARM.attributes
                0x0000000000000276       0x34 build/gpio.o
 .ARM.attributes
                0x00000000000002aa       0x34 build/i2c.o
 .ARM.attributes
                0x00000000000002de       0x34 build/interrupt.o
 .ARM.attributes
                0x0000000000000312       0x34 build/mpu.o
 .ARM.attributes
                0x0000000000000346       0x34 build/pcm.o
 .ARM.attributes
                0x000000000000037a       0x34 build/pmap.o
 .ARM.attributes
                0x00000000000003ae       0x34 build/pss.o
 .ARM.attributes
                0x00000000000003e2       0x34 build/ref_a.o
 .ARM.attributes
                0x0000000000000416       0x34 build/reset.o
 .ARM.attributes
                0x000000000000044a       0x34 build/rtc_c.o
 .ARM.attributes
                0x000000000000047e       0x34 build/spi.o
 .ARM.attributes
                0x00000000000004b2       0x34 build/sysctl.o
 .ARM.attributes
                0x00000000000004e6       0x34 build/systick.o
 .ARM.attributes
                0x000000000000051a       0x34 build/timer32.o
 .ARM.attributes
                0x000000000000054e       0x34 build/timer_a.o
 .ARM.attributes
                0x0000000000000582       0x34 build/uart.o
 .ARM.attributes
                0x00000000000005b6       0x34 build/wdt_a.o
 .ARM.attributes
                0x00000000000005ea       0x34 build/startup_msp432p401r_gcc.o
 .ARM.attributes
                0x000000000000061e       0x34 build/system_msp432p401r.o
 .ARM.attributes
                0x0000000000000652       0x34 build/iic_bus.o
 .ARM.attributes
                0x0000000000000686       0x34 build/syscalls.o
 .ARM.attributes
                0x00000000000006ba       0x34 build/user_uart.o
 .ARM.attributes
                0x00000000000006ee       0x34 build/mpu6050.o
 .ARM.attributes
                0x0000000000000722       0x34 /usr/local/arm/GNU_Tools_for_ARM/bin/../lib/gcc/arm-none-eabi/11.3.1/../../../../arm-none-eabi/lib/thumb/v7e-m+fp/hard/libc.a(libc_a-exit.o)
 .ARM.attributes
                0x0000000000000756       0x34 /usr/local/arm/GNU_Tools_for_ARM/bin/../lib/gcc/arm-none-eabi/11.3.1/../../../../arm-none-eabi/lib/thumb/v7e-m+fp/hard/libc.a(libc_a-errno.o)
 .ARM.attributes
                0x000000000000078a       0x34 /usr/local/arm/GNU_Tools_for_ARM/bin/../lib/gcc/arm-none-eabi/11.3.1/../../../../arm-none-eabi/lib/thumb/v7e-m+fp/hard/libc.a(libc_a-__call_atexit.o)
 .ARM.attributes
                0x00000000000007be       0x34 /usr/local/arm/GNU_Tools_for_ARM/bin/../lib/gcc/arm-none-eabi/11.3.1/../../../../arm-none-eabi/lib/thumb/v7e-m+fp/hard/libc.a(libc_a-memset.o)
 .ARM.attributes
                0x00000000000007f2       0x34 /usr/local/arm/GNU_Tools_for_ARM/bin/../lib/gcc/arm-none-eabi/11.3.1/../../../../arm-none-eabi/lib/thumb/v7e-m+fp/hard/libc.a(libc_a-init.o)
 .ARM.attributes
                0x0000000000000826       0x34 /usr/local/arm/GNU_Tools_for_ARM/bin/../lib/gcc/arm-none-eabi/11.3.1/../../../../arm-none-eabi/lib/thumb/v7e-m+fp/hard/libc.a(libc_a-fini.o)
 .ARM.attributes
                0x000000000000085a       0x34 /usr/local/arm/GNU_Tools_for_ARM/bin/../lib/gcc/arm-none-eabi/11.3.1/../../../../arm-none-eabi/lib/thumb/v7e-m+fp/hard/libc.a(libc_a-lock.o)
 .ARM.attributes
                0x000000000000088e       0x34 /usr/local/arm/GNU_Tools_for_ARM/bin/../lib/gcc/arm-none-eabi/11.3.1/../../../../arm-none-eabi/lib/thumb/v7e-m+fp/hard/libc.a(libc_a-atexit.o)
 .ARM.attributes
                0x00000000000008c2       0x34 /usr/local/arm/GNU_Tools_for_ARM/bin/../lib/gcc/arm-none-eabi/11.3.1/../../../../arm-none-eabi/lib/thumb/v7e-m+fp/hard/libc.a(libc_a-impure.o)
 .ARM.attributes
                0x00000000000008f6       0x34 /usr/local/arm/GNU_Tools_for_ARM/bin/../lib/gcc/arm-none-eabi/11.3.1/../../../../arm-none-eabi/lib/thumb/v7e-m+fp/hard/libc.a(libc_a-findfp.o)
 .ARM.attributes
                0x000000000000092a       0x34 /usr/local/arm/GNU_Tools_for_ARM/bin/../lib/gcc/arm-none-eabi/11.3.1/../../../../arm-none-eabi/lib/thumb/v7e-m+fp/hard/libc.a(libc_a-stdio.o)
 .ARM.attributes
                0x000000000000095e       0x34 /usr/local/arm/GNU_Tools_for_ARM/bin/../lib/gcc/arm-none-eabi/11.3.1/../../../../arm-none-eabi/lib/thumb/v7e-m+fp/hard/libc.a(libc_a-fwalk.o)
 .ARM.attributes
                0x0000000000000992       0x34 /usr/local/arm/GNU_Tools_for_ARM/bin/../lib/gcc/arm-none-eabi/11.3.1/../../../../arm-none-eabi/lib/thumb/v7e-m+fp/hard/libc.a(libc_a-writer.o)
 .ARM.attributes
                0x00000000000009c6       0x34 /usr/local/arm/GNU_Tools_for_ARM/bin/../lib/gcc/arm-none-eabi/11.3.1/../../../../arm-none-eabi/lib/thumb/v7e-m+fp/hard/libc.a(libc_a-__atexit.o)
 .ARM.attributes
                0x00000000000009fa       0x34 /usr/local/arm/GNU_Tools_for_ARM/bin/../lib/gcc/arm-none-eabi/11.3.1/../../../../arm-none-eabi/lib/thumb/v7e-m+fp/hard/libc.a(libc_a-mallocr.o)
 .ARM.attributes
                0x0000000000000a2e       0x34 /usr/local/arm/GNU_Tools_for_ARM/bin/../lib/gcc/arm-none-eabi/11.3.1/../../../../arm-none-eabi/lib/thumb/v7e-m+fp/hard/libc.a(libc_a-fclose.o)
 .ARM.attributes
                0x0000000000000a62       0x34 /usr/local/arm/GNU_Tools_for_ARM/bin/../lib/gcc/arm-none-eabi/11.3.1/../../../../arm-none-eabi/lib/thumb/v7e-m+fp/hard/libc.a(libc_a-mlock.o)
 .ARM.attributes
                0x0000000000000a96       0x34 /usr/local/arm/GNU_Tools_for_ARM/bin/../lib/gcc/arm-none-eabi/11.3.1/../../../../arm-none-eabi/lib/thumb/v7e-m+fp/hard/libc.a(libc_a-closer.o)
 .ARM.attributes
                0x0000000000000aca       0x34 /usr/local/arm/GNU_Tools_for_ARM/bin/../lib/gcc/arm-none-eabi/11.3.1/../../../../arm-none-eabi/lib/thumb/v7e-m+fp/hard/libc.a(libc_a-reent.o)
 .ARM.attributes
                0x0000000000000afe       0x34 /usr/local/arm/GNU_Tools_for_ARM/bin/../lib/gcc/arm-none-eabi/11.3.1/../../../../arm-none-eabi/lib/thumb/v7e-m+fp/hard/libc.a(libc_a-fflush.o)
 .ARM.attributes
                0x0000000000000b32       0x34 /usr/local/arm/GNU_Tools_for_ARM/bin/../lib/gcc/arm-none-eabi/11.3.1/../../../../arm-none-eabi/lib/thumb/v7e-m+fp/hard/libc.a(libc_a-freer.o)
 .ARM.attributes
                0x0000000000000b66       0x34 /usr/local/arm/GNU_Tools_for_ARM/bin/../lib/gcc/arm-none-eabi/11.3.1/../../../../arm-none-eabi/lib/thumb/v7e-m+fp/hard/libc.a(libc_a-lseekr.o)
 .ARM.attributes