Archive member included to satisfy reference by file (symbol)

/usr/local/arm/GNU_Tools_for_ARM/bin/../lib/gcc/arm-none-eabi/11.3.1/../../../../arm-none-eabi/lib/thumb/v7e-m+fp/hard/libstdc++.a(atexit_arm.o)
                              build/user_tick.o (__aeabi_atexit)
/usr/local/arm/GNU_Tools_for_ARM/bin/../lib/gcc/arm-none-eabi/11.3.1/../../../../arm-none-eabi/lib/thumb/v7e-m+fp/hard/libstdc++.a(eh_arm.o)
                              build/user_timer32.o (__cxa_end_cleanup)
/usr/local/arm/GNU_Tools_for_ARM/bin/../lib/gcc/arm-none-eabi/11.3.1/../../../../arm-none-eabi/lib/thumb/v7e-m+fp/hard/libstdc++.a(eh_exception.o)
                              /usr/local/arm/GNU_Tools_for_ARM/bin/../lib/gcc/arm-none-eabi/11.3.1/../../../../arm-none-eabi/lib/thumb/v7e-m+fp/hard/libstdc++.a(eh_arm.o) (typeinfo for __cxxabiv1::__forced_unwind)
/usr/local/arm/GNU_Tools_for_ARM/bin/../lib/gcc/arm-none-eabi/11.3.1/../../../../arm-none-eabi/lib/thumb/v7e-m+fp/hard/libstdc++.a(eh_globals.o)
                              /usr/local/arm/GNU_Tools_for_ARM/bin/../lib/gcc/arm-none-eabi/11.3.1/../../../../arm-none-eabi/lib/thumb/v7e-m+fp/hard/libstdc++.a(eh_arm.o) (__cxa_get_globals)
/usr/local/arm/GNU_Tools_for_ARM/bin/../lib/gcc/arm-none-eabi/11.3.1/../../../../arm-none-eabi/lib/thumb/v7e-m+fp/hard/libstdc++.a(eh_personality.o)
                              build/user_timer32.o (__gxx_personality_v0)
/usr/local/arm/GNU_Tools_for_ARM/bin/../lib/gcc/arm-none-eabi/11.3.1/../../../../arm-none-eabi/lib/thumb/v7e-m+fp/hard/libstdc++.a(eh_terminate.o)
                              /usr/local/arm/GNU_Tools_for_ARM/bin/../lib/gcc/arm-none-eabi/11.3.1/../../../../arm-none-eabi/lib/thumb/v7e-m+fp/hard/libstdc++.a(eh_arm.o) (std::terminate())
/usr/local/arm/GNU_Tools_for_ARM/bin/../lib/gcc/arm-none-eabi/11.3.1/../../../../arm-none-eabi/lib/thumb/v7e-m+fp/hard/libstdc++.a(eh_unex_handler.o)
                              /usr/local/arm/GNU_Tools_for_ARM/bin/../lib/gcc/arm-none-eabi/11.3.1/../../../../arm-none-eabi/lib/thumb/v7e-m+fp/hard/libstdc++.a(eh_terminate.o) (__cxxabiv1::__unexpected_handler)
/usr/local/arm/GNU_Tools_for_ARM/bin/../lib/gcc/arm-none-eabi/11.3.1/../../../../arm-none-eabi/lib/thumb/v7e-m+fp/hard/libstdc++.a(si_class_type_info.o)
                              /usr/local/arm/GNU_Tools_for_ARM/bin/../lib/gcc/arm-none-eabi/11.3.1/../../../../arm-none-eabi/lib/thumb/v7e-m+fp/hard/libstdc++.a(eh_exception.o) (vtable for __cxxabiv1::__si_class_type_info)
/usr/local/arm/GNU_Tools_for_ARM/bin/../lib/gcc/arm-none-eabi/11.3.1/../../../../arm-none-eabi/lib/thumb/v7e-m+fp/hard/libstdc++.a(tinfo.o)
                              /usr/local/arm/GNU_Tools_for_ARM/bin/../lib/gcc/arm-none-eabi/11.3.1/../../../../arm-none-eabi/lib/thumb/v7e-m+fp/hard/libstdc++.a(si_class_type_info.o) (std::type_info::__is_pointer_p() const)
/usr/local/arm/GNU_Tools_for_ARM/bin/../lib/gcc/arm-none-eabi/11.3.1/../../../../arm-none-eabi/lib/thumb/v7e-m+fp/hard/libstdc++.a(vterminate.o)
                              /usr/local/arm/GNU_Tools_for_ARM/bin/../lib/gcc/arm-none-eabi/11.3.1/../../../../arm-none-eabi/lib/thumb/v7e-m+fp/hard/libstdc++.a(eh_terminate.o) (__gnu_cxx::__verbose_terminate_handler())
/usr/local/arm/GNU_Tools_for_ARM/bin/../lib/gcc/arm-none-eabi/11.3.1/../../../../arm-none-eabi/lib/thumb/v7e-m+fp/hard/libstdc++.a(class_type_info.o)
                              /usr/local/arm/GNU_Tools_for_ARM/bin/../lib/gcc/arm-none-eabi/11.3.1/../../../../arm-none-eabi/lib/thumb/v7e-m+fp/hard/libstdc++.a(si_class_type_info.o) (__cxxabiv1::__class_type_info::__do_upcast(__cxxabiv1::__class_type_info const*, void**) const)
/usr/local/arm/GNU_Tools_for_ARM/bin/../lib/gcc/arm-none-eabi/11.3.1/../../../../arm-none-eabi/lib/thumb/v7e-m+fp/hard/libstdc++.a(cp-demangle.o)
                              /usr/local/arm/GNU_Tools_for_ARM/bin/../lib/gcc/arm-none-eabi/11.3.1/../../../../arm-none-eabi/lib/thumb/v7e-m+fp/hard/libstdc++.a(vterminate.o) (__cxa_demangle)
/usr/local/arm/GNU_Tools_for_ARM/bin/../lib/gcc/arm-none-eabi/11.3.1/../../../../arm-none-eabi/lib/thumb/v7e-m+fp/hard/libstdc++.a(del_ops.o)
                              /usr/local/arm/GNU_Tools_for_ARM/bin/../lib/gcc/arm-none-eabi/11.3.1/../../../../arm-none-eabi/lib/thumb/v7e-m+fp/hard/libstdc++.a(eh_exception.o) (operator delete(void*, unsigned int))
/usr/local/arm/GNU_Tools_for_ARM/bin/../lib/gcc/arm-none-eabi/11.3.1/../../../../arm-none-eabi/lib/thumb/v7e-m+fp/hard/libstdc++.a(eh_call.o)
                              /usr/local/arm/GNU_Tools_for_ARM/bin/../lib/gcc/arm-none-eabi/11.3.1/../../../../arm-none-eabi/lib/thumb/v7e-m+fp/hard/libstdc++.a(eh_personality.o) (__cxa_call_terminate)
/usr/local/arm/GNU_Tools_for_ARM/bin/../lib/gcc/arm-none-eabi/11.3.1/../../../../arm-none-eabi/lib/thumb/v7e-m+fp/hard/libstdc++.a(eh_catch.o)
[...]
Memory Configuration

Name             Origin             Length             Attributes
MAIN_FLASH       0x0000000000000000 0x0000000000040000 xr
INFO_FLASH       0x0000000000200000 0x0000000000004000 xr
SRAM_CODE        0x0000000001000000 0x0000000000010000 xrw
SRAM_DATA        0x0000000020000000 0x0000000000010000 rw
*default*        0x0000000000000000 0xffffffffffffffff

Linker script and memory map

LOAD /usr/local/arm/GNU_Tools_for_ARM/bin/../lib/gcc/arm-none-eabi/11.3.1/thumb/v7e-m+fp/hard/crti.o
LOAD /usr/local/arm/GNU_Tools_for_ARM/bin/../lib/gcc/arm-none-eabi/11.3.1/thumb/v7e-m+fp/hard/crtbegin.o
LOAD /usr/local/arm/GNU_Tools_for_ARM/bin/../lib/gcc/arm-none-eabi/11.3.1/../../../../arm-none-eabi/lib/thumb/v7e-m+fp/hard/crt0.o
LOAD build/adc14.o
LOAD build/aes256.o
LOAD build/comp_e.o
LOAD build/cpu.o
LOAD build/crc32.o
LOAD build/cs.o
LOAD build/dma.o
LOAD build/flash.o
LOAD build/fpu.o
LOAD build/gpio.o
LOAD build/i2c.o
LOAD build/interrupt.o
LOAD build/mpu.o
LOAD build/pcm.o
LOAD build/pmap.o
LOAD build/pss.o
LOAD build/ref_a.o
LOAD build/reset.o
LOAD build/rtc_c.o
LOAD build/spi.o
LOAD build/sysctl.o
LOAD build/systick.o
LOAD build/timer32.o
LOAD build/timer_a.o
LOAD build/uart.o
LOAD build/wdt_a.o
LOAD build/startup_msp432p401r_gcc.o
LOAD build/system_msp432p401r.o
LOAD build/syscalls.o
LOAD build/iic_bus.o
LOAD build/mpu6050.o
LOAD build/main.o
LOAD build/user_uart.o
LOAD build/user_tick.o
LOAD build/user_nvic.o
LOAD build/user_timer32.o
LOAD /usr/local/arm/GNU_Tools_for_ARM/bin/../lib/gcc/arm-none-eabi/11.3.1/../../../../arm-none-eabi/lib/thumb/v7e-m+fp/hard/libnosys.a
LOAD /usr/local/arm/GNU_Tools_for_ARM/bin/../lib/gcc/arm-none-eabi/11.3.1/../../../../arm-none-eabi/lib/thumb/v7e-m+fp/hard/libstdc++.a
LOAD /usr/local/arm/GNU_Tools_for_ARM/bin/../lib/gcc/arm-none-eabi/11.3.1/../../../../arm-none-eabi/lib/thumb/v7e-m+fp/hard/libm.a
LOAD /usr/local/arm/GNU_Tools_for_ARM/bin/../lib/gcc/arm-none-eabi/11.3.1/../../../../arm-none-eabi/lib/thumb/v7e-m+fp/hard/libc.a
START GROUP
LOAD /usr/local/arm/GNU_Tools_for_ARM/bin/../lib/gcc/arm-none-eabi/11.3.1/thumb/v7e-m+fp/hard/libgcc.a
LOAD /usr/local/arm/GNU_Tools_for_ARM/bin/../lib/gcc/arm-none-eabi/11.3.1/../../../../arm-none-eabi/lib/thumb/v7e-m+fp/hard/libc.a
END GROUP
START GROUP
LOAD /usr/local/arm/GNU_Tools_for_ARM/bin/../lib/gcc/arm-none-eabi/11.3.1/thumb/v7e-m+fp/hard/libgcc.a
LOAD /usr/local/arm/GNU_Tools_for_ARM/bin/../lib/gcc/arm-none-eabi/11.3.1/../../../../arm-none-eabi/lib/thumb/v7e-m+fp/hard/libc.a
LOAD /usr/local/arm/GNU_Tools_for_ARM/bin/../lib/gcc/arm-none-eabi/11.3.1/../../../../arm-none-eabi/lib/thumb/v7e-m+fp/hard/libnosys.a
END GROUP
LOAD /usr/local/arm/GNU_Tools_for_ARM/bin/../lib/gcc/arm-none-eabi/11.3.1/thumb/v7e-m+fp/hard/crtend.o
LOAD /usr/local/arm/GNU_Tools_for_ARM/bin/../lib/gcc/arm-none-eabi/11.3.1/thumb/v7e-m+fp/hard/crtn.o
                0x0000000000000000                PROVIDE (_intvecs_base_address = DEFINED (_intvecs_base_address)?_intvecs_base_address:0x0)

.intvecs        0x0000000000000000       0xe4
 *(.intvecs)
 .intvecs       0x0000000000000000       0xe4 build/startup_msp432p401r_gcc.o
                0x0000000000000000                interruptVectors
                0x0000000000200000                PROVIDE (_mailbox_base_address = 0x200000)

.flashMailbox
 *(.flashMailbox)
                0x0000000000201000                PROVIDE (_tlv_base_address = 0x201000)

.tlvTable
 *(.tlvTable)
                0x0000000000202000                PROVIDE (_bsl_base_address = 0x202000)

.bslArea
 *(.bslArea)
                0x0000000020000000                PROVIDE (_vtable_base_address = DEFINED (_vtable_base_address)?_vtable_base_address:0x20000000)

.vtable
 *(.vtable)

.text           0x0000000000000100    0x1c258
 CREATE_OBJECT_SYMBOLS
 *(.text)
 .text          0x0000000000000100        0x0 /usr/local/arm/GNU_Tools_for_ARM/bin/../lib/gcc/arm-none-eabi/11.3.1/thumb/v7e-m+fp/hard/crti.o
 .text          0x0000000000000100        0x0 /usr/local/arm/GNU_Tools_for_ARM/bin/../lib/gcc/arm-none-eabi/11.3.1/thumb/v7e-m+fp/hard/crtbegin.o
 .text          0x0000000000000100       0x7c /usr/local/arm/GNU_Tools_for_ARM/bin/../lib/gcc/arm-none-eabi/11.3.1/../../../../arm-none-eabi/lib/thumb/v7e-m+fp/hard/crt0.o
                0x0000000000000100                _stack_init
                0x0000000000000108                _mainCRTStartup
                0x0000000000000108                _start
 .text          0x000000000000017c      0xd8c build/adc14.o
                0x00000000000004c4                ADC14_enableModule
                0x00000000000004dc                ADC14_disableModule
                0x0000000000000500                ADC14_enableSampleTimer
                0x0000000000000544                ADC14_disableSampleTimer
                0x0000000000000568                ADC14_initModule
                0x00000000000005c0                ADC14_setResolution
                0x00000000000005e8                ADC14_getResolution
                0x0000000000000604                ADC14_setSampleHoldTrigger
                0x0000000000000658                ADC14_setSampleHoldTime
                0x0000000000000694                ADC14_configureMultiSequenceMode
                0x0000000000000758                ADC14_configureSingleSampleMode
                0x00000000000007c4                ADC14_enableConversion
                0x00000000000007fc                ADC14_toggleConversionTrigger
                0x000000000000083c                ADC14_disableConversion
                0x000000000000085c                ADC14_isBusy
                0x0000000000000880                ADC14_configureConversionMemory
                0x000000000000093c                ADC14_enableComparatorWindow
                0x00000000000009e4                ADC14_disableComparatorWindow
                0x0000000000000a58                ADC14_setComparatorWindowValue
                0x0000000000000b04                ADC14_setResultFormat
                0x0000000000000b44                ADC14_getResult
                0x0000000000000b78                ADC14_getMultiSequenceResult
                0x0000000000000bdc                ADC14_getResultArray
                0x0000000000000c78                ADC14_enableReferenceBurst
                0x0000000000000c9c                ADC14_disableReferenceBurst
                0x0000000000000cc0                ADC14_setPowerMode
                0x0000000000000d18                ADC14_enableInterrupt
                0x0000000000000d6c                ADC14_disableInterrupt
                0x0000000000000dc4                ADC14_getInterruptStatus
                0x0000000000000e1c                ADC14_getEnabledInterruptStatus
                0x0000000000000e80                ADC14_clearInterruptFlag
                0x0000000000000ed4                ADC14_registerInterrupt
                0x0000000000000ef2                ADC14_unregisterInterrupt
 .text          0x0000000000000f08      0x708 build/aes256.o
                0x0000000000000f08                AES256_setCipherKey
                0x0000000000000fda                AES256_encryptData
                0x00000000000010a8                AES256_decryptData
                0x0000000000001174                AES256_setDecipherKey
                0x0000000000001258                AES256_clearInterruptFlag
                0x0000000000001280                AES256_getInterruptFlagStatus
                0x00000000000012a8                AES256_enableInterrupt
                0x00000000000012ce                AES256_disableInterrupt
                0x00000000000012f4                AES256_reset
                0x000000000000131a                AES256_startEncryptData
                0x0000000000001392                AES256_startDecryptData
                0x0000000000001408                AES256_startSetDecipherKey
                0x00000000000014d4                AES256_getDataOut
                0x0000000000001540                AES256_isBusy
                0x0000000000001570                AES256_clearErrorFlag
                0x0000000000001596                AES256_getErrorFlagStatus
                0x00000000000015bc                AES256_registerInterrupt
                0x00000000000015dc                AES256_unregisterInterrupt
                0x00000000000015f8                AES256_getInterruptStatus
 .text          0x0000000000001610      0x6cc build/comp_e.o
                0x00000000000017be                COMP_E_initModule
                0x00000000000018be                COMP_E_setReferenceVoltage
                0x000000000000196a                COMP_E_setReferenceAccuracy
                0x00000000000019b0                COMP_E_setPowerMode
                0x00000000000019de                COMP_E_enableModule
                0x0000000000001a06                COMP_E_disableModule
                0x0000000000001a2e                COMP_E_shortInputs
                0x0000000000001a56                COMP_E_unshortInputs
                0x0000000000001a7e                COMP_E_disableInputBuffer
                0x0000000000001aa6                COMP_E_enableInputBuffer
                0x0000000000001ad2                COMP_E_swapIO
                0x0000000000001af6                COMP_E_outputValue
                0x0000000000001b18                COMP_E_enableInterrupt
                0x0000000000001b40                COMP_E_getEnabledInterruptStatus
                0x0000000000001b60                COMP_E_disableInterrupt
                0x0000000000001b8c                COMP_E_clearInterruptFlag
                0x0000000000001bb8                COMP_E_getInterruptStatus
                0x0000000000001bd6                COMP_E_setInterruptEdgeDirection
                0x0000000000001c22                COMP_E_toggleInterruptEdgeDirection
                0x0000000000001c46                COMP_E_registerInterrupt
                0x0000000000001c94                COMP_E_unregisterInterrupt
 .text          0x0000000000001cdc       0x42 build/cpu.o
                0x0000000000001cdc                CPU_cpsid
                0x0000000000001cea                CPU_primask
                0x0000000000001cf6                CPU_cpsie
                0x0000000000001d04                CPU_wfi
                0x0000000000001d0a                CPU_basepriSet
                0x0000000000001d12                CPU_basepriGet
 *fill*         0x0000000000001d1e        0x2 
 .text          0x0000000000001d20      0x1e8 build/crc32.o
                0x0000000000001d20                CRC32_setSeed
                0x0000000000001d5e                CRC32_set8BitData
                0x0000000000001d90                CRC32_set16BitData
                0x0000000000001dc0                CRC32_set32BitData
                0x0000000000001dea                CRC32_set8BitDataReversed
                0x0000000000001e20                CRC32_set16BitDataReversed
                0x0000000000001e50                CRC32_set32BitDataReversed
                0x0000000000001e7c                CRC32_getResult
                0x0000000000001ec2                CRC32_getResultReversed
 .text          0x0000000000001f08      0xf84 build/cs.o
                0x0000000000002260                CS_setExternalClockSourceFrequency
                0x000000000000228c                CS_initClockSignal
                0x0000000000002418                CS_startHFXT
                0x0000000000002436                CS_startHFXTWithTimeout
                0x0000000000002528                CS_startLFXT
                0x0000000000002542                CS_startLFXTWithTimeout
                0x000000000000262c                CS_enableClockRequest
                0x0000000000002664                CS_disableClockRequest
                0x000000000000269c                CS_setReferenceOscillatorFrequency
                0x00000000000026d4                CS_enableDCOExternalResistor
                0x0000000000002704                CS_setDCOExternalResistorCalibration
                0x0000000000002798                CS_disableDCOExternalResistor
                0x00000000000027c8                CS_setDCOCenteredFrequency
                0x0000000000002804                CS_tuneDCOFrequency
                0x0000000000002888                CS_getDCOFrequency
                0x00000000000029a0                CS_setDCOFrequency
                0x0000000000002b54                CS_getBCLK
                0x0000000000002b80                CS_getHSMCLK
                0x0000000000002bb4                CS_getACLK
                0x0000000000002be8                CS_getSMCLK
                0x0000000000002c1c                CS_getMCLK
                0x0000000000002c50                CS_enableFaultCounter
                0x0000000000002c98                CS_disableFaultCounter
                0x0000000000002ce0                CS_resetFaultCounter
                0x0000000000002d28                CS_startFaultCounter
                0x0000000000002d80                CS_enableInterrupt
                0x0000000000002db8                CS_disableInterrupt
                0x0000000000002df0                CS_getInterruptStatus
                0x0000000000002e08                CS_getEnabledInterruptStatus
                0x0000000000002e20                CS_clearInterruptFlag
                0x0000000000002e58                CS_registerInterrupt
                0x0000000000002e76                CS_unregisterInterrupt
 .text          0x0000000000002e8c      0xa20 build/dma.o
                0x0000000000002e8c                DMA_enableModule
                0x0000000000002ea4                DMA_disableModule
                0x0000000000002ee8                DMA_getErrorStatus
                0x0000000000002f00                DMA_clearErrorStatus
                0x0000000000002f18                DMA_enableChannel
                0x0000000000002f40                DMA_disableChannel
                0x0000000000002f68                DMA_isChannelEnabled
                0x0000000000002f9c                DMA_setControlBase
                0x0000000000002fbc                DMA_getControlBase
                0x0000000000002fd4                DMA_getControlAlternateBase
                0x0000000000002fec                DMA_requestChannel
                0x0000000000003014                DMA_enableChannelAttribute
                0x0000000000003088                DMA_disableChannelAttribute
                0x00000000000030fc                DMA_getChannelAttribute
                0x000000000000318c                DMA_setChannelControl
                0x00000000000031d4                DMA_setChannelTransfer
                0x00000000000032d8                DMA_setChannelScatterGather
                0x000000000000336c                DMA_getChannelSize
                0x00000000000033b4                DMA_getChannelMode
                0x0000000000003408                DMA_assignChannel
                0x00000000000036cc                DMA_assignInterrupt
                0x000000000000373c                DMA_requestSoftwareTransfer
                0x0000000000003768                DMA_getInterruptStatus
                0x0000000000003780                DMA_clearInterruptFlag
                0x00000000000037b0                DMA_enableInterrupt
                0x0000000000003810                DMA_disableInterrupt
                0x0000000000003870                DMA_registerInterrupt
                0x0000000000003890                DMA_unregisterInterrupt
 .text          0x00000000000038ac     0x1af0 build/flash.o
                0x0000000000003bca                FlashCtl_getMemoryInfo
                0x0000000000003fb0                FlashCtl_enableReadBuffering
                0x0000000000004028                FlashCtl_disableReadBuffering
                0x00000000000040a0                FlashCtl_unprotectSector
                0x0000000000004144                FlashCtl_protectSector
                0x00000000000041cc                FlashCtl_isSectorProtected
                0x0000000000004260                FlashCtl_verifyMemory
                0x0000000000004508                FlashCtl_setReadMode
                0x000000000000458c                FlashCtl_getReadMode
                0x00000000000045cc                FlashCtl_initiateMassErase
                0x00000000000045f8                FlashCtl_performMassErase
                0x00000000000047d0                FlashCtl_eraseSector
                0x0000000000004924                FlashCtl_initiateSectorErase
                0x00000000000049c4                FlashCtl_programMemory
                0x0000000000004b6c                FlashCtl_setProgramVerification
                0x0000000000004bd0                FlashCtl_clearProgramVerification
                0x0000000000004c34                FlashCtl_enableWordProgramming
                0x0000000000004c78                FlashCtl_disableWordProgramming
                0x0000000000004c90                FlashCtl_isWordProgrammingEnabled
                0x0000000000004cc4                FlashCtl_setWaitState
                0x0000000000004d10                FlashCtl_getWaitState
                0x0000000000004d50                FlashCtl_enableInterrupt
                0x0000000000004d78                FlashCtl_disableInterrupt
                0x0000000000004da4                FlashCtl_getInterruptStatus
                0x0000000000004dbc                FlashCtl_getEnabledInterruptStatus
                0x0000000000004dd8                FlashCtl_clearInterruptFlag
                0x0000000000004e00                FlashCtl_registerInterrupt
                0x0000000000004e1e                FlashCtl_unregisterInterrupt
                0x0000000000004e32                __FlashCtl_remaskData8Post
                0x0000000000004ec4                __FlashCtl_remaskData8Pre
                0x0000000000004f5c                __FlashCtl_remaskData32Post
                0x000000000000503c                __FlashCtl_remaskData32Pre
                0x0000000000005120                __FlashCtl_remaskBurstDataPre
                0x0000000000005264                __FlashCtl_remaskBurstDataPost
 .text          0x000000000000539c      0x14c build/fpu.o
                0x000000000000539c                FPU_enableModule
                0x00000000000053c0                FPU_disableModule
                0x00000000000053e4                FPU_enableStacking
                0x0000000000005408                FPU_enableLazyStacking
                0x0000000000005428                FPU_disableStacking
                0x0000000000005448                FPU_setHalfPrecisionMode
                0x0000000000005470                FPU_setNaNMode
                0x0000000000005498                FPU_setFlushToZeroMode
                0x00000000000054c0                FPU_setRoundingMode
 .text          0x00000000000054e8      0x7e4 build/gpio.o
                0x00000000000054e8                GPIO_setAsOutputPin
                0x0000000000005558                GPIO_setAsInputPin
                0x00000000000055e4                GPIO_setAsPeripheralModuleFunctionOutputPin
                0x00000000000056cc                GPIO_setAsPeripheralModuleFunctionInputPin
                0x00000000000057b8                GPIO_setOutputHighOnPin
                0x00000000000057f4                GPIO_setOutputLowOnPin
                0x0000000000005834                GPIO_toggleOutputOnPin
                0x0000000000005870                GPIO_setAsInputPinWithPullDownResistor
                0x0000000000005914                GPIO_setAsInputPinWithPullUpResistor
                0x00000000000059b4                GPIO_getInputPinValue
                0x00000000000059f4                GPIO_enableInterrupt
                0x0000000000005a30                GPIO_disableInterrupt
                0x0000000000005a70                GPIO_getInterruptStatus
                0x0000000000005aa4                GPIO_clearInterruptFlag
                0x0000000000005ae4                GPIO_interruptEdgeSelect
                0x0000000000005b44                GPIO_getEnabledInterruptStatus
                0x0000000000005bf4                GPIO_setDriveStrengthHigh
                0x0000000000005c30                GPIO_setDriveStrengthLow
                0x0000000000005c70                GPIO_registerInterrupt
                0x0000000000005ca0                GPIO_unregisterInterrupt
 .text          0x0000000000005ccc      0xdb0 build/i2c.o
                0x0000000000005ccc                I2C_initMaster
                0x0000000000005d52                I2C_initSlave
                0x0000000000005dae                I2C_enableModule
                0x0000000000005dd2                I2C_disableModule
                0x0000000000005df6                I2C_setSlaveAddress
                0x0000000000005e14                I2C_setMode
                0x0000000000005e42                I2C_setTimeout
                0x0000000000005ea4                I2C_masterReceiveSingleByte
                0x0000000000005f3e                I2C_slavePutData
                0x0000000000005f5e                I2C_slaveGetData
                0x0000000000005f7a                I2C_isBusBusy
                0x0000000000005fa2                I2C_masterSendSingleByte
                0x0000000000006062                I2C_masterSendSingleByteWithTimeout
                0x0000000000006148                I2C_masterSendMultiByteStart
                0x00000000000061d8                I2C_masterSendMultiByteStartWithTimeout
                0x0000000000006284                I2C_masterSendMultiByteNext
                0x00000000000062d6                I2C_masterSendMultiByteNextWithTimeout
                0x0000000000006342                I2C_masterSendMultiByteFinish
                0x00000000000063f6                I2C_masterSendMultiByteFinishWithTimeout
                0x00000000000064c0                I2C_masterSendMultiByteStop
                0x0000000000006518                I2C_masterSendMultiByteStopWithTimeout
                0x000000000000658a                I2C_masterReceiveStart
                0x00000000000065b8                I2C_masterReceiveMultiByteNext
                0x00000000000065d4                I2C_masterReceiveMultiByteFinish
                0x0000000000006632                I2C_masterReceiveMultiByteFinishWithTimeout
                0x00000000000066ca                I2C_masterReceiveMultiByteStop
                0x00000000000066f0                I2C_masterReceiveSingle
                0x000000000000673a                I2C_getReceiveBufferAddressForDMA
                0x0000000000006752                I2C_getTransmitBufferAddressForDMA
                0x000000000000676a                I2C_masterIsStopSent
                0x0000000000006790                I2C_masterIsStartSent
                0x00000000000067c0                I2C_masterSendStart
                0x00000000000067e6                I2C_enableMultiMasterMode
                0x000000000000681c                I2C_disableMultiMasterMode
                0x0000000000006852                I2C_enableInterrupt
                0x000000000000687a                I2C_disableInterrupt
                0x00000000000068a6                I2C_clearInterruptFlag
                0x00000000000068d2                I2C_getInterruptStatus
                0x00000000000068f6                I2C_getEnabledInterruptStatus
                0x0000000000006916                I2C_getMode
                0x0000000000006934                I2C_registerInterrupt
                0x00000000000069c8                I2C_unregisterInterrupt
                0x0000000000006a54                I2C_slaveSendNAK
 .text          0x0000000000006a7c      0x548 build/interrupt.o
                0x0000000000006a82                Interrupt_enableMaster
                0x0000000000006a9a                Interrupt_disableMaster
                0x0000000000006ab2                Interrupt_registerInterrupt
                0x0000000000006b18                Interrupt_unregisterInterrupt
                0x0000000000006b40                Interrupt_setPriorityGrouping
                0x0000000000006b90                Interrupt_getPriorityGrouping
                0x0000000000006bdc                Interrupt_setPriority
                0x0000000000006c44                Interrupt_getPriority
                0x0000000000006c78                Interrupt_enableInterrupt
                0x0000000000006d0c                Interrupt_disableInterrupt
                0x0000000000006da0                Interrupt_isEnabled
                0x0000000000006e40                Interrupt_pendInterrupt
                0x0000000000006ebc                Interrupt_unpendInterrupt
                0x0000000000006f24                Interrupt_setPriorityMask
                0x0000000000006f3e                Interrupt_getPriorityMask
                0x0000000000006f4e                Interrupt_setVectorTableAddress
                0x0000000000006f6c                Interrupt_getVectorTableAddress
                0x0000000000006f84                Interrupt_enableSleepOnIsrExit
                0x0000000000006fa4                Interrupt_disableSleepOnIsrExit
 .text          0x0000000000006fc4      0x16c build/mpu.o
                0x0000000000006fc4                MPU_enableModule
                0x0000000000006fe8                MPU_disableModule
                0x0000000000007008                MPU_getRegionCount
                0x0000000000007024                MPU_enableRegion
                0x0000000000007050                MPU_disableRegion
                0x000000000000707c                MPU_setRegion
                0x00000000000070b4                MPU_getRegion
                0x00000000000070ec                MPU_registerInterrupt
                0x0000000000007104                MPU_unregisterInterrupt
                0x0000000000007112                MPU_enableInterrupt
                0x0000000000007120                MPU_disableInterrupt
 .text          0x0000000000007130      0xb08 build/pcm.o
                0x0000000000007250                PCM_setCoreVoltageLevel
                0x000000000000726c                PCM_setCoreVoltageLevelWithTimeout
                0x000000000000728a                PCM_setCoreVoltageLevelNonBlocking
                0x00000000000072a6                PCM_getPowerMode
                0x0000000000007316                PCM_getCoreVoltageLevel
                0x0000000000007508                PCM_setPowerMode
                0x0000000000007524                PCM_setPowerModeNonBlocking
                0x0000000000007540                PCM_setPowerModeWithTimeout
                0x00000000000078ec                PCM_setPowerState
                0x0000000000007908                PCM_setPowerStateWithTimeout
                0x0000000000007926                PCM_setPowerStateNonBlocking
                0x0000000000007942                PCM_shutdownDevice
                0x00000000000079a8                PCM_gotoLPM4
                0x00000000000079be                PCM_gotoLPM4InterruptSafe
                0x00000000000079e2                PCM_gotoLPM0
                0x0000000000007a14                PCM_gotoLPM0InterruptSafe
                0x0000000000007a38                PCM_gotoLPM3
                0x0000000000007ad4                PCM_gotoLPM3InterruptSafe
                0x0000000000007af8                PCM_getPowerState
                0x0000000000007b18                PCM_enableRudeMode
                0x0000000000007b3c                PCM_disableRudeMode
                0x0000000000007b64                PCM_enableInterrupt
                0x0000000000007b88                PCM_disableInterrupt
                0x0000000000007bb0                PCM_getInterruptStatus
                0x0000000000007bc8                PCM_getEnabledInterruptStatus
                0x0000000000007be0                PCM_clearInterruptFlag
                0x0000000000007c04                PCM_registerInterrupt
                0x0000000000007c22                PCM_unregisterInterrupt
 .text          0x0000000000007c38       0x84 build/pmap.o
                0x0000000000007c38                PMAP_configurePorts
 .text          0x0000000000007cbc      0x28c build/pss.o
                0x0000000000007cf0                PSS_enableForcedDCDCOperation
                0x0000000000007d0c                PSS_disableForcedDCDCOperation
                0x0000000000007d28                PSS_enableHighSidePinToggle
                0x0000000000007d70                PSS_disableHighSidePinToggle
                0x0000000000007d8c                PSS_enableHighSide
                0x0000000000007da8                PSS_disableHighSide
                0x0000000000007dc4                PSS_setHighSidePerformanceMode
                0x0000000000007df4                PSS_getHighSidePerformanceMode
                0x0000000000007e18                PSS_enableHighSideMonitor
                0x0000000000007e34                PSS_disableHighSideMonitor
                0x0000000000007e50                PSS_setHighSideVoltageTrigger
                0x0000000000007e8c                PSS_getHighSideVoltageTrigger
                0x0000000000007ea8                PSS_enableInterrupt
                0x0000000000007ec4                PSS_disableInterrupt
                0x0000000000007ee0                PSS_getInterruptStatus
                0x0000000000007ef8                PSS_clearInterruptFlag
                0x0000000000007f14                PSS_registerInterrupt
                0x0000000000007f32                PSS_unregisterInterrupt
 .text          0x0000000000007f48      0x1c0 build/ref_a.o
                0x0000000000007f48                REF_A_setReferenceVoltage
                0x0000000000007f78                REF_A_disableTempSensor
                0x0000000000007f90                REF_A_enableTempSensor
                0x0000000000007fa8                REF_A_enableReferenceVoltageOutput
                0x0000000000007fc0                REF_A_disableReferenceVoltageOutput
                0x0000000000007fd8                REF_A_enableReferenceVoltage
                0x0000000000007ff0                REF_A_disableReferenceVoltage
                0x0000000000008008                REF_A_getBandgapMode
                0x0000000000008024                REF_A_isBandgapActive
                0x0000000000008048                REF_A_isRefGenBusy
                0x000000000000806c                REF_A_isRefGenActive
                0x0000000000008090                REF_A_getBufferedBandgapVoltageStatus
                0x00000000000080b4                REF_A_getVariableReferenceVoltageStatus
                0x00000000000080d8                REF_A_setReferenceVoltageOneTimeTrigger
                0x00000000000080f0                REF_A_setBufferedBandgapVoltageOneTimeTrigger
 .text          0x0000000000008108      0x180 build/reset.o
                0x0000000000008108                ResetCtl_initiateSoftReset
                0x000000000000812c                ResetCtl_initiateSoftResetWithSource
                0x0000000000008150                ResetCtl_getSoftResetSource
                0x0000000000008168                ResetCtl_clearSoftResetSource
                0x000000000000818c                ResetCtl_initiateHardReset
                0x00000000000081b0                ResetCtl_initiateHardResetWithSource
                0x00000000000081d4                ResetCtl_getHardResetSource
                0x00000000000081ec                ResetCtl_clearHardResetSource
                0x0000000000008210                ResetCtl_getPSSSource
                0x0000000000008228                ResetCtl_clearPSSFlags
                0x000000000000824c                ResetCtl_getPCMSource
                0x0000000000008264                ResetCtl_clearPCMFlags
 .text          0x0000000000008288      0x7d0 build/rtc_c.o
                0x0000000000008288                RTC_C_startClock
                0x00000000000082cc                RTC_C_holdClock
                0x0000000000008310                RTC_C_setCalibrationFrequency
                0x0000000000008368                RTC_C_setCalibrationData
                0x00000000000083b8                RTC_C_setTemperatureCompensation
                0x0000000000008408                RTC_C_initCalendar
                0x00000000000084bc                RTC_C_getCalendarTime
                0x000000000000854c                RTC_C_setCalendarAlarm
                0x00000000000085b0                RTC_C_setCalendarEvent
                0x0000000000008608                RTC_C_definePrescaleEvent
                0x0000000000008678                RTC_C_getPrescaleValue
                0x00000000000086b4                RTC_C_setPrescaleValue
                0x0000000000008734                RTC_C_convertBCDToBinary
                0x000000000000875c                RTC_C_convertBinaryToBCD
                0x0000000000008784                RTC_C_enableInterrupt
                0x0000000000008804                RTC_C_disableInterrupt
                0x0000000000008890                RTC_C_getInterruptStatus
                0x000000000000890c                RTC_C_getEnabledInterruptStatus
                0x00000000000089a8                RTC_C_clearInterruptFlag
                0x0000000000008a24                RTC_C_registerInterrupt
                0x0000000000008a42                RTC_C_unregisterInterrupt
 .text          0x0000000000008a58      0xd14 build/spi.o
                0x0000000000008aa4                SPI_initMaster
                0x0000000000008ba2                SPI_selectFourPinFunctionality
                0x0000000000008bda                SPI_changeMasterClock
                0x0000000000008c10                SPI_initSlave
                0x0000000000008cd0                SPI_changeClockPhasePolarity
                0x0000000000008d12                SPI_transmitData
                0x0000000000008d4a                SPI_receiveData
                0x0000000000008d78                SPI_enableModule
                0x0000000000008da2                SPI_disableModule
                0x0000000000008dcc                SPI_getReceiveBufferAddressForDMA
                0x0000000000008dfa                SPI_getTransmitBufferAddressForDMA
                0x0000000000008e28                SPI_isBusy
                0x0000000000008e56                SPI_enableInterrupt
                0x0000000000008e8e                SPI_disableInterrupt
                0x0000000000008ec6                SPI_getInterruptStatus
                0x0000000000008f04                SPI_getEnabledInterruptStatus
                0x0000000000008f46                SPI_clearInterruptFlag
                0x0000000000008f7e                SPI_registerInterrupt
                0x00000000000090a4                SPI_unregisterInterrupt
                0x00000000000091b8                EUSCI_B_SPI_select4PinFunctionality
                0x00000000000091ec                EUSCI_B_SPI_masterChangeClock
                0x0000000000009232                EUSCI_B_SPI_slaveInit
                0x000000000000929e                EUSCI_B_SPI_changeClockPhasePolarity
                0x00000000000092fc                EUSCI_B_SPI_transmitData
                0x000000000000931c                EUSCI_B_SPI_receiveData
                0x0000000000009338                EUSCI_B_SPI_enableInterrupt
                0x0000000000009360                EUSCI_B_SPI_disableInterrupt
                0x0000000000009392                EUSCI_B_SPI_getInterruptStatus
                0x00000000000093b8                EUSCI_B_SPI_clearInterruptFlag
                0x00000000000093ea                EUSCI_B_SPI_enable
                0x000000000000940e                EUSCI_B_SPI_disable
                0x0000000000009432                EUSCI_B_SPI_getReceiveBufferAddressForDMA
                0x000000000000944a                EUSCI_B_SPI_getTransmitBufferAddressForDMA
                0x0000000000009462                EUSCI_B_SPI_isBusy
                0x0000000000009492                EUSCI_A_SPI_select4PinFunctionality
                0x00000000000094c6                EUSCI_A_SPI_masterChangeClock
                0x000000000000950c                EUSCI_A_SPI_slaveInit
                0x0000000000009578                EUSCI_A_SPI_changeClockPhasePolarity
                0x00000000000095d6                EUSCI_A_SPI_transmitData
                0x00000000000095f6                EUSCI_A_SPI_receiveData
                0x0000000000009612                EUSCI_A_SPI_enableInterrupt
                0x000000000000963a                EUSCI_A_SPI_disableInterrupt
                0x000000000000966c                EUSCI_A_SPI_getInterruptStatus
                0x0000000000009692                EUSCI_A_SPI_clearInterruptFlag
                0x00000000000096c4                EUSCI_A_SPI_enable
                0x00000000000096e8                EUSCI_A_SPI_disable
                0x000000000000970c                EUSCI_A_SPI_getReceiveBufferAddressForDMA
                0x0000000000009724                EUSCI_A_SPI_getTransmitBufferAddressForDMA
                0x000000000000973c                EUSCI_A_SPI_isBusy
 .text          0x000000000000976c      0x40c build/sysctl.o
                0x000000000000976c                SysCtl_getTLVInfo
                0x0000000000009800                SysCtl_getSRAMSize
                0x0000000000009818                SysCtl_getFlashSize
                0x0000000000009830                SysCtl_disableNMISource
                0x0000000000009858                SysCtl_enableNMISource
                0x000000000000987c                SysCtl_getNMISourceStatus
                0x0000000000009898                SysCtl_enableSRAMBank
                0x00000000000098c8                SysCtl_disableSRAMBank
                0x00000000000099d0                SysCtl_enableSRAMBankRetention
                0x0000000000009a04                SysCtl_disableSRAMBankRetention
                0x0000000000009a38                SysCtl_rebootDevice
                0x0000000000009a54                SysCtl_enablePeripheralAtCPUHalt
                0x0000000000009a7c                SysCtl_disablePeripheralAtCPUHalt
                0x0000000000009aa0                SysCtl_setWDTTimeoutResetType
                0x0000000000009ad8                SysCtl_setWDTPasswordViolationResetType
                0x0000000000009b10                SysCtl_enableGlitchFilter
                0x0000000000009b30                SysCtl_disableGlitchFilter
                0x0000000000009b50                SysCtl_getTempCalibrationConstant
 .text          0x0000000000009b78       0xf4 build/systick.o
                0x0000000000009b78                SysTick_enableModule
                0x0000000000009b98                SysTick_disableModule
                0x0000000000009bb8                SysTick_registerInterrupt
                0x0000000000009bd0                SysTick_unregisterInterrupt
                0x0000000000009bde                SysTick_enableInterrupt
                0x0000000000009bfc                SysTick_disableInterrupt
                0x0000000000009c1c                SysTick_setPeriod
                0x0000000000009c3c                SysTick_getPeriod
                0x0000000000009c54                SysTick_getValue
 .text          0x0000000000009c6c      0x262 build/timer32.o
                0x0000000000009c6c                Timer32_initModule
                0x0000000000009d02                Timer32_setCount
                0x0000000000009d4a                Timer32_setCountInBackground
                0x0000000000009d92                Timer32_getValue
                0x0000000000009daa                Timer32_startTimer
                0x0000000000009dfa                Timer32_haltTimer
                0x0000000000009e1a                Timer32_enableInterrupt
                0x0000000000009e3a                Timer32_disableInterrupt
                0x0000000000009e5a                Timer32_clearInterruptFlag
                0x0000000000009e7a                Timer32_getInterruptStatus
                0x0000000000009e92                Timer32_registerInterrupt
                0x0000000000009eb2                Timer32_unregisterInterrupt
 *fill*         0x0000000000009ece        0x2 
 .text          0x0000000000009ed0      0xaa8 build/timer_a.o
                0x000000000000a080                Timer_A_startCounter
                0x000000000000a0a8                Timer_A_configureContinuousMode
                0x000000000000a0fa                Timer_A_configureUpMode
                0x000000000000a192                Timer_A_configureUpDownMode
                0x000000000000a22a                Timer_A_initCapture
                0x000000000000a2a4                Timer_A_initCompare
                0x000000000000a30c                Timer_A_getCounterValue
                0x000000000000a366                Timer_A_clearTimer
                0x000000000000a38c                Timer_A_getSynchronizedCaptureCompareInput
                0x000000000000a3ca                Timer_A_getOutputForOutputModeOutBitValue
                0x000000000000a40e                Timer_A_getCaptureCompareCount
                0x000000000000a43c                Timer_A_setOutputForOutputModeOutBitValue
                0x000000000000a484                Timer_A_generatePWM
                0x000000000000a52c                Timer_A_stopTimer
                0x000000000000a550                Timer_A_setCompareValue
                0x000000000000a584                Timer_A_clearInterruptFlag
                0x000000000000a5a8                Timer_A_clearCaptureCompareInterrupt
                0x000000000000a5e0                Timer_A_enableInterrupt
                0x000000000000a606                Timer_A_disableInterrupt
                0x000000000000a62c                Timer_A_getInterruptStatus
                0x000000000000a64a                Timer_A_enableCaptureCompareInterrupt
                0x000000000000a684                Timer_A_disableCaptureCompareInterrupt
                0x000000000000a6be                Timer_A_getCaptureCompareInterruptStatus
                0x000000000000a6f2                Timer_A_getEnabledInterruptStatus
                0x000000000000a71c                Timer_A_getCaptureCompareEnabledInterruptStatus
                0x000000000000a766                Timer_A_registerInterrupt
                0x000000000000a878                Timer_A_unregisterInterrupt
 .text          0x000000000000a978      0x67c build/uart.o
                0x000000000000a978                UART_initModule
                0x000000000000ab0c                UART_transmitData
                0x000000000000ab5c                UART_receiveData
                0x000000000000aba6                UART_enableModule
                0x000000000000abca                UART_disableModule
                0x000000000000abee                UART_queryStatusFlags
                0x000000000000ac10                UART_setDormant
                0x000000000000ac36                UART_resetDormant
                0x000000000000ac5c                UART_transmitAddress
                0x000000000000ac8c                UART_transmitBreak
                0x000000000000ad02                UART_getReceiveBufferAddressForDMA
                0x000000000000ad1a                UART_getTransmitBufferAddressForDMA
                0x000000000000ad32                UART_selectDeglitchTime
                0x000000000000ad60                UART_enableInterrupt
                0x000000000000adaa                UART_disableInterrupt
                0x000000000000adfc                UART_getInterruptStatus
                0x000000000000ae20                UART_getEnabledInterruptStatus
                0x000000000000aea6                UART_clearInterruptFlag
                0x000000000000aed2                UART_registerInterrupt
                0x000000000000af68                UART_unregisterInterrupt
 .text          0x000000000000aff4      0x164 build/wdt_a.o
                0x000000000000aff4                WDT_A_holdTimer
                0x000000000000b028                WDT_A_startTimer
                0x000000000000b05c                WDT_A_clearTimer
                0x000000000000b090                WDT_A_initWatchdogTimer
                0x000000000000b0c4                WDT_A_initIntervalTimer
                0x000000000000b0f8                WDT_A_setPasswordViolationReset
                0x000000000000b10e                WDT_A_setTimeoutReset
                0x000000000000b124                WDT_A_registerInterrupt
                0x000000000000b142                WDT_A_unregisterInterrupt
 .text          0x000000000000b158       0x4c build/startup_msp432p401r_gcc.o
                0x000000000000b158                Reset_Handler
                0x000000000000b19c                CS_IRQHandler
                0x000000000000b19c                DebugMon_Handler
                0x000000000000b19c                AES256_IRQHandler
                0x000000000000b19c                HardFault_Handler
                0x000000000000b19c                PendSV_Handler
                0x000000000000b19c                NMI_Handler
                0x000000000000b19c                RTC_C_IRQHandler
                0x000000000000b19c                PORT1_IRQHandler
                0x000000000000b19c                FPU_IRQHandler
                0x000000000000b19c                PORT2_IRQHandler
                0x000000000000b19c                TA3_0_IRQHandler
                0x000000000000b19c                UsageFault_Handler
                0x000000000000b19c                DMA_INT3_IRQHandler
                0x000000000000b19c                TA2_0_IRQHandler
                0x000000000000b19c                DMA_INT1_IRQHandler
                0x000000000000b19c                WDT_A_IRQHandler
                0x000000000000b19c                TA2_N_IRQHandler
                0x000000000000b19c                TA1_0_IRQHandler
                0x000000000000b19c                PSS_IRQHandler
                0x000000000000b19c                DMA_INT2_IRQHandler
                0x000000000000b19c                EUSCIA3_IRQHandler
                0x000000000000b19c                DMA_INT0_IRQHandler
                0x000000000000b19c                PORT4_IRQHandler
                0x000000000000b19c                PORT5_IRQHandler
                0x000000000000b19c                EUSCIB0_IRQHandler
                0x000000000000b19c                Default_Handler
                0x000000000000b19c                T32_INTC_IRQHandler
                0x000000000000b19c                TA3_N_IRQHandler
                0x000000000000b19c                TA0_0_IRQHandler
                0x000000000000b19c                EUSCIA2_IRQHandler
                0x000000000000b19c                PORT6_IRQHandler
                0x000000000000b19c                PORT3_IRQHandler
                0x000000000000b19c                MemManage_Handler
                0x000000000000b19c                SVC_Handler
                0x000000000000b19c                TA1_N_IRQHandler
                0x000000000000b19c                EUSCIA1_IRQHandler
                0x000000000000b19c                COMP_E1_IRQHandler
                0x000000000000b19c                EUSCIB2_IRQHandler
                0x000000000000b19c                FLCTL_IRQHandler
                0x000000000000b19c                EUSCIB3_IRQHandler
                0x000000000000b19c                T32_INT1_IRQHandler
                0x000000000000b19c                DMA_ERR_IRQHandler
                0x000000000000b19c                ADC14_IRQHandler
                0x000000000000b19c                EUSCIA0_IRQHandler
                0x000000000000b19c                BusFault_Handler
                0x000000000000b19c                PCM_IRQHandler
                0x000000000000b19c                TA0_N_IRQHandler
                0x000000000000b19c                COMP_E0_IRQHandler
                0x000000000000b19c                EUSCIB1_IRQHandler
                0x000000000000b19c                T32_INT2_IRQHandler
 .text          0x000000000000b1a4      0x394 build/system_msp432p401r.o
                0x000000000000b1a4                SystemCoreClockUpdate
                0x000000000000b4b8                SystemInit
 .text          0x000000000000b538      0x214 build/syscalls.o
                0x000000000000b538                initialise_monitor_handles
                0x000000000000b546                _getpid
                0x000000000000b556                _kill
                0x000000000000b576                _exit
                0x000000000000b58a                _read
                0x000000000000b5c4                _write
                0x000000000000b5fc                _close
                0x000000000000b614                _fstat
                0x000000000000b634                _isatty
                0x000000000000b64a                _lseek
                0x000000000000b664                _open
                0x000000000000b680                _wait
                0x000000000000b69e                _unlink
                0x000000000000b6bc                _times
                0x000000000000b6d4                _stat
                0x000000000000b6f4                _link
                0x000000000000b714                _fork
                0x000000000000b72a                _execve
 .text          0x000000000000b74c      0x510 build/iic_bus.o
                0x000000000000b74c                IIC_Init
                0x000000000000b794                IIC_Adapter_Init
                0x000000000000b812                IIC_Adapter_Start
                0x000000000000b8a0                IIC_Adapter_Stop
                0x000000000000b940                IIC_Adapter_SendByte
                0x000000000000ba80                IIC_Adapter_ReceiveByte
 .text          0x000000000000bc5c        0x0 build/mpu6050.o
 .text          0x000000000000bc5c       0x10 build/main.o
                0x000000000000bc5c                main
 .text          0x000000000000bc6c      0x4c4 build/user_uart.o
                0x000000000000bc6c                User_Uart_T::m_send_Nchar(unsigned char*, unsigned long)
                0x000000000000bccc                User_Uart_T::User_Uart_T(EUSCI_A_Type*, unsigned long)
                0x000000000000bccc                User_Uart_T::User_Uart_T(EUSCI_A_Type*, unsigned long)
                0x000000000000bcf2                User_Uart_T::~User_Uart_T()
                0x000000000000bcf2                User_Uart_T::~User_Uart_T()
                0x000000000000bd08                User_Uart_T::init(EUSCI_A_Type*, unsigned long)
                0x000000000000be62                User_Uart_T::send_string(char const*)
                0x000000000000beb6                User_Uart_T::send_string(unsigned char*)
                0x000000000000bf0a                User_Uart_T::receive_string(unsigned char*)
                0x000000000000bf76                User_Uart_T::printf(char const*, ...)
 .text          0x000000000000c130      0x1f4 build/user_tick.o
                0x000000000000c130                User_Systick_T::User_Systick_T()
                0x000000000000c130                User_Systick_T::User_Systick_T()
                0x000000000000c150                User_Systick_T::~User_Systick_T()
                0x000000000000c150                User_Systick_T::~User_Systick_T()
                0x000000000000c166                User_Systick_T::init()
                0x000000000000c18a                User_Systick_T::start()
                0x000000000000c208                User_Systick_T::stop()
                0x000000000000c22c                User_Systick_T::set_period(unsigned long)
                0x000000000000c24e                User_Systick_T::set_interrupt(unsigned long, bool)
                0x000000000000c278                User_Systick_T::handler()
                0x000000000000c2ae                SysTick_Handler
                0x000000000000c2c0                User_Systick_T::timing(unsigned long)
 .text          0x000000000000c324      0x334 build/user_nvic.o
                0x000000000000c444                User_Nvic_T::grouping(unsigned long)
                0x000000000000c480                User_Nvic_T::set_up_IRQn(IRQn, unsigned short, bool)
                0x000000000000c5e0                User_Nvic_T::show_enable_irqs()
 .text          0x000000000000c658      0x244 build/user_timer32.o
                0x000000000000c658                User_Timer32_T::User_Timer32_T()
                0x000000000000c658                User_Timer32_T::User_Timer32_T()
                0x000000000000c66e                User_Timer32_T::~User_Timer32_T()
                0x000000000000c66e                User_Timer32_T::~User_Timer32_T()
                0x000000000000c684                User_Timer32_T::init(Timer32_Type*, unsigned char)
                0x000000000000c71e                clock::clock()
                0x000000000000c71e                clock::clock()
                0x000000000000c738                clock::clock(unsigned char)
                0x000000000000c738                clock::clock(unsigned char)
                0x000000000000c7a4                clock::~clock()
                0x000000000000c7a4                clock::~clock()
                0x000000000000c7be                clock::clock_init()
                0x000000000000c820                clock::operator=(unsigned long)
                0x000000000000c852                clock::operator>>(float&)
 .text          0x000000000000c89c        0x0 /usr/local/arm/GNU_Tools_for_ARM/bin/../lib/gcc/arm-none-eabi/11.3.1/../../../../arm-none-eabi/lib/thumb/v7e-m+fp/hard/libstdc++.a(atexit_arm.o)
 .text          0x000000000000c89c        0x0 /usr/local/arm/GNU_Tools_for_ARM/bin/../lib/gcc/arm-none-eabi/11.3.1/../../../../arm-none-eabi/lib/thumb/v7e-m+fp/hard/libstdc++.a(eh_arm.o)
 .text          0x000000000000c89c        0x0 /usr/local/arm/GNU_Tools_for_ARM/bin/../lib/gcc/arm-none-eabi/11.3.1/../../../../arm-none-eabi/lib/thumb/v7e-m+fp/hard/libstdc++.a(eh_exception.o)
 .text          0x000000000000c89c        0x0 /usr/local/arm/GNU_Tools_for_ARM/bin/../lib/gcc/arm-none-eabi/11.3.1/../../../../arm-none-eabi/lib/thumb/v7e-m+fp/hard/libstdc++.a(eh_globals.o)
 .text          0x000000000000c89c        0x0 /usr/local/arm/GNU_Tools_for_ARM/bin/../lib/gcc/arm-none-eabi/11.3.1/../../../../arm-none-eabi/lib/thumb/v7e-m+fp/hard/libstdc++.a(eh_personality.o)
 .text          0x000000000000c89c        0x0 /usr/local/arm/GNU_Tools_for_ARM/bin/../lib/gcc/arm-none-eabi/11.3.1/../../../../arm-none-eabi/lib/thumb/v7e-m+fp/hard/libstdc++.a(eh_terminate.o)
 .text          0x000000000000c89c        0x0 /usr/local/arm/GNU_Tools_for_ARM/bin/../lib/gcc/arm-none-eabi/11.3.1/../../../../arm-none-eabi/lib/thumb/v7e-m+fp/hard/libstdc++.a(eh_unex_handler.o)
 .text          0x000000000000c89c        0x0 /usr/local/arm/GNU_Tools_for_ARM/bin/../lib/gcc/arm-none-eabi/11.3.1/../../../../arm-none-eabi/lib/thumb/v7e-m+fp/hard/libstdc++.a(si_class_type_info.o)
 .text          0x000000000000c89c        0x0 /usr/local/arm/GNU_Tools_for_ARM/bin/../lib/gcc/arm-none-eabi/11.3.1/../../../../arm-none-eabi/lib/thumb/v7e-m+fp/hard/libstdc++.a(tinfo.o)
 .text          0x000000000000c89c        0x0 /usr/local/arm/GNU_Tools_for_ARM/bin/../lib/gcc/arm-none-eabi/11.3.1/../../../../arm-none-eabi/lib/thumb/v7e-m+fp/hard/libstdc++.a(vterminate.o)
 .text          0x000000000000c89c        0x0 /usr/local/arm/GNU_Tools_for_ARM/bin/../lib/gcc/arm-none-eabi/11.3.1/../../../../arm-none-eabi/lib/thumb/v7e-m+fp/hard/libstdc++.a(class_type_info.o)
 .text          0x000000000000c89c        0x0 /usr/local/arm/GNU_Tools_for_ARM/bin/../lib/gcc/arm-none-eabi/11.3.1/../../../../arm-none-eabi/lib/thumb/v7e-m+fp/hard/libstdc++.a(cp-demangle.o)
 .text          0x000000000000c89c        0x0 /usr/local/arm/GNU_Tools_for_ARM/bin/../lib/gcc/arm-none-eabi/11.3.1/../../../../arm-none-eabi/lib/thumb/v7e-m+fp/hard/libstdc++.a(del_ops.o)
 .text          0x000000000000c89c        0x0 /usr/local/arm/GNU_Tools_for_ARM/bin/../lib/gcc/arm-none-eabi/11.3.1/../../../../arm-none-eabi/lib/thumb/v7e-m+fp/hard/libstdc++.a(eh_call.o)
 .text          0x000000000000c89c        0x0 /usr/local/arm/GNU_Tools_for_ARM/bin/../lib/gcc/arm-none-eabi/11.3.1/../../../../arm-none-eabi/lib/thumb/v7e-m+fp/hard/libstdc++.a(eh_catch.o)
 .text          0x000000000000c89c        0x0 /usr/local/arm/GNU_Tools_for_ARM/bin/../lib/gcc/arm-none-eabi/11.3.1/../../../../arm-none-eabi/lib/thumb/v7e-m+fp/hard/libstdc++.a(eh_term_handler.o)
 .text          0x000000000000c89c        0x0 /usr/local/arm/GNU_Tools_for_ARM/bin/../lib/gcc/arm-none-eabi/11.3.1/../../../../arm-none-eabi/lib/thumb/v7e-m+fp/hard/libstdc++.a(eh_throw.o)
 .text          0x000000000000c89c        0x0 /usr/local/arm/GNU_Tools_for_ARM/bin/../lib/gcc/arm-none-eabi/11.3.1/../../../../arm-none-eabi/lib/thumb/v7e-m+fp/hard/libstdc++.a(eh_type.o)
 .text          0x000000000000c89c        0x0 /usr/local/arm/GNU_Tools_for_ARM/bin/../lib/gcc/arm-none-eabi/11.3.1/../../../../arm-none-eabi/lib/thumb/v7e-m+fp/hard/libstdc++.a(del_op.o)
 .text          0x000000000000c89c        0x0 /usr/local/arm/GNU_Tools_for_ARM/bin/../lib/gcc/arm-none-eabi/11.3.1/../../../../arm-none-eabi/lib/thumb/v7e-m+fp/hard/libstdc++.a(eh_alloc.o)
 .text          0x000000000000c89c        0x0 /usr/local/arm/GNU_Tools_for_ARM/bin/../lib/gcc/arm-none-eabi/11.3.1/../../../../arm-none-eabi/lib/thumb/v7e-m+fp/hard/libc.a(libc_a-exit.o)
 .text          0x000000000000c89c        0x0 /usr/local/arm/GNU_Tools_for_ARM/bin/../lib/gcc/arm-none-eabi/11.3.1/../../../../arm-none-eabi/lib/thumb/v7e-m+fp/hard/libc.a(libc_a-strncmp.o)
 .text          0x000000000000c89c        0x0 /usr/local/arm/GNU_Tools_for_ARM/bin/../lib/gcc/arm-none-eabi/11.3.1/../../../../arm-none-eabi/lib/thumb/v7e-m+fp/hard/libc.a(libc_a-fputc.o)
 .text          0x000000000000c89c        0x0 /usr/local/arm/GNU_Tools_for_ARM/bin/../lib/gcc/arm-none-eabi/11.3.1/../../../../arm-none-eabi/lib/thumb/v7e-m+fp/hard/libc.a(libc_a-fputs.o)
 .text          0x000000000000c89c        0x0 /usr/local/arm/GNU_Tools_for_ARM/bin/../lib/gcc/arm-none-eabi/11.3.1/../../../../arm-none-eabi/lib/thumb/v7e-m+fp/hard/libc.a(libc_a-sprintf.o)
 .text          0x000000000000c89c        0x0 /usr/local/arm/GNU_Tools_for_ARM/bin/../lib/gcc/arm-none-eabi/11.3.1/../../../../arm-none-eabi/lib/thumb/v7e-m+fp/hard/libc.a(libc_a-fvwrite.o)
 .text          0x000000000000c89c        0x0 /usr/local/arm/GNU_Tools_for_ARM/bin/../lib/gcc/arm-none-eabi/11.3.1/../../../../arm-none-eabi/lib/thumb/v7e-m+fp/hard/libc.a(libc_a-fwrite.o)
 .text          0x000000000000c89c        0x0 /usr/local/arm/GNU_Tools_for_ARM/bin/../lib/gcc/arm-none-eabi/11.3.1/../../../../arm-none-eabi/lib/thumb/v7e-m+fp/hard/libc.a(libc_a-errno.o)
 .text          0x000000000000c89c        0x0 /usr/local/arm/GNU_Tools_for_ARM/bin/../lib/gcc/arm-none-eabi/11.3.1/../../../../arm-none-eabi/lib/thumb/v7e-m+fp/hard/libc.a(libc_a-svfprintf.o)
 .text          0x000000000000c89c        0x0 /usr/local/arm/GNU_Tools_for_ARM/bin/../lib/gcc/arm-none-eabi/11.3.1/../../../../arm-none-eabi/lib/thumb/v7e-m+fp/hard/libc.a(libc_a-malloc.o)
 .text          0x000000000000c89c        0x0 /usr/local/arm/GNU_Tools_for_ARM/bin/../lib/gcc/arm-none-eabi/11.3.1/../../../../arm-none-eabi/lib/thumb/v7e-m+fp/hard/libc.a(libc_a-mallocr.o)
 .text          0x000000000000c89c        0x0 /usr/local/arm/GNU_Tools_for_ARM/bin/../lib/gcc/arm-none-eabi/11.3.1/../../../../arm-none-eabi/lib/thumb/v7e-m+fp/hard/libc.a(libc_a-__call_atexit.o)
 .text          0x000000000000c89c        0x0 /usr/local/arm/GNU_Tools_for_ARM/bin/../lib/gcc/arm-none-eabi/11.3.1/../../../../arm-none-eabi/lib/thumb/v7e-m+fp/hard/libc.a(libc_a-abort.o)
 .text          0x000000000000c89c        0x0 /usr/local/arm/GNU_Tools_for_ARM/bin/../lib/gcc/arm-none-eabi/11.3.1/../../../../arm-none-eabi/lib/thumb/v7e-m+fp/hard/libc.a(libc_a-memcmp.o)
 .text          0x000000000000c89c        0x0 /usr/local/arm/GNU_Tools_for_ARM/bin/../lib/gcc/arm-none-eabi/11.3.1/../../../../arm-none-eabi/lib/thumb/v7e-m+fp/hard/libc.a(libc_a-memmove.o)
 .text          0x000000000000c89c        0x0 /usr/local/arm/GNU_Tools_for_ARM/bin/../lib/gcc/arm-none-eabi/11.3.1/../../../../arm-none-eabi/lib/thumb/v7e-m+fp/hard/libc.a(libc_a-memset.o)
 .text          0x000000000000c89c        0x0 /usr/local/arm/GNU_Tools_for_ARM/bin/../lib/gcc/arm-none-eabi/11.3.1/../../../../arm-none-eabi/lib/thumb/v7e-m+fp/hard/libc.a(libc_a-cxa_atexit.o)
 .text          0x000000000000c89c        0x0 /usr/local/arm/GNU_Tools_for_ARM/bin/../lib/gcc/arm-none-eabi/11.3.1/../../../../arm-none-eabi/lib/thumb/v7e-m+fp/hard/libc.a(libc_a-wcrtomb.o)
 .text          0x000000000000c89c        0x0 /usr/local/arm/GNU_Tools_for_ARM/bin/../lib/gcc/arm-none-eabi/11.3.1/../../../../arm-none-eabi/lib/thumb/v7e-m+fp/hard/libc.a(libc_a-init.o)
 .text          0x000000000000c89c        0x0 /usr/local/arm/GNU_Tools_for_ARM/bin/../lib/gcc/arm-none-eabi/11.3.1/../../../../arm-none-eabi/lib/thumb/v7e-m+fp/hard/libc.a(libc_a-fini.o)
 .text          0x000000000000c89c        0x0 /usr/local/arm/GNU_Tools_for_ARM/bin/../lib/gcc/arm-none-eabi/11.3.1/../../../../arm-none-eabi/lib/thumb/v7e-m+fp/hard/libc.a(libc_a-lock.o)
 .text          0x000000000000c89c        0x0 /usr/local/arm/GNU_Tools_for_ARM/bin/../lib/gcc/arm-none-eabi/11.3.1/../../../../arm-none-eabi/lib/thumb/v7e-m+fp/hard/libc.a(libc_a-locale.o)
 .text          0x000000000000c89c        0x0 /usr/local/arm/GNU_Tools_for_ARM/bin/../lib/gcc/arm-none-eabi/11.3.1/../../../../arm-none-eabi/lib/thumb/v7e-m+fp/hard/libc.a(libc_a-localeconv.o)
 *fill*         0x000000000000c89c        0x4 
 .text          0x000000000000c8a0      0x2dc /usr/local/arm/GNU_Tools_for_ARM/bin/../lib/gcc/arm-none-eabi/11.3.1/../../../../arm-none-eabi/lib/thumb/v7e-m+fp/hard/libc.a(libc_a-strcmp.o)
                0x000000000000c8a8                strcmp
 .text          0x000000000000cb7c        0x0 /usr/local/arm/GNU_Tools_for_ARM/bin/../lib/gcc/arm-none-eabi/11.3.1/../../../../arm-none-eabi/lib/thumb/v7e-m+fp/hard/libc.a(libc_a-wsetup.o)
 .text          0x000000000000cb7c        0x0 /usr/local/arm/GNU_Tools_for_ARM/bin/../lib/gcc/arm-none-eabi/11.3.1/../../../../arm-none-eabi/lib/thumb/v7e-m+fp/hard/libc.a(libc_a-makebuf.o)
 .text          0x000000000000cb7c        0x0 /usr/local/arm/GNU_Tools_for_ARM/bin/../lib/gcc/arm-none-eabi/11.3.1/../../../../arm-none-eabi/lib/thumb/v7e-m+fp/hard/libc.a(libc_a-strcpy.o)
 .text          0x000000000000cb7c        0x0 /usr/local/arm/GNU_Tools_for_ARM/bin/../lib/gcc/arm-none-eabi/11.3.1/../../../../arm-none-eabi/lib/thumb/v7e-m+fp/hard/libc.a(libc_a-putc.o)
 .text          0x000000000000cb7c        0x0 /usr/local/arm/GNU_Tools_for_ARM/bin/../lib/gcc/arm-none-eabi/11.3.1/../../../../arm-none-eabi/lib/thumb/v7e-m+fp/hard/libc.a(libc_a-mlock.o)
 .text          0x000000000000cb7c        0x0 /usr/local/arm/GNU_Tools_for_ARM/bin/../lib/gcc/arm-none-eabi/11.3.1/../../../../arm-none-eabi/lib/thumb/v7e-m+fp/hard/libc.a(libc_a-atexit.o)
 .text          0x000000000000cb7c        0x0 /usr/local/arm/GNU_Tools_for_ARM/bin/../lib/gcc/arm-none-eabi/11.3.1/../../../../arm-none-eabi/lib/thumb/v7e-m+fp/hard/libc.a(libc_a-strchr.o)
 .text          0x000000000000cb7c        0x0 /usr/local/arm/GNU_Tools_for_ARM/bin/../lib/gcc/arm-none-eabi/11.3.1/../../../../arm-none-eabi/lib/thumb/v7e-m+fp/hard/libc.a(libc_a-realloc.o)
 .text          0x000000000000cb7c        0x0 /usr/local/arm/GNU_Tools_for_ARM/bin/../lib/gcc/arm-none-eabi/11.3.1/../../../../arm-none-eabi/lib/thumb/v7e-m+fp/hard/libc.a(libc_a-wcsrtombs.o)
 .text          0x000000000000cb7c        0x0 /usr/local/arm/GNU_Tools_for_ARM/bin/../lib/gcc/arm-none-eabi/11.3.1/../../../../arm-none-eabi/lib/thumb/v7e-m+fp/hard/libc.a(libc_a-dtoa.o)
 .text          0x000000000000cb7c        0x0 /usr/local/arm/GNU_Tools_for_ARM/bin/../lib/gcc/arm-none-eabi/11.3.1/../../../../arm-none-eabi/lib/thumb/v7e-m+fp/hard/libc.a(libc_a-ctype_.o)
 .text          0x000000000000cb7c        0x0 /usr/local/arm/GNU_Tools_for_ARM/bin/../lib/gcc/arm-none-eabi/11.3.1/../../../../arm-none-eabi/lib/thumb/v7e-m+fp/hard/libc.a(libc_a-fflush.o)
 .text          0x000000000000cb7c        0x0 /usr/local/arm/GNU_Tools_for_ARM/bin/../lib/gcc/arm-none-eabi/11.3.1/../../../../arm-none-eabi/lib/thumb/v7e-m+fp/hard/libc.a(libc_a-impure.o)
 .text          0x000000000000cb7c        0x0 /usr/local/arm/GNU_Tools_for_ARM/bin/../lib/gcc/arm-none-eabi/11.3.1/../../../../arm-none-eabi/lib/thumb/v7e-m+fp/hard/libc.a(libc_a-findfp.o)
 *fill*         0x000000000000cb7c        0x4 
 .text          0x000000000000cb80       0xa0 /usr/local/arm/GNU_Tools_for_ARM/bin/../lib/gcc/arm-none-eabi/11.3.1/../../../../arm-none-eabi/lib/thumb/v7e-m+fp/hard/libc.a(libc_a-memchr.o)
                0x000000000000cb80                memchr
 .text          0x000000000000cc20      0x134 /usr/local/arm/GNU_Tools_for_ARM/bin/../lib/gcc/arm-none-eabi/11.3.1/../../../../arm-none-eabi/lib/thumb/v7e-m+fp/hard/libc.a(libc_a-memcpy.o)
                0x000000000000cc20                memcpy
 *fill*         0x000000000000cd54       0x2c 
 .text          0x000000000000cd80       0xdc /usr/local/arm/GNU_Tools_for_ARM/bin/../lib/gcc/arm-none-eabi/11.3.1/../../../../arm-none-eabi/lib/thumb/v7e-m+fp/hard/libc.a(libc_a-strlen.o)
                0x000000000000cd80                strlen
 .text          0x000000000000ce5c        0x0 /usr/local/arm/GNU_Tools_for_ARM/bin/../lib/gcc/arm-none-eabi/11.3.1/../../../../arm-none-eabi/lib/thumb/v7e-m+fp/hard/libc.a(libm_a-s_frexp.o)
 .text          0x000000000000ce5c        0x0 /usr/local/arm/GNU_Tools_for_ARM/bin/../lib/gcc/arm-none-eabi/11.3.1/../../../../arm-none-eabi/lib/thumb/v7e-m+fp/hard/libc.a(libc_a-reallocr.o)
 .text          0x000000000000ce5c        0x0 /usr/local/arm/GNU_Tools_for_ARM/bin/../lib/gcc/arm-none-eabi/11.3.1/../../../../arm-none-eabi/lib/thumb/v7e-m+fp/hard/libc.a(libc_a-strlcpy.o)
 .text          0x000000000000ce5c        0x0 /usr/local/arm/GNU_Tools_for_ARM/bin/../lib/gcc/arm-none-eabi/11.3.1/../../../../arm-none-eabi/lib/thumb/v7e-m+fp/hard/libc.a(libc_a-freer.o)
 .text          0x000000000000ce5c        0x0 /usr/local/arm/GNU_Tools_for_ARM/bin/../lib/gcc/arm-none-eabi/11.3.1/../../../../arm-none-eabi/lib/thumb/v7e-m+fp/hard/libc.a(libc_a-strtol.o)
 .text          0x000000000000ce5c        0x0 /usr/local/arm/GNU_Tools_for_ARM/bin/../lib/gcc/arm-none-eabi/11.3.1/../../../../arm-none-eabi/lib/thumb/v7e-m+fp/hard/libc.a(libc_a-strncasecmp.o)
 .text          0x000000000000ce5c        0x0 /usr/local/arm/GNU_Tools_for_ARM/bin/../lib/gcc/arm-none-eabi/11.3.1/../../../../arm-none-eabi/lib/thumb/v7e-m+fp/hard/libc.a(libc_a-getenv_r.o)
 .text          0x000000000000ce5c        0x0 /usr/local/arm/GNU_Tools_for_ARM/bin/../lib/gcc/arm-none-eabi/11.3.1/../../../../arm-none-eabi/lib/thumb/v7e-m+fp/hard/libc.a(libc_a-strncpy.o)
 .text          0x000000000000ce5c        0x0 /usr/local/arm/GNU_Tools_for_ARM/bin/../lib/gcc/arm-none-eabi/11.3.1/../../../../arm-none-eabi/lib/thumb/v7e-m+fp/hard/libc.a(libc_a-fstatr.o)
 .text          0x000000000000ce5c        0x0 /usr/local/arm/GNU_Tools_for_ARM/bin/../lib/gcc/arm-none-eabi/11.3.1/../../../../arm-none-eabi/lib/thumb/v7e-m+fp/hard/libc.a(libc_a-signal.o)
 .text          0x000000000000ce5c        0x0 /usr/local/arm/GNU_Tools_for_ARM/bin/../lib/gcc/arm-none-eabi/11.3.1/../../../../arm-none-eabi/lib/thumb/v7e-m+fp/hard/libc.a(libc_a-isattyr.o)
 .text          0x000000000000ce5c        0x0 /usr/local/arm/GNU_Tools_for_ARM/bin/../lib/gcc/arm-none-eabi/11.3.1/../../../../arm-none-eabi/lib/thumb/v7e-m+fp/hard/libc.a(libc_a-stdio.o)
 .text          0x000000000000ce5c        0x0 /usr/local/arm/GNU_Tools_for_ARM/bin/../lib/gcc/arm-none-eabi/11.3.1/../../../../arm-none-eabi/lib/thumb/v7e-m+fp/hard/libc.a(libc_a-wctomb_r.o)
 .text          0x000000000000ce5c        0x0 /usr/local/arm/GNU_Tools_for_ARM/bin/../lib/gcc/arm-none-eabi/11.3.1/../../../../arm-none-eabi/lib/thumb/v7e-m+fp/hard/libc.a(libc_a-signalr.o)
 .text          0x000000000000ce5c        0x0 /usr/local/arm/GNU_Tools_for_ARM/bin/../lib/gcc/arm-none-eabi/11.3.1/../../../../arm-none-eabi/lib/thumb/v7e-m+fp/hard/libc.a(libc_a-sbrkr.o)
 .text          0x000000000000ce5c        0x0 /usr/local/arm/GNU_Tools_for_ARM/bin/../lib/gcc/arm-none-eabi/11.3.1/../../../../arm-none-eabi/lib/thumb/v7e-m+fp/hard/libc.a(libc_a-fwalk.o)
 .text          0x000000000000ce5c        0x0 /usr/local/arm/GNU_Tools_for_ARM/bin/../lib/gcc/arm-none-eabi/11.3.1/../../../../arm-none-eabi/lib/thumb/v7e-m+fp/hard/libc.a(libc_a-writer.o)
 .text          0x000000000000ce5c        0x0 /usr/local/arm/GNU_Tools_for_ARM/bin/../lib/gcc/arm-none-eabi/11.3.1/../../../../arm-none-eabi/lib/thumb/v7e-m+fp/hard/libc.a(libc_a-svfiprintf.o)
 .text          0x000000000000ce5c        0x0 /usr/local/arm/GNU_Tools_for_ARM/bin/../lib/gcc/arm-none-eabi/11.3.1/../../../../arm-none-eabi/lib/thumb/v7e-m+fp/hard/libc.a(libc_a-wbuf.o)
 .text          0x000000000000ce5c        0x0 /usr/local/arm/GNU_Tools_for_ARM/bin/../lib/gcc/arm-none-eabi/11.3.1/../../../../arm-none-eabi/lib/thumb/v7e-m+fp/hard/libc.a(libc_a-__atexit.o)
 .text          0x000000000000ce5c        0x0 /usr/local/arm/GNU_Tools_for_ARM/bin/../lib/gcc/arm-none-eabi/11.3.1/../../../../arm-none-eabi/lib/thumb/v7e-m+fp/hard/libc.a(libc_a-mbtowc_r.o)
 .text          0x000000000000ce5c        0x0 /usr/local/arm/GNU_Tools_for_ARM/bin/../lib/gcc/arm-none-eabi/11.3.1/../../../../arm-none-eabi/lib/thumb/v7e-m+fp/hard/libc.a(libc_a-assert.o)
 .text          0x000000000000ce5c        0x0 /usr/local/arm/GNU_Tools_for_ARM/bin/../lib/gcc/arm-none-eabi/11.3.1/../../../../arm-none-eabi/lib/thumb/v7e-m+fp/hard/libc.a(libc_a-strcasecmp.o)
 .text          0x000000000000ce5c        0x0 /usr/local/arm/GNU_Tools_for_ARM/bin/../lib/gcc/arm-none-eabi/11.3.1/../../../../arm-none-eabi/lib/thumb/v7e-m+fp/hard/libc.a(libc_a-strcat.o)
 .text          0x000000000000ce5c        0x0 /usr/local/arm/GNU_Tools_for_ARM/bin/../lib/gcc/arm-none-eabi/11.3.1/../../../../arm-none-eabi/lib/thumb/v7e-m+fp/hard/libc.a(libc_a-fclose.o)
 .text          0x000000000000ce5c        0x0 /usr/local/arm/GNU_Tools_for_ARM/bin/../lib/gcc/arm-none-eabi/11.3.1/../../../../arm-none-eabi/lib/thumb/v7e-m+fp/hard/libc.a(libc_a-mprec.o)
 .text          0x000000000000ce5c        0x0 /usr/local/arm/GNU_Tools_for_ARM/bin/../lib/gcc/arm-none-eabi/11.3.1/../../../../arm-none-eabi/lib/thumb/v7e-m+fp/hard/libc.a(libc_a-callocr.o)
 .text          0x000000000000ce5c        0x0 /usr/local/arm/GNU_Tools_for_ARM/bin/../lib/gcc/arm-none-eabi/11.3.1/../../../../arm-none-eabi/lib/thumb/v7e-m+fp/hard/libc.a(libc_a-wcsnrtombs.o)
 .text          0x000000000000ce5c        0x0 /usr/local/arm/GNU_Tools_for_ARM/bin/../lib/gcc/arm-none-eabi/11.3.1/../../../../arm-none-eabi/lib/thumb/v7e-m+fp/hard/libc.a(libc_a-closer.o)
 .text          0x000000000000ce5c        0x0 /usr/local/arm/GNU_Tools_for_ARM/bin/../lib/gcc/arm-none-eabi/11.3.1/../../../../arm-none-eabi/lib/thumb/v7e-m+fp/hard/libc.a(libc_a-reent.o)
 .text          0x000000000000ce5c        0x0 /usr/local/arm/GNU_Tools_for_ARM/bin/../lib/gcc/arm-none-eabi/11.3.1/../../../../arm-none-eabi/lib/thumb/v7e-m+fp/hard/libc.a(libc_a-envlock.o)
 .text          0x000000000000ce5c        0x0 /usr/local/arm/GNU_Tools_for_ARM/bin/../lib/gcc/arm-none-eabi/11.3.1/../../../../arm-none-eabi/lib/thumb/v7e-m+fp/hard/libc.a(libc_a-lseekr.o)
 .text          0x000000000000ce5c        0x0 /usr/local/arm/GNU_Tools_for_ARM/bin/../lib/gcc/arm-none-eabi/11.3.1/../../../../arm-none-eabi/lib/thumb/v7e-m+fp/hard/libc.a(libc_a-readr.o)
 .text          0x000000000000ce5c        0x0 /usr/local/arm/GNU_Tools_for_ARM/bin/../lib/gcc/arm-none-eabi/11.3.1/../../../../arm-none-eabi/lib/thumb/v7e-m+fp/hard/libc.a(libc_a-fiprintf.o)
 .text          0x000000000000ce5c        0x0 /usr/local/arm/GNU_Tools_for_ARM/bin/../lib/gcc/arm-none-eabi/11.3.1/../../../../arm-none-eabi/lib/thumb/v7e-m+fp/hard/libc.a(libc_a-vfiprintf.o)
 .text          0x000000000000ce5c        0x0 /usr/local/arm/GNU_Tools_for_ARM/bin/../lib/gcc/arm-none-eabi/11.3.1/../../../../arm-none-eabi/lib/thumb/v7e-m+fp/hard/libc.a(libc_a-fputwc.o)
 .text          0x000000000000ce5c      0x254 /usr/local/arm/GNU_Tools_for_ARM/bin/../lib/gcc/arm-none-eabi/11.3.1/thumb/v7e-m+fp/hard/libgcc.a(_arm_muldf3.o)
 .text          0x000000000000d0b0      0x378 /usr/local/arm/GNU_Tools_for_ARM/bin/../lib/gcc/arm-none-eabi/11.3.1/thumb/v7e-m+fp/hard/libgcc.a(_arm_addsubdf3.o)
                0x000000000000d0b0                __aeabi_drsub
                0x000000000000d0b8                __aeabi_dsub
                0x000000000000d0b8                __subdf3
                0x000000000000d0bc                __adddf3
                0x000000000000d0bc                __aeabi_dadd
                0x000000000000d334                __aeabi_ui2d
                0x000000000000d334                __floatunsidf
                0x000000000000d354                __floatsidf
                0x000000000000d354                __aeabi_i2d
                0x000000000000d378                __extendsfdf2
                0x000000000000d378                __aeabi_f2d
                0x000000000000d3bc                __aeabi_ul2d
                0x000000000000d3bc                __floatundidf
                0x000000000000d3cc                __floatdidf
                0x000000000000d3cc                __aeabi_l2d
 .text          0x000000000000d428      0x424 /usr/local/arm/GNU_Tools_for_ARM/bin/../lib/gcc/arm-none-eabi/11.3.1/thumb/v7e-m+fp/hard/libgcc.a(_arm_muldivdf3.o)
                0x000000000000d428                __aeabi_dmul
                0x000000000000d428                __muldf3
                0x000000000000d67c                __aeabi_ddiv
                0x000000000000d67c                __divdf3
 .text          0x000000000000d84c      0x110 /usr/local/arm/GNU_Tools_for_ARM/bin/../lib/gcc/arm-none-eabi/11.3.1/thumb/v7e-m+fp/hard/libgcc.a(_arm_cmpdf2.o)
                0x000000000000d84c                __gtdf2
                0x000000000000d84c                __gedf2
                0x000000000000d854                __ltdf2
                0x000000000000d854                __ledf2
                0x000000000000d85c                __cmpdf2
                0x000000000000d85c                __eqdf2
                0x000000000000d85c                __nedf2
                0x000000000000d8d8                __aeabi_cdrcmple
                0x000000000000d8e8                __aeabi_cdcmple
                0x000000000000d8e8                __aeabi_cdcmpeq
                0x000000000000d8f8                __aeabi_dcmpeq
                0x000000000000d90c                __aeabi_dcmplt
                0x000000000000d920                __aeabi_dcmple
                0x000000000000d934                __aeabi_dcmpge
                0x000000000000d948                __aeabi_dcmpgt
 .text          0x000000000000d95c       0x2c /usr/local/arm/GNU_Tools_for_ARM/bin/../lib/gcc/arm-none-eabi/11.3.1/thumb/v7e-m+fp/hard/libgcc.a(_arm_unorddf2.o)
                0x000000000000d95c                __aeabi_dcmpun
                0x000000000000d95c                __unorddf2
 .text          0x000000000000d988       0x50 /usr/local/arm/GNU_Tools_for_ARM/bin/../lib/gcc/arm-none-eabi/11.3.1/thumb/v7e-m+fp/hard/libgcc.a(_arm_fixdfsi.o)
                0x000000000000d988                __fixdfsi
                0x000000000000d988                __aeabi_d2iz
 .text          0x000000000000d9d8        0x0 /usr/local/arm/GNU_Tools_for_ARM/bin/../lib/gcc/arm-none-eabi/11.3.1/thumb/v7e-m+fp/hard/libgcc.a(unwind-arm.o)
 .text          0x000000000000d9d8      0x1ac /usr/local/arm/GNU_Tools_for_ARM/bin/../lib/gcc/arm-none-eabi/11.3.1/thumb/v7e-m+fp/hard/libgcc.a(libunwind.o)
                0x000000000000d9d8                __restore_core_regs
                0x000000000000d9d8                restore_core_regs
                0x000000000000d9f0                __gnu_Unwind_Restore_VFP
                0x000000000000d9f8                __gnu_Unwind_Save_VFP
                0x000000000000da00                __gnu_Unwind_Restore_VFP_D
                0x000000000000da08                __gnu_Unwind_Save_VFP_D
                0x000000000000da10                __gnu_Unwind_Restore_VFP_D_16_to_31
                0x000000000000da18                __gnu_Unwind_Save_VFP_D_16_to_31
                0x000000000000da20                __gnu_Unwind_Restore_WMMXD
                0x000000000000da64                __gnu_Unwind_Save_WMMXD
                0x000000000000daa8                __gnu_Unwind_Restore_WMMXC
                0x000000000000dabc                __gnu_Unwind_Save_WMMXC
                0x000000000000dad0                ___Unwind_RaiseException
                0x000000000000dad0                _Unwind_RaiseException
                0x000000000000daf4                ___Unwind_Resume
                0x000000000000daf4                _Unwind_Resume
                0x000000000000db18                _Unwind_Resume_or_Rethrow
                0x000000000000db18                ___Unwind_Resume_or_Rethrow
                0x000000000000db3c                ___Unwind_ForcedUnwind
                0x000000000000db3c                _Unwind_ForcedUnwind
                0x000000000000db60                _Unwind_Backtrace
                0x000000000000db60                ___Unwind_Backtrace
 .text          0x000000000000db84        0x0 /usr/local/arm/GNU_Tools_for_ARM/bin/../lib/gcc/arm-none-eabi/11.3.1/thumb/v7e-m+fp/hard/libgcc.a(pr-support.o)
 .text          0x000000000000db84        0x0 /usr/local/arm/GNU_Tools_for_ARM/bin/../lib/gcc/arm-none-eabi/11.3.1/../../../../arm-none-eabi/lib/thumb/v7e-m+fp/hard/libnosys.a(sbrk.o)
 .text          0x000000000000db84        0x0 /usr/local/arm/GNU_Tools_for_ARM/bin/../lib/gcc/arm-none-eabi/11.3.1/thumb/v7e-m+fp/hard/crtend.o
 .text          0x000000000000db84        0x0 /usr/local/arm/GNU_Tools_for_ARM/bin/../lib/gcc/arm-none-eabi/11.3.1/thumb/v7e-m+fp/hard/crtn.o
 *(.text.*)
 .text.deregister_tm_clones
                0x000000000000db84       0x1c /usr/local/arm/GNU_Tools_for_ARM/bin/../lib/gcc/arm-none-eabi/11.3.1/thumb/v7e-m+fp/hard/crtbegin.o
 .text.register_tm_clones
                0x000000000000dba0       0x24 /usr/local/arm/GNU_Tools_for_ARM/bin/../lib/gcc/arm-none-eabi/11.3.1/thumb/v7e-m+fp/hard/crtbegin.o
 .text.__do_global_dtors_aux
                0x000000000000dbc4       0x28 /usr/local/arm/GNU_Tools_for_ARM/bin/../lib/gcc/arm-none-eabi/11.3.1/thumb/v7e-m+fp/hard/crtbegin.o
 .text.frame_dummy
                0x000000000000dbec       0x24 /usr/local/arm/GNU_Tools_for_ARM/bin/../lib/gcc/arm-none-eabi/11.3.1/thumb/v7e-m+fp/hard/crtbegin.o
 .text._ZN14User_Timer32_T5startEv
                0x000000000000dc10       0x24 build/user_timer32.o
                0x000000000000dc10                User_Timer32_T::start()
 .text._ZN14User_Timer32_T10read_timerEv
                0x000000000000dc34       0x32 build/user_timer32.o
                0x000000000000dc34                User_Timer32_T::read_timer()
 .text._ZN14User_Timer32_T4loadEm
                0x000000000000dc66       0x1e build/user_timer32.o
                0x000000000000dc66                User_Timer32_T::load(unsigned long)
 .text.__aeabi_atexit
                0x000000000000dc84        0xc /usr/local/arm/GNU_Tools_for_ARM/bin/../lib/gcc/arm-none-eabi/11.3.1/../../../../arm-none-eabi/lib/thumb/v7e-m+fp/hard/libstdc++.a(atexit_arm.o)
                0x000000000000dc84                __aeabi_atexit
 .text.__cxa_end_cleanup
                0x000000000000dc90        0xc /usr/local/arm/GNU_Tools_for_ARM/bin/../lib/gcc/arm-none-eabi/11.3.1/../../../../arm-none-eabi/lib/thumb/v7e-m+fp/hard/libstdc++.a(eh_arm.o)
                0x000000000000dc90                __cxa_end_cleanup
 .text.__cxa_type_match
                0x000000000000dc9c       0xb0 /usr/local/arm/GNU_Tools_for_ARM/bin/../lib/gcc/arm-none-eabi/11.3.1/../../../../arm-none-eabi/lib/thumb/v7e-m+fp/hard/libstdc++.a(eh_arm.o)
                0x000000000000dc9c                __cxa_type_match
 .text.__cxa_begin_cleanup
                0x000000000000dd4c       0x64 /usr/local/arm/GNU_Tools_for_ARM/bin/../lib/gcc/arm-none-eabi/11.3.1/../../../../arm-none-eabi/lib/thumb/v7e-m+fp/hard/libstdc++.a(eh_arm.o)
                0x000000000000dd4c                __cxa_begin_cleanup
 .text.__gnu_end_cleanup
                0x000000000000ddb0       0x70 /usr/local/arm/GNU_Tools_for_ARM/bin/../lib/gcc/arm-none-eabi/11.3.1/../../../../arm-none-eabi/lib/thumb/v7e-m+fp/hard/libstdc++.a(eh_arm.o)
                0x000000000000ddb0                __gnu_end_cleanup
 .text._ZNSt13bad_exceptionD2Ev
                0x000000000000de20        0x4 /usr/local/arm/GNU_Tools_for_ARM/bin/../lib/gcc/arm-none-eabi/11.3.1/../../../../arm-none-eabi/lib/thumb/v7e-m+fp/hard/libstdc++.a(eh_exception.o)
                0x000000000000de20                std::bad_exception::~bad_exception()
                0x000000000000de20                std::bad_exception::~bad_exception()
 .text._ZNKSt13bad_exception4whatEv
                0x000000000000de24        0x8 /usr/local/arm/GNU_Tools_for_ARM/bin/../lib/gcc/arm-none-eabi/11.3.1/../../../../arm-none-eabi/lib/thumb/v7e-m+fp/hard/libstdc++.a(eh_exception.o)
                0x000000000000de24                transaction clone for std::bad_exception::what() const
                0x000000000000de24                std::bad_exception::what() const
 .text._ZNSt13bad_exceptionD0Ev
                0x000000000000de2c       0x10 /usr/local/arm/GNU_Tools_for_ARM/bin/../lib/gcc/arm-none-eabi/11.3.1/../../../../arm-none-eabi/lib/thumb/v7e-m+fp/hard/libstdc++.a(eh_exception.o)
                0x000000000000de2c                std::bad_exception::~bad_exception()
 .text.__cxa_get_globals_fast
                0x000000000000de3c        0x8 /usr/local/arm/GNU_Tools_for_ARM/bin/../lib/gcc/arm-none-eabi/11.3.1/../../../../arm-none-eabi/lib/thumb/v7e-m+fp/hard/libstdc++.a(eh_globals.o)
                0x000000000000de3c                __cxa_get_globals_fast
 .text.__cxa_get_globals
                0x000000000000de44        0x8 /usr/local/arm/GNU_Tools_for_ARM/bin/../lib/gcc/arm-none-eabi/11.3.1/../../../../arm-none-eabi/lib/thumb/v7e-m+fp/hard/libstdc++.a(eh_globals.o)
                0x000000000000de44                __cxa_get_globals
 .text._ZL28read_encoded_value_with_basehjPKhPj
                0x000000000000de4c       0xc0 /usr/local/arm/GNU_Tools_for_ARM/bin/../lib/gcc/arm-none-eabi/11.3.1/../../../../arm-none-eabi/lib/thumb/v7e-m+fp/hard/libstdc++.a(eh_personality.o)
 .text._ZL21base_of_encoded_valuehP15_Unwind_Context
                0x000000000000df0c       0x48 /usr/local/arm/GNU_Tools_for_ARM/bin/../lib/gcc/arm-none-eabi/11.3.1/../../../../arm-none-eabi/lib/thumb/v7e-m+fp/hard/libstdc++.a(eh_personality.o)
 .text._ZL17parse_lsda_headerP15_Unwind_ContextPKhP16lsda_header_info
                0x000000000000df54       0x90 /usr/local/arm/GNU_Tools_for_ARM/bin/../lib/gcc/arm-none-eabi/11.3.1/../../../../arm-none-eabi/lib/thumb/v7e-m+fp/hard/libstdc++.a(eh_personality.o)
 .text.__gxx_personality_v0
                0x000000000000dfe4      0x494 /usr/local/arm/GNU_Tools_for_ARM/bin/../lib/gcc/arm-none-eabi/11.3.1/../../../../arm-none-eabi/lib/thumb/v7e-m+fp/hard/libstdc++.a(eh_personality.o)
                0x000000000000dfe4                __gxx_personality_v0
 .text._ZN10__cxxabiv111__terminateEPFvvE
                0x000000000000e478       0x10 /usr/local/arm/GNU_Tools_for_ARM/bin/../lib/gcc/arm-none-eabi/11.3.1/../../../../arm-none-eabi/lib/thumb/v7e-m+fp/hard/libstdc++.a(eh_terminate.o)
                0x000000000000e478                __cxxabiv1::__terminate(void (*)())
 .text._ZSt9terminatev
                0x000000000000e488       0x14 /usr/local/arm/GNU_Tools_for_ARM/bin/../lib/gcc/arm-none-eabi/11.3.1/../../../../arm-none-eabi/lib/thumb/v7e-m+fp/hard/libstdc++.a(eh_terminate.o)
                0x000000000000e488                std::terminate()
 .text._ZN10__cxxabiv112__unexpectedEPFvvE
                0x000000000000e49c        0x8 /usr/local/arm/GNU_Tools_for_ARM/bin/../lib/gcc/arm-none-eabi/11.3.1/../../../../arm-none-eabi/lib/thumb/v7e-m+fp/hard/libstdc++.a(eh_terminate.o)
                0x000000000000e49c                __cxxabiv1::__unexpected(void (*)())
 .text._ZSt10unexpectedv
                0x000000000000e4a4       0x14 /usr/local/arm/GNU_Tools_for_ARM/bin/../lib/gcc/arm-none-eabi/11.3.1/../../../../arm-none-eabi/lib/thumb/v7e-m+fp/hard/libstdc++.a(eh_terminate.o)
                0x000000000000e4a4                std::unexpected()
 .text._ZSt13get_terminatev
                0x000000000000e4b8       0x10 /usr/local/arm/GNU_Tools_for_ARM/bin/../lib/gcc/arm-none-eabi/11.3.1/../../../../arm-none-eabi/lib/thumb/v7e-m+fp/hard/libstdc++.a(eh_terminate.o)
                0x000000000000e4b8                std::get_terminate()
 .text._ZSt14get_unexpectedv
                0x000000000000e4c8       0x10 /usr/local/arm/GNU_Tools_for_ARM/bin/../lib/gcc/arm-none-eabi/11.3.1/../../../../arm-none-eabi/lib/thumb/v7e-m+fp/hard/libstdc++.a(eh_terminate.o)
                0x000000000000e4c8                std::get_unexpected()
 .text._ZN10__cxxabiv120__si_class_type_infoD2Ev
                0x000000000000e4d8       0x14 /usr/local/arm/GNU_Tools_for_ARM/bin/../lib/gcc/arm-none-eabi/11.3.1/../../../../arm-none-eabi/lib/thumb/v7e-m+fp/hard/libstdc++.a(si_class_type_info.o)
                0x000000000000e4d8                __cxxabiv1::__si_class_type_info::~__si_class_type_info()
                0x000000000000e4d8                __cxxabiv1::__si_class_type_info::~__si_class_type_info()
 .text._ZN10__cxxabiv120__si_class_type_infoD0Ev
                0x000000000000e4ec       0x1c /usr/local/arm/GNU_Tools_for_ARM/bin/../lib/gcc/arm-none-eabi/11.3.1/../../../../arm-none-eabi/lib/thumb/v7e-m+fp/hard/libstdc++.a(si_class_type_info.o)
                0x000000000000e4ec                __cxxabiv1::__si_class_type_info::~__si_class_type_info()
 .text._ZNK10__cxxabiv120__si_class_type_info20__do_find_public_srcEiPKvPKNS_17__class_type_infoES2_
                0x000000000000e508       0x3c /usr/local/arm/GNU_Tools_for_ARM/bin/../lib/gcc/arm-none-eabi/11.3.1/../../../../arm-none-eabi/lib/thumb/v7e-m+fp/hard/libstdc++.a(si_class_type_info.o)
                0x000000000000e508                __cxxabiv1::__si_class_type_info::__do_find_public_src(int, void const*, __cxxabiv1::__class_type_info const*, void const*) const
 .text._ZNK10__cxxabiv120__si_class_type_info12__do_dyncastEiNS_17__class_type_info10__sub_kindEPKS1_PKvS4_S6_RNS1_16__dyncast_resultE
                0x000000000000e544       0x7c /usr/local/arm/GNU_Tools_for_ARM/bin/../lib/gcc/arm-none-eabi/11.3.1/../../../../arm-none-eabi/lib/thumb/v7e-m+fp/hard/libstdc++.a(si_class_type_info.o)
                0x000000000000e544                __cxxabiv1::__si_class_type_info::__do_dyncast(int, __cxxabiv1::__class_type_info::__sub_kind, __cxxabiv1::__class_type_info const*, void const*, __cxxabiv1::__class_type_info const*, void const*, __cxxabiv1::__class_type_info::__dyncast_result&) const
 .text._ZNK10__cxxabiv120__si_class_type_info11__do_upcastEPKNS_17__class_type_infoEPKvRNS1_15__upcast_resultE
                0x000000000000e5c0       0x2c /usr/local/arm/GNU_Tools_for_ARM/bin/../lib/gcc/arm-none-eabi/11.3.1/../../../../arm-none-eabi/lib/thumb/v7e-m+fp/hard/libstdc++.a(si_class_type_info.o)
                0x000000000000e5c0                __cxxabiv1::__si_class_type_info::__do_upcast(__cxxabiv1::__class_type_info const*, void const*, __cxxabiv1::__class_type_info::__upcast_result&) const
 .text._ZNSt9type_infoD2Ev
                0x000000000000e5ec        0x4 /usr/local/arm/GNU_Tools_for_ARM/bin/../lib/gcc/arm-none-eabi/11.3.1/../../../../arm-none-eabi/lib/thumb/v7e-m+fp/hard/libstdc++.a(tinfo.o)
                0x000000000000e5ec                std::type_info::~type_info()
                0x000000000000e5ec                std::type_info::~type_info()
 .text._ZNKSt9type_info14__is_pointer_pEv
                0x000000000000e5f0        0x4 /usr/local/arm/GNU_Tools_for_ARM/bin/../lib/gcc/arm-none-eabi/11.3.1/../../../../arm-none-eabi/lib/thumb/v7e-m+fp/hard/libstdc++.a(tinfo.o)
                0x000000000000e5f0                std::type_info::__is_function_p() const
                0x000000000000e5f0                std::type_info::__is_pointer_p() const
 .text._ZNKSt9type_infoeqERKS_
                0x000000000000e5f4       0x2c /usr/local/arm/GNU_Tools_for_ARM/bin/../lib/gcc/arm-none-eabi/11.3.1/../../../../arm-none-eabi/lib/thumb/v7e-m+fp/hard/libstdc++.a(tinfo.o)
                0x000000000000e5f4                std::type_info::operator==(std::type_info const&) const
 .text._ZN9__gnu_cxx27__verbose_terminate_handlerEv
                0x000000000000e620      0x10c /usr/local/arm/GNU_Tools_for_ARM/bin/../lib/gcc/arm-none-eabi/11.3.1/../../../../arm-none-eabi/lib/thumb/v7e-m+fp/hard/libstdc++.a(vterminate.o)
                0x000000000000e620                __gnu_cxx::__verbose_terminate_handler()
 .text._ZNK10__cxxabiv117__class_type_info11__do_upcastEPKS0_PPv
                0x000000000000e72c       0x34 /usr/local/arm/GNU_Tools_for_ARM/bin/../lib/gcc/arm-none-eabi/11.3.1/../../../../arm-none-eabi/lib/thumb/v7e-m+fp/hard/libstdc++.a(class_type_info.o)
                0x000000000000e72c                __cxxabiv1::__class_type_info::__do_upcast(__cxxabiv1::__class_type_info const*, void**) const
 .text._ZNK10__cxxabiv117__class_type_info20__do_find_public_srcEiPKvPKS0_S2_
                0x000000000000e760        0xc /usr/local/arm/GNU_Tools_for_ARM/bin/../lib/gcc/arm-none-eabi/11.3.1/../../../../arm-none-eabi/lib/thumb/v7e-m+fp/hard/libstdc++.a(class_type_info.o)
                0x000000000000e760                __cxxabiv1::__class_type_info::__do_find_public_src(int, void const*, __cxxabiv1::__class_type_info const*, void const*) const
 .text._ZN10__cxxabiv117__class_type_infoD2Ev
                0x000000000000e76c       0x14 /usr/local/arm/GNU_Tools_for_ARM/bin/../lib/gcc/arm-none-eabi/11.3.1/../../../../arm-none-eabi/lib/thumb/v7e-m+fp/hard/libstdc++.a(class_type_info.o)
                0x000000000000e76c                __cxxabiv1::__class_type_info::~__class_type_info()
                0x000000000000e76c                __cxxabiv1::__class_type_info::~__class_type_info()
 .text._ZN10__cxxabiv117__class_type_infoD0Ev
                0x000000000000e780       0x1c /usr/local/arm/GNU_Tools_for_ARM/bin/../lib/gcc/arm-none-eabi/11.3.1/../../../../arm-none-eabi/lib/thumb/v7e-m+fp/hard/libstdc++.a(class_type_info.o)
                0x000000000000e780                __cxxabiv1::__class_type_info::~__class_type_info()
 .text._ZNK10__cxxabiv117__class_type_info12__do_dyncastEiNS0_10__sub_kindEPKS0_PKvS3_S5_RNS0_16__dyncast_resultE
                0x000000000000e79c       0x44 /usr/local/arm/GNU_Tools_for_ARM/bin/../lib/gcc/arm-none-eabi/11.3.1/../../../../arm-none-eabi/lib/thumb/v7e-m+fp/hard/libstdc++.a(class_type_info.o)
                0x000000000000e79c                __cxxabiv1::__class_type_info::__do_dyncast(int, __cxxabiv1::__class_type_info::__sub_kind, __cxxabiv1::__class_type_info const*, void const*, __cxxabiv1::__class_type_info const*, void const*, __cxxabiv1::__class_type_info::__dyncast_result&) const
 .text._ZNK10__cxxabiv117__class_type_info11__do_upcastEPKS0_PKvRNS0_15__upcast_resultE
                0x000000000000e7e0       0x1c /usr/local/arm/GNU_Tools_for_ARM/bin/../lib/gcc/arm-none-eabi/11.3.1/../../../../arm-none-eabi/lib/thumb/v7e-m+fp/hard/libstdc++.a(class_type_info.o)
                0x000000000000e7e0                __cxxabiv1::__class_type_info::__do_upcast(__cxxabiv1::__class_type_info const*, void const*, __cxxabiv1::__class_type_info::__upcast_result&) const
 .text._ZNK10__cxxabiv117__class_type_info10__do_catchEPKSt9type_infoPPvj
                0x000000000000e7fc       0x2c /usr/local/arm/GNU_Tools_for_ARM/bin/../lib/gcc/arm-none-eabi/11.3.1/../../../../arm-none-eabi/lib/thumb/v7e-m+fp/hard/libstdc++.a(class_type_info.o)
                0x000000000000e7fc                __cxxabiv1::__class_type_info::__do_catch(std::type_info const*, void**, unsigned int) const
 .text.d_make_comp
                0x000000000000e828       0xf0 /usr/local/arm/GNU_Tools_for_ARM/bin/../lib/gcc/arm-none-eabi/11.3.1/../../../../arm-none-eabi/lib/thumb/v7e-m+fp/hard/libstdc++.a(cp-demangle.o)
 .text.d_number
                0x000000000000e918       0x74 /usr/local/arm/GNU_Tools_for_ARM/bin/../lib/gcc/arm-none-eabi/11.3.1/../../../../arm-none-eabi/lib/thumb/v7e-m+fp/hard/libstdc++.a(cp-demangle.o)
 .text.d_call_offset
                0x000000000000e98c       0x48 /usr/local/arm/GNU_Tools_for_ARM/bin/../lib/gcc/arm-none-eabi/11.3.1/../../../../arm-none-eabi/lib/thumb/v7e-m+fp/hard/libstdc++.a(cp-demangle.o)
 .text.d_ref_qualifier
                0x000000000000e9d4       0x38 /usr/local/arm/GNU_Tools_for_ARM/bin/../lib/gcc/arm-none-eabi/11.3.1/../../../../arm-none-eabi/lib/thumb/v7e-m+fp/hard/libstdc++.a(cp-demangle.o)
 .text.d_count_templates_scopes
                0x000000000000ea0c       0xd4 /usr/local/arm/GNU_Tools_for_ARM/bin/../lib/gcc/arm-none-eabi/11.3.1/../../../../arm-none-eabi/lib/thumb/v7e-m+fp/hard/libstdc++.a(cp-demangle.o)
 .text.d_pack_length
                0x000000000000eae0       0x1c /usr/local/arm/GNU_Tools_for_ARM/bin/../lib/gcc/arm-none-eabi/11.3.1/../../../../arm-none-eabi/lib/thumb/v7e-m+fp/hard/libstdc++.a(cp-demangle.o)
 .text.d_discriminator
                0x000000000000eafc       0x48 /usr/local/arm/GNU_Tools_for_ARM/bin/../lib/gcc/arm-none-eabi/11.3.1/../../../../arm-none-eabi/lib/thumb/v7e-m+fp/hard/libstdc++.a(cp-demangle.o)
 .text.d_index_template_argument.part.0
                0x000000000000eb44       0x1c /usr/local/arm/GNU_Tools_for_ARM/bin/../lib/gcc/arm-none-eabi/11.3.1/../../../../arm-none-eabi/lib/thumb/v7e-m+fp/hard/libstdc++.a(cp-demangle.o)
 .text.d_growable_string_callback_adapter
                0x000000000000eb60       0x78 /usr/local/arm/GNU_Tools_for_ARM/bin/../lib/gcc/arm-none-eabi/11.3.1/../../../../arm-none-eabi/lib/thumb/v7e-m+fp/hard/libstdc++.a(cp-demangle.o)