Archive member included to satisfy reference by file (symbol)

i:/mcu/gnu_tools_for_arm/11.3_rel1/bin/../lib/gcc/arm-none-eabi/11.3.1/thumb/v7e-m+fp/hard\libstdc++.a(atexit_arm.o)
                              build/main.o (__aeabi_atexit)
i:/mcu/gnu_tools_for_arm/11.3_rel1/bin/../lib/gcc/arm-none-eabi/11.3.1/thumb/v7e-m+fp/hard\libstdc++.a(eh_arm.o)
                              build/user_timer32.o (__cxa_end_cleanup)
i:/mcu/gnu_tools_for_arm/11.3_rel1/bin/../lib/gcc/arm-none-eabi/11.3.1/thumb/v7e-m+fp/hard\libstdc++.a(eh_exception.o)
                              i:/mcu/gnu_tools_for_arm/11.3_rel1/bin/../lib/gcc/arm-none-eabi/11.3.1/thumb/v7e-m+fp/hard\libstdc++.a(eh_arm.o) (typeinfo for __cxxabiv1::__forced_unwind)
i:/mcu/gnu_tools_for_arm/11.3_rel1/bin/../lib/gcc/arm-none-eabi/11.3.1/thumb/v7e-m+fp/hard\libstdc++.a(eh_globals.o)
                              i:/mcu/gnu_tools_for_arm/11.3_rel1/bin/../lib/gcc/arm-none-eabi/11.3.1/thumb/v7e-m+fp/hard\libstdc++.a(eh_arm.o) (__cxa_get_globals)
i:/mcu/gnu_tools_for_arm/11.3_rel1/bin/../lib/gcc/arm-none-eabi/11.3.1/thumb/v7e-m+fp/hard\libstdc++.a(eh_personality.o)
                              build/user_timer32.o (__gxx_personality_v0)
i:/mcu/gnu_tools_for_arm/11.3_rel1/bin/../lib/gcc/arm-none-eabi/11.3.1/thumb/v7e-m+fp/hard\libstdc++.a(eh_terminate.o)
                              i:/mcu/gnu_tools_for_arm/11.3_rel1/bin/../lib/gcc/arm-none-eabi/11.3.1/thumb/v7e-m+fp/hard\libstdc++.a(eh_arm.o) (std::terminate())
i:/mcu/gnu_tools_for_arm/11.3_rel1/bin/../lib/gcc/arm-none-eabi/11.3.1/thumb/v7e-m+fp/hard\libstdc++.a(eh_unex_handler.o)
                              i:/mcu/gnu_tools_for_arm/11.3_rel1/bin/../lib/gcc/arm-none-eabi/11.3.1/thumb/v7e-m+fp/hard\libstdc++.a(eh_terminate.o) (__cxxabiv1::__unexpected_handler)
i:/mcu/gnu_tools_for_arm/11.3_rel1/bin/../lib/gcc/arm-none-eabi/11.3.1/thumb/v7e-m+fp/hard\libstdc++.a(si_class_type_info.o)
                              i:/mcu/gnu_tools_for_arm/11.3_rel1/bin/../lib/gcc/arm-none-eabi/11.3.1/thumb/v7e-m+fp/hard\libstdc++.a(eh_exception.o) (vtable for __cxxabiv1::__si_class_type_info)
i:/mcu/gnu_tools_for_arm/11.3_rel1/bin/../lib/gcc/arm-none-eabi/11.3.1/thumb/v7e-m+fp/hard\libstdc++.a(tinfo.o)
                              i:/mcu/gnu_tools_for_arm/11.3_rel1/bin/../lib/gcc/arm-none-eabi/11.3.1/thumb/v7e-m+fp/hard\libstdc++.a(si_class_type_info.o) (std::type_info::__is_pointer_p() const)
i:/mcu/gnu_tools_for_arm/11.3_rel1/bin/../lib/gcc/arm-none-eabi/11.3.1/thumb/v7e-m+fp/hard\libstdc++.a(vterminate.o)
                              i:/mcu/gnu_tools_for_arm/11.3_rel1/bin/../lib/gcc/arm-none-eabi/11.3.1/thumb/v7e-m+fp/hard\libstdc++.a(eh_terminate.o) (__gnu_cxx::__verbose_terminate_handler())
i:/mcu/gnu_tools_for_arm/11.3_rel1/bin/../lib/gcc/arm-none-eabi/11.3.1/thumb/v7e-m+fp/hard\libstdc++.a(class_type_info.o)
                              i:/mcu/gnu_tools_for_arm/11.3_rel1/bin/../lib/gcc/arm-none-eabi/11.3.1/thumb/v7e-m+fp/hard\libstdc++.a(si_class_type_info.o) (__cxxabiv1::__class_type_info::__do_upcast(__cxxabiv1::__class_type_info const*, void**) const)
i:/mcu/gnu_tools_for_arm/11.3_rel1/bin/../lib/gcc/arm-none-eabi/11.3.1/thumb/v7e-m+fp/hard\libstdc++.a(cp-demangle.o)
                              i:/mcu/gnu_tools_for_arm/11.3_rel1/bin/../lib/gcc/arm-none-eabi/11.3.1/thumb/v7e-m+fp/hard\libstdc++.a(vterminate.o) (__cxa_demangle)
i:/mcu/gnu_tools_for_arm/11.3_rel1/bin/../lib/gcc/arm-none-eabi/11.3.1/thumb/v7e-m+fp/hard\libstdc++.a(del_ops.o)
                              i:/mcu/gnu_tools_for_arm/11.3_rel1/bin/../lib/gcc/arm-none-eabi/11.3.1/thumb/v7e-m+fp/hard\libstdc++.a(eh_exception.o) (operator delete(void*, unsigned int))
i:/mcu/gnu_tools_for_arm/11.3_rel1/bin/../lib/gcc/arm-none-eabi/11.3.1/thumb/v7e-m+fp/hard\libstdc++.a(eh_call.o)
                              i:/mcu/gnu_tools_for_arm/11.3_rel1/bin/../lib/gcc/arm-none-eabi/11.3.1/thumb/v7e-m+fp/hard\libstdc++.a(eh_personality.o) (__cxa_call_terminate)
i:/mcu/gnu_tools_for_arm/11.3_rel1/bin/../lib/gcc/arm-none-eabi/11.3.1/thumb/v7e-m+fp/hard\libstdc++.a(eh_catch.o)
                              i:/mcu/gnu_tools_for_arm/11.3_rel1/bin/../lib/gcc/arm-none-eabi/11.3.1/thumb/v7e-m+fp/hard\libstdc++.a(eh_personality.o) (__cxa_begin_catch)
i:/mcu/gnu_tools_for_arm/11.3_rel1/bin/../lib/gcc/arm-none-eabi/11.3.1/thumb/v7e-m+fp/hard\libstdc++.a(eh_term_handler.o)
                              i:/mcu/gnu_tools_for_arm/11.3_rel1/bin/../lib/gcc/arm-none-eabi/11.3.1/thumb/v7e-m+fp/hard\libstdc++.a(eh_terminate.o) (__cxxabiv1::__terminate_handler)
i:/mcu/gnu_tools_for_arm/11.3_rel1/bin/../lib/gcc/arm-none-eabi/11.3.1/thumb/v7e-m+fp/hard\libstdc++.a(eh_throw.o)
                              i:/mcu/gnu_tools_for_arm/11.3_rel1/bin/../lib/gcc/arm-none-eabi/11.3.1/thumb/v7e-m+fp/hard\libstdc++.a(eh_call.o) (__cxa_throw)
i:/mcu/gnu_tools_for_arm/11.3_rel1/bin/../lib/gcc/arm-none-eabi/11.3.1/thumb/v7e-m+fp/hard\libstdc++.a(eh_type.o)
[...]
Memory Configuration

Name             Origin             Length             Attributes
MAIN_FLASH       0x00000000         0x00040000         xr
INFO_FLASH       0x00200000         0x00004000         xr
SRAM_CODE        0x01000000         0x00010000         xrw
SRAM_DATA        0x20000000         0x00010000         rw
*default*        0x00000000         0xffffffff

Linker script and memory map

LOAD i:/mcu/gnu_tools_for_arm/11.3_rel1/bin/../lib/gcc/arm-none-eabi/11.3.1/thumb/v7e-m+fp/hard/crti.o
LOAD i:/mcu/gnu_tools_for_arm/11.3_rel1/bin/../lib/gcc/arm-none-eabi/11.3.1/thumb/v7e-m+fp/hard/crtbegin.o
LOAD i:/mcu/gnu_tools_for_arm/11.3_rel1/bin/../lib/gcc/arm-none-eabi/11.3.1/thumb/v7e-m+fp/hard/crt0.o
LOAD build/adc14.o
LOAD build/aes256.o
LOAD build/comp_e.o
LOAD build/cpu.o
LOAD build/crc32.o
LOAD build/cs.o
LOAD build/dma.o
LOAD build/flash.o
LOAD build/fpu.o
LOAD build/gpio.o
LOAD build/i2c.o
LOAD build/interrupt.o
LOAD build/mpu.o
LOAD build/pcm.o
LOAD build/pmap.o
LOAD build/pss.o
LOAD build/ref_a.o
LOAD build/reset.o
LOAD build/rtc_c.o
LOAD build/spi.o
LOAD build/sysctl.o
LOAD build/systick.o
LOAD build/timer32.o
LOAD build/timer_a.o
LOAD build/uart.o
LOAD build/wdt_a.o
LOAD build/startup_msp432p401r_gcc.o
LOAD build/system_msp432p401r.o
LOAD build/syscalls.o
LOAD build/main.o
LOAD build/user_uart.o
LOAD build/user_tick.o
LOAD build/user_nvic.o
LOAD build/user_iic.o
LOAD build/user_timer32.o
LOAD build/mpu6050.o
LOAD build/iic_bus.o
LOAD i:/mcu/gnu_tools_for_arm/11.3_rel1/bin/../lib/gcc/arm-none-eabi/11.3.1/thumb/v7e-m+fp/hard\libnosys.a
LOAD i:/mcu/gnu_tools_for_arm/11.3_rel1/bin/../lib/gcc/arm-none-eabi/11.3.1/thumb/v7e-m+fp/hard\libstdc++.a
LOAD i:/mcu/gnu_tools_for_arm/11.3_rel1/bin/../lib/gcc/arm-none-eabi/11.3.1/thumb/v7e-m+fp/hard\libm.a
LOAD i:/mcu/gnu_tools_for_arm/11.3_rel1/bin/../lib/gcc/arm-none-eabi/11.3.1/thumb/v7e-m+fp/hard\libc.a
START GROUP
LOAD i:/mcu/gnu_tools_for_arm/11.3_rel1/bin/../lib/gcc/arm-none-eabi/11.3.1/thumb/v7e-m+fp/hard\libgcc.a
LOAD i:/mcu/gnu_tools_for_arm/11.3_rel1/bin/../lib/gcc/arm-none-eabi/11.3.1/thumb/v7e-m+fp/hard\libc.a
END GROUP
START GROUP
LOAD i:/mcu/gnu_tools_for_arm/11.3_rel1/bin/../lib/gcc/arm-none-eabi/11.3.1/thumb/v7e-m+fp/hard\libgcc.a
LOAD i:/mcu/gnu_tools_for_arm/11.3_rel1/bin/../lib/gcc/arm-none-eabi/11.3.1/thumb/v7e-m+fp/hard\libc.a
LOAD i:/mcu/gnu_tools_for_arm/11.3_rel1/bin/../lib/gcc/arm-none-eabi/11.3.1/thumb/v7e-m+fp/hard\libnosys.a
END GROUP
LOAD i:/mcu/gnu_tools_for_arm/11.3_rel1/bin/../lib/gcc/arm-none-eabi/11.3.1/thumb/v7e-m+fp/hard/crtend.o
LOAD i:/mcu/gnu_tools_for_arm/11.3_rel1/bin/../lib/gcc/arm-none-eabi/11.3.1/thumb/v7e-m+fp/hard/crtn.o
                0x00000000                PROVIDE (_intvecs_base_address = DEFINED (_intvecs_base_address)?_intvecs_base_address:0x0)

.intvecs        0x00000000       0xe4
 *(.intvecs)
 .intvecs       0x00000000       0xe4 build/startup_msp432p401r_gcc.o
                0x00000000                interruptVectors
                0x00200000                PROVIDE (_mailbox_base_address = 0x200000)

.flashMailbox
 *(.flashMailbox)
                0x00201000                PROVIDE (_tlv_base_address = 0x201000)

.tlvTable
 *(.tlvTable)
                0x00202000                PROVIDE (_bsl_base_address = 0x202000)

.bslArea
 *(.bslArea)
                0x20000000                PROVIDE (_vtable_base_address = DEFINED (_vtable_base_address)?_vtable_base_address:0x20000000)

.vtable
 *(.vtable)

.text           0x00000100    0x1fb60
 CREATE_OBJECT_SYMBOLS
 *(.text)
 .text          0x00000100        0x0 i:/mcu/gnu_tools_for_arm/11.3_rel1/bin/../lib/gcc/arm-none-eabi/11.3.1/thumb/v7e-m+fp/hard/crti.o
 .text          0x00000100        0x0 i:/mcu/gnu_tools_for_arm/11.3_rel1/bin/../lib/gcc/arm-none-eabi/11.3.1/thumb/v7e-m+fp/hard/crtbegin.o
 .text          0x00000100       0x7c i:/mcu/gnu_tools_for_arm/11.3_rel1/bin/../lib/gcc/arm-none-eabi/11.3.1/thumb/v7e-m+fp/hard/crt0.o
                0x00000100                _stack_init
                0x00000108                _start
                0x00000108                _mainCRTStartup
 .text          0x0000017c      0xd8c build/adc14.o
                0x000004c4                ADC14_enableModule
                0x000004dc                ADC14_disableModule
                0x00000500                ADC14_enableSampleTimer
                0x00000544                ADC14_disableSampleTimer
                0x00000568                ADC14_initModule
                0x000005c0                ADC14_setResolution
                0x000005e8                ADC14_getResolution
                0x00000604                ADC14_setSampleHoldTrigger
                0x00000658                ADC14_setSampleHoldTime
                0x00000694                ADC14_configureMultiSequenceMode
                0x00000758                ADC14_configureSingleSampleMode
                0x000007c4                ADC14_enableConversion
                0x000007fc                ADC14_toggleConversionTrigger
                0x0000083c                ADC14_disableConversion
                0x0000085c                ADC14_isBusy
                0x00000880                ADC14_configureConversionMemory
                0x0000093c                ADC14_enableComparatorWindow
                0x000009e4                ADC14_disableComparatorWindow
                0x00000a58                ADC14_setComparatorWindowValue
                0x00000b04                ADC14_setResultFormat
                0x00000b44                ADC14_getResult
                0x00000b78                ADC14_getMultiSequenceResult
                0x00000bdc                ADC14_getResultArray
                0x00000c78                ADC14_enableReferenceBurst
                0x00000c9c                ADC14_disableReferenceBurst
                0x00000cc0                ADC14_setPowerMode
                0x00000d18                ADC14_enableInterrupt
                0x00000d6c                ADC14_disableInterrupt
                0x00000dc4                ADC14_getInterruptStatus
                0x00000e1c                ADC14_getEnabledInterruptStatus
                0x00000e80                ADC14_clearInterruptFlag
                0x00000ed4                ADC14_registerInterrupt
                0x00000ef2                ADC14_unregisterInterrupt
 .text          0x00000f08      0x708 build/aes256.o
                0x00000f08                AES256_setCipherKey
                0x00000fda                AES256_encryptData
                0x000010a8                AES256_decryptData
                0x00001174                AES256_setDecipherKey
                0x00001258                AES256_clearInterruptFlag
                0x00001280                AES256_getInterruptFlagStatus
                0x000012a8                AES256_enableInterrupt
                0x000012ce                AES256_disableInterrupt
                0x000012f4                AES256_reset
                0x0000131a                AES256_startEncryptData
                0x00001392                AES256_startDecryptData
                0x00001408                AES256_startSetDecipherKey
                0x000014d4                AES256_getDataOut
                0x00001540                AES256_isBusy
                0x00001570                AES256_clearErrorFlag
                0x00001596                AES256_getErrorFlagStatus
                0x000015bc                AES256_registerInterrupt
                0x000015dc                AES256_unregisterInterrupt
                0x000015f8                AES256_getInterruptStatus
 .text          0x00001610      0x6cc build/comp_e.o
                0x000017be                COMP_E_initModule
                0x000018be                COMP_E_setReferenceVoltage
                0x0000196a                COMP_E_setReferenceAccuracy
                0x000019b0                COMP_E_setPowerMode
                0x000019de                COMP_E_enableModule
                0x00001a06                COMP_E_disableModule
                0x00001a2e                COMP_E_shortInputs
                0x00001a56                COMP_E_unshortInputs
                0x00001a7e                COMP_E_disableInputBuffer
                0x00001aa6                COMP_E_enableInputBuffer
                0x00001ad2                COMP_E_swapIO
                0x00001af6                COMP_E_outputValue
                0x00001b18                COMP_E_enableInterrupt
                0x00001b40                COMP_E_getEnabledInterruptStatus
                0x00001b60                COMP_E_disableInterrupt
                0x00001b8c                COMP_E_clearInterruptFlag
                0x00001bb8                COMP_E_getInterruptStatus
                0x00001bd6                COMP_E_setInterruptEdgeDirection
                0x00001c22                COMP_E_toggleInterruptEdgeDirection
                0x00001c46                COMP_E_registerInterrupt
                0x00001c94                COMP_E_unregisterInterrupt
 .text          0x00001cdc       0x42 build/cpu.o
                0x00001cdc                CPU_cpsid
                0x00001cea                CPU_primask
                0x00001cf6                CPU_cpsie
                0x00001d04                CPU_wfi
                0x00001d0a                CPU_basepriSet
                0x00001d12                CPU_basepriGet
 *fill*         0x00001d1e        0x2 
 .text          0x00001d20      0x1e8 build/crc32.o
                0x00001d20                CRC32_setSeed
                0x00001d5e                CRC32_set8BitData
                0x00001d90                CRC32_set16BitData
                0x00001dc0                CRC32_set32BitData
                0x00001dea                CRC32_set8BitDataReversed
                0x00001e20                CRC32_set16BitDataReversed
                0x00001e50                CRC32_set32BitDataReversed
                0x00001e7c                CRC32_getResult
                0x00001ec2                CRC32_getResultReversed
 .text          0x00001f08      0xf84 build/cs.o
                0x00002260                CS_setExternalClockSourceFrequency
                0x0000228c                CS_initClockSignal
                0x00002418                CS_startHFXT
                0x00002436                CS_startHFXTWithTimeout
                0x00002528                CS_startLFXT
                0x00002542                CS_startLFXTWithTimeout
                0x0000262c                CS_enableClockRequest
                0x00002664                CS_disableClockRequest
                0x0000269c                CS_setReferenceOscillatorFrequency
                0x000026d4                CS_enableDCOExternalResistor
                0x00002704                CS_setDCOExternalResistorCalibration
                0x00002798                CS_disableDCOExternalResistor
                0x000027c8                CS_setDCOCenteredFrequency
                0x00002804                CS_tuneDCOFrequency
                0x00002888                CS_getDCOFrequency
                0x000029a0                CS_setDCOFrequency
                0x00002b54                CS_getBCLK
                0x00002b80                CS_getHSMCLK
                0x00002bb4                CS_getACLK
                0x00002be8                CS_getSMCLK
                0x00002c1c                CS_getMCLK
                0x00002c50                CS_enableFaultCounter
                0x00002c98                CS_disableFaultCounter
                0x00002ce0                CS_resetFaultCounter
                0x00002d28                CS_startFaultCounter
                0x00002d80                CS_enableInterrupt
                0x00002db8                CS_disableInterrupt
                0x00002df0                CS_getInterruptStatus
                0x00002e08                CS_getEnabledInterruptStatus
                0x00002e20                CS_clearInterruptFlag
                0x00002e58                CS_registerInterrupt
                0x00002e76                CS_unregisterInterrupt
 .text          0x00002e8c      0xa20 build/dma.o
                0x00002e8c                DMA_enableModule
                0x00002ea4                DMA_disableModule
                0x00002ee8                DMA_getErrorStatus
                0x00002f00                DMA_clearErrorStatus
                0x00002f18                DMA_enableChannel
                0x00002f40                DMA_disableChannel
                0x00002f68                DMA_isChannelEnabled
                0x00002f9c                DMA_setControlBase
                0x00002fbc                DMA_getControlBase
                0x00002fd4                DMA_getControlAlternateBase
                0x00002fec                DMA_requestChannel
                0x00003014                DMA_enableChannelAttribute
                0x00003088                DMA_disableChannelAttribute
                0x000030fc                DMA_getChannelAttribute
                0x0000318c                DMA_setChannelControl
                0x000031d4                DMA_setChannelTransfer
                0x000032d8                DMA_setChannelScatterGather
                0x0000336c                DMA_getChannelSize
                0x000033b4                DMA_getChannelMode
                0x00003408                DMA_assignChannel
                0x000036cc                DMA_assignInterrupt
                0x0000373c                DMA_requestSoftwareTransfer
                0x00003768                DMA_getInterruptStatus
                0x00003780                DMA_clearInterruptFlag
                0x000037b0                DMA_enableInterrupt
                0x00003810                DMA_disableInterrupt
                0x00003870                DMA_registerInterrupt
                0x00003890                DMA_unregisterInterrupt
 .text          0x000038ac     0x1af0 build/flash.o
                0x00003bca                FlashCtl_getMemoryInfo
                0x00003fb0                FlashCtl_enableReadBuffering
                0x00004028                FlashCtl_disableReadBuffering
                0x000040a0                FlashCtl_unprotectSector
                0x00004144                FlashCtl_protectSector
                0x000041cc                FlashCtl_isSectorProtected
                0x00004260                FlashCtl_verifyMemory
                0x00004508                FlashCtl_setReadMode
                0x0000458c                FlashCtl_getReadMode
                0x000045cc                FlashCtl_initiateMassErase
                0x000045f8                FlashCtl_performMassErase
                0x000047d0                FlashCtl_eraseSector
                0x00004924                FlashCtl_initiateSectorErase
                0x000049c4                FlashCtl_programMemory
                0x00004b6c                FlashCtl_setProgramVerification
                0x00004bd0                FlashCtl_clearProgramVerification
                0x00004c34                FlashCtl_enableWordProgramming
                0x00004c78                FlashCtl_disableWordProgramming
                0x00004c90                FlashCtl_isWordProgrammingEnabled
                0x00004cc4                FlashCtl_setWaitState
                0x00004d10                FlashCtl_getWaitState
                0x00004d50                FlashCtl_enableInterrupt
                0x00004d78                FlashCtl_disableInterrupt
                0x00004da4                FlashCtl_getInterruptStatus
                0x00004dbc                FlashCtl_getEnabledInterruptStatus
                0x00004dd8                FlashCtl_clearInterruptFlag
                0x00004e00                FlashCtl_registerInterrupt
                0x00004e1e                FlashCtl_unregisterInterrupt
                0x00004e32                __FlashCtl_remaskData8Post
                0x00004ec4                __FlashCtl_remaskData8Pre
                0x00004f5c                __FlashCtl_remaskData32Post
                0x0000503c                __FlashCtl_remaskData32Pre
                0x00005120                __FlashCtl_remaskBurstDataPre
                0x00005264                __FlashCtl_remaskBurstDataPost
 .text          0x0000539c      0x14c build/fpu.o
                0x0000539c                FPU_enableModule
                0x000053c0                FPU_disableModule
                0x000053e4                FPU_enableStacking
                0x00005408                FPU_enableLazyStacking
                0x00005428                FPU_disableStacking
                0x00005448                FPU_setHalfPrecisionMode
                0x00005470                FPU_setNaNMode
                0x00005498                FPU_setFlushToZeroMode
                0x000054c0                FPU_setRoundingMode
 .text          0x000054e8      0x7e4 build/gpio.o
                0x000054e8                GPIO_setAsOutputPin
                0x00005558                GPIO_setAsInputPin
                0x000055e4                GPIO_setAsPeripheralModuleFunctionOutputPin
                0x000056cc                GPIO_setAsPeripheralModuleFunctionInputPin
                0x000057b8                GPIO_setOutputHighOnPin
                0x000057f4                GPIO_setOutputLowOnPin
                0x00005834                GPIO_toggleOutputOnPin
                0x00005870                GPIO_setAsInputPinWithPullDownResistor
                0x00005914                GPIO_setAsInputPinWithPullUpResistor
                0x000059b4                GPIO_getInputPinValue
                0x000059f4                GPIO_enableInterrupt
                0x00005a30                GPIO_disableInterrupt
                0x00005a70                GPIO_getInterruptStatus
                0x00005aa4                GPIO_clearInterruptFlag
                0x00005ae4                GPIO_interruptEdgeSelect
                0x00005b44                GPIO_getEnabledInterruptStatus
                0x00005bf4                GPIO_setDriveStrengthHigh
                0x00005c30                GPIO_setDriveStrengthLow
                0x00005c70                GPIO_registerInterrupt
                0x00005ca0                GPIO_unregisterInterrupt
 .text          0x00005ccc      0xdb0 build/i2c.o
                0x00005ccc                I2C_initMaster
                0x00005d52                I2C_initSlave
                0x00005dae                I2C_enableModule
                0x00005dd2                I2C_disableModule
                0x00005df6                I2C_setSlaveAddress
                0x00005e14                I2C_setMode
                0x00005e42                I2C_setTimeout
                0x00005ea4                I2C_masterReceiveSingleByte
                0x00005f3e                I2C_slavePutData
                0x00005f5e                I2C_slaveGetData
                0x00005f7a                I2C_isBusBusy
                0x00005fa2                I2C_masterSendSingleByte
                0x00006062                I2C_masterSendSingleByteWithTimeout
                0x00006148                I2C_masterSendMultiByteStart
                0x000061d8                I2C_masterSendMultiByteStartWithTimeout
                0x00006284                I2C_masterSendMultiByteNext
                0x000062d6                I2C_masterSendMultiByteNextWithTimeout
                0x00006342                I2C_masterSendMultiByteFinish
                0x000063f6                I2C_masterSendMultiByteFinishWithTimeout
                0x000064c0                I2C_masterSendMultiByteStop
                0x00006518                I2C_masterSendMultiByteStopWithTimeout
                0x0000658a                I2C_masterReceiveStart
                0x000065b8                I2C_masterReceiveMultiByteNext
                0x000065d4                I2C_masterReceiveMultiByteFinish
                0x00006632                I2C_masterReceiveMultiByteFinishWithTimeout
                0x000066ca                I2C_masterReceiveMultiByteStop
                0x000066f0                I2C_masterReceiveSingle
                0x0000673a                I2C_getReceiveBufferAddressForDMA
                0x00006752                I2C_getTransmitBufferAddressForDMA
                0x0000676a                I2C_masterIsStopSent
                0x00006790                I2C_masterIsStartSent
                0x000067c0                I2C_masterSendStart
                0x000067e6                I2C_enableMultiMasterMode
                0x0000681c                I2C_disableMultiMasterMode
                0x00006852                I2C_enableInterrupt
                0x0000687a                I2C_disableInterrupt
                0x000068a6                I2C_clearInterruptFlag
                0x000068d2                I2C_getInterruptStatus
                0x000068f6                I2C_getEnabledInterruptStatus
                0x00006916                I2C_getMode
                0x00006934                I2C_registerInterrupt
                0x000069c8                I2C_unregisterInterrupt
                0x00006a54                I2C_slaveSendNAK
 .text          0x00006a7c      0x548 build/interrupt.o
                0x00006a82                Interrupt_enableMaster
                0x00006a9a                Interrupt_disableMaster
                0x00006ab2                Interrupt_registerInterrupt
                0x00006b18                Interrupt_unregisterInterrupt
                0x00006b40                Interrupt_setPriorityGrouping
                0x00006b90                Interrupt_getPriorityGrouping
                0x00006bdc                Interrupt_setPriority
                0x00006c44                Interrupt_getPriority
                0x00006c78                Interrupt_enableInterrupt
                0x00006d0c                Interrupt_disableInterrupt
                0x00006da0                Interrupt_isEnabled
                0x00006e40                Interrupt_pendInterrupt
                0x00006ebc                Interrupt_unpendInterrupt
                0x00006f24                Interrupt_setPriorityMask
                0x00006f3e                Interrupt_getPriorityMask
                0x00006f4e                Interrupt_setVectorTableAddress
                0x00006f6c                Interrupt_getVectorTableAddress
                0x00006f84                Interrupt_enableSleepOnIsrExit
                0x00006fa4                Interrupt_disableSleepOnIsrExit
 .text          0x00006fc4      0x16c build/mpu.o
                0x00006fc4                MPU_enableModule
                0x00006fe8                MPU_disableModule
                0x00007008                MPU_getRegionCount
                0x00007024                MPU_enableRegion
                0x00007050                MPU_disableRegion
                0x0000707c                MPU_setRegion
                0x000070b4                MPU_getRegion
                0x000070ec                MPU_registerInterrupt
                0x00007104                MPU_unregisterInterrupt
                0x00007112                MPU_enableInterrupt
                0x00007120                MPU_disableInterrupt
 .text          0x00007130      0xb08 build/pcm.o
                0x00007250                PCM_setCoreVoltageLevel
                0x0000726c                PCM_setCoreVoltageLevelWithTimeout
                0x0000728a                PCM_setCoreVoltageLevelNonBlocking
                0x000072a6                PCM_getPowerMode
                0x00007316                PCM_getCoreVoltageLevel
                0x00007508                PCM_setPowerMode
                0x00007524                PCM_setPowerModeNonBlocking
                0x00007540                PCM_setPowerModeWithTimeout
                0x000078ec                PCM_setPowerState
                0x00007908                PCM_setPowerStateWithTimeout
                0x00007926                PCM_setPowerStateNonBlocking
                0x00007942                PCM_shutdownDevice
                0x000079a8                PCM_gotoLPM4
                0x000079be                PCM_gotoLPM4InterruptSafe
                0x000079e2                PCM_gotoLPM0
                0x00007a14                PCM_gotoLPM0InterruptSafe
                0x00007a38                PCM_gotoLPM3
                0x00007ad4                PCM_gotoLPM3InterruptSafe
                0x00007af8                PCM_getPowerState
                0x00007b18                PCM_enableRudeMode
                0x00007b3c                PCM_disableRudeMode
                0x00007b64                PCM_enableInterrupt
                0x00007b88                PCM_disableInterrupt
                0x00007bb0                PCM_getInterruptStatus
                0x00007bc8                PCM_getEnabledInterruptStatus
                0x00007be0                PCM_clearInterruptFlag
                0x00007c04                PCM_registerInterrupt
                0x00007c22                PCM_unregisterInterrupt
 .text          0x00007c38       0x84 build/pmap.o
                0x00007c38                PMAP_configurePorts
 .text          0x00007cbc      0x28c build/pss.o
                0x00007cf0                PSS_enableForcedDCDCOperation
                0x00007d0c                PSS_disableForcedDCDCOperation
                0x00007d28                PSS_enableHighSidePinToggle
                0x00007d70                PSS_disableHighSidePinToggle
                0x00007d8c                PSS_enableHighSide
                0x00007da8                PSS_disableHighSide
                0x00007dc4                PSS_setHighSidePerformanceMode
                0x00007df4                PSS_getHighSidePerformanceMode
                0x00007e18                PSS_enableHighSideMonitor
                0x00007e34                PSS_disableHighSideMonitor
                0x00007e50                PSS_setHighSideVoltageTrigger
                0x00007e8c                PSS_getHighSideVoltageTrigger
                0x00007ea8                PSS_enableInterrupt
                0x00007ec4                PSS_disableInterrupt
                0x00007ee0                PSS_getInterruptStatus
                0x00007ef8                PSS_clearInterruptFlag
                0x00007f14                PSS_registerInterrupt
                0x00007f32                PSS_unregisterInterrupt
 .text          0x00007f48      0x1c0 build/ref_a.o
                0x00007f48                REF_A_setReferenceVoltage
                0x00007f78                REF_A_disableTempSensor
                0x00007f90                REF_A_enableTempSensor
                0x00007fa8                REF_A_enableReferenceVoltageOutput
                0x00007fc0                REF_A_disableReferenceVoltageOutput
                0x00007fd8                REF_A_enableReferenceVoltage
                0x00007ff0                REF_A_disableReferenceVoltage
                0x00008008                REF_A_getBandgapMode
                0x00008024                REF_A_isBandgapActive
                0x00008048                REF_A_isRefGenBusy
                0x0000806c                REF_A_isRefGenActive
                0x00008090                REF_A_getBufferedBandgapVoltageStatus
                0x000080b4                REF_A_getVariableReferenceVoltageStatus
                0x000080d8                REF_A_setReferenceVoltageOneTimeTrigger
                0x000080f0                REF_A_setBufferedBandgapVoltageOneTimeTrigger
 .text          0x00008108      0x180 build/reset.o
                0x00008108                ResetCtl_initiateSoftReset
                0x0000812c                ResetCtl_initiateSoftResetWithSource
                0x00008150                ResetCtl_getSoftResetSource
                0x00008168                ResetCtl_clearSoftResetSource
                0x0000818c                ResetCtl_initiateHardReset
                0x000081b0                ResetCtl_initiateHardResetWithSource
                0x000081d4                ResetCtl_getHardResetSource
                0x000081ec                ResetCtl_clearHardResetSource
                0x00008210                ResetCtl_getPSSSource
                0x00008228                ResetCtl_clearPSSFlags
                0x0000824c                ResetCtl_getPCMSource
                0x00008264                ResetCtl_clearPCMFlags
 .text          0x00008288      0x7d0 build/rtc_c.o
                0x00008288                RTC_C_startClock
                0x000082cc                RTC_C_holdClock
                0x00008310                RTC_C_setCalibrationFrequency
                0x00008368                RTC_C_setCalibrationData
                0x000083b8                RTC_C_setTemperatureCompensation
                0x00008408                RTC_C_initCalendar
                0x000084bc                RTC_C_getCalendarTime
                0x0000854c                RTC_C_setCalendarAlarm
                0x000085b0                RTC_C_setCalendarEvent
                0x00008608                RTC_C_definePrescaleEvent
                0x00008678                RTC_C_getPrescaleValue
                0x000086b4                RTC_C_setPrescaleValue
                0x00008734                RTC_C_convertBCDToBinary
                0x0000875c                RTC_C_convertBinaryToBCD
                0x00008784                RTC_C_enableInterrupt
                0x00008804                RTC_C_disableInterrupt
                0x00008890                RTC_C_getInterruptStatus
                0x0000890c                RTC_C_getEnabledInterruptStatus
                0x000089a8                RTC_C_clearInterruptFlag
                0x00008a24                RTC_C_registerInterrupt
                0x00008a42                RTC_C_unregisterInterrupt
 .text          0x00008a58      0xd14 build/spi.o
                0x00008aa4                SPI_initMaster
                0x00008ba2                SPI_selectFourPinFunctionality
                0x00008bda                SPI_changeMasterClock
                0x00008c10                SPI_initSlave
                0x00008cd0                SPI_changeClockPhasePolarity
                0x00008d12                SPI_transmitData
                0x00008d4a                SPI_receiveData
                0x00008d78                SPI_enableModule
                0x00008da2                SPI_disableModule
                0x00008dcc                SPI_getReceiveBufferAddressForDMA
                0x00008dfa                SPI_getTransmitBufferAddressForDMA
                0x00008e28                SPI_isBusy
                0x00008e56                SPI_enableInterrupt
                0x00008e8e                SPI_disableInterrupt
                0x00008ec6                SPI_getInterruptStatus
                0x00008f04                SPI_getEnabledInterruptStatus
                0x00008f46                SPI_clearInterruptFlag
                0x00008f7e                SPI_registerInterrupt
                0x000090a4                SPI_unregisterInterrupt
                0x000091b8                EUSCI_B_SPI_select4PinFunctionality
                0x000091ec                EUSCI_B_SPI_masterChangeClock
                0x00009232                EUSCI_B_SPI_slaveInit
                0x0000929e                EUSCI_B_SPI_changeClockPhasePolarity
                0x000092fc                EUSCI_B_SPI_transmitData
                0x0000931c                EUSCI_B_SPI_receiveData
                0x00009338                EUSCI_B_SPI_enableInterrupt
                0x00009360                EUSCI_B_SPI_disableInterrupt
                0x00009392                EUSCI_B_SPI_getInterruptStatus
                0x000093b8                EUSCI_B_SPI_clearInterruptFlag
                0x000093ea                EUSCI_B_SPI_enable
                0x0000940e                EUSCI_B_SPI_disable
                0x00009432                EUSCI_B_SPI_getReceiveBufferAddressForDMA
                0x0000944a                EUSCI_B_SPI_getTransmitBufferAddressForDMA
                0x00009462                EUSCI_B_SPI_isBusy
                0x00009492                EUSCI_A_SPI_select4PinFunctionality
                0x000094c6                EUSCI_A_SPI_masterChangeClock
                0x0000950c                EUSCI_A_SPI_slaveInit
                0x00009578                EUSCI_A_SPI_changeClockPhasePolarity
                0x000095d6                EUSCI_A_SPI_transmitData
                0x000095f6                EUSCI_A_SPI_receiveData
                0x00009612                EUSCI_A_SPI_enableInterrupt
                0x0000963a                EUSCI_A_SPI_disableInterrupt
                0x0000966c                EUSCI_A_SPI_getInterruptStatus
                0x00009692                EUSCI_A_SPI_clearInterruptFlag
                0x000096c4                EUSCI_A_SPI_enable
                0x000096e8                EUSCI_A_SPI_disable
                0x0000970c                EUSCI_A_SPI_getReceiveBufferAddressForDMA
                0x00009724                EUSCI_A_SPI_getTransmitBufferAddressForDMA
                0x0000973c                EUSCI_A_SPI_isBusy
 .text          0x0000976c      0x40c build/sysctl.o
                0x0000976c                SysCtl_getTLVInfo
                0x00009800                SysCtl_getSRAMSize
                0x00009818                SysCtl_getFlashSize
                0x00009830                SysCtl_disableNMISource
                0x00009858                SysCtl_enableNMISource
                0x0000987c                SysCtl_getNMISourceStatus
                0x00009898                SysCtl_enableSRAMBank
                0x000098c8                SysCtl_disableSRAMBank
                0x000099d0                SysCtl_enableSRAMBankRetention
                0x00009a04                SysCtl_disableSRAMBankRetention
                0x00009a38                SysCtl_rebootDevice
                0x00009a54                SysCtl_enablePeripheralAtCPUHalt
                0x00009a7c                SysCtl_disablePeripheralAtCPUHalt
                0x00009aa0                SysCtl_setWDTTimeoutResetType
                0x00009ad8                SysCtl_setWDTPasswordViolationResetType
                0x00009b10                SysCtl_enableGlitchFilter
                0x00009b30                SysCtl_disableGlitchFilter
                0x00009b50                SysCtl_getTempCalibrationConstant
 .text          0x00009b78       0xf4 build/systick.o
                0x00009b78                SysTick_enableModule
                0x00009b98                SysTick_disableModule
                0x00009bb8                SysTick_registerInterrupt
                0x00009bd0                SysTick_unregisterInterrupt
                0x00009bde                SysTick_enableInterrupt
                0x00009bfc                SysTick_disableInterrupt
                0x00009c1c                SysTick_setPeriod
                0x00009c3c                SysTick_getPeriod
                0x00009c54                SysTick_getValue
 .text          0x00009c6c      0x262 build/timer32.o
                0x00009c6c                Timer32_initModule
                0x00009d02                Timer32_setCount
                0x00009d4a                Timer32_setCountInBackground
                0x00009d92                Timer32_getValue
                0x00009daa                Timer32_startTimer
                0x00009dfa                Timer32_haltTimer
                0x00009e1a                Timer32_enableInterrupt
                0x00009e3a                Timer32_disableInterrupt
                0x00009e5a                Timer32_clearInterruptFlag
                0x00009e7a                Timer32_getInterruptStatus
                0x00009e92                Timer32_registerInterrupt
                0x00009eb2                Timer32_unregisterInterrupt
 *fill*         0x00009ece        0x2 
 .text          0x00009ed0      0xaa8 build/timer_a.o
                0x0000a080                Timer_A_startCounter
                0x0000a0a8                Timer_A_configureContinuousMode
                0x0000a0fa                Timer_A_configureUpMode
                0x0000a192                Timer_A_configureUpDownMode
                0x0000a22a                Timer_A_initCapture
                0x0000a2a4                Timer_A_initCompare
                0x0000a30c                Timer_A_getCounterValue
                0x0000a366                Timer_A_clearTimer
                0x0000a38c                Timer_A_getSynchronizedCaptureCompareInput
                0x0000a3ca                Timer_A_getOutputForOutputModeOutBitValue
                0x0000a40e                Timer_A_getCaptureCompareCount
                0x0000a43c                Timer_A_setOutputForOutputModeOutBitValue
                0x0000a484                Timer_A_generatePWM
                0x0000a52c                Timer_A_stopTimer
                0x0000a550                Timer_A_setCompareValue
                0x0000a584                Timer_A_clearInterruptFlag
                0x0000a5a8                Timer_A_clearCaptureCompareInterrupt
                0x0000a5e0                Timer_A_enableInterrupt
                0x0000a606                Timer_A_disableInterrupt
                0x0000a62c                Timer_A_getInterruptStatus
                0x0000a64a                Timer_A_enableCaptureCompareInterrupt
                0x0000a684                Timer_A_disableCaptureCompareInterrupt
                0x0000a6be                Timer_A_getCaptureCompareInterruptStatus
                0x0000a6f2                Timer_A_getEnabledInterruptStatus
                0x0000a71c                Timer_A_getCaptureCompareEnabledInterruptStatus
                0x0000a766                Timer_A_registerInterrupt
                0x0000a878                Timer_A_unregisterInterrupt
 .text          0x0000a978      0x67c build/uart.o
                0x0000a978                UART_initModule
                0x0000ab0c                UART_transmitData
                0x0000ab5c                UART_receiveData
                0x0000aba6                UART_enableModule
                0x0000abca                UART_disableModule
                0x0000abee                UART_queryStatusFlags
                0x0000ac10                UART_setDormant
                0x0000ac36                UART_resetDormant
                0x0000ac5c                UART_transmitAddress
                0x0000ac8c                UART_transmitBreak
                0x0000ad02                UART_getReceiveBufferAddressForDMA
                0x0000ad1a                UART_getTransmitBufferAddressForDMA
                0x0000ad32                UART_selectDeglitchTime
                0x0000ad60                UART_enableInterrupt
                0x0000adaa                UART_disableInterrupt
                0x0000adfc                UART_getInterruptStatus
                0x0000ae20                UART_getEnabledInterruptStatus
                0x0000aea6                UART_clearInterruptFlag
                0x0000aed2                UART_registerInterrupt
                0x0000af68                UART_unregisterInterrupt
 .text          0x0000aff4      0x164 build/wdt_a.o
                0x0000aff4                WDT_A_holdTimer
                0x0000b028                WDT_A_startTimer
                0x0000b05c                WDT_A_clearTimer
                0x0000b090                WDT_A_initWatchdogTimer
                0x0000b0c4                WDT_A_initIntervalTimer
                0x0000b0f8                WDT_A_setPasswordViolationReset
                0x0000b10e                WDT_A_setTimeoutReset
                0x0000b124                WDT_A_registerInterrupt
                0x0000b142                WDT_A_unregisterInterrupt
 .text          0x0000b158       0x4c build/startup_msp432p401r_gcc.o
                0x0000b158                Reset_Handler
                0x0000b19c                DebugMon_Handler
                0x0000b19c                AES256_IRQHandler
                0x0000b19c                HardFault_Handler
                0x0000b19c                PendSV_Handler
                0x0000b19c                NMI_Handler
                0x0000b19c                RTC_C_IRQHandler
                0x0000b19c                PORT1_IRQHandler
                0x0000b19c                FPU_IRQHandler
                0x0000b19c                PORT2_IRQHandler
                0x0000b19c                TA3_0_IRQHandler
                0x0000b19c                UsageFault_Handler
                0x0000b19c                DMA_INT3_IRQHandler
                0x0000b19c                TA2_0_IRQHandler
                0x0000b19c                DMA_INT1_IRQHandler
                0x0000b19c                WDT_A_IRQHandler
                0x0000b19c                TA2_N_IRQHandler
                0x0000b19c                TA1_0_IRQHandler
                0x0000b19c                CS_IRQHandler
                0x0000b19c                PSS_IRQHandler
                0x0000b19c                DMA_INT2_IRQHandler
                0x0000b19c                EUSCIA3_IRQHandler
                0x0000b19c                DMA_INT0_IRQHandler
                0x0000b19c                PORT4_IRQHandler
                0x0000b19c                PORT5_IRQHandler
                0x0000b19c                EUSCIB0_IRQHandler
                0x0000b19c                Default_Handler
                0x0000b19c                T32_INTC_IRQHandler
                0x0000b19c                TA3_N_IRQHandler
                0x0000b19c                TA0_0_IRQHandler
                0x0000b19c                EUSCIA2_IRQHandler
                0x0000b19c                PORT6_IRQHandler
                0x0000b19c                PORT3_IRQHandler
                0x0000b19c                MemManage_Handler
                0x0000b19c                SVC_Handler
                0x0000b19c                TA1_N_IRQHandler
                0x0000b19c                EUSCIA1_IRQHandler
                0x0000b19c                COMP_E1_IRQHandler
                0x0000b19c                EUSCIB2_IRQHandler
                0x0000b19c                FLCTL_IRQHandler
                0x0000b19c                EUSCIB3_IRQHandler
                0x0000b19c                T32_INT1_IRQHandler
                0x0000b19c                DMA_ERR_IRQHandler
                0x0000b19c                ADC14_IRQHandler
                0x0000b19c                EUSCIA0_IRQHandler
                0x0000b19c                BusFault_Handler
                0x0000b19c                PCM_IRQHandler
                0x0000b19c                TA0_N_IRQHandler
                0x0000b19c                COMP_E0_IRQHandler
                0x0000b19c                EUSCIB1_IRQHandler
                0x0000b19c                T32_INT2_IRQHandler
 .text          0x0000b1a4      0x394 build/system_msp432p401r.o
                0x0000b1a4                SystemCoreClockUpdate
                0x0000b4b8                SystemInit
 .text          0x0000b538      0x214 build/syscalls.o
                0x0000b538                initialise_monitor_handles
                0x0000b546                _getpid
                0x0000b556                _kill
                0x0000b576                _exit
                0x0000b58a                _read
                0x0000b5c4                _write
                0x0000b5fc                _close
                0x0000b614                _fstat
                0x0000b634                _isatty
                0x0000b64a                _lseek
                0x0000b664                _open
                0x0000b680                _wait
                0x0000b69e                _unlink
                0x0000b6bc                _times
                0x0000b6d4                _stat
                0x0000b6f4                _link
                0x0000b714                _fork
                0x0000b72a                _execve
 .text          0x0000b74c      0x1dc build/main.o
                0x0000b74c                main
                0x0000b804                Clock_Configuration()
                0x0000b842                Clock_Information()
 .text          0x0000b928      0x4c4 build/user_uart.o
                0x0000b928                User_Uart_T::m_send_Nchar(unsigned char*, unsigned long)
                0x0000b988                User_Uart_T::User_Uart_T(EUSCI_A_Type*, unsigned long)
                0x0000b988                User_Uart_T::User_Uart_T(EUSCI_A_Type*, unsigned long)
                0x0000b9ae                User_Uart_T::~User_Uart_T()
                0x0000b9ae                User_Uart_T::~User_Uart_T()
                0x0000b9c4                User_Uart_T::init(EUSCI_A_Type*, unsigned long)
                0x0000bb1e                User_Uart_T::send_string(char const*)
                0x0000bb72                User_Uart_T::send_string(unsigned char*)
                0x0000bbc6                User_Uart_T::receive_string(unsigned char*)
                0x0000bc32                User_Uart_T::printf(char const*, ...)
 .text          0x0000bdec      0x1f4 build/user_tick.o
                0x0000bdec                User_Systick_T::User_Systick_T()
                0x0000bdec                User_Systick_T::User_Systick_T()
                0x0000be0c                User_Systick_T::~User_Systick_T()
                0x0000be0c                User_Systick_T::~User_Systick_T()
                0x0000be22                User_Systick_T::init()
                0x0000be46                User_Systick_T::start()
                0x0000bec4                User_Systick_T::stop()
                0x0000bee8                User_Systick_T::set_period(unsigned long)
                0x0000bf0a                User_Systick_T::set_interrupt(unsigned long, bool)
                0x0000bf34                User_Systick_T::handler()
                0x0000bf6a                SysTick_Handler
                0x0000bf7c                User_Systick_T::timing(unsigned long)
 .text          0x0000bfe0      0x334 build/user_nvic.o
                0x0000c100                User_Nvic_T::grouping(unsigned long)
                0x0000c13c                User_Nvic_T::set_up_IRQn(IRQn, unsigned short, bool)
                0x0000c29c                User_Nvic_T::show_enable_irqs()
 .text          0x0000c314      0x578 build/user_iic.o
                0x0000c314                User_IIC_T::m_iic_start()
                0x0000c35a                User_IIC_T::m_iic_stop()
                0x0000c3a8                User_IIC_T::m_iic_send_byte(unsigned char)
                0x0000c458                User_IIC_T::m_iic_receive_byte(bool)
                0x0000c540                User_IIC_T::User_IIC_T(DIO_PORT_Even_Interruptable_Type*)
                0x0000c540                User_IIC_T::User_IIC_T(DIO_PORT_Even_Interruptable_Type*)
                0x0000c58e                User_IIC_T::User_IIC_T(DIO_PORT_Odd_Interruptable_Type*)
                0x0000c58e                User_IIC_T::User_IIC_T(DIO_PORT_Odd_Interruptable_Type*)
                0x0000c5dc                User_IIC_T::~User_IIC_T()
                0x0000c5dc                User_IIC_T::~User_IIC_T()
                0x0000c5f2                User_IIC_T::init(unsigned long)
                0x0000c6a4                User_IIC_T::add_slave(iic_slave*)
                0x0000c6f4                User_IIC_T::select_slave(char const*)
                0x0000c74e                User_IIC_T::write(iic_data*, unsigned long)
                0x0000c7ec                User_IIC_T::read(iic_data*, unsigned long)
 .text          0x0000c88c      0x24c build/user_timer32.o
                0x0000c88c                User_Timer32_T::User_Timer32_T()
                0x0000c88c                User_Timer32_T::User_Timer32_T()
                0x0000c8a2                User_Timer32_T::~User_Timer32_T()
                0x0000c8a2                User_Timer32_T::~User_Timer32_T()
                0x0000c8b8                User_Timer32_T::init(Timer32_Type*, unsigned char)
                0x0000c952                clock::clock()
                0x0000c952                clock::clock()
                0x0000c96c                clock::clock(unsigned char)
                0x0000c96c                clock::clock(unsigned char)
                0x0000c9fc                clock::~clock()
                0x0000c9fc                clock::~clock()
                0x0000ca16                clock::clock_init()
                0x0000ca56                clock::operator=(unsigned long)
                0x0000ca8c                clock::operator>>(float&)
 .text          0x0000cad8      0xd88 build/mpu6050.o
                0x0000cad8                MPU6050_T::MPU6050_T()
                0x0000cad8                MPU6050_T::MPU6050_T()
                0x0000cb74                MPU6050_T::~MPU6050_T()
                0x0000cb74                MPU6050_T::~MPU6050_T()
                0x0000cb8a                MPU6050_T::iic_init()
                0x0000cbb2                MPU6050_T::device_init()
                0x0000cf3c                MPU6050_T::read_all(unsigned char)
                0x0000d2e4                MPU6050_T::kalman_getAngle(unsigned char)
 .text          0x0000d860        0x0 build/iic_bus.o
 .text          0x0000d860        0x0 i:/mcu/gnu_tools_for_arm/11.3_rel1/bin/../lib/gcc/arm-none-eabi/11.3.1/thumb/v7e-m+fp/hard\libstdc++.a(atexit_arm.o)
 .text          0x0000d860        0x0 i:/mcu/gnu_tools_for_arm/11.3_rel1/bin/../lib/gcc/arm-none-eabi/11.3.1/thumb/v7e-m+fp/hard\libstdc++.a(eh_arm.o)
 .text          0x0000d860        0x0 i:/mcu/gnu_tools_for_arm/11.3_rel1/bin/../lib/gcc/arm-none-eabi/11.3.1/thumb/v7e-m+fp/hard\libstdc++.a(eh_exception.o)
 .text          0x0000d860        0x0 i:/mcu/gnu_tools_for_arm/11.3_rel1/bin/../lib/gcc/arm-none-eabi/11.3.1/thumb/v7e-m+fp/hard\libstdc++.a(eh_globals.o)
 .text          0x0000d860        0x0 i:/mcu/gnu_tools_for_arm/11.3_rel1/bin/../lib/gcc/arm-none-eabi/11.3.1/thumb/v7e-m+fp/hard\libstdc++.a(eh_personality.o)
 .text          0x0000d860        0x0 i:/mcu/gnu_tools_for_arm/11.3_rel1/bin/../lib/gcc/arm-none-eabi/11.3.1/thumb/v7e-m+fp/hard\libstdc++.a(eh_terminate.o)
 .text          0x0000d860        0x0 i:/mcu/gnu_tools_for_arm/11.3_rel1/bin/../lib/gcc/arm-none-eabi/11.3.1/thumb/v7e-m+fp/hard\libstdc++.a(eh_unex_handler.o)
 .text          0x0000d860        0x0 i:/mcu/gnu_tools_for_arm/11.3_rel1/bin/../lib/gcc/arm-none-eabi/11.3.1/thumb/v7e-m+fp/hard\libstdc++.a(si_class_type_info.o)
 .text          0x0000d860        0x0 i:/mcu/gnu_tools_for_arm/11.3_rel1/bin/../lib/gcc/arm-none-eabi/11.3.1/thumb/v7e-m+fp/hard\libstdc++.a(tinfo.o)
 .text          0x0000d860        0x0 i:/mcu/gnu_tools_for_arm/11.3_rel1/bin/../lib/gcc/arm-none-eabi/11.3.1/thumb/v7e-m+fp/hard\libstdc++.a(vterminate.o)
 .text          0x0000d860        0x0 i:/mcu/gnu_tools_for_arm/11.3_rel1/bin/../lib/gcc/arm-none-eabi/11.3.1/thumb/v7e-m+fp/hard\libstdc++.a(class_type_info.o)
 .text          0x0000d860        0x0 i:/mcu/gnu_tools_for_arm/11.3_rel1/bin/../lib/gcc/arm-none-eabi/11.3.1/thumb/v7e-m+fp/hard\libstdc++.a(cp-demangle.o)
 .text          0x0000d860        0x0 i:/mcu/gnu_tools_for_arm/11.3_rel1/bin/../lib/gcc/arm-none-eabi/11.3.1/thumb/v7e-m+fp/hard\libstdc++.a(del_ops.o)
 .text          0x0000d860        0x0 i:/mcu/gnu_tools_for_arm/11.3_rel1/bin/../lib/gcc/arm-none-eabi/11.3.1/thumb/v7e-m+fp/hard\libstdc++.a(eh_call.o)
 .text          0x0000d860        0x0 i:/mcu/gnu_tools_for_arm/11.3_rel1/bin/../lib/gcc/arm-none-eabi/11.3.1/thumb/v7e-m+fp/hard\libstdc++.a(eh_catch.o)
 .text          0x0000d860        0x0 i:/mcu/gnu_tools_for_arm/11.3_rel1/bin/../lib/gcc/arm-none-eabi/11.3.1/thumb/v7e-m+fp/hard\libstdc++.a(eh_term_handler.o)
 .text          0x0000d860        0x0 i:/mcu/gnu_tools_for_arm/11.3_rel1/bin/../lib/gcc/arm-none-eabi/11.3.1/thumb/v7e-m+fp/hard\libstdc++.a(eh_throw.o)
 .text          0x0000d860        0x0 i:/mcu/gnu_tools_for_arm/11.3_rel1/bin/../lib/gcc/arm-none-eabi/11.3.1/thumb/v7e-m+fp/hard\libstdc++.a(eh_type.o)
 .text          0x0000d860        0x0 i:/mcu/gnu_tools_for_arm/11.3_rel1/bin/../lib/gcc/arm-none-eabi/11.3.1/thumb/v7e-m+fp/hard\libstdc++.a(del_op.o)
 .text          0x0000d860        0x0 i:/mcu/gnu_tools_for_arm/11.3_rel1/bin/../lib/gcc/arm-none-eabi/11.3.1/thumb/v7e-m+fp/hard\libstdc++.a(eh_alloc.o)
 .text          0x0000d860        0x0 i:/mcu/gnu_tools_for_arm/11.3_rel1/bin/../lib/gcc/arm-none-eabi/11.3.1/thumb/v7e-m+fp/hard\libm.a(libm_a-w_pow.o)
 .text          0x0000d860        0x0 i:/mcu/gnu_tools_for_arm/11.3_rel1/bin/../lib/gcc/arm-none-eabi/11.3.1/thumb/v7e-m+fp/hard\libm.a(libm_a-s_atan.o)
 .text          0x0000d860        0x0 i:/mcu/gnu_tools_for_arm/11.3_rel1/bin/../lib/gcc/arm-none-eabi/11.3.1/thumb/v7e-m+fp/hard\libm.a(libm_a-s_cos.o)
 .text          0x0000d860        0x0 i:/mcu/gnu_tools_for_arm/11.3_rel1/bin/../lib/gcc/arm-none-eabi/11.3.1/thumb/v7e-m+fp/hard\libm.a(libm_a-s_fabs.o)
 .text          0x0000d860        0x0 i:/mcu/gnu_tools_for_arm/11.3_rel1/bin/../lib/gcc/arm-none-eabi/11.3.1/thumb/v7e-m+fp/hard\libm.a(libm_a-s_sin.o)
 .text          0x0000d860        0x0 i:/mcu/gnu_tools_for_arm/11.3_rel1/bin/../lib/gcc/arm-none-eabi/11.3.1/thumb/v7e-m+fp/hard\libm.a(libm_a-s_finite.o)
 .text          0x0000d860        0x0 i:/mcu/gnu_tools_for_arm/11.3_rel1/bin/../lib/gcc/arm-none-eabi/11.3.1/thumb/v7e-m+fp/hard\libm.a(libm_a-k_cos.o)
 .text          0x0000d860        0x0 i:/mcu/gnu_tools_for_arm/11.3_rel1/bin/../lib/gcc/arm-none-eabi/11.3.1/thumb/v7e-m+fp/hard\libm.a(libm_a-k_sin.o)
 .text          0x0000d860        0x0 i:/mcu/gnu_tools_for_arm/11.3_rel1/bin/../lib/gcc/arm-none-eabi/11.3.1/thumb/v7e-m+fp/hard\libm.a(libm_a-e_pow.o)
 .text          0x0000d860        0x0 i:/mcu/gnu_tools_for_arm/11.3_rel1/bin/../lib/gcc/arm-none-eabi/11.3.1/thumb/v7e-m+fp/hard\libm.a(libm_a-e_rem_pio2.o)
 .text          0x0000d860        0x0 i:/mcu/gnu_tools_for_arm/11.3_rel1/bin/../lib/gcc/arm-none-eabi/11.3.1/thumb/v7e-m+fp/hard\libm.a(libm_a-s_scalbn.o)
 .text          0x0000d860        0x0 i:/mcu/gnu_tools_for_arm/11.3_rel1/bin/../lib/gcc/arm-none-eabi/11.3.1/thumb/v7e-m+fp/hard\libm.a(libm_a-math_err.o)
 .text          0x0000d860        0x0 i:/mcu/gnu_tools_for_arm/11.3_rel1/bin/../lib/gcc/arm-none-eabi/11.3.1/thumb/v7e-m+fp/hard\libm.a(libm_a-e_sqrt.o)
 .text          0x0000d860        0x0 i:/mcu/gnu_tools_for_arm/11.3_rel1/bin/../lib/gcc/arm-none-eabi/11.3.1/thumb/v7e-m+fp/hard\libm.a(libm_a-k_rem_pio2.o)
 .text          0x0000d860        0x0 i:/mcu/gnu_tools_for_arm/11.3_rel1/bin/../lib/gcc/arm-none-eabi/11.3.1/thumb/v7e-m+fp/hard\libm.a(libm_a-s_floor.o)
 .text          0x0000d860        0x0 i:/mcu/gnu_tools_for_arm/11.3_rel1/bin/../lib/gcc/arm-none-eabi/11.3.1/thumb/v7e-m+fp/hard\libc.a(libc_a-abort.o)
 .text          0x0000d860        0x0 i:/mcu/gnu_tools_for_arm/11.3_rel1/bin/../lib/gcc/arm-none-eabi/11.3.1/thumb/v7e-m+fp/hard\libc.a(libc_a-exit.o)
 .text          0x0000d860        0x0 i:/mcu/gnu_tools_for_arm/11.3_rel1/bin/../lib/gcc/arm-none-eabi/11.3.1/thumb/v7e-m+fp/hard\libc.a(libc_a-malloc.o)
 .text          0x0000d860        0x0 i:/mcu/gnu_tools_for_arm/11.3_rel1/bin/../lib/gcc/arm-none-eabi/11.3.1/thumb/v7e-m+fp/hard\libc.a(libc_a-mallocr.o)
 .text          0x0000d860        0x0 i:/mcu/gnu_tools_for_arm/11.3_rel1/bin/../lib/gcc/arm-none-eabi/11.3.1/thumb/v7e-m+fp/hard\libc.a(libc_a-mlock.o)
 .text          0x0000d860        0x0 i:/mcu/gnu_tools_for_arm/11.3_rel1/bin/../lib/gcc/arm-none-eabi/11.3.1/thumb/v7e-m+fp/hard\libc.a(libc_a-realloc.o)
 .text          0x0000d860        0x0 i:/mcu/gnu_tools_for_arm/11.3_rel1/bin/../lib/gcc/arm-none-eabi/11.3.1/thumb/v7e-m+fp/hard\libc.a(libc_a-reallocr.o)
 .text          0x0000d860        0x0 i:/mcu/gnu_tools_for_arm/11.3_rel1/bin/../lib/gcc/arm-none-eabi/11.3.1/thumb/v7e-m+fp/hard\libc.a(libc_a-cxa_atexit.o)
 .text          0x0000d860        0x0 i:/mcu/gnu_tools_for_arm/11.3_rel1/bin/../lib/gcc/arm-none-eabi/11.3.1/thumb/v7e-m+fp/hard\libc.a(libc_a-findfp.o)
 .text          0x0000d860        0x0 i:/mcu/gnu_tools_for_arm/11.3_rel1/bin/../lib/gcc/arm-none-eabi/11.3.1/thumb/v7e-m+fp/hard\libc.a(libc_a-fputc.o)
 .text          0x0000d860        0x0 i:/mcu/gnu_tools_for_arm/11.3_rel1/bin/../lib/gcc/arm-none-eabi/11.3.1/thumb/v7e-m+fp/hard\libc.a(libc_a-fputs.o)
 .text          0x0000d860        0x0 i:/mcu/gnu_tools_for_arm/11.3_rel1/bin/../lib/gcc/arm-none-eabi/11.3.1/thumb/v7e-m+fp/hard\libc.a(libc_a-fvwrite.o)
 .text          0x0000d860        0x0 i:/mcu/gnu_tools_for_arm/11.3_rel1/bin/../lib/gcc/arm-none-eabi/11.3.1/thumb/v7e-m+fp/hard\libc.a(libc_a-fwalk.o)
 .text          0x0000d860        0x0 i:/mcu/gnu_tools_for_arm/11.3_rel1/bin/../lib/gcc/arm-none-eabi/11.3.1/thumb/v7e-m+fp/hard\libc.a(libc_a-fwrite.o)
 .text          0x0000d860        0x0 i:/mcu/gnu_tools_for_arm/11.3_rel1/bin/../lib/gcc/arm-none-eabi/11.3.1/thumb/v7e-m+fp/hard\libc.a(libc_a-putc.o)
 .text          0x0000d860        0x0 i:/mcu/gnu_tools_for_arm/11.3_rel1/bin/../lib/gcc/arm-none-eabi/11.3.1/thumb/v7e-m+fp/hard\libc.a(libc_a-sprintf.o)
 .text          0x0000d860        0x0 i:/mcu/gnu_tools_for_arm/11.3_rel1/bin/../lib/gcc/arm-none-eabi/11.3.1/thumb/v7e-m+fp/hard\libc.a(libc_a-stdio.o)
 .text          0x0000d860        0x0 i:/mcu/gnu_tools_for_arm/11.3_rel1/bin/../lib/gcc/arm-none-eabi/11.3.1/thumb/v7e-m+fp/hard\libc.a(libc_a-wbuf.o)
 .text          0x0000d860        0x0 i:/mcu/gnu_tools_for_arm/11.3_rel1/bin/../lib/gcc/arm-none-eabi/11.3.1/thumb/v7e-m+fp/hard\libc.a(libc_a-wsetup.o)
 .text          0x0000d860        0x0 i:/mcu/gnu_tools_for_arm/11.3_rel1/bin/../lib/gcc/arm-none-eabi/11.3.1/thumb/v7e-m+fp/hard\libc.a(libc_a-memcmp.o)
 .text          0x0000d860        0x0 i:/mcu/gnu_tools_for_arm/11.3_rel1/bin/../lib/gcc/arm-none-eabi/11.3.1/thumb/v7e-m+fp/hard\libc.a(libc_a-memmove.o)
 .text          0x0000d860        0x0 i:/mcu/gnu_tools_for_arm/11.3_rel1/bin/../lib/gcc/arm-none-eabi/11.3.1/thumb/v7e-m+fp/hard\libc.a(libc_a-memset.o)
 .text          0x0000d860        0x0 i:/mcu/gnu_tools_for_arm/11.3_rel1/bin/../lib/gcc/arm-none-eabi/11.3.1/thumb/v7e-m+fp/hard\libc.a(libc_a-strncmp.o)
 .text          0x0000d860        0x0 i:/mcu/gnu_tools_for_arm/11.3_rel1/bin/../lib/gcc/arm-none-eabi/11.3.1/thumb/v7e-m+fp/hard\libc.a(libc_a-signal.o)
 .text          0x0000d860        0x0 i:/mcu/gnu_tools_for_arm/11.3_rel1/bin/../lib/gcc/arm-none-eabi/11.3.1/thumb/v7e-m+fp/hard\libc.a(libc_a-closer.o)
 .text          0x0000d860        0x0 i:/mcu/gnu_tools_for_arm/11.3_rel1/bin/../lib/gcc/arm-none-eabi/11.3.1/thumb/v7e-m+fp/hard\libc.a(libc_a-reent.o)
 .text          0x0000d860        0x0 i:/mcu/gnu_tools_for_arm/11.3_rel1/bin/../lib/gcc/arm-none-eabi/11.3.1/thumb/v7e-m+fp/hard\libc.a(libc_a-impure.o)
 .text          0x0000d860        0x0 i:/mcu/gnu_tools_for_arm/11.3_rel1/bin/../lib/gcc/arm-none-eabi/11.3.1/thumb/v7e-m+fp/hard\libc.a(libc_a-lseekr.o)
 .text          0x0000d860        0x0 i:/mcu/gnu_tools_for_arm/11.3_rel1/bin/../lib/gcc/arm-none-eabi/11.3.1/thumb/v7e-m+fp/hard\libc.a(libc_a-readr.o)
 .text          0x0000d860        0x0 i:/mcu/gnu_tools_for_arm/11.3_rel1/bin/../lib/gcc/arm-none-eabi/11.3.1/thumb/v7e-m+fp/hard\libc.a(libc_a-signalr.o)
 .text          0x0000d860        0x0 i:/mcu/gnu_tools_for_arm/11.3_rel1/bin/../lib/gcc/arm-none-eabi/11.3.1/thumb/v7e-m+fp/hard\libc.a(libc_a-sbrkr.o)
 .text          0x0000d860        0x0 i:/mcu/gnu_tools_for_arm/11.3_rel1/bin/../lib/gcc/arm-none-eabi/11.3.1/thumb/v7e-m+fp/hard\libc.a(libc_a-writer.o)
 .text          0x0000d860        0x0 i:/mcu/gnu_tools_for_arm/11.3_rel1/bin/../lib/gcc/arm-none-eabi/11.3.1/thumb/v7e-m+fp/hard\libc.a(libc_a-errno.o)
 .text          0x0000d860        0x0 i:/mcu/gnu_tools_for_arm/11.3_rel1/bin/../lib/gcc/arm-none-eabi/11.3.1/thumb/v7e-m+fp/hard\libc.a(libc_a-init.o)
 .text          0x0000d860        0x0 i:/mcu/gnu_tools_for_arm/11.3_rel1/bin/../lib/gcc/arm-none-eabi/11.3.1/thumb/v7e-m+fp/hard\libc.a(libc_a-lock.o)
 .text          0x0000d860      0x2dc i:/mcu/gnu_tools_for_arm/11.3_rel1/bin/../lib/gcc/arm-none-eabi/11.3.1/thumb/v7e-m+fp/hard\libc.a(libc_a-strcmp.o)
                0x0000d868                strcmp
 *fill*         0x0000db3c        0x4 
 .text          0x0000db40       0xa0 i:/mcu/gnu_tools_for_arm/11.3_rel1/bin/../lib/gcc/arm-none-eabi/11.3.1/thumb/v7e-m+fp/hard\libc.a(libc_a-memchr.o)
                0x0000db40                memchr
 .text          0x0000dbe0      0x134 i:/mcu/gnu_tools_for_arm/11.3_rel1/bin/../lib/gcc/arm-none-eabi/11.3.1/thumb/v7e-m+fp/hard\libc.a(libc_a-memcpy.o)
                0x0000dbe0                memcpy
 *fill*         0x0000dd14       0x2c 
 .text          0x0000dd40       0xdc i:/mcu/gnu_tools_for_arm/11.3_rel1/bin/../lib/gcc/arm-none-eabi/11.3.1/thumb/v7e-m+fp/hard\libc.a(libc_a-strlen.o)
                0x0000dd40                strlen
 .text          0x0000de1c        0x0 i:/mcu/gnu_tools_for_arm/11.3_rel1/bin/../lib/gcc/arm-none-eabi/11.3.1/thumb/v7e-m+fp/hard\libc.a(libc_a-__atexit.o)
 .text          0x0000de1c        0x0 i:/mcu/gnu_tools_for_arm/11.3_rel1/bin/../lib/gcc/arm-none-eabi/11.3.1/thumb/v7e-m+fp/hard\libc.a(libc_a-__call_atexit.o)
 .text          0x0000de1c        0x0 i:/mcu/gnu_tools_for_arm/11.3_rel1/bin/../lib/gcc/arm-none-eabi/11.3.1/thumb/v7e-m+fp/hard\libc.a(libc_a-atexit.o)
 .text          0x0000de1c        0x0 i:/mcu/gnu_tools_for_arm/11.3_rel1/bin/../lib/gcc/arm-none-eabi/11.3.1/thumb/v7e-m+fp/hard\libc.a(libc_a-freer.o)
 .text          0x0000de1c        0x0 i:/mcu/gnu_tools_for_arm/11.3_rel1/bin/../lib/gcc/arm-none-eabi/11.3.1/thumb/v7e-m+fp/hard\libc.a(libc_a-svfprintf.o)
 .text          0x0000de1c        0x0 i:/mcu/gnu_tools_for_arm/11.3_rel1/bin/../lib/gcc/arm-none-eabi/11.3.1/thumb/v7e-m+fp/hard\libc.a(libc_a-fclose.o)
 .text          0x0000de1c        0x0 i:/mcu/gnu_tools_for_arm/11.3_rel1/bin/../lib/gcc/arm-none-eabi/11.3.1/thumb/v7e-m+fp/hard\libc.a(libc_a-fflush.o)
 .text          0x0000de1c        0x0 i:/mcu/gnu_tools_for_arm/11.3_rel1/bin/../lib/gcc/arm-none-eabi/11.3.1/thumb/v7e-m+fp/hard\libc.a(libc_a-makebuf.o)
 .text          0x0000de1c        0x0 i:/mcu/gnu_tools_for_arm/11.3_rel1/bin/../lib/gcc/arm-none-eabi/11.3.1/thumb/v7e-m+fp/hard\libc.a(libc_a-strncpy.o)
 .text          0x0000de1c        0x0 i:/mcu/gnu_tools_for_arm/11.3_rel1/bin/../lib/gcc/arm-none-eabi/11.3.1/thumb/v7e-m+fp/hard\libc.a(libc_a-locale.o)
 .text          0x0000de1c        0x0 i:/mcu/gnu_tools_for_arm/11.3_rel1/bin/../lib/gcc/arm-none-eabi/11.3.1/thumb/v7e-m+fp/hard\libc.a(libc_a-localeconv.o)
 .text          0x0000de1c        0x0 i:/mcu/gnu_tools_for_arm/11.3_rel1/bin/../lib/gcc/arm-none-eabi/11.3.1/thumb/v7e-m+fp/hard\libc.a(libc_a-fstatr.o)
 .text          0x0000de1c        0x0 i:/mcu/gnu_tools_for_arm/11.3_rel1/bin/../lib/gcc/arm-none-eabi/11.3.1/thumb/v7e-m+fp/hard\libc.a(libc_a-isattyr.o)
 .text          0x0000de1c        0x0 i:/mcu/gnu_tools_for_arm/11.3_rel1/bin/../lib/gcc/arm-none-eabi/11.3.1/thumb/v7e-m+fp/hard\libc.a(libc_a-fini.o)
 .text          0x0000de1c        0x0 i:/mcu/gnu_tools_for_arm/11.3_rel1/bin/../lib/gcc/arm-none-eabi/11.3.1/thumb/v7e-m+fp/hard\libc.a(libc_a-strcpy.o)
 .text          0x0000de1c        0x0 i:/mcu/gnu_tools_for_arm/11.3_rel1/bin/../lib/gcc/arm-none-eabi/11.3.1/thumb/v7e-m+fp/hard\libc.a(libm_a-s_frexp.o)
 .text          0x0000de1c        0x0 i:/mcu/gnu_tools_for_arm/11.3_rel1/bin/../lib/gcc/arm-none-eabi/11.3.1/thumb/v7e-m+fp/hard\libc.a(libc_a-dtoa.o)
 .text          0x0000de1c        0x0 i:/mcu/gnu_tools_for_arm/11.3_rel1/bin/../lib/gcc/arm-none-eabi/11.3.1/thumb/v7e-m+fp/hard\libc.a(libc_a-getenv_r.o)
 .text          0x0000de1c        0x0 i:/mcu/gnu_tools_for_arm/11.3_rel1/bin/../lib/gcc/arm-none-eabi/11.3.1/thumb/v7e-m+fp/hard\libc.a(libc_a-mbtowc_r.o)
 .text          0x0000de1c        0x0 i:/mcu/gnu_tools_for_arm/11.3_rel1/bin/../lib/gcc/arm-none-eabi/11.3.1/thumb/v7e-m+fp/hard\libc.a(libc_a-mprec.o)
 .text          0x0000de1c        0x0 i:/mcu/gnu_tools_for_arm/11.3_rel1/bin/../lib/gcc/arm-none-eabi/11.3.1/thumb/v7e-m+fp/hard\libc.a(libc_a-strtol.o)
 .text          0x0000de1c        0x0 i:/mcu/gnu_tools_for_arm/11.3_rel1/bin/../lib/gcc/arm-none-eabi/11.3.1/thumb/v7e-m+fp/hard\libc.a(libc_a-wctomb_r.o)
 .text          0x0000de1c        0x0 i:/mcu/gnu_tools_for_arm/11.3_rel1/bin/../lib/gcc/arm-none-eabi/11.3.1/thumb/v7e-m+fp/hard\libc.a(libc_a-wcrtomb.o)
 .text          0x0000de1c        0x0 i:/mcu/gnu_tools_for_arm/11.3_rel1/bin/../lib/gcc/arm-none-eabi/11.3.1/thumb/v7e-m+fp/hard\libc.a(libc_a-wcsrtombs.o)
 .text          0x0000de1c        0x0 i:/mcu/gnu_tools_for_arm/11.3_rel1/bin/../lib/gcc/arm-none-eabi/11.3.1/thumb/v7e-m+fp/hard\libc.a(libc_a-ctype_.o)
 .text          0x0000de1c        0x0 i:/mcu/gnu_tools_for_arm/11.3_rel1/bin/../lib/gcc/arm-none-eabi/11.3.1/thumb/v7e-m+fp/hard\libc.a(libc_a-svfiprintf.o)
 .text          0x0000de1c        0x0 i:/mcu/gnu_tools_for_arm/11.3_rel1/bin/../lib/gcc/arm-none-eabi/11.3.1/thumb/v7e-m+fp/hard\libc.a(libc_a-strcasecmp.o)
 .text          0x0000de1c        0x0 i:/mcu/gnu_tools_for_arm/11.3_rel1/bin/../lib/gcc/arm-none-eabi/11.3.1/thumb/v7e-m+fp/hard\libc.a(libc_a-strcat.o)
 .text          0x0000de1c        0x0 i:/mcu/gnu_tools_for_arm/11.3_rel1/bin/../lib/gcc/arm-none-eabi/11.3.1/thumb/v7e-m+fp/hard\libc.a(libc_a-strchr.o)
 .text          0x0000de1c        0x0 i:/mcu/gnu_tools_for_arm/11.3_rel1/bin/../lib/gcc/arm-none-eabi/11.3.1/thumb/v7e-m+fp/hard\libc.a(libc_a-strlcpy.o)
 .text          0x0000de1c        0x0 i:/mcu/gnu_tools_for_arm/11.3_rel1/bin/../lib/gcc/arm-none-eabi/11.3.1/thumb/v7e-m+fp/hard\libc.a(libc_a-strncasecmp.o)
 .text          0x0000de1c        0x0 i:/mcu/gnu_tools_for_arm/11.3_rel1/bin/../lib/gcc/arm-none-eabi/11.3.1/thumb/v7e-m+fp/hard\libc.a(libc_a-assert.o)
 .text          0x0000de1c        0x0 i:/mcu/gnu_tools_for_arm/11.3_rel1/bin/../lib/gcc/arm-none-eabi/11.3.1/thumb/v7e-m+fp/hard\libc.a(libc_a-callocr.o)
 .text          0x0000de1c        0x0 i:/mcu/gnu_tools_for_arm/11.3_rel1/bin/../lib/gcc/arm-none-eabi/11.3.1/thumb/v7e-m+fp/hard\libc.a(libc_a-envlock.o)
 .text          0x0000de1c        0x0 i:/mcu/gnu_tools_for_arm/11.3_rel1/bin/../lib/gcc/arm-none-eabi/11.3.1/thumb/v7e-m+fp/hard\libc.a(libc_a-wcsnrtombs.o)
 .text          0x0000de1c        0x0 i:/mcu/gnu_tools_for_arm/11.3_rel1/bin/../lib/gcc/arm-none-eabi/11.3.1/thumb/v7e-m+fp/hard\libc.a(libc_a-fiprintf.o)
 .text          0x0000de1c        0x0 i:/mcu/gnu_tools_for_arm/11.3_rel1/bin/../lib/gcc/arm-none-eabi/11.3.1/thumb/v7e-m+fp/hard\libc.a(libc_a-vfiprintf.o)
 .text          0x0000de1c        0x0 i:/mcu/gnu_tools_for_arm/11.3_rel1/bin/../lib/gcc/arm-none-eabi/11.3.1/thumb/v7e-m+fp/hard\libc.a(libc_a-fputwc.o)
 .text          0x0000de1c      0x254 i:/mcu/gnu_tools_for_arm/11.3_rel1/bin/../lib/gcc/arm-none-eabi/11.3.1/thumb/v7e-m+fp/hard\libgcc.a(_arm_muldf3.o)
 .text          0x0000e070      0x378 i:/mcu/gnu_tools_for_arm/11.3_rel1/bin/../lib/gcc/arm-none-eabi/11.3.1/thumb/v7e-m+fp/hard\libgcc.a(_arm_addsubdf3.o)
                0x0000e070                __aeabi_drsub
                0x0000e078                __aeabi_dsub
                0x0000e078                __subdf3
                0x0000e07c                __aeabi_dadd
                0x0000e07c                __adddf3
                0x0000e2f4                __floatunsidf
                0x0000e2f4                __aeabi_ui2d
                0x0000e314                __floatsidf
                0x0000e314                __aeabi_i2d
                0x0000e338                __aeabi_f2d
                0x0000e338                __extendsfdf2
                0x0000e37c                __floatundidf
                0x0000e37c                __aeabi_ul2d
                0x0000e38c                __floatdidf
                0x0000e38c                __aeabi_l2d
 .text          0x0000e3e8      0x424 i:/mcu/gnu_tools_for_arm/11.3_rel1/bin/../lib/gcc/arm-none-eabi/11.3.1/thumb/v7e-m+fp/hard\libgcc.a(_arm_muldivdf3.o)
                0x0000e3e8                __aeabi_dmul
                0x0000e3e8                __muldf3
                0x0000e63c                __divdf3
                0x0000e63c                __aeabi_ddiv
 .text          0x0000e80c      0x110 i:/mcu/gnu_tools_for_arm/11.3_rel1/bin/../lib/gcc/arm-none-eabi/11.3.1/thumb/v7e-m+fp/hard\libgcc.a(_arm_cmpdf2.o)
                0x0000e80c                __gtdf2
                0x0000e80c                __gedf2
                0x0000e814                __ltdf2
                0x0000e814                __ledf2
                0x0000e81c                __nedf2
                0x0000e81c                __eqdf2
                0x0000e81c                __cmpdf2
                0x0000e898                __aeabi_cdrcmple
                0x0000e8a8                __aeabi_cdcmpeq
                0x0000e8a8                __aeabi_cdcmple
                0x0000e8b8                __aeabi_dcmpeq
                0x0000e8cc                __aeabi_dcmplt
                0x0000e8e0                __aeabi_dcmple
                0x0000e8f4                __aeabi_dcmpge
                0x0000e908                __aeabi_dcmpgt
 .text          0x0000e91c       0x2c i:/mcu/gnu_tools_for_arm/11.3_rel1/bin/../lib/gcc/arm-none-eabi/11.3.1/thumb/v7e-m+fp/hard\libgcc.a(_arm_unorddf2.o)
                0x0000e91c                __unorddf2
                0x0000e91c                __aeabi_dcmpun
 .text          0x0000e948       0x50 i:/mcu/gnu_tools_for_arm/11.3_rel1/bin/../lib/gcc/arm-none-eabi/11.3.1/thumb/v7e-m+fp/hard\libgcc.a(_arm_fixdfsi.o)
                0x0000e948                __aeabi_d2iz
                0x0000e948                __fixdfsi
 .text          0x0000e998       0xa0 i:/mcu/gnu_tools_for_arm/11.3_rel1/bin/../lib/gcc/arm-none-eabi/11.3.1/thumb/v7e-m+fp/hard\libgcc.a(_arm_truncdfsf2.o)
                0x0000e998                __truncdfsf2
                0x0000e998                __aeabi_d2f
 .text          0x0000ea38        0x0 i:/mcu/gnu_tools_for_arm/11.3_rel1/bin/../lib/gcc/arm-none-eabi/11.3.1/thumb/v7e-m+fp/hard\libgcc.a(unwind-arm.o)
 .text          0x0000ea38      0x1ac i:/mcu/gnu_tools_for_arm/11.3_rel1/bin/../lib/gcc/arm-none-eabi/11.3.1/thumb/v7e-m+fp/hard\libgcc.a(libunwind.o)
                0x0000ea38                __restore_core_regs
                0x0000ea38                restore_core_regs
                0x0000ea50                __gnu_Unwind_Restore_VFP
                0x0000ea58                __gnu_Unwind_Save_VFP
                0x0000ea60                __gnu_Unwind_Restore_VFP_D
                0x0000ea68                __gnu_Unwind_Save_VFP_D
                0x0000ea70                __gnu_Unwind_Restore_VFP_D_16_to_31
                0x0000ea78                __gnu_Unwind_Save_VFP_D_16_to_31
                0x0000ea80                __gnu_Unwind_Restore_WMMXD
                0x0000eac4                __gnu_Unwind_Save_WMMXD
                0x0000eb08                __gnu_Unwind_Restore_WMMXC
                0x0000eb1c                __gnu_Unwind_Save_WMMXC
                0x0000eb30                ___Unwind_RaiseException
                0x0000eb30                _Unwind_RaiseException
                0x0000eb54                _Unwind_Resume
                0x0000eb54                ___Unwind_Resume
                0x0000eb78                _Unwind_Resume_or_Rethrow
                0x0000eb78                ___Unwind_Resume_or_Rethrow
                0x0000eb9c                _Unwind_ForcedUnwind
                0x0000eb9c                ___Unwind_ForcedUnwind
                0x0000ebc0                ___Unwind_Backtrace
                0x0000ebc0                _Unwind_Backtrace
 .text          0x0000ebe4        0x0 i:/mcu/gnu_tools_for_arm/11.3_rel1/bin/../lib/gcc/arm-none-eabi/11.3.1/thumb/v7e-m+fp/hard\libgcc.a(pr-support.o)
 .text          0x0000ebe4        0x0 i:/mcu/gnu_tools_for_arm/11.3_rel1/bin/../lib/gcc/arm-none-eabi/11.3.1/thumb/v7e-m+fp/hard\libnosys.a(sbrk.o)
 .text          0x0000ebe4        0x0 i:/mcu/gnu_tools_for_arm/11.3_rel1/bin/../lib/gcc/arm-none-eabi/11.3.1/thumb/v7e-m+fp/hard/crtend.o
 .text          0x0000ebe4        0x0 i:/mcu/gnu_tools_for_arm/11.3_rel1/bin/../lib/gcc/arm-none-eabi/11.3.1/thumb/v7e-m+fp/hard/crtn.o
 *(.text.*)
 .text.deregister_tm_clones
                0x0000ebe4       0x1c i:/mcu/gnu_tools_for_arm/11.3_rel1/bin/../lib/gcc/arm-none-eabi/11.3.1/thumb/v7e-m+fp/hard/crtbegin.o
 .text.register_tm_clones
                0x0000ec00       0x24 i:/mcu/gnu_tools_for_arm/11.3_rel1/bin/../lib/gcc/arm-none-eabi/11.3.1/thumb/v7e-m+fp/hard/crtbegin.o
 .text.__do_global_dtors_aux
                0x0000ec24       0x28 i:/mcu/gnu_tools_for_arm/11.3_rel1/bin/../lib/gcc/arm-none-eabi/11.3.1/thumb/v7e-m+fp/hard/crtbegin.o
 .text.frame_dummy
                0x0000ec4c       0x24 i:/mcu/gnu_tools_for_arm/11.3_rel1/bin/../lib/gcc/arm-none-eabi/11.3.1/thumb/v7e-m+fp/hard/crtbegin.o
 .text._ZN10User_IIC_T6SDA_INEv
                0x0000ec70       0x8e build/user_iic.o
                0x0000ec70                User_IIC_T::SDA_IN()
 .text._ZN10User_IIC_T7SDA_OUTEv
                0x0000ecfe       0x4e build/user_iic.o
                0x0000ecfe                User_IIC_T::SDA_OUT()
 .text._ZN10User_IIC_T7SDA_SETEi
                0x0000ed4c       0xa0 build/user_iic.o
                0x0000ed4c                User_IIC_T::SDA_SET(int)
 .text._ZN10User_IIC_T7SCL_SETEi
                0x0000edec       0xa0 build/user_iic.o
                0x0000edec                User_IIC_T::SCL_SET(int)
 .text._ZN10User_IIC_T8READ_SDAEv
                0x0000ee8c       0x48 build/user_iic.o
                0x0000ee8c                User_IIC_T::READ_SDA()
 .text._ZN10User_IIC_T5DELAYEm
                0x0000eed4       0x32 build/user_iic.o
                0x0000eed4                User_IIC_T::DELAY(unsigned long)
 .text._ZN14User_Timer32_T5startEv
                0x0000ef06       0x24 build/user_timer32.o
                0x0000ef06                User_Timer32_T::start()
 .text._ZN14User_Timer32_T10read_timerEv
                0x0000ef2a       0x32 build/user_timer32.o
                0x0000ef2a                User_Timer32_T::read_timer()
 .text._ZN14User_Timer32_T4loadEm
                0x0000ef5c       0x1e build/user_timer32.o
                0x0000ef5c                User_Timer32_T::load(unsigned long)
 *fill*         0x0000ef7a        0x2 
 .text.__aeabi_atexit
                0x0000ef7c        0xc i:/mcu/gnu_tools_for_arm/11.3_rel1/bin/../lib/gcc/arm-none-eabi/11.3.1/thumb/v7e-m+fp/hard\libstdc++.a(atexit_arm.o)
                0x0000ef7c                __aeabi_atexit
 .text.__cxa_end_cleanup
                0x0000ef88        0xc i:/mcu/gnu_tools_for_arm/11.3_rel1/bin/../lib/gcc/arm-none-eabi/11.3.1/thumb/v7e-m+fp/hard\libstdc++.a(eh_arm.o)
                0x0000ef88                __cxa_end_cleanup
 .text.__cxa_type_match
                0x0000ef94       0xb0 i:/mcu/gnu_tools_for_arm/11.3_rel1/bin/../lib/gcc/arm-none-eabi/11.3.1/thumb/v7e-m+fp/hard\libstdc++.a(eh_arm.o)
                0x0000ef94                __cxa_type_match
 .text.__cxa_begin_cleanup
                0x0000f044       0x64 i:/mcu/gnu_tools_for_arm/11.3_rel1/bin/../lib/gcc/arm-none-eabi/11.3.1/thumb/v7e-m+fp/hard\libstdc++.a(eh_arm.o)
                0x0000f044                __cxa_begin_cleanup
 .text.__gnu_end_cleanup
                0x0000f0a8       0x70 i:/mcu/gnu_tools_for_arm/11.3_rel1/bin/../lib/gcc/arm-none-eabi/11.3.1/thumb/v7e-m+fp/hard\libstdc++.a(eh_arm.o)
                0x0000f0a8                __gnu_end_cleanup
 .text._ZNSt13bad_exceptionD2Ev
                0x0000f118        0x4 i:/mcu/gnu_tools_for_arm/11.3_rel1/bin/../lib/gcc/arm-none-eabi/11.3.1/thumb/v7e-m+fp/hard\libstdc++.a(eh_exception.o)
                0x0000f118                std::bad_exception::~bad_exception()
                0x0000f118                std::bad_exception::~bad_exception()
 .text._ZNKSt13bad_exception4whatEv
                0x0000f11c        0x8 i:/mcu/gnu_tools_for_arm/11.3_rel1/bin/../lib/gcc/arm-none-eabi/11.3.1/thumb/v7e-m+fp/hard\libstdc++.a(eh_exception.o)
                0x0000f11c                std::bad_exception::what() const
                0x0000f11c                transaction clone for std::bad_exception::what() const
 .text._ZNSt13bad_exceptionD0Ev
                0x0000f124       0x10 i:/mcu/gnu_tools_for_arm/11.3_rel1/bin/../lib/gcc/arm-none-eabi/11.3.1/thumb/v7e-m+fp/hard\libstdc++.a(eh_exception.o)
                0x0000f124                std::bad_exception::~bad_exception()
 .text.__cxa_get_globals_fast
                0x0000f134        0x8 i:/mcu/gnu_tools_for_arm/11.3_rel1/bin/../lib/gcc/arm-none-eabi/11.3.1/thumb/v7e-m+fp/hard\libstdc++.a(eh_globals.o)
                0x0000f134                __cxa_get_globals_fast
 .text.__cxa_get_globals
                0x0000f13c        0x8 i:/mcu/gnu_tools_for_arm/11.3_rel1/bin/../lib/gcc/arm-none-eabi/11.3.1/thumb/v7e-m+fp/hard\libstdc++.a(eh_globals.o)
                0x0000f13c                __cxa_get_globals
 .text._ZL28read_encoded_value_with_basehjPKhPj
                0x0000f144       0xc0 i:/mcu/gnu_tools_for_arm/11.3_rel1/bin/../lib/gcc/arm-none-eabi/11.3.1/thumb/v7e-m+fp/hard\libstdc++.a(eh_personality.o)
 .text._ZL21base_of_encoded_valuehP15_Unwind_Context
                0x0000f204       0x48 i:/mcu/gnu_tools_for_arm/11.3_rel1/bin/../lib/gcc/arm-none-eabi/11.3.1/thumb/v7e-m+fp/hard\libstdc++.a(eh_personality.o)
 .text._ZL17parse_lsda_headerP15_Unwind_ContextPKhP16lsda_header_info
                0x0000f24c       0x90 i:/mcu/gnu_tools_for_arm/11.3_rel1/bin/../lib/gcc/arm-none-eabi/11.3.1/thumb/v7e-m+fp/hard\libstdc++.a(eh_personality.o)
 .text.__gxx_personality_v0
                0x0000f2dc      0x494 i:/mcu/gnu_tools_for_arm/11.3_rel1/bin/../lib/gcc/arm-none-eabi/11.3.1/thumb/v7e-m+fp/hard\libstdc++.a(eh_personality.o)
                0x0000f2dc                __gxx_personality_v0
 .text._ZN10__cxxabiv111__terminateEPFvvE
                0x0000f770       0x10 i:/mcu/gnu_tools_for_arm/11.3_rel1/bin/../lib/gcc/arm-none-eabi/11.3.1/thumb/v7e-m+fp/hard\libstdc++.a(eh_terminate.o)
                0x0000f770                __cxxabiv1::__terminate(void (*)())
 .text._ZSt9terminatev
                0x0000f780       0x14 i:/mcu/gnu_tools_for_arm/11.3_rel1/bin/../lib/gcc/arm-none-eabi/11.3.1/thumb/v7e-m+fp/hard\libstdc++.a(eh_terminate.o)
                0x0000f780                std::terminate()
 .text._ZN10__cxxabiv112__unexpectedEPFvvE
                0x0000f794        0x8 i:/mcu/gnu_tools_for_arm/11.3_rel1/bin/../lib/gcc/arm-none-eabi/11.3.1/thumb/v7e-m+fp/hard\libstdc++.a(eh_terminate.o)
                0x0000f794                __cxxabiv1::__unexpected(void (*)())
 .text._ZSt10unexpectedv
                0x0000f79c       0x14 i:/mcu/gnu_tools_for_arm/11.3_rel1/bin/../lib/gcc/arm-none-eabi/11.3.1/thumb/v7e-m+fp/hard\libstdc++.a(eh_terminate.o)
                0x0000f79c                std::unexpected()
 .text._ZSt13get_terminatev
                0x0000f7b0       0x10 i:/mcu/gnu_tools_for_arm/11.3_rel1/bin/../lib/gcc/arm-none-eabi/11.3.1/thumb/v7e-m+fp/hard\libstdc++.a(eh_terminate.o)
                0x0000f7b0                std::get_terminate()
 .text._ZSt14get_unexpectedv
                0x0000f7c0       0x10 i:/mcu/gnu_tools_for_arm/11.3_rel1/bin/../lib/gcc/arm-none-eabi/11.3.1/thumb/v7e-m+fp/hard\libstdc++.a(eh_terminate.o)
                0x0000f7c0                std::get_unexpected()
 .text._ZN10__cxxabiv120__si_class_type_infoD2Ev
                0x0000f7d0       0x14 i:/mcu/gnu_tools_for_arm/11.3_rel1/bin/../lib/gcc/arm-none-eabi/11.3.1/thumb/v7e-m+fp/hard\libstdc++.a(si_class_type_info.o)
                0x0000f7d0                __cxxabiv1::__si_class_type_info::~__si_class_type_info()
                0x0000f7d0                __cxxabiv1::__si_class_type_info::~__si_class_type_info()
 .text._ZN10__cxxabiv120__si_class_type_infoD0Ev
                0x0000f7e4       0x1c i:/mcu/gnu_tools_for_arm/11.3_rel1/bin/../lib/gcc/arm-none-eabi/11.3.1/thumb/v7e-m+fp/hard\libstdc++.a(si_class_type_info.o)
                0x0000f7e4                __cxxabiv1::__si_class_type_info::~__si_class_type_info()
 .text._ZNK10__cxxabiv120__si_class_type_info20__do_find_public_srcEiPKvPKNS_17__class_type_infoES2_
                0x0000f800       0x3c i:/mcu/gnu_tools_for_arm/11.3_rel1/bin/../lib/gcc/arm-none-eabi/11.3.1/thumb/v7e-m+fp/hard\libstdc++.a(si_class_type_info.o)
                0x0000f800                __cxxabiv1::__si_class_type_info::__do_find_public_src(int, void const*, __cxxabiv1::__class_type_info const*, void const*) const
 .text._ZNK10__cxxabiv120__si_class_type_info12__do_dyncastEiNS_17__class_type_info10__sub_kindEPKS1_PKvS4_S6_RNS1_16__dyncast_resultE
                0x0000f83c       0x7c i:/mcu/gnu_tools_for_arm/11.3_rel1/bin/../lib/gcc/arm-none-eabi/11.3.1/thumb/v7e-m+fp/hard\libstdc++.a(si_class_type_info.o)
                0x0000f83c                __cxxabiv1::__si_class_type_info::__do_dyncast(int, __cxxabiv1::__class_type_info::__sub_kind, __cxxabiv1::__class_type_info const*, void const*, __cxxabiv1::__class_type_info const*, void const*, __cxxabiv1::__class_type_info::__dyncast_result&) const
 .text._ZNK10__cxxabiv120__si_class_type_info11__do_upcastEPKNS_17__class_type_infoEPKvRNS1_15__upcast_resultE
                0x0000f8b8       0x2c i:/mcu/gnu_tools_for_arm/11.3_rel1/bin/../lib/gcc/arm-none-eabi/11.3.1/thumb/v7e-m+fp/hard\libstdc++.a(si_class_type_info.o)
                0x0000f8b8                __cxxabiv1::__si_class_type_info::__do_upcast(__cxxabiv1::__class_type_info const*, void const*, __cxxabiv1::__class_type_info::__upcast_result&) const
 .text._ZNSt9type_infoD2Ev
                0x0000f8e4        0x4 i:/mcu/gnu_tools_for_arm/11.3_rel1/bin/../lib/gcc/arm-none-eabi/11.3.1/thumb/v7e-m+fp/hard\libstdc++.a(tinfo.o)
                0x0000f8e4                std::type_info::~type_info()
                0x0000f8e4                std::type_info::~type_info()
 .text._ZNKSt9type_info14__is_pointer_pEv
                0x0000f8e8        0x4 i:/mcu/gnu_tools_for_arm/11.3_rel1/bin/../lib/gcc/arm-none-eabi/11.3.1/thumb/v7e-m+fp/hard\libstdc++.a(tinfo.o)
                0x0000f8e8                std::type_info::__is_pointer_p() const
                0x0000f8e8                std::type_info::__is_function_p() const
 .text._ZNKSt9type_infoeqERKS_
                0x0000f8ec       0x2c i:/mcu/gnu_tools_for_arm/11.3_rel1/bin/../lib/gcc/arm-none-eabi/11.3.1/thumb/v7e-m+fp/hard\libstdc++.a(tinfo.o)
                0x0000f8ec                std::type_info::operator==(std::type_info const&) const
 .text._ZN9__gnu_cxx27__verbose_terminate_handlerEv
                0x0000f918      0x10c i:/mcu/gnu_tools_for_arm/11.3_rel1/bin/../lib/gcc/arm-none-eabi/11.3.1/thumb/v7e-m+fp/hard\libstdc++.a(vterminate.o)
                0x0000f918                __gnu_cxx::__verbose_terminate_handler()
 .text._ZNK10__cxxabiv117__class_type_info11__do_upcastEPKS0_PPv
                0x0000fa24       0x34 i:/mcu/gnu_tools_for_arm/11.3_rel1/bin/../lib/gcc/arm-none-eabi/11.3.1/thumb/v7e-m+fp/hard\libstdc++.a(class_type_info.o)
                0x0000fa24                __cxxabiv1::__class_type_info::__do_upcast(__cxxabiv1::__class_type_info const*, void**) const
 .text._ZNK10__cxxabiv117__class_type_info20__do_find_public_srcEiPKvPKS0_S2_
                0x0000fa58        0xc i:/mcu/gnu_tools_for_arm/11.3_rel1/bin/../lib/gcc/arm-none-eabi/11.3.1/thumb/v7e-m+fp/hard\libstdc++.a(class_type_info.o)
                0x0000fa58                __cxxabiv1::__class_type_info::__do_find_public_src(int, void const*, __cxxabiv1::__class_type_info const*, void const*) const
 .text._ZN10__cxxabiv117__class_type_infoD2Ev
                0x0000fa64       0x14 i:/mcu/gnu_tools_for_arm/11.3_rel1/bin/../lib/gcc/arm-none-eabi/11.3.1/thumb/v7e-m+fp/hard\libstdc++.a(class_type_info.o)
                0x0000fa64                __cxxabiv1::__class_type_info::~__class_type_info()
                0x0000fa64                __cxxabiv1::__class_type_info::~__class_type_info()
 .text._ZN10__cxxabiv117__class_type_infoD0Ev
                0x0000fa78       0x1c i:/mcu/gnu_tools_for_arm/11.3_rel1/bin/../lib/gcc/arm-none-eabi/11.3.1/thumb/v7e-m+fp/hard\libstdc++.a(class_type_info.o)
                0x0000fa78                __cxxabiv1::__class_type_info::~__class_type_info()
 .text._ZNK10__cxxabiv117__class_type_info12__do_dyncastEiNS0_10__sub_kindEPKS0_PKvS3_S5_RNS0_16__dyncast_resultE
                0x0000fa94       0x44 i:/mcu/gnu_tools_for_arm/11.3_rel1/bin/../lib/gcc/arm-none-eabi/11.3.1/thumb/v7e-m+fp/hard\libstdc++.a(class_type_info.o)
                0x0000fa94                __cxxabiv1::__class_type_info::__do_dyncast(int, __cxxabiv1::__class_type_info::__sub_kind, __cxxabiv1::__class_type_info const*, void const*, __cxxabiv1::__class_type_info const*, void const*, __cxxabiv1::__class_type_info::__dyncast_result&) const
 .text._ZNK10__cxxabiv117__class_type_info11__do_upcastEPKS0_PKvRNS0_15__upcast_resultE
                0x0000fad8       0x1c i:/mcu/gnu_tools_for_arm/11.3_rel1/bin/../lib/gcc/arm-none-eabi/11.3.1/thumb/v7e-m+fp/hard\libstdc++.a(class_type_info.o)
                0x0000fad8                __cxxabiv1::__class_type_info::__do_upcast(__cxxabiv1::__class_type_info const*, void const*, __cxxabiv1::__class_type_info::__upcast_result&) const
 .text._ZNK10__cxxabiv117__class_type_info10__do_catchEPKSt9type_infoPPvj
                0x0000faf4       0x2c i:/mcu/gnu_tools_for_arm/11.3_rel1/bin/../lib/gcc/arm-none-eabi/11.3.1/thumb/v7e-m+fp/hard\libstdc++.a(class_type_info.o)
                0x0000faf4                __cxxabiv1::__class_type_info::__do_catch(std::type_info const*, void**, unsigned int) const
 .text.d_make_comp
                0x0000fb20       0xf0 i:/mcu/gnu_tools_for_arm/11.3_rel1/bin/../lib/gcc/arm-none-eabi/11.3.1/thumb/v7e-m+fp/hard\libstdc++.a(cp-demangle.o)
 .text.d_number
                0x0000fc10       0x74 i:/mcu/gnu_tools_for_arm/11.3_rel1/bin/../lib/gcc/arm-none-eabi/11.3.1/thumb/v7e-m+fp/hard\libstdc++.a(cp-demangle.o)
 .text.d_call_offset
                0x0000fc84       0x48 i:/mcu/gnu_tools_for_arm/11.3_rel1/bin/../lib/gcc/arm-none-eabi/11.3.1/thumb/v7e-m+fp/hard\libstdc++.a(cp-demangle.o)
 .text.d_ref_qualifier
                0x0000fccc       0x38 i:/mcu/gnu_tools_for_arm/11.3_rel1/bin/../lib/gcc/arm-none-eabi/11.3.1/thumb/v7e-m+fp/hard\libstdc++.a(cp-demangle.o)
 .text.d_count_templates_scopes
                0x0000fd04       0xd4 i:/mcu/gnu_tools_for_arm/11.3_rel1/bin/../lib/gcc/arm-none-eabi/11.3.1/thumb/v7e-m+fp/hard\libstdc++.a(cp-demangle.o)
 .text.d_pack_length
                0x0000fdd8       0x1c i:/mcu/gnu_tools_for_arm/11.3_rel1/bin/../lib/gcc/arm-none-eabi/11.3.1/thumb/v7e-m+fp/hard\libstdc++.a(cp-demangle.o)
 .text.d_discriminator
                0x0000fdf4       0x48 i:/mcu/gnu_tools_for_arm/11.3_rel1/bin/../lib/gcc/arm-none-eabi/11.3.1/thumb/v7e-m+fp/hard\libstdc++.a(cp-demangle.o)
 .text.d_index_template_argument.part.0
                0x0000fe3c       0x1c i:/mcu/gnu_tools_for_arm/11.3_rel1/bin/../lib/gcc/arm-none-eabi/11.3.1/thumb/v7e-m+fp/hard\libstdc++.a(cp-demangle.o)
 .text.d_growable_string_callback_adapter
                0x0000fe58       0x78 i:/mcu/gnu_tools_for_arm/11.3_rel1/bin/../lib/gcc/arm-none-eabi/11.3.1/thumb/v7e-m+fp/hard\libstdc++.a(cp-demangle.o)
 .text.next_is_type_qual.isra.0
                0x0000fed0       0x30 i:/mcu/gnu_tools_for_arm/11.3_rel1/bin/../lib/gcc/arm-none-eabi/11.3.1/thumb/v7e-m+fp/hard\libstdc++.a(cp-demangle.o)
 .text.d_append_char
                0x0000ff00       0x44 i:/mcu/gnu_tools_for_arm/11.3_rel1/bin/../lib/gcc/arm-none-eabi/11.3.1/thumb/v7e-m+fp/hard\libstdc++.a(cp-demangle.o)
 .text.d_lookup_template_argument
                0x0000ff44       0x38 i:/mcu/gnu_tools_for_arm/11.3_rel1/bin/../lib/gcc/arm-none-eabi/11.3.1/thumb/v7e-m+fp/hard\libstdc++.a(cp-demangle.o)
 .text.d_find_pack
                0x0000ff7c       0x94 i:/mcu/gnu_tools_for_arm/11.3_rel1/bin/../lib/gcc/arm-none-eabi/11.3.1/thumb/v7e-m+fp/hard\libstdc++.a(cp-demangle.o)
 .text.d_append_string
                0x00010010       0x68 i:/mcu/gnu_tools_for_arm/11.3_rel1/bin/../lib/gcc/arm-none-eabi/11.3.1/thumb/v7e-m+fp/hard\libstdc++.a(cp-demangle.o)
 .text.d_template_param
                0x00010078       0x60 i:/mcu/gnu_tools_for_arm/11.3_rel1/bin/../lib/gcc/arm-none-eabi/11.3.1/thumb/v7e-m+fp/hard\libstdc++.a(cp-demangle.o)
 .text.d_append_num
                0x000100d8       0x78 i:/mcu/gnu_tools_for_arm/11.3_rel1/bin/../lib/gcc/arm-none-eabi/11.3.1/thumb/v7e-m+fp/hard\libstdc++.a(cp-demangle.o)
 .text.d_source_name
                0x00010150       0xe0 i:/mcu/gnu_tools_for_arm/11.3_rel1/bin/../lib/gcc/arm-none-eabi/11.3.1/thumb/v7e-m+fp/hard\libstdc++.a(cp-demangle.o)
 .text.d_substitution
                0x00010230      0x194 i:/mcu/gnu_tools_for_arm/11.3_rel1/bin/../lib/gcc/arm-none-eabi/11.3.1/thumb/v7e-m+fp/hard\libstdc++.a(cp-demangle.o)
 .text.d_type   0x000103c4      0x870 i:/mcu/gnu_tools_for_arm/11.3_rel1/bin/../lib/gcc/arm-none-eabi/11.3.1/thumb/v7e-m+fp/hard\libstdc++.a(cp-demangle.o)
 .text.d_parmlist
                0x00010c34       0x80 i:/mcu/gnu_tools_for_arm/11.3_rel1/bin/../lib/gcc/arm-none-eabi/11.3.1/thumb/v7e-m+fp/hard\libstdc++.a(cp-demangle.o)
 .text.d_bare_function_type
                0x00010cb4       0x48 i:/mcu/gnu_tools_for_arm/11.3_rel1/bin/../lib/gcc/arm-none-eabi/11.3.1/thumb/v7e-m+fp/hard\libstdc++.a(cp-demangle.o)
 .text.d_function_type
                0x00010cfc       0x6c i:/mcu/gnu_tools_for_arm/11.3_rel1/bin/../lib/gcc/arm-none-eabi/11.3.1/thumb/v7e-m+fp/hard\libstdc++.a(cp-demangle.o)
 .text.d_operator_name
                0x00010d68      0x108 i:/mcu/gnu_tools_for_arm/11.3_rel1/bin/../lib/gcc/arm-none-eabi/11.3.1/thumb/v7e-m+fp/hard\libstdc++.a(cp-demangle.o)
 .text.d_unqualified_name
                0x00010e70      0x340 i:/mcu/gnu_tools_for_arm/11.3_rel1/bin/../lib/gcc/arm-none-eabi/11.3.1/thumb/v7e-m+fp/hard\libstdc++.a(cp-demangle.o)
 .text.d_expr_primary
                0x000111b0      0x120 i:/mcu/gnu_tools_for_arm/11.3_rel1/bin/../lib/gcc/arm-none-eabi/11.3.1/thumb/v7e-m+fp/hard\libstdc++.a(cp-demangle.o)
 .text.d_template_arg
                0x000112d0       0x58 i:/mcu/gnu_tools_for_arm/11.3_rel1/bin/../lib/gcc/arm-none-eabi/11.3.1/thumb/v7e-m+fp/hard\libstdc++.a(cp-demangle.o)
 .text.d_template_args_1
                0x00011328       0x64 i:/mcu/gnu_tools_for_arm/11.3_rel1/bin/../lib/gcc/arm-none-eabi/11.3.1/thumb/v7e-m+fp/hard\libstdc++.a(cp-demangle.o)
 .text.d_prefix
                0x0001138c      0x12c i:/mcu/gnu_tools_for_arm/11.3_rel1/bin/../lib/gcc/arm-none-eabi/11.3.1/thumb/v7e-m+fp/hard\libstdc++.a(cp-demangle.o)
 .text.d_expression_1
                0x000114b8      0x4ec i:/mcu/gnu_tools_for_arm/11.3_rel1/bin/../lib/gcc/arm-none-eabi/11.3.1/thumb/v7e-m+fp/hard\libstdc++.a(cp-demangle.o)
 .text.d_exprlist
                0x000119a4       0x74 i:/mcu/gnu_tools_for_arm/11.3_rel1/bin/../lib/gcc/arm-none-eabi/11.3.1/thumb/v7e-m+fp/hard\libstdc++.a(cp-demangle.o)
 .text.d_cv_qualifiers
                0x00011a18      0x154 i:/mcu/gnu_tools_for_arm/11.3_rel1/bin/../lib/gcc/arm-none-eabi/11.3.1/thumb/v7e-m+fp/hard\libstdc++.a(cp-demangle.o)
 .text.d_special_name
                0x00011b6c      0x474 i:/mcu/gnu_tools_for_arm/11.3_rel1/bin/../lib/gcc/arm-none-eabi/11.3.1/thumb/v7e-m+fp/hard\libstdc++.a(cp-demangle.o)
 .text.d_name   0x00011fe0      0x29c i:/mcu/gnu_tools_for_arm/11.3_rel1/bin/../lib/gcc/arm-none-eabi/11.3.1/thumb/v7e-m+fp/hard\libstdc++.a(cp-demangle.o)
 .text.d_encoding.part.0
                0x0001227c       0xf8 i:/mcu/gnu_tools_for_arm/11.3_rel1/bin/../lib/gcc/arm-none-eabi/11.3.1/thumb/v7e-m+fp/hard\libstdc++.a(cp-demangle.o)
 .text.d_print_comp_inner
                0x00012374     0x20f4 i:/mcu/gnu_tools_for_arm/11.3_rel1/bin/../lib/gcc/arm-none-eabi/11.3.1/thumb/v7e-m+fp/hard\libstdc++.a(cp-demangle.o)
 .text.d_print_comp
                0x00014468       0x5c i:/mcu/gnu_tools_for_arm/11.3_rel1/bin/../lib/gcc/arm-none-eabi/11.3.1/thumb/v7e-m+fp/hard\libstdc++.a(cp-demangle.o)
 .text.d_print_mod
                0x000144c4      0x638 i:/mcu/gnu_tools_for_arm/11.3_rel1/bin/../lib/gcc/arm-none-eabi/11.3.1/thumb/v7e-m+fp/hard\libstdc++.a(cp-demangle.o)
 .text.d_print_function_type
                0x00014afc      0x1d8 i:/mcu/gnu_tools_for_arm/11.3_rel1/bin/../lib/gcc/arm-none-eabi/11.3.1/thumb/v7e-m+fp/hard\libstdc++.a(cp-demangle.o)
 .text.d_print_mod_list
                0x00014cd4      0x248 i:/mcu/gnu_tools_for_arm/11.3_rel1/bin/../lib/gcc/arm-none-eabi/11.3.1/thumb/v7e-m+fp/hard\libstdc++.a(cp-demangle.o)
 .text.d_print_array_type
                0x00014f1c      0x1c8 i:/mcu/gnu_tools_for_arm/11.3_rel1/bin/../lib/gcc/arm-none-eabi/11.3.1/thumb/v7e-m+fp/hard\libstdc++.a(cp-demangle.o)
 .text.d_print_expr_op
                0x000150e4       0x78 i:/mcu/gnu_tools_for_arm/11.3_rel1/bin/../lib/gcc/arm-none-eabi/11.3.1/thumb/v7e-m+fp/hard\libstdc++.a(cp-demangle.o)
 .text.d_demangle_callback.constprop.0
                0x0001515c      0x380 i:/mcu/gnu_tools_for_arm/11.3_rel1/bin/../lib/gcc/arm-none-eabi/11.3.1/thumb/v7e-m+fp/hard\libstdc++.a(cp-demangle.o)
 .text.d_print_subexpr
                0x000154dc       0xdc i:/mcu/gnu_tools_for_arm/11.3_rel1/bin/../lib/gcc/arm-none-eabi/11.3.1/thumb/v7e-m+fp/hard\libstdc++.a(cp-demangle.o)
 .text.d_maybe_print_fold_expression
                0x000155b8      0x254 i:/mcu/gnu_tools_for_arm/11.3_rel1/bin/../lib/gcc/arm-none-eabi/11.3.1/thumb/v7e-m+fp/hard\libstdc++.a(cp-demangle.o)
 .text.d_maybe_print_designated_init
                0x0001580c      0x1e4 i:/mcu/gnu_tools_for_arm/11.3_rel1/bin/../lib/gcc/arm-none-eabi/11.3.1/thumb/v7e-m+fp/hard\libstdc++.a(cp-demangle.o)
 .text.__cxa_demangle
                0x000159f0       0xc4 i:/mcu/gnu_tools_for_arm/11.3_rel1/bin/../lib/gcc/arm-none-eabi/11.3.1/thumb/v7e-m+fp/hard\libstdc++.a(cp-demangle.o)
                0x000159f0                __cxa_demangle