Archive member included to satisfy reference by file (symbol)

/usr/local/arm/GNU_Tools_for_ARM/bin/../lib/gcc/arm-none-eabi/11.3.1/../../../../arm-none-eabi/lib/thumb/v7e-m+fp/hard/libc.a(libc_a-exit.o)
                              /usr/local/arm/GNU_Tools_for_ARM/bin/../lib/gcc/arm-none-eabi/11.3.1/../../../../arm-none-eabi/lib/thumb/v7e-m+fp/hard/crt0.o (exit)
/usr/local/arm/GNU_Tools_for_ARM/bin/../lib/gcc/arm-none-eabi/11.3.1/../../../../arm-none-eabi/lib/thumb/v7e-m+fp/hard/libc.a(libc_a-sprintf.o)
                              build/user_uart.o (sprintf)
/usr/local/arm/GNU_Tools_for_ARM/bin/../lib/gcc/arm-none-eabi/11.3.1/../../../../arm-none-eabi/lib/thumb/v7e-m+fp/hard/libc.a(libc_a-errno.o)
                              build/syscalls.o (__errno)
/usr/local/arm/GNU_Tools_for_ARM/bin/../lib/gcc/arm-none-eabi/11.3.1/../../../../arm-none-eabi/lib/thumb/v7e-m+fp/hard/libc.a(libc_a-svfprintf.o)
                              /usr/local/arm/GNU_Tools_for_ARM/bin/../lib/gcc/arm-none-eabi/11.3.1/../../../../arm-none-eabi/lib/thumb/v7e-m+fp/hard/libc.a(libc_a-sprintf.o) (_svfprintf_r)
/usr/local/arm/GNU_Tools_for_ARM/bin/../lib/gcc/arm-none-eabi/11.3.1/../../../../arm-none-eabi/lib/thumb/v7e-m+fp/hard/libc.a(libc_a-vsprintf.o)
                              build/user_uart.o (vsprintf)
/usr/local/arm/GNU_Tools_for_ARM/bin/../lib/gcc/arm-none-eabi/11.3.1/../../../../arm-none-eabi/lib/thumb/v7e-m+fp/hard/libc.a(libc_a-malloc.o)
                              build/user_uart.o (malloc)
/usr/local/arm/GNU_Tools_for_ARM/bin/../lib/gcc/arm-none-eabi/11.3.1/../../../../arm-none-eabi/lib/thumb/v7e-m+fp/hard/libc.a(libc_a-mallocr.o)
                              /usr/local/arm/GNU_Tools_for_ARM/bin/../lib/gcc/arm-none-eabi/11.3.1/../../../../arm-none-eabi/lib/thumb/v7e-m+fp/hard/libc.a(libc_a-svfprintf.o) (_malloc_r)
/usr/local/arm/GNU_Tools_for_ARM/bin/../lib/gcc/arm-none-eabi/11.3.1/../../../../arm-none-eabi/lib/thumb/v7e-m+fp/hard/libc.a(libc_a-__call_atexit.o)
                              /usr/local/arm/GNU_Tools_for_ARM/bin/../lib/gcc/arm-none-eabi/11.3.1/../../../../arm-none-eabi/lib/thumb/v7e-m+fp/hard/libc.a(libc_a-exit.o) (__call_exitprocs)
/usr/local/arm/GNU_Tools_for_ARM/bin/../lib/gcc/arm-none-eabi/11.3.1/../../../../arm-none-eabi/lib/thumb/v7e-m+fp/hard/libc.a(libc_a-memset.o)
                              /usr/local/arm/GNU_Tools_for_ARM/bin/../lib/gcc/arm-none-eabi/11.3.1/../../../../arm-none-eabi/lib/thumb/v7e-m+fp/hard/crt0.o (memset)
/usr/local/arm/GNU_Tools_for_ARM/bin/../lib/gcc/arm-none-eabi/11.3.1/../../../../arm-none-eabi/lib/thumb/v7e-m+fp/hard/libc.a(libc_a-wcrtomb.o)
                              /usr/local/arm/GNU_Tools_for_ARM/bin/../lib/gcc/arm-none-eabi/11.3.1/../../../../arm-none-eabi/lib/thumb/v7e-m+fp/hard/libc.a(libc_a-svfprintf.o) (_wcrtomb_r)
/usr/local/arm/GNU_Tools_for_ARM/bin/../lib/gcc/arm-none-eabi/11.3.1/../../../../arm-none-eabi/lib/thumb/v7e-m+fp/hard/libc.a(libc_a-init.o)
                              /usr/local/arm/GNU_Tools_for_ARM/bin/../lib/gcc/arm-none-eabi/11.3.1/../../../../arm-none-eabi/lib/thumb/v7e-m+fp/hard/crt0.o (__libc_init_array)
/usr/local/arm/GNU_Tools_for_ARM/bin/../lib/gcc/arm-none-eabi/11.3.1/../../../../arm-none-eabi/lib/thumb/v7e-m+fp/hard/libc.a(libc_a-fini.o)
                              /usr/local/arm/GNU_Tools_for_ARM/bin/../lib/gcc/arm-none-eabi/11.3.1/../../../../arm-none-eabi/lib/thumb/v7e-m+fp/hard/libc.a(libc_a-__call_atexit.o) (__libc_fini_array)
/usr/local/arm/GNU_Tools_for_ARM/bin/../lib/gcc/arm-none-eabi/11.3.1/../../../../arm-none-eabi/lib/thumb/v7e-m+fp/hard/libc.a(libc_a-lock.o)
                              /usr/local/arm/GNU_Tools_for_ARM/bin/../lib/gcc/arm-none-eabi/11.3.1/../../../../arm-none-eabi/lib/thumb/v7e-m+fp/hard/libc.a(libc_a-__call_atexit.o) (__retarget_lock_acquire_recursive)
/usr/local/arm/GNU_Tools_for_ARM/bin/../lib/gcc/arm-none-eabi/11.3.1/../../../../arm-none-eabi/lib/thumb/v7e-m+fp/hard/libc.a(libc_a-locale.o)
                              /usr/local/arm/GNU_Tools_for_ARM/bin/../lib/gcc/arm-none-eabi/11.3.1/../../../../arm-none-eabi/lib/thumb/v7e-m+fp/hard/libc.a(libc_a-svfprintf.o) (__locale_mb_cur_max)
/usr/local/arm/GNU_Tools_for_ARM/bin/../lib/gcc/arm-none-eabi/11.3.1/../../../../arm-none-eabi/lib/thumb/v7e-m+fp/hard/libc.a(libc_a-localeconv.o)
                              /usr/local/arm/GNU_Tools_for_ARM/bin/../lib/gcc/arm-none-eabi/11.3.1/../../../../arm-none-eabi/lib/thumb/v7e-m+fp/hard/libc.a(libc_a-svfprintf.o) (_localeconv_r)
/usr/local/arm/GNU_Tools_for_ARM/bin/../lib/gcc/arm-none-eabi/11.3.1/../../../../arm-none-eabi/lib/thumb/v7e-m+fp/hard/libc.a(libc_a-strcmp.o)
                              /usr/local/arm/GNU_Tools_for_ARM/bin/../lib/gcc/arm-none-eabi/11.3.1/../../../../arm-none-eabi/lib/thumb/v7e-m+fp/hard/libc.a(libc_a-locale.o) (strcmp)
/usr/local/arm/GNU_Tools_for_ARM/bin/../lib/gcc/arm-none-eabi/11.3.1/../../../../arm-none-eabi/lib/thumb/v7e-m+fp/hard/libc.a(libc_a-strcpy.o)
[...]
Memory Configuration

Name             Origin             Length             Attributes
MAIN_FLASH       0x0000000000000000 0x0000000000040000 xr
INFO_FLASH       0x0000000000200000 0x0000000000004000 xr
SRAM_CODE        0x0000000001000000 0x0000000000010000 xrw
SRAM_DATA        0x0000000020000000 0x0000000000010000 rw
*default*        0x0000000000000000 0xffffffffffffffff

Linker script and memory map

LOAD /usr/local/arm/GNU_Tools_for_ARM/bin/../lib/gcc/arm-none-eabi/11.3.1/thumb/v7e-m+fp/hard/crti.o
LOAD /usr/local/arm/GNU_Tools_for_ARM/bin/../lib/gcc/arm-none-eabi/11.3.1/thumb/v7e-m+fp/hard/crtbegin.o
LOAD /usr/local/arm/GNU_Tools_for_ARM/bin/../lib/gcc/arm-none-eabi/11.3.1/../../../../arm-none-eabi/lib/thumb/v7e-m+fp/hard/crt0.o
LOAD build/main.o
LOAD build/cpu.o
LOAD build/cs.o
LOAD build/flash.o
LOAD build/fpu.o
LOAD build/gpio.o
LOAD build/interrupt.o
LOAD build/mpu.o
LOAD build/pcm.o
LOAD build/pss.o
LOAD build/ref_a.o
LOAD build/reset.o
LOAD build/rtc_c.o
LOAD build/sysctl.o
LOAD build/systick.o
LOAD build/uart.o
LOAD build/wdt_a.o
LOAD build/startup_msp432p401r_gcc.o
LOAD build/system_msp432p401r.o
LOAD build/user_periph.o
LOAD build/syscalls.o
LOAD build/user_uart.o
LOAD build/user_dma.o
LOAD /usr/local/arm/GNU_Tools_for_ARM/bin/../lib/gcc/arm-none-eabi/11.3.1/../../../../arm-none-eabi/lib/thumb/v7e-m+fp/hard/libc.a
LOAD /usr/local/arm/GNU_Tools_for_ARM/bin/../lib/gcc/arm-none-eabi/11.3.1/../../../../arm-none-eabi/lib/thumb/v7e-m+fp/hard/libm.a
LOAD /usr/local/arm/GNU_Tools_for_ARM/bin/../lib/gcc/arm-none-eabi/11.3.1/../../../../arm-none-eabi/lib/thumb/v7e-m+fp/hard/libnosys.a
START GROUP
LOAD /usr/local/arm/GNU_Tools_for_ARM/bin/../lib/gcc/arm-none-eabi/11.3.1/thumb/v7e-m+fp/hard/libgcc.a
LOAD /usr/local/arm/GNU_Tools_for_ARM/bin/../lib/gcc/arm-none-eabi/11.3.1/../../../../arm-none-eabi/lib/thumb/v7e-m+fp/hard/libc.a
END GROUP
START GROUP
LOAD /usr/local/arm/GNU_Tools_for_ARM/bin/../lib/gcc/arm-none-eabi/11.3.1/thumb/v7e-m+fp/hard/libgcc.a
LOAD /usr/local/arm/GNU_Tools_for_ARM/bin/../lib/gcc/arm-none-eabi/11.3.1/../../../../arm-none-eabi/lib/thumb/v7e-m+fp/hard/libc.a
LOAD /usr/local/arm/GNU_Tools_for_ARM/bin/../lib/gcc/arm-none-eabi/11.3.1/../../../../arm-none-eabi/lib/thumb/v7e-m+fp/hard/libnosys.a
END GROUP
LOAD /usr/local/arm/GNU_Tools_for_ARM/bin/../lib/gcc/arm-none-eabi/11.3.1/thumb/v7e-m+fp/hard/crtend.o
LOAD /usr/local/arm/GNU_Tools_for_ARM/bin/../lib/gcc/arm-none-eabi/11.3.1/thumb/v7e-m+fp/hard/crtn.o
                0x0000000000000000                PROVIDE (_intvecs_base_address = DEFINED (_intvecs_base_address)?_intvecs_base_address:0x0)

.intvecs        0x0000000000000000       0xe4
 *(.intvecs)
 .intvecs       0x0000000000000000       0xe4 build/startup_msp432p401r_gcc.o
                0x0000000000000000                interruptVectors
                0x0000000000200000                PROVIDE (_mailbox_base_address = 0x200000)

.flashMailbox
 *(.flashMailbox)
                0x0000000000201000                PROVIDE (_tlv_base_address = 0x201000)

.tlvTable
 *(.tlvTable)
                0x0000000000202000                PROVIDE (_bsl_base_address = 0x202000)

.bslArea
 *(.bslArea)
                0x0000000020000000                PROVIDE (_vtable_base_address = DEFINED (_vtable_base_address)?_vtable_base_address:0x20000000)

.vtable
 *(.vtable)

.text           0x0000000000000100     0xe684
 CREATE_OBJECT_SYMBOLS
 *(.text)
 .text          0x0000000000000100        0x0 /usr/local/arm/GNU_Tools_for_ARM/bin/../lib/gcc/arm-none-eabi/11.3.1/thumb/v7e-m+fp/hard/crti.o
 .text          0x0000000000000100        0x0 /usr/local/arm/GNU_Tools_for_ARM/bin/../lib/gcc/arm-none-eabi/11.3.1/thumb/v7e-m+fp/hard/crtbegin.o
 .text          0x0000000000000100       0x7c /usr/local/arm/GNU_Tools_for_ARM/bin/../lib/gcc/arm-none-eabi/11.3.1/../../../../arm-none-eabi/lib/thumb/v7e-m+fp/hard/crt0.o
                0x0000000000000100                _stack_init
                0x0000000000000108                _mainCRTStartup
                0x0000000000000108                _start
 .text          0x000000000000017c      0x140 build/main.o
                0x000000000000017c                Delay
                0x00000000000001b0                main
 .text          0x00000000000002bc       0x42 build/cpu.o
                0x00000000000002bc                CPU_cpsid
                0x00000000000002ca                CPU_primask
                0x00000000000002d6                CPU_cpsie
                0x00000000000002e4                CPU_wfi
                0x00000000000002ea                CPU_basepriSet
                0x00000000000002f2                CPU_basepriGet
 *fill*         0x00000000000002fe        0x2 
 .text          0x0000000000000300      0xf84 build/cs.o
                0x0000000000000658                CS_setExternalClockSourceFrequency
                0x0000000000000684                CS_initClockSignal
                0x0000000000000810                CS_startHFXT
                0x000000000000082e                CS_startHFXTWithTimeout
                0x0000000000000920                CS_startLFXT
                0x000000000000093a                CS_startLFXTWithTimeout
                0x0000000000000a24                CS_enableClockRequest
                0x0000000000000a5c                CS_disableClockRequest
                0x0000000000000a94                CS_setReferenceOscillatorFrequency
                0x0000000000000acc                CS_enableDCOExternalResistor
                0x0000000000000afc                CS_setDCOExternalResistorCalibration
                0x0000000000000b90                CS_disableDCOExternalResistor
                0x0000000000000bc0                CS_setDCOCenteredFrequency
                0x0000000000000bfc                CS_tuneDCOFrequency
                0x0000000000000c80                CS_getDCOFrequency
                0x0000000000000d98                CS_setDCOFrequency
                0x0000000000000f4c                CS_getBCLK
                0x0000000000000f78                CS_getHSMCLK
                0x0000000000000fac                CS_getACLK
                0x0000000000000fe0                CS_getSMCLK
                0x0000000000001014                CS_getMCLK
                0x0000000000001048                CS_enableFaultCounter
                0x0000000000001090                CS_disableFaultCounter
                0x00000000000010d8                CS_resetFaultCounter
                0x0000000000001120                CS_startFaultCounter
                0x0000000000001178                CS_enableInterrupt
                0x00000000000011b0                CS_disableInterrupt
                0x00000000000011e8                CS_getInterruptStatus
                0x0000000000001200                CS_getEnabledInterruptStatus
                0x0000000000001218                CS_clearInterruptFlag
                0x0000000000001250                CS_registerInterrupt
                0x000000000000126e                CS_unregisterInterrupt
 .text          0x0000000000001284     0x1af0 build/flash.o
                0x00000000000015a2                FlashCtl_getMemoryInfo
                0x0000000000001988                FlashCtl_enableReadBuffering
                0x0000000000001a00                FlashCtl_disableReadBuffering
                0x0000000000001a78                FlashCtl_unprotectSector
                0x0000000000001b1c                FlashCtl_protectSector
                0x0000000000001ba4                FlashCtl_isSectorProtected
                0x0000000000001c38                FlashCtl_verifyMemory
                0x0000000000001ee0                FlashCtl_setReadMode
                0x0000000000001f64                FlashCtl_getReadMode
                0x0000000000001fa4                FlashCtl_initiateMassErase
                0x0000000000001fd0                FlashCtl_performMassErase
                0x00000000000021a8                FlashCtl_eraseSector
                0x00000000000022fc                FlashCtl_initiateSectorErase
                0x000000000000239c                FlashCtl_programMemory
                0x0000000000002544                FlashCtl_setProgramVerification
                0x00000000000025a8                FlashCtl_clearProgramVerification
                0x000000000000260c                FlashCtl_enableWordProgramming
                0x0000000000002650                FlashCtl_disableWordProgramming
                0x0000000000002668                FlashCtl_isWordProgrammingEnabled
                0x000000000000269c                FlashCtl_setWaitState
                0x00000000000026e8                FlashCtl_getWaitState
                0x0000000000002728                FlashCtl_enableInterrupt
                0x0000000000002750                FlashCtl_disableInterrupt
                0x000000000000277c                FlashCtl_getInterruptStatus
                0x0000000000002794                FlashCtl_getEnabledInterruptStatus
                0x00000000000027b0                FlashCtl_clearInterruptFlag
                0x00000000000027d8                FlashCtl_registerInterrupt
                0x00000000000027f6                FlashCtl_unregisterInterrupt
                0x000000000000280a                __FlashCtl_remaskData8Post
                0x000000000000289c                __FlashCtl_remaskData8Pre
                0x0000000000002934                __FlashCtl_remaskData32Post
                0x0000000000002a14                __FlashCtl_remaskData32Pre
                0x0000000000002af8                __FlashCtl_remaskBurstDataPre
                0x0000000000002c3c                __FlashCtl_remaskBurstDataPost
 .text          0x0000000000002d74      0x14c build/fpu.o
                0x0000000000002d74                FPU_enableModule
                0x0000000000002d98                FPU_disableModule
                0x0000000000002dbc                FPU_enableStacking
                0x0000000000002de0                FPU_enableLazyStacking
                0x0000000000002e00                FPU_disableStacking
                0x0000000000002e20                FPU_setHalfPrecisionMode
                0x0000000000002e48                FPU_setNaNMode
                0x0000000000002e70                FPU_setFlushToZeroMode
                0x0000000000002e98                FPU_setRoundingMode
 .text          0x0000000000002ec0      0x7e4 build/gpio.o
                0x0000000000002ec0                GPIO_setAsOutputPin
                0x0000000000002f30                GPIO_setAsInputPin
                0x0000000000002fbc                GPIO_setAsPeripheralModuleFunctionOutputPin
                0x00000000000030a4                GPIO_setAsPeripheralModuleFunctionInputPin
                0x0000000000003190                GPIO_setOutputHighOnPin
                0x00000000000031cc                GPIO_setOutputLowOnPin
                0x000000000000320c                GPIO_toggleOutputOnPin
                0x0000000000003248                GPIO_setAsInputPinWithPullDownResistor
                0x00000000000032ec                GPIO_setAsInputPinWithPullUpResistor
                0x000000000000338c                GPIO_getInputPinValue
                0x00000000000033cc                GPIO_enableInterrupt
                0x0000000000003408                GPIO_disableInterrupt
                0x0000000000003448                GPIO_getInterruptStatus
                0x000000000000347c                GPIO_clearInterruptFlag
                0x00000000000034bc                GPIO_interruptEdgeSelect
                0x000000000000351c                GPIO_getEnabledInterruptStatus
                0x00000000000035cc                GPIO_setDriveStrengthHigh
                0x0000000000003608                GPIO_setDriveStrengthLow
                0x0000000000003648                GPIO_registerInterrupt
                0x0000000000003678                GPIO_unregisterInterrupt
 .text          0x00000000000036a4      0x548 build/interrupt.o
                0x00000000000036aa                Interrupt_enableMaster
                0x00000000000036c2                Interrupt_disableMaster
                0x00000000000036da                Interrupt_registerInterrupt
                0x0000000000003740                Interrupt_unregisterInterrupt
                0x0000000000003768                Interrupt_setPriorityGrouping
                0x00000000000037b8                Interrupt_getPriorityGrouping
                0x0000000000003804                Interrupt_setPriority
                0x000000000000386c                Interrupt_getPriority
                0x00000000000038a0                Interrupt_enableInterrupt
                0x0000000000003934                Interrupt_disableInterrupt
                0x00000000000039c8                Interrupt_isEnabled
                0x0000000000003a68                Interrupt_pendInterrupt
                0x0000000000003ae4                Interrupt_unpendInterrupt
                0x0000000000003b4c                Interrupt_setPriorityMask
                0x0000000000003b66                Interrupt_getPriorityMask
                0x0000000000003b76                Interrupt_setVectorTableAddress
                0x0000000000003b94                Interrupt_getVectorTableAddress
                0x0000000000003bac                Interrupt_enableSleepOnIsrExit
                0x0000000000003bcc                Interrupt_disableSleepOnIsrExit
 .text          0x0000000000003bec      0x16c build/mpu.o
                0x0000000000003bec                MPU_enableModule
                0x0000000000003c10                MPU_disableModule
                0x0000000000003c30                MPU_getRegionCount
                0x0000000000003c4c                MPU_enableRegion
                0x0000000000003c78                MPU_disableRegion
                0x0000000000003ca4                MPU_setRegion
                0x0000000000003cdc                MPU_getRegion
                0x0000000000003d14                MPU_registerInterrupt
                0x0000000000003d2c                MPU_unregisterInterrupt
                0x0000000000003d3a                MPU_enableInterrupt
                0x0000000000003d48                MPU_disableInterrupt
 .text          0x0000000000003d58      0xb08 build/pcm.o
                0x0000000000003e78                PCM_setCoreVoltageLevel
                0x0000000000003e94                PCM_setCoreVoltageLevelWithTimeout
                0x0000000000003eb2                PCM_setCoreVoltageLevelNonBlocking
                0x0000000000003ece                PCM_getPowerMode
                0x0000000000003f3e                PCM_getCoreVoltageLevel
                0x0000000000004130                PCM_setPowerMode
                0x000000000000414c                PCM_setPowerModeNonBlocking
                0x0000000000004168                PCM_setPowerModeWithTimeout
                0x0000000000004514                PCM_setPowerState
                0x0000000000004530                PCM_setPowerStateWithTimeout
                0x000000000000454e                PCM_setPowerStateNonBlocking
                0x000000000000456a                PCM_shutdownDevice
                0x00000000000045d0                PCM_gotoLPM4
                0x00000000000045e6                PCM_gotoLPM4InterruptSafe
                0x000000000000460a                PCM_gotoLPM0
                0x000000000000463c                PCM_gotoLPM0InterruptSafe
                0x0000000000004660                PCM_gotoLPM3
                0x00000000000046fc                PCM_gotoLPM3InterruptSafe
                0x0000000000004720                PCM_getPowerState
                0x0000000000004740                PCM_enableRudeMode
                0x0000000000004764                PCM_disableRudeMode
                0x000000000000478c                PCM_enableInterrupt
                0x00000000000047b0                PCM_disableInterrupt
                0x00000000000047d8                PCM_getInterruptStatus
                0x00000000000047f0                PCM_getEnabledInterruptStatus
                0x0000000000004808                PCM_clearInterruptFlag
                0x000000000000482c                PCM_registerInterrupt
                0x000000000000484a                PCM_unregisterInterrupt
 .text          0x0000000000004860      0x28c build/pss.o
                0x0000000000004894                PSS_enableForcedDCDCOperation
                0x00000000000048b0                PSS_disableForcedDCDCOperation
                0x00000000000048cc                PSS_enableHighSidePinToggle
                0x0000000000004914                PSS_disableHighSidePinToggle
                0x0000000000004930                PSS_enableHighSide
                0x000000000000494c                PSS_disableHighSide
                0x0000000000004968                PSS_setHighSidePerformanceMode
                0x0000000000004998                PSS_getHighSidePerformanceMode
                0x00000000000049bc                PSS_enableHighSideMonitor
                0x00000000000049d8                PSS_disableHighSideMonitor
                0x00000000000049f4                PSS_setHighSideVoltageTrigger
                0x0000000000004a30                PSS_getHighSideVoltageTrigger
                0x0000000000004a4c                PSS_enableInterrupt
                0x0000000000004a68                PSS_disableInterrupt
                0x0000000000004a84                PSS_getInterruptStatus
                0x0000000000004a9c                PSS_clearInterruptFlag
                0x0000000000004ab8                PSS_registerInterrupt
                0x0000000000004ad6                PSS_unregisterInterrupt
 .text          0x0000000000004aec      0x1c0 build/ref_a.o
                0x0000000000004aec                REF_A_setReferenceVoltage
                0x0000000000004b1c                REF_A_disableTempSensor
                0x0000000000004b34                REF_A_enableTempSensor
                0x0000000000004b4c                REF_A_enableReferenceVoltageOutput
                0x0000000000004b64                REF_A_disableReferenceVoltageOutput
                0x0000000000004b7c                REF_A_enableReferenceVoltage
                0x0000000000004b94                REF_A_disableReferenceVoltage
                0x0000000000004bac                REF_A_getBandgapMode
                0x0000000000004bc8                REF_A_isBandgapActive
                0x0000000000004bec                REF_A_isRefGenBusy
                0x0000000000004c10                REF_A_isRefGenActive
                0x0000000000004c34                REF_A_getBufferedBandgapVoltageStatus
                0x0000000000004c58                REF_A_getVariableReferenceVoltageStatus
                0x0000000000004c7c                REF_A_setReferenceVoltageOneTimeTrigger
                0x0000000000004c94                REF_A_setBufferedBandgapVoltageOneTimeTrigger
 .text          0x0000000000004cac      0x180 build/reset.o
                0x0000000000004cac                ResetCtl_initiateSoftReset
                0x0000000000004cd0                ResetCtl_initiateSoftResetWithSource
                0x0000000000004cf4                ResetCtl_getSoftResetSource
                0x0000000000004d0c                ResetCtl_clearSoftResetSource
                0x0000000000004d30                ResetCtl_initiateHardReset
                0x0000000000004d54                ResetCtl_initiateHardResetWithSource
                0x0000000000004d78                ResetCtl_getHardResetSource
                0x0000000000004d90                ResetCtl_clearHardResetSource
                0x0000000000004db4                ResetCtl_getPSSSource
                0x0000000000004dcc                ResetCtl_clearPSSFlags
                0x0000000000004df0                ResetCtl_getPCMSource
                0x0000000000004e08                ResetCtl_clearPCMFlags
 .text          0x0000000000004e2c      0x7d0 build/rtc_c.o
                0x0000000000004e2c                RTC_C_startClock
                0x0000000000004e70                RTC_C_holdClock
                0x0000000000004eb4                RTC_C_setCalibrationFrequency
                0x0000000000004f0c                RTC_C_setCalibrationData
                0x0000000000004f5c                RTC_C_setTemperatureCompensation
                0x0000000000004fac                RTC_C_initCalendar
                0x0000000000005060                RTC_C_getCalendarTime
                0x00000000000050f0                RTC_C_setCalendarAlarm
                0x0000000000005154                RTC_C_setCalendarEvent
                0x00000000000051ac                RTC_C_definePrescaleEvent
                0x000000000000521c                RTC_C_getPrescaleValue
                0x0000000000005258                RTC_C_setPrescaleValue
                0x00000000000052d8                RTC_C_convertBCDToBinary
                0x0000000000005300                RTC_C_convertBinaryToBCD
                0x0000000000005328                RTC_C_enableInterrupt
                0x00000000000053a8                RTC_C_disableInterrupt
                0x0000000000005434                RTC_C_getInterruptStatus
                0x00000000000054b0                RTC_C_getEnabledInterruptStatus
                0x000000000000554c                RTC_C_clearInterruptFlag
                0x00000000000055c8                RTC_C_registerInterrupt
                0x00000000000055e6                RTC_C_unregisterInterrupt
 .text          0x00000000000055fc      0x40c build/sysctl.o
                0x00000000000055fc                SysCtl_getTLVInfo
                0x0000000000005690                SysCtl_getSRAMSize
                0x00000000000056a8                SysCtl_getFlashSize
                0x00000000000056c0                SysCtl_disableNMISource
                0x00000000000056e8                SysCtl_enableNMISource
                0x000000000000570c                SysCtl_getNMISourceStatus
                0x0000000000005728                SysCtl_enableSRAMBank
                0x0000000000005758                SysCtl_disableSRAMBank
                0x0000000000005860                SysCtl_enableSRAMBankRetention
                0x0000000000005894                SysCtl_disableSRAMBankRetention
                0x00000000000058c8                SysCtl_rebootDevice
                0x00000000000058e4                SysCtl_enablePeripheralAtCPUHalt
                0x000000000000590c                SysCtl_disablePeripheralAtCPUHalt
                0x0000000000005930                SysCtl_setWDTTimeoutResetType
                0x0000000000005968                SysCtl_setWDTPasswordViolationResetType
                0x00000000000059a0                SysCtl_enableGlitchFilter
                0x00000000000059c0                SysCtl_disableGlitchFilter
                0x00000000000059e0                SysCtl_getTempCalibrationConstant
 .text          0x0000000000005a08       0xf4 build/systick.o
                0x0000000000005a08                SysTick_enableModule
                0x0000000000005a28                SysTick_disableModule
                0x0000000000005a48                SysTick_registerInterrupt
                0x0000000000005a60                SysTick_unregisterInterrupt
                0x0000000000005a6e                SysTick_enableInterrupt
                0x0000000000005a8c                SysTick_disableInterrupt
                0x0000000000005aac                SysTick_setPeriod
                0x0000000000005acc                SysTick_getPeriod
                0x0000000000005ae4                SysTick_getValue
 .text          0x0000000000005afc      0x67c build/uart.o
                0x0000000000005afc                UART_initModule
                0x0000000000005c90                UART_transmitData
                0x0000000000005ce0                UART_receiveData
                0x0000000000005d2a                UART_enableModule
                0x0000000000005d4e                UART_disableModule
                0x0000000000005d72                UART_queryStatusFlags
                0x0000000000005d94                UART_setDormant
                0x0000000000005dba                UART_resetDormant
                0x0000000000005de0                UART_transmitAddress
                0x0000000000005e10                UART_transmitBreak
                0x0000000000005e86                UART_getReceiveBufferAddressForDMA
                0x0000000000005e9e                UART_getTransmitBufferAddressForDMA
                0x0000000000005eb6                UART_selectDeglitchTime
                0x0000000000005ee4                UART_enableInterrupt
                0x0000000000005f2e                UART_disableInterrupt
                0x0000000000005f80                UART_getInterruptStatus
                0x0000000000005fa4                UART_getEnabledInterruptStatus
                0x000000000000602a                UART_clearInterruptFlag
                0x0000000000006056                UART_registerInterrupt
                0x00000000000060ec                UART_unregisterInterrupt
 .text          0x0000000000006178      0x164 build/wdt_a.o
                0x0000000000006178                WDT_A_holdTimer
                0x00000000000061ac                WDT_A_startTimer
                0x00000000000061e0                WDT_A_clearTimer
                0x0000000000006214                WDT_A_initWatchdogTimer
                0x0000000000006248                WDT_A_initIntervalTimer
                0x000000000000627c                WDT_A_setPasswordViolationReset
                0x0000000000006292                WDT_A_setTimeoutReset
                0x00000000000062a8                WDT_A_registerInterrupt
                0x00000000000062c6                WDT_A_unregisterInterrupt
 .text          0x00000000000062dc       0x4c build/startup_msp432p401r_gcc.o
                0x00000000000062dc                Reset_Handler
                0x0000000000006320                CS_IRQHandler
                0x0000000000006320                DebugMon_Handler
                0x0000000000006320                AES256_IRQHandler
                0x0000000000006320                HardFault_Handler
                0x0000000000006320                SysTick_Handler
                0x0000000000006320                PendSV_Handler
                0x0000000000006320                NMI_Handler
                0x0000000000006320                RTC_C_IRQHandler
                0x0000000000006320                PORT1_IRQHandler
                0x0000000000006320                FPU_IRQHandler
                0x0000000000006320                PORT2_IRQHandler
                0x0000000000006320                TA3_0_IRQHandler
                0x0000000000006320                UsageFault_Handler
                0x0000000000006320                DMA_INT3_IRQHandler
                0x0000000000006320                TA2_0_IRQHandler
                0x0000000000006320                DMA_INT1_IRQHandler
                0x0000000000006320                WDT_A_IRQHandler
                0x0000000000006320                TA2_N_IRQHandler
                0x0000000000006320                TA1_0_IRQHandler
                0x0000000000006320                PSS_IRQHandler
                0x0000000000006320                DMA_INT2_IRQHandler
                0x0000000000006320                EUSCIA3_IRQHandler
                0x0000000000006320                DMA_INT0_IRQHandler
                0x0000000000006320                PORT4_IRQHandler
                0x0000000000006320                PORT5_IRQHandler
                0x0000000000006320                EUSCIB0_IRQHandler
                0x0000000000006320                Default_Handler
                0x0000000000006320                T32_INTC_IRQHandler
                0x0000000000006320                TA3_N_IRQHandler
                0x0000000000006320                TA0_0_IRQHandler
                0x0000000000006320                EUSCIA2_IRQHandler
                0x0000000000006320                PORT6_IRQHandler
                0x0000000000006320                PORT3_IRQHandler
                0x0000000000006320                MemManage_Handler
                0x0000000000006320                SVC_Handler
                0x0000000000006320                TA1_N_IRQHandler
                0x0000000000006320                EUSCIA1_IRQHandler
                0x0000000000006320                COMP_E1_IRQHandler
                0x0000000000006320                EUSCIB2_IRQHandler
                0x0000000000006320                FLCTL_IRQHandler
                0x0000000000006320                EUSCIB3_IRQHandler
                0x0000000000006320                T32_INT1_IRQHandler
                0x0000000000006320                DMA_ERR_IRQHandler
                0x0000000000006320                ADC14_IRQHandler
                0x0000000000006320                EUSCIA0_IRQHandler
                0x0000000000006320                BusFault_Handler
                0x0000000000006320                PCM_IRQHandler
                0x0000000000006320                TA0_N_IRQHandler
                0x0000000000006320                COMP_E0_IRQHandler
                0x0000000000006320                EUSCIB1_IRQHandler
                0x0000000000006320                T32_INT2_IRQHandler
 .text          0x0000000000006328      0x394 build/system_msp432p401r.o
                0x0000000000006328                SystemCoreClockUpdate
                0x000000000000663c                SystemInit
 .text          0x00000000000066bc       0xac build/user_periph.o
                0x00000000000066f4                Peripheral_PreInit
 .text          0x0000000000006768      0x214 build/syscalls.o
                0x0000000000006768                initialise_monitor_handles
                0x0000000000006776                _getpid
                0x0000000000006786                _kill
                0x00000000000067a6                _exit
                0x00000000000067ba                _read
                0x00000000000067f4                _write
                0x000000000000682c                _close
                0x0000000000006844                _fstat
                0x0000000000006864                _isatty
                0x000000000000687a                _lseek
                0x0000000000006894                _open
                0x00000000000068b0                _wait
                0x00000000000068ce                _unlink
                0x00000000000068ec                _times
                0x0000000000006904                _stat
                0x0000000000006924                _link
                0x0000000000006944                _fork
                0x000000000000695a                _execve
 .text          0x000000000000697c      0x3c8 build/user_uart.o
                0x0000000000006a18                Send_Nchar
                0x0000000000006a6c                D_Send_Nchar
                0x0000000000006ad0                D_Send_String
                0x0000000000006b00                Send_String
                0x0000000000006b48                Printf
                0x0000000000006ce4                Receive
                0x0000000000006cfa                D_Printf
 .text          0x0000000000006d44      0x260 build/user_dma.o
                0x0000000000006dac                DMA_Config_Source
                0x0000000000006e1c                DMA_Specify_Src
                0x0000000000006e70                DMA_Specify_Ctrl
                0x0000000000006ec8                DMA_Enable_Channel
                0x0000000000006f34                DMA_Disable_Channel
 .text          0x0000000000006fa4        0x0 /usr/local/arm/GNU_Tools_for_ARM/bin/../lib/gcc/arm-none-eabi/11.3.1/../../../../arm-none-eabi/lib/thumb/v7e-m+fp/hard/libc.a(libc_a-exit.o)
 .text          0x0000000000006fa4        0x0 /usr/local/arm/GNU_Tools_for_ARM/bin/../lib/gcc/arm-none-eabi/11.3.1/../../../../arm-none-eabi/lib/thumb/v7e-m+fp/hard/libc.a(libc_a-sprintf.o)
 .text          0x0000000000006fa4        0x0 /usr/local/arm/GNU_Tools_for_ARM/bin/../lib/gcc/arm-none-eabi/11.3.1/../../../../arm-none-eabi/lib/thumb/v7e-m+fp/hard/libc.a(libc_a-errno.o)
 .text          0x0000000000006fa4        0x0 /usr/local/arm/GNU_Tools_for_ARM/bin/../lib/gcc/arm-none-eabi/11.3.1/../../../../arm-none-eabi/lib/thumb/v7e-m+fp/hard/libc.a(libc_a-svfprintf.o)
 .text          0x0000000000006fa4        0x0 /usr/local/arm/GNU_Tools_for_ARM/bin/../lib/gcc/arm-none-eabi/11.3.1/../../../../arm-none-eabi/lib/thumb/v7e-m+fp/hard/libc.a(libc_a-vsprintf.o)
 .text          0x0000000000006fa4        0x0 /usr/local/arm/GNU_Tools_for_ARM/bin/../lib/gcc/arm-none-eabi/11.3.1/../../../../arm-none-eabi/lib/thumb/v7e-m+fp/hard/libc.a(libc_a-malloc.o)
 .text          0x0000000000006fa4        0x0 /usr/local/arm/GNU_Tools_for_ARM/bin/../lib/gcc/arm-none-eabi/11.3.1/../../../../arm-none-eabi/lib/thumb/v7e-m+fp/hard/libc.a(libc_a-mallocr.o)
 .text          0x0000000000006fa4        0x0 /usr/local/arm/GNU_Tools_for_ARM/bin/../lib/gcc/arm-none-eabi/11.3.1/../../../../arm-none-eabi/lib/thumb/v7e-m+fp/hard/libc.a(libc_a-__call_atexit.o)
 .text          0x0000000000006fa4        0x0 /usr/local/arm/GNU_Tools_for_ARM/bin/../lib/gcc/arm-none-eabi/11.3.1/../../../../arm-none-eabi/lib/thumb/v7e-m+fp/hard/libc.a(libc_a-memset.o)
 .text          0x0000000000006fa4        0x0 /usr/local/arm/GNU_Tools_for_ARM/bin/../lib/gcc/arm-none-eabi/11.3.1/../../../../arm-none-eabi/lib/thumb/v7e-m+fp/hard/libc.a(libc_a-wcrtomb.o)
 .text          0x0000000000006fa4        0x0 /usr/local/arm/GNU_Tools_for_ARM/bin/../lib/gcc/arm-none-eabi/11.3.1/../../../../arm-none-eabi/lib/thumb/v7e-m+fp/hard/libc.a(libc_a-init.o)
 .text          0x0000000000006fa4        0x0 /usr/local/arm/GNU_Tools_for_ARM/bin/../lib/gcc/arm-none-eabi/11.3.1/../../../../arm-none-eabi/lib/thumb/v7e-m+fp/hard/libc.a(libc_a-fini.o)
 .text          0x0000000000006fa4        0x0 /usr/local/arm/GNU_Tools_for_ARM/bin/../lib/gcc/arm-none-eabi/11.3.1/../../../../arm-none-eabi/lib/thumb/v7e-m+fp/hard/libc.a(libc_a-lock.o)
 .text          0x0000000000006fa4        0x0 /usr/local/arm/GNU_Tools_for_ARM/bin/../lib/gcc/arm-none-eabi/11.3.1/../../../../arm-none-eabi/lib/thumb/v7e-m+fp/hard/libc.a(libc_a-locale.o)
 .text          0x0000000000006fa4        0x0 /usr/local/arm/GNU_Tools_for_ARM/bin/../lib/gcc/arm-none-eabi/11.3.1/../../../../arm-none-eabi/lib/thumb/v7e-m+fp/hard/libc.a(libc_a-localeconv.o)
 *fill*         0x0000000000006fa4       0x1c 
 .text          0x0000000000006fc0      0x2dc /usr/local/arm/GNU_Tools_for_ARM/bin/../lib/gcc/arm-none-eabi/11.3.1/../../../../arm-none-eabi/lib/thumb/v7e-m+fp/hard/libc.a(libc_a-strcmp.o)
                0x0000000000006fc8                strcmp
 .text          0x000000000000729c        0x0 /usr/local/arm/GNU_Tools_for_ARM/bin/../lib/gcc/arm-none-eabi/11.3.1/../../../../arm-none-eabi/lib/thumb/v7e-m+fp/hard/libc.a(libc_a-strcpy.o)
 .text          0x000000000000729c        0x0 /usr/local/arm/GNU_Tools_for_ARM/bin/../lib/gcc/arm-none-eabi/11.3.1/../../../../arm-none-eabi/lib/thumb/v7e-m+fp/hard/libc.a(libc_a-mlock.o)
 .text          0x000000000000729c        0x0 /usr/local/arm/GNU_Tools_for_ARM/bin/../lib/gcc/arm-none-eabi/11.3.1/../../../../arm-none-eabi/lib/thumb/v7e-m+fp/hard/libc.a(libc_a-atexit.o)
 .text          0x000000000000729c        0x0 /usr/local/arm/GNU_Tools_for_ARM/bin/../lib/gcc/arm-none-eabi/11.3.1/../../../../arm-none-eabi/lib/thumb/v7e-m+fp/hard/libc.a(libc_a-strchr.o)
 .text          0x000000000000729c        0x0 /usr/local/arm/GNU_Tools_for_ARM/bin/../lib/gcc/arm-none-eabi/11.3.1/../../../../arm-none-eabi/lib/thumb/v7e-m+fp/hard/libc.a(libc_a-wcsrtombs.o)
 .text          0x000000000000729c        0x0 /usr/local/arm/GNU_Tools_for_ARM/bin/../lib/gcc/arm-none-eabi/11.3.1/../../../../arm-none-eabi/lib/thumb/v7e-m+fp/hard/libc.a(libc_a-dtoa.o)
 .text          0x000000000000729c        0x0 /usr/local/arm/GNU_Tools_for_ARM/bin/../lib/gcc/arm-none-eabi/11.3.1/../../../../arm-none-eabi/lib/thumb/v7e-m+fp/hard/libc.a(libc_a-ctype_.o)
 .text          0x000000000000729c        0x0 /usr/local/arm/GNU_Tools_for_ARM/bin/../lib/gcc/arm-none-eabi/11.3.1/../../../../arm-none-eabi/lib/thumb/v7e-m+fp/hard/libc.a(libc_a-impure.o)
 .text          0x000000000000729c        0x0 /usr/local/arm/GNU_Tools_for_ARM/bin/../lib/gcc/arm-none-eabi/11.3.1/../../../../arm-none-eabi/lib/thumb/v7e-m+fp/hard/libc.a(libc_a-findfp.o)
 *fill*         0x000000000000729c        0x4 
 .text          0x00000000000072a0       0xa0 /usr/local/arm/GNU_Tools_for_ARM/bin/../lib/gcc/arm-none-eabi/11.3.1/../../../../arm-none-eabi/lib/thumb/v7e-m+fp/hard/libc.a(libc_a-memchr.o)
                0x00000000000072a0                memchr
 .text          0x0000000000007340      0x134 /usr/local/arm/GNU_Tools_for_ARM/bin/../lib/gcc/arm-none-eabi/11.3.1/../../../../arm-none-eabi/lib/thumb/v7e-m+fp/hard/libc.a(libc_a-memcpy.o)
                0x0000000000007340                memcpy
 *fill*         0x0000000000007474        0xc 
 .text          0x0000000000007480       0xdc /usr/local/arm/GNU_Tools_for_ARM/bin/../lib/gcc/arm-none-eabi/11.3.1/../../../../arm-none-eabi/lib/thumb/v7e-m+fp/hard/libc.a(libc_a-strlen.o)
                0x0000000000007480                strlen
 .text          0x000000000000755c        0x0 /usr/local/arm/GNU_Tools_for_ARM/bin/../lib/gcc/arm-none-eabi/11.3.1/../../../../arm-none-eabi/lib/thumb/v7e-m+fp/hard/libc.a(libm_a-s_frexp.o)
 .text          0x000000000000755c        0x0 /usr/local/arm/GNU_Tools_for_ARM/bin/../lib/gcc/arm-none-eabi/11.3.1/../../../../arm-none-eabi/lib/thumb/v7e-m+fp/hard/libc.a(libc_a-strlcpy.o)
 .text          0x000000000000755c        0x0 /usr/local/arm/GNU_Tools_for_ARM/bin/../lib/gcc/arm-none-eabi/11.3.1/../../../../arm-none-eabi/lib/thumb/v7e-m+fp/hard/libc.a(libc_a-freer.o)
 .text          0x000000000000755c        0x0 /usr/local/arm/GNU_Tools_for_ARM/bin/../lib/gcc/arm-none-eabi/11.3.1/../../../../arm-none-eabi/lib/thumb/v7e-m+fp/hard/libc.a(libc_a-strtol.o)
 .text          0x000000000000755c        0x0 /usr/local/arm/GNU_Tools_for_ARM/bin/../lib/gcc/arm-none-eabi/11.3.1/../../../../arm-none-eabi/lib/thumb/v7e-m+fp/hard/libc.a(libc_a-strncasecmp.o)
 .text          0x000000000000755c        0x0 /usr/local/arm/GNU_Tools_for_ARM/bin/../lib/gcc/arm-none-eabi/11.3.1/../../../../arm-none-eabi/lib/thumb/v7e-m+fp/hard/libc.a(libc_a-getenv_r.o)
 .text          0x000000000000755c        0x0 /usr/local/arm/GNU_Tools_for_ARM/bin/../lib/gcc/arm-none-eabi/11.3.1/../../../../arm-none-eabi/lib/thumb/v7e-m+fp/hard/libc.a(libc_a-strncpy.o)
 .text          0x000000000000755c        0x0 /usr/local/arm/GNU_Tools_for_ARM/bin/../lib/gcc/arm-none-eabi/11.3.1/../../../../arm-none-eabi/lib/thumb/v7e-m+fp/hard/libc.a(libc_a-stdio.o)
 .text          0x000000000000755c        0x0 /usr/local/arm/GNU_Tools_for_ARM/bin/../lib/gcc/arm-none-eabi/11.3.1/../../../../arm-none-eabi/lib/thumb/v7e-m+fp/hard/libc.a(libc_a-wctomb_r.o)
 .text          0x000000000000755c        0x0 /usr/local/arm/GNU_Tools_for_ARM/bin/../lib/gcc/arm-none-eabi/11.3.1/../../../../arm-none-eabi/lib/thumb/v7e-m+fp/hard/libc.a(libc_a-sbrkr.o)
 .text          0x000000000000755c        0x0 /usr/local/arm/GNU_Tools_for_ARM/bin/../lib/gcc/arm-none-eabi/11.3.1/../../../../arm-none-eabi/lib/thumb/v7e-m+fp/hard/libc.a(libc_a-fwalk.o)
 .text          0x000000000000755c        0x0 /usr/local/arm/GNU_Tools_for_ARM/bin/../lib/gcc/arm-none-eabi/11.3.1/../../../../arm-none-eabi/lib/thumb/v7e-m+fp/hard/libc.a(libc_a-writer.o)
 .text          0x000000000000755c        0x0 /usr/local/arm/GNU_Tools_for_ARM/bin/../lib/gcc/arm-none-eabi/11.3.1/../../../../arm-none-eabi/lib/thumb/v7e-m+fp/hard/libc.a(libc_a-svfiprintf.o)
 .text          0x000000000000755c        0x0 /usr/local/arm/GNU_Tools_for_ARM/bin/../lib/gcc/arm-none-eabi/11.3.1/../../../../arm-none-eabi/lib/thumb/v7e-m+fp/hard/libc.a(libc_a-__atexit.o)
 .text          0x000000000000755c        0x0 /usr/local/arm/GNU_Tools_for_ARM/bin/../lib/gcc/arm-none-eabi/11.3.1/../../../../arm-none-eabi/lib/thumb/v7e-m+fp/hard/libc.a(libc_a-mbtowc_r.o)
 .text          0x000000000000755c        0x0 /usr/local/arm/GNU_Tools_for_ARM/bin/../lib/gcc/arm-none-eabi/11.3.1/../../../../arm-none-eabi/lib/thumb/v7e-m+fp/hard/libc.a(libc_a-memmove.o)
 .text          0x000000000000755c        0x0 /usr/local/arm/GNU_Tools_for_ARM/bin/../lib/gcc/arm-none-eabi/11.3.1/../../../../arm-none-eabi/lib/thumb/v7e-m+fp/hard/libc.a(libc_a-assert.o)
 .text          0x000000000000755c        0x0 /usr/local/arm/GNU_Tools_for_ARM/bin/../lib/gcc/arm-none-eabi/11.3.1/../../../../arm-none-eabi/lib/thumb/v7e-m+fp/hard/libc.a(libc_a-strcasecmp.o)
 .text          0x000000000000755c        0x0 /usr/local/arm/GNU_Tools_for_ARM/bin/../lib/gcc/arm-none-eabi/11.3.1/../../../../arm-none-eabi/lib/thumb/v7e-m+fp/hard/libc.a(libc_a-strcat.o)
 .text          0x000000000000755c        0x0 /usr/local/arm/GNU_Tools_for_ARM/bin/../lib/gcc/arm-none-eabi/11.3.1/../../../../arm-none-eabi/lib/thumb/v7e-m+fp/hard/libc.a(libc_a-fclose.o)
 .text          0x000000000000755c        0x0 /usr/local/arm/GNU_Tools_for_ARM/bin/../lib/gcc/arm-none-eabi/11.3.1/../../../../arm-none-eabi/lib/thumb/v7e-m+fp/hard/libc.a(libc_a-mprec.o)
 .text          0x000000000000755c        0x0 /usr/local/arm/GNU_Tools_for_ARM/bin/../lib/gcc/arm-none-eabi/11.3.1/../../../../arm-none-eabi/lib/thumb/v7e-m+fp/hard/libc.a(libc_a-callocr.o)
 .text          0x000000000000755c        0x0 /usr/local/arm/GNU_Tools_for_ARM/bin/../lib/gcc/arm-none-eabi/11.3.1/../../../../arm-none-eabi/lib/thumb/v7e-m+fp/hard/libc.a(libc_a-wcsnrtombs.o)
 .text          0x000000000000755c        0x0 /usr/local/arm/GNU_Tools_for_ARM/bin/../lib/gcc/arm-none-eabi/11.3.1/../../../../arm-none-eabi/lib/thumb/v7e-m+fp/hard/libc.a(libc_a-closer.o)
 .text          0x000000000000755c        0x0 /usr/local/arm/GNU_Tools_for_ARM/bin/../lib/gcc/arm-none-eabi/11.3.1/../../../../arm-none-eabi/lib/thumb/v7e-m+fp/hard/libc.a(libc_a-reent.o)
 .text          0x000000000000755c        0x0 /usr/local/arm/GNU_Tools_for_ARM/bin/../lib/gcc/arm-none-eabi/11.3.1/../../../../arm-none-eabi/lib/thumb/v7e-m+fp/hard/libc.a(libc_a-fflush.o)
 .text          0x000000000000755c        0x0 /usr/local/arm/GNU_Tools_for_ARM/bin/../lib/gcc/arm-none-eabi/11.3.1/../../../../arm-none-eabi/lib/thumb/v7e-m+fp/hard/libc.a(libc_a-reallocr.o)
 .text          0x000000000000755c        0x0 /usr/local/arm/GNU_Tools_for_ARM/bin/../lib/gcc/arm-none-eabi/11.3.1/../../../../arm-none-eabi/lib/thumb/v7e-m+fp/hard/libc.a(libc_a-envlock.o)
 .text          0x000000000000755c        0x0 /usr/local/arm/GNU_Tools_for_ARM/bin/../lib/gcc/arm-none-eabi/11.3.1/../../../../arm-none-eabi/lib/thumb/v7e-m+fp/hard/libc.a(libc_a-strncmp.o)
 .text          0x000000000000755c        0x0 /usr/local/arm/GNU_Tools_for_ARM/bin/../lib/gcc/arm-none-eabi/11.3.1/../../../../arm-none-eabi/lib/thumb/v7e-m+fp/hard/libc.a(libc_a-lseekr.o)
 .text          0x000000000000755c        0x0 /usr/local/arm/GNU_Tools_for_ARM/bin/../lib/gcc/arm-none-eabi/11.3.1/../../../../arm-none-eabi/lib/thumb/v7e-m+fp/hard/libc.a(libc_a-readr.o)
 .text          0x000000000000755c        0x0 /usr/local/arm/GNU_Tools_for_ARM/bin/../lib/gcc/arm-none-eabi/11.3.1/../../../../arm-none-eabi/lib/thumb/v7e-m+fp/hard/libc.a(libc_a-fiprintf.o)
 .text          0x000000000000755c        0x0 /usr/local/arm/GNU_Tools_for_ARM/bin/../lib/gcc/arm-none-eabi/11.3.1/../../../../arm-none-eabi/lib/thumb/v7e-m+fp/hard/libc.a(libc_a-vfiprintf.o)
 .text          0x000000000000755c        0x0 /usr/local/arm/GNU_Tools_for_ARM/bin/../lib/gcc/arm-none-eabi/11.3.1/../../../../arm-none-eabi/lib/thumb/v7e-m+fp/hard/libc.a(libc_a-abort.o)
 .text          0x000000000000755c        0x0 /usr/local/arm/GNU_Tools_for_ARM/bin/../lib/gcc/arm-none-eabi/11.3.1/../../../../arm-none-eabi/lib/thumb/v7e-m+fp/hard/libc.a(libc_a-wsetup.o)
 .text          0x000000000000755c        0x0 /usr/local/arm/GNU_Tools_for_ARM/bin/../lib/gcc/arm-none-eabi/11.3.1/../../../../arm-none-eabi/lib/thumb/v7e-m+fp/hard/libc.a(libc_a-makebuf.o)
 .text          0x000000000000755c        0x0 /usr/local/arm/GNU_Tools_for_ARM/bin/../lib/gcc/arm-none-eabi/11.3.1/../../../../arm-none-eabi/lib/thumb/v7e-m+fp/hard/libc.a(libc_a-fstatr.o)
 .text          0x000000000000755c        0x0 /usr/local/arm/GNU_Tools_for_ARM/bin/../lib/gcc/arm-none-eabi/11.3.1/../../../../arm-none-eabi/lib/thumb/v7e-m+fp/hard/libc.a(libc_a-signal.o)
 .text          0x000000000000755c        0x0 /usr/local/arm/GNU_Tools_for_ARM/bin/../lib/gcc/arm-none-eabi/11.3.1/../../../../arm-none-eabi/lib/thumb/v7e-m+fp/hard/libc.a(libc_a-isattyr.o)
 .text          0x000000000000755c        0x0 /usr/local/arm/GNU_Tools_for_ARM/bin/../lib/gcc/arm-none-eabi/11.3.1/../../../../arm-none-eabi/lib/thumb/v7e-m+fp/hard/libc.a(libc_a-fputwc.o)
 .text          0x000000000000755c        0x0 /usr/local/arm/GNU_Tools_for_ARM/bin/../lib/gcc/arm-none-eabi/11.3.1/../../../../arm-none-eabi/lib/thumb/v7e-m+fp/hard/libc.a(libc_a-signalr.o)
 .text          0x000000000000755c        0x0 /usr/local/arm/GNU_Tools_for_ARM/bin/../lib/gcc/arm-none-eabi/11.3.1/../../../../arm-none-eabi/lib/thumb/v7e-m+fp/hard/libc.a(libc_a-fvwrite.o)
 .text          0x000000000000755c        0x0 /usr/local/arm/GNU_Tools_for_ARM/bin/../lib/gcc/arm-none-eabi/11.3.1/../../../../arm-none-eabi/lib/thumb/v7e-m+fp/hard/libc.a(libc_a-wbuf.o)
 .text          0x000000000000755c        0x0 /usr/local/arm/GNU_Tools_for_ARM/bin/../lib/gcc/arm-none-eabi/11.3.1/../../../../arm-none-eabi/lib/thumb/v7e-m+fp/hard/libnosys.a(sbrk.o)
 .text          0x000000000000755c      0x254 /usr/local/arm/GNU_Tools_for_ARM/bin/../lib/gcc/arm-none-eabi/11.3.1/thumb/v7e-m+fp/hard/libgcc.a(_arm_muldf3.o)
 .text          0x00000000000077b0      0x378 /usr/local/arm/GNU_Tools_for_ARM/bin/../lib/gcc/arm-none-eabi/11.3.1/thumb/v7e-m+fp/hard/libgcc.a(_arm_addsubdf3.o)
                0x00000000000077b0                __aeabi_drsub
                0x00000000000077b8                __aeabi_dsub
                0x00000000000077b8                __subdf3
                0x00000000000077bc                __adddf3
                0x00000000000077bc                __aeabi_dadd
                0x0000000000007a34                __aeabi_ui2d
                0x0000000000007a34                __floatunsidf
                0x0000000000007a54                __floatsidf
                0x0000000000007a54                __aeabi_i2d
                0x0000000000007a78                __extendsfdf2
                0x0000000000007a78                __aeabi_f2d
                0x0000000000007abc                __aeabi_ul2d
                0x0000000000007abc                __floatundidf
                0x0000000000007acc                __floatdidf
                0x0000000000007acc                __aeabi_l2d
 .text          0x0000000000007b28      0x424 /usr/local/arm/GNU_Tools_for_ARM/bin/../lib/gcc/arm-none-eabi/11.3.1/thumb/v7e-m+fp/hard/libgcc.a(_arm_muldivdf3.o)
                0x0000000000007b28                __aeabi_dmul
                0x0000000000007b28                __muldf3
                0x0000000000007d7c                __aeabi_ddiv
                0x0000000000007d7c                __divdf3
 .text          0x0000000000007f4c      0x110 /usr/local/arm/GNU_Tools_for_ARM/bin/../lib/gcc/arm-none-eabi/11.3.1/thumb/v7e-m+fp/hard/libgcc.a(_arm_cmpdf2.o)
                0x0000000000007f4c                __gtdf2
                0x0000000000007f4c                __gedf2
                0x0000000000007f54                __ltdf2
                0x0000000000007f54                __ledf2
                0x0000000000007f5c                __cmpdf2
                0x0000000000007f5c                __eqdf2
                0x0000000000007f5c                __nedf2
                0x0000000000007fd8                __aeabi_cdrcmple
                0x0000000000007fe8                __aeabi_cdcmple
                0x0000000000007fe8                __aeabi_cdcmpeq
                0x0000000000007ff8                __aeabi_dcmpeq
                0x000000000000800c                __aeabi_dcmplt
                0x0000000000008020                __aeabi_dcmple
                0x0000000000008034                __aeabi_dcmpge
                0x0000000000008048                __aeabi_dcmpgt
 .text          0x000000000000805c       0x2c /usr/local/arm/GNU_Tools_for_ARM/bin/../lib/gcc/arm-none-eabi/11.3.1/thumb/v7e-m+fp/hard/libgcc.a(_arm_unorddf2.o)
                0x000000000000805c                __aeabi_dcmpun
                0x000000000000805c                __unorddf2
 .text          0x0000000000008088       0x50 /usr/local/arm/GNU_Tools_for_ARM/bin/../lib/gcc/arm-none-eabi/11.3.1/thumb/v7e-m+fp/hard/libgcc.a(_arm_fixdfsi.o)
                0x0000000000008088                __fixdfsi
                0x0000000000008088                __aeabi_d2iz
 .text          0x00000000000080d8        0x0 /usr/local/arm/GNU_Tools_for_ARM/bin/../lib/gcc/arm-none-eabi/11.3.1/thumb/v7e-m+fp/hard/crtend.o
 .text          0x00000000000080d8        0x0 /usr/local/arm/GNU_Tools_for_ARM/bin/../lib/gcc/arm-none-eabi/11.3.1/thumb/v7e-m+fp/hard/crtn.o
 *(.text.*)
 .text.deregister_tm_clones
                0x00000000000080d8       0x1c /usr/local/arm/GNU_Tools_for_ARM/bin/../lib/gcc/arm-none-eabi/11.3.1/thumb/v7e-m+fp/hard/crtbegin.o
 .text.register_tm_clones
                0x00000000000080f4       0x24 /usr/local/arm/GNU_Tools_for_ARM/bin/../lib/gcc/arm-none-eabi/11.3.1/thumb/v7e-m+fp/hard/crtbegin.o
 .text.__do_global_dtors_aux
                0x0000000000008118       0x28 /usr/local/arm/GNU_Tools_for_ARM/bin/../lib/gcc/arm-none-eabi/11.3.1/thumb/v7e-m+fp/hard/crtbegin.o
 .text.frame_dummy
                0x0000000000008140       0x24 /usr/local/arm/GNU_Tools_for_ARM/bin/../lib/gcc/arm-none-eabi/11.3.1/thumb/v7e-m+fp/hard/crtbegin.o
 .text.exit     0x0000000000008164       0x1c /usr/local/arm/GNU_Tools_for_ARM/bin/../lib/gcc/arm-none-eabi/11.3.1/../../../../arm-none-eabi/lib/thumb/v7e-m+fp/hard/libc.a(libc_a-exit.o)
                0x0000000000008164                exit
 .text.sprintf  0x0000000000008180       0x40 /usr/local/arm/GNU_Tools_for_ARM/bin/../lib/gcc/arm-none-eabi/11.3.1/../../../../arm-none-eabi/lib/thumb/v7e-m+fp/hard/libc.a(libc_a-sprintf.o)
                0x0000000000008180                sprintf
 .text.__errno  0x00000000000081c0        0xc /usr/local/arm/GNU_Tools_for_ARM/bin/../lib/gcc/arm-none-eabi/11.3.1/../../../../arm-none-eabi/lib/thumb/v7e-m+fp/hard/libc.a(libc_a-errno.o)
                0x00000000000081c0                __errno
 *fill*         0x00000000000081cc        0x4 
 .text._svfprintf_r
                0x00000000000081d0     0x1be0 /usr/local/arm/GNU_Tools_for_ARM/bin/../lib/gcc/arm-none-eabi/11.3.1/../../../../arm-none-eabi/lib/thumb/v7e-m+fp/hard/libc.a(libc_a-svfprintf.o)
                0x00000000000081d0                _svfprintf_r
 .text.vsprintf
                0x0000000000009db0       0x38 /usr/local/arm/GNU_Tools_for_ARM/bin/../lib/gcc/arm-none-eabi/11.3.1/../../../../arm-none-eabi/lib/thumb/v7e-m+fp/hard/libc.a(libc_a-vsprintf.o)
                0x0000000000009db0                vsprintf
 .text.malloc   0x0000000000009de8       0x10 /usr/local/arm/GNU_Tools_for_ARM/bin/../lib/gcc/arm-none-eabi/11.3.1/../../../../arm-none-eabi/lib/thumb/v7e-m+fp/hard/libc.a(libc_a-malloc.o)
                0x0000000000009de8                malloc
 .text.free     0x0000000000009df8       0x10 /usr/local/arm/GNU_Tools_for_ARM/bin/../lib/gcc/arm-none-eabi/11.3.1/../../../../arm-none-eabi/lib/thumb/v7e-m+fp/hard/libc.a(libc_a-malloc.o)
                0x0000000000009df8                free
 .text._malloc_r
                0x0000000000009e08      0x560 /usr/local/arm/GNU_Tools_for_ARM/bin/../lib/gcc/arm-none-eabi/11.3.1/../../../../arm-none-eabi/lib/thumb/v7e-m+fp/hard/libc.a(libc_a-mallocr.o)
                0x0000000000009e08                _malloc_r
 .text.startup.register_fini
                0x000000000000a368       0x14 /usr/local/arm/GNU_Tools_for_ARM/bin/../lib/gcc/arm-none-eabi/11.3.1/../../../../arm-none-eabi/lib/thumb/v7e-m+fp/hard/libc.a(libc_a-__call_atexit.o)
 .text.__call_exitprocs
                0x000000000000a37c       0xc8 /usr/local/arm/GNU_Tools_for_ARM/bin/../lib/gcc/arm-none-eabi/11.3.1/../../../../arm-none-eabi/lib/thumb/v7e-m+fp/hard/libc.a(libc_a-__call_atexit.o)
                0x000000000000a37c                __call_exitprocs
 .text.memset   0x000000000000a444       0xa4 /usr/local/arm/GNU_Tools_for_ARM/bin/../lib/gcc/arm-none-eabi/11.3.1/../../../../arm-none-eabi/lib/thumb/v7e-m+fp/hard/libc.a(libc_a-memset.o)
                0x000000000000a444                memset
 .text._wcrtomb_r
                0x000000000000a4e8       0x4c /usr/local/arm/GNU_Tools_for_ARM/bin/../lib/gcc/arm-none-eabi/11.3.1/../../../../arm-none-eabi/lib/thumb/v7e-m+fp/hard/libc.a(libc_a-wcrtomb.o)
                0x000000000000a4e8                _wcrtomb_r
 .text.__libc_init_array
                0x000000000000a534       0x48 /usr/local/arm/GNU_Tools_for_ARM/bin/../lib/gcc/arm-none-eabi/11.3.1/../../../../arm-none-eabi/lib/thumb/v7e-m+fp/hard/libc.a(libc_a-init.o)
                0x000000000000a534                __libc_init_array
 .text.__libc_fini_array
                0x000000000000a57c       0x28 /usr/local/arm/GNU_Tools_for_ARM/bin/../lib/gcc/arm-none-eabi/11.3.1/../../../../arm-none-eabi/lib/thumb/v7e-m+fp/hard/libc.a(libc_a-fini.o)
                0x000000000000a57c                __libc_fini_array
 .text.__retarget_lock_init_recursive
                0x000000000000a5a4        0x4 /usr/local/arm/GNU_Tools_for_ARM/bin/../lib/gcc/arm-none-eabi/11.3.1/../../../../arm-none-eabi/lib/thumb/v7e-m+fp/hard/libc.a(libc_a-lock.o)
                0x000000000000a5a4                __retarget_lock_init_recursive
 .text.__retarget_lock_close_recursive
                0x000000000000a5a8        0x4 /usr/local/arm/GNU_Tools_for_ARM/bin/../lib/gcc/arm-none-eabi/11.3.1/../../../../arm-none-eabi/lib/thumb/v7e-m+fp/hard/libc.a(libc_a-lock.o)
                0x000000000000a5a8                __retarget_lock_close_recursive
 .text.__retarget_lock_acquire_recursive
                0x000000000000a5ac        0x4 /usr/local/arm/GNU_Tools_for_ARM/bin/../lib/gcc/arm-none-eabi/11.3.1/../../../../arm-none-eabi/lib/thumb/v7e-m+fp/hard/libc.a(libc_a-lock.o)
                0x000000000000a5ac                __retarget_lock_acquire_recursive
 .text.__retarget_lock_release_recursive
                0x000000000000a5b0        0x4 /usr/local/arm/GNU_Tools_for_ARM/bin/../lib/gcc/arm-none-eabi/11.3.1/../../../../arm-none-eabi/lib/thumb/v7e-m+fp/hard/libc.a(libc_a-lock.o)
                0x000000000000a5b0                __retarget_lock_release_recursive
 .text.__locale_mb_cur_max
                0x000000000000a5b4        0xc /usr/local/arm/GNU_Tools_for_ARM/bin/../lib/gcc/arm-none-eabi/11.3.1/../../../../arm-none-eabi/lib/thumb/v7e-m+fp/hard/libc.a(libc_a-locale.o)
                0x000000000000a5b4                __locale_mb_cur_max
 .text._localeconv_r
                0x000000000000a5c0        0x8 /usr/local/arm/GNU_Tools_for_ARM/bin/../lib/gcc/arm-none-eabi/11.3.1/../../../../arm-none-eabi/lib/thumb/v7e-m+fp/hard/libc.a(libc_a-localeconv.o)
                0x000000000000a5c0                _localeconv_r
 .text.__malloc_lock
                0x000000000000a5c8        0xc /usr/local/arm/GNU_Tools_for_ARM/bin/../lib/gcc/arm-none-eabi/11.3.1/../../../../arm-none-eabi/lib/thumb/v7e-m+fp/hard/libc.a(libc_a-mlock.o)
                0x000000000000a5c8                __malloc_lock
 .text.__malloc_unlock
                0x000000000000a5d4        0xc /usr/local/arm/GNU_Tools_for_ARM/bin/../lib/gcc/arm-none-eabi/11.3.1/../../../../arm-none-eabi/lib/thumb/v7e-m+fp/hard/libc.a(libc_a-mlock.o)
                0x000000000000a5d4                __malloc_unlock
 .text.atexit   0x000000000000a5e0        0xc /usr/local/arm/GNU_Tools_for_ARM/bin/../lib/gcc/arm-none-eabi/11.3.1/../../../../arm-none-eabi/lib/thumb/v7e-m+fp/hard/libc.a(libc_a-atexit.o)
                0x000000000000a5e0                atexit
 .text._wcsrtombs_r
                0x000000000000a5ec       0x18 /usr/local/arm/GNU_Tools_for_ARM/bin/../lib/gcc/arm-none-eabi/11.3.1/../../../../arm-none-eabi/lib/thumb/v7e-m+fp/hard/libc.a(libc_a-wcsrtombs.o)
                0x000000000000a5ec                _wcsrtombs_r
 .text.quorem   0x000000000000a604      0x128 /usr/local/arm/GNU_Tools_for_ARM/bin/../lib/gcc/arm-none-eabi/11.3.1/../../../../arm-none-eabi/lib/thumb/v7e-m+fp/hard/libc.a(libc_a-dtoa.o)
 *fill*         0x000000000000a72c        0x4 
 .text._dtoa_r  0x000000000000a730      0xf3c /usr/local/arm/GNU_Tools_for_ARM/bin/../lib/gcc/arm-none-eabi/11.3.1/../../../../arm-none-eabi/lib/thumb/v7e-m+fp/hard/libc.a(libc_a-dtoa.o)
                0x000000000000a730                _dtoa_r
 .text.stdio_exit_handler
                0x000000000000b66c       0x18 /usr/local/arm/GNU_Tools_for_ARM/bin/../lib/gcc/arm-none-eabi/11.3.1/../../../../arm-none-eabi/lib/thumb/v7e-m+fp/hard/libc.a(libc_a-findfp.o)
 .text.cleanup_stdio
                0x000000000000b684       0x40 /usr/local/arm/GNU_Tools_for_ARM/bin/../lib/gcc/arm-none-eabi/11.3.1/../../../../arm-none-eabi/lib/thumb/v7e-m+fp/hard/libc.a(libc_a-findfp.o)
 .text.global_stdio_init.part.0
                0x000000000000b6c4       0xd4 /usr/local/arm/GNU_Tools_for_ARM/bin/../lib/gcc/arm-none-eabi/11.3.1/../../../../arm-none-eabi/lib/thumb/v7e-m+fp/hard/libc.a(libc_a-findfp.o)
 .text.__sinit  0x000000000000b798       0x3c /usr/local/arm/GNU_Tools_for_ARM/bin/../lib/gcc/arm-none-eabi/11.3.1/../../../../arm-none-eabi/lib/thumb/v7e-m+fp/hard/libc.a(libc_a-findfp.o)
                0x000000000000b798                __sinit
 .text.__sfp_lock_acquire
                0x000000000000b7d4        0xc /usr/local/arm/GNU_Tools_for_ARM/bin/../lib/gcc/arm-none-eabi/11.3.1/../../../../arm-none-eabi/lib/thumb/v7e-m+fp/hard/libc.a(libc_a-findfp.o)
                0x000000000000b7d4                __sfp_lock_acquire
 .text.__sfp_lock_release
                0x000000000000b7e0        0xc /usr/local/arm/GNU_Tools_for_ARM/bin/../lib/gcc/arm-none-eabi/11.3.1/../../../../arm-none-eabi/lib/thumb/v7e-m+fp/hard/libc.a(libc_a-findfp.o)
                0x000000000000b7e0                __sfp_lock_release
 .text.frexp    0x000000000000b7ec       0x6c /usr/local/arm/GNU_Tools_for_ARM/bin/../lib/gcc/arm-none-eabi/11.3.1/../../../../arm-none-eabi/lib/thumb/v7e-m+fp/hard/libc.a(libm_a-s_frexp.o)
                0x000000000000b7ec                frexp
 .text._malloc_trim_r
                0x000000000000b858       0xa0 /usr/local/arm/GNU_Tools_for_ARM/bin/../lib/gcc/arm-none-eabi/11.3.1/../../../../arm-none-eabi/lib/thumb/v7e-m+fp/hard/libc.a(libc_a-freer.o)
                0x000000000000b858                _malloc_trim_r
 .text._free_r  0x000000000000b8f8      0x20c /usr/local/arm/GNU_Tools_for_ARM/bin/../lib/gcc/arm-none-eabi/11.3.1/../../../../arm-none-eabi/lib/thumb/v7e-m+fp/hard/libc.a(libc_a-freer.o)
                0x000000000000b8f8                _free_r
 .text.strncpy  0x000000000000bb04       0x64 /usr/local/arm/GNU_Tools_for_ARM/bin/../lib/gcc/arm-none-eabi/11.3.1/../../../../arm-none-eabi/lib/thumb/v7e-m+fp/hard/libc.a(libc_a-strncpy.o)
                0x000000000000bb04                strncpy
 .text.__sread  0x000000000000bb68       0x24 /usr/local/arm/GNU_Tools_for_ARM/bin/../lib/gcc/arm-none-eabi/11.3.1/../../../../arm-none-eabi/lib/thumb/v7e-m+fp/hard/libc.a(libc_a-stdio.o)
                0x000000000000bb68                __sread
 .text.__swrite
                0x000000000000bb8c       0x40 /usr/local/arm/GNU_Tools_for_ARM/bin/../lib/gcc/arm-none-eabi/11.3.1/../../../../arm-none-eabi/lib/thumb/v7e-m+fp/hard/libc.a(libc_a-stdio.o)
                0x000000000000bb8c                __swrite
 .text.__sseek  0x000000000000bbcc       0x20 /usr/local/arm/GNU_Tools_for_ARM/bin/../lib/gcc/arm-none-eabi/11.3.1/../../../../arm-none-eabi/lib/thumb/v7e-m+fp/hard/libc.a(libc_a-stdio.o)
                0x000000000000bbcc                __sseek
 .text.__sclose
                0x000000000000bbec        0x8 /usr/local/arm/GNU_Tools_for_ARM/bin/../lib/gcc/arm-none-eabi/11.3.1/../../../../arm-none-eabi/lib/thumb/v7e-m+fp/hard/libc.a(libc_a-stdio.o)
                0x000000000000bbec                __sclose
 .text.__ascii_wctomb
                0x000000000000bbf4       0x1c /usr/local/arm/GNU_Tools_for_ARM/bin/../lib/gcc/arm-none-eabi/11.3.1/../../../../arm-none-eabi/lib/thumb/v7e-m+fp/hard/libc.a(libc_a-wctomb_r.o)
                0x000000000000bbf4                __ascii_wctomb
 .text._sbrk_r  0x000000000000bc10       0x24 /usr/local/arm/GNU_Tools_for_ARM/bin/../lib/gcc/arm-none-eabi/11.3.1/../../../../arm-none-eabi/lib/thumb/v7e-m+fp/hard/libc.a(libc_a-sbrkr.o)
                0x000000000000bc10                _sbrk_r
 .text._fwalk_sglue
                0x000000000000bc34       0x48 /usr/local/arm/GNU_Tools_for_ARM/bin/../lib/gcc/arm-none-eabi/11.3.1/../../../../arm-none-eabi/lib/thumb/v7e-m+fp/hard/libc.a(libc_a-fwalk.o)
                0x000000000000bc34                _fwalk_sglue
 .text._write_r
                0x000000000000bc7c       0x2c /usr/local/arm/GNU_Tools_for_ARM/bin/../lib/gcc/arm-none-eabi/11.3.1/../../../../arm-none-eabi/lib/thumb/v7e-m+fp/hard/libc.a(libc_a-writer.o)
                0x000000000000bc7c                _write_r
 .text.__ssprint_r
                0x000000000000bca8      0x100 /usr/local/arm/GNU_Tools_for_ARM/bin/../lib/gcc/arm-none-eabi/11.3.1/../../../../arm-none-eabi/lib/thumb/v7e-m+fp/hard/libc.a(libc_a-svfiprintf.o)
                0x000000000000bca8                __ssprint_r
 .text.__register_exitproc
                0x000000000000bda8       0x88 /usr/local/arm/GNU_Tools_for_ARM/bin/../lib/gcc/arm-none-eabi/11.3.1/../../../../arm-none-eabi/lib/thumb/v7e-m+fp/hard/libc.a(libc_a-__atexit.o)
                0x000000000000bda8                __register_exitproc
 .text.__ascii_mbtowc
                0x000000000000be30       0x2c /usr/local/arm/GNU_Tools_for_ARM/bin/../lib/gcc/arm-none-eabi/11.3.1/../../../../arm-none-eabi/lib/thumb/v7e-m+fp/hard/libc.a(libc_a-mbtowc_r.o)
                0x000000000000be30                __ascii_mbtowc
 .text.memmove  0x000000000000be5c       0xf8 /usr/local/arm/GNU_Tools_for_ARM/bin/../lib/gcc/arm-none-eabi/11.3.1/../../../../arm-none-eabi/lib/thumb/v7e-m+fp/hard/libc.a(libc_a-memmove.o)
                0x000000000000be5c                memmove
 .text.__assert_func
                0x000000000000bf54       0x40 /usr/local/arm/GNU_Tools_for_ARM/bin/../lib/gcc/arm-none-eabi/11.3.1/../../../../arm-none-eabi/lib/thumb/v7e-m+fp/hard/libc.a(libc_a-assert.o)
                0x000000000000bf54                __assert_func
 .text._fclose_r
                0x000000000000bf94       0xc8 /usr/local/arm/GNU_Tools_for_ARM/bin/../lib/gcc/arm-none-eabi/11.3.1/../../../../arm-none-eabi/lib/thumb/v7e-m+fp/hard/libc.a(libc_a-fclose.o)
                0x000000000000bf94                _fclose_r
 .text._Balloc  0x000000000000c05c       0x4c /usr/local/arm/GNU_Tools_for_ARM/bin/../lib/gcc/arm-none-eabi/11.3.1/../../../../arm-none-eabi/lib/thumb/v7e-m+fp/hard/libc.a(libc_a-mprec.o)
                0x000000000000c05c                _Balloc
 .text._Bfree   0x000000000000c0a8       0x14 /usr/local/arm/GNU_Tools_for_ARM/bin/../lib/gcc/arm-none-eabi/11.3.1/../../../../arm-none-eabi/lib/thumb/v7e-m+fp/hard/libc.a(libc_a-mprec.o)
                0x000000000000c0a8                _Bfree
 .text.__multadd
                0x000000000000c0bc       0xa4 /usr/local/arm/GNU_Tools_for_ARM/bin/../lib/gcc/arm-none-eabi/11.3.1/../../../../arm-none-eabi/lib/thumb/v7e-m+fp/hard/libc.a(libc_a-mprec.o)
                0x000000000000c0bc                __multadd
 .text.__hi0bits
                0x000000000000c160       0x40 /usr/local/arm/GNU_Tools_for_ARM/bin/../lib/gcc/arm-none-eabi/11.3.1/../../../../arm-none-eabi/lib/thumb/v7e-m+fp/hard/libc.a(libc_a-mprec.o)
                0x000000000000c160                __hi0bits
 .text.__lo0bits
                0x000000000000c1a0       0x60 /usr/local/arm/GNU_Tools_for_ARM/bin/../lib/gcc/arm-none-eabi/11.3.1/../../../../arm-none-eabi/lib/thumb/v7e-m+fp/hard/libc.a(libc_a-mprec.o)
                0x000000000000c1a0                __lo0bits
 .text.__i2b    0x000000000000c200       0x5c /usr/local/arm/GNU_Tools_for_ARM/bin/../lib/gcc/arm-none-eabi/11.3.1/../../../../arm-none-eabi/lib/thumb/v7e-m+fp/hard/libc.a(libc_a-mprec.o)
                0x000000000000c200                __i2b
 .text.__multiply
                0x000000000000c25c      0x15c /usr/local/arm/GNU_Tools_for_ARM/bin/../lib/gcc/arm-none-eabi/11.3.1/../../../../arm-none-eabi/lib/thumb/v7e-m+fp/hard/libc.a(libc_a-mprec.o)
                0x000000000000c25c                __multiply
 .text.__pow5mult
                0x000000000000c3b8       0xc0 /usr/local/arm/GNU_Tools_for_ARM/bin/../lib/gcc/arm-none-eabi/11.3.1/../../../../arm-none-eabi/lib/thumb/v7e-m+fp/hard/libc.a(libc_a-mprec.o)
                0x000000000000c3b8                __pow5mult
 .text.__lshift
                0x000000000000c478       0xf0 /usr/local/arm/GNU_Tools_for_ARM/bin/../lib/gcc/arm-none-eabi/11.3.1/../../../../arm-none-eabi/lib/thumb/v7e-m+fp/hard/libc.a(libc_a-mprec.o)
                0x000000000000c478                __lshift
 .text.__mcmp   0x000000000000c568       0x44 /usr/local/arm/GNU_Tools_for_ARM/bin/../lib/gcc/arm-none-eabi/11.3.1/../../../../arm-none-eabi/lib/thumb/v7e-m+fp/hard/libc.a(libc_a-mprec.o)
                0x000000000000c568                __mcmp
 .text.__mdiff  0x000000000000c5ac      0x154 /usr/local/arm/GNU_Tools_for_ARM/bin/../lib/gcc/arm-none-eabi/11.3.1/../../../../arm-none-eabi/lib/thumb/v7e-m+fp/hard/libc.a(libc_a-mprec.o)
                0x000000000000c5ac                __mdiff
 .text.__d2b    0x000000000000c700       0xd4 /usr/local/arm/GNU_Tools_for_ARM/bin/../lib/gcc/arm-none-eabi/11.3.1/../../../../arm-none-eabi/lib/thumb/v7e-m+fp/hard/libc.a(libc_a-mprec.o)
                0x000000000000c700                __d2b
 .text._calloc_r
                0x000000000000c7d4       0x78 /usr/local/arm/GNU_Tools_for_ARM/bin/../lib/gcc/arm-none-eabi/11.3.1/../../../../arm-none-eabi/lib/thumb/v7e-m+fp/hard/libc.a(libc_a-callocr.o)
                0x000000000000c7d4                _calloc_r
 .text._wcsnrtombs_l
                0x000000000000c84c      0x108 /usr/local/arm/GNU_Tools_for_ARM/bin/../lib/gcc/arm-none-eabi/11.3.1/../../../../arm-none-eabi/lib/thumb/v7e-m+fp/hard/libc.a(libc_a-wcsnrtombs.o)
                0x000000000000c84c                _wcsnrtombs_l
 .text._wcsnrtombs_r
                0x000000000000c954       0x24 /usr/local/arm/GNU_Tools_for_ARM/bin/../lib/gcc/arm-none-eabi/11.3.1/../../../../arm-none-eabi/lib/thumb/v7e-m+fp/hard/libc.a(libc_a-wcsnrtombs.o)
                0x000000000000c954                _wcsnrtombs_r
 .text._close_r
                0x000000000000c978       0x24 /usr/local/arm/GNU_Tools_for_ARM/bin/../lib/gcc/arm-none-eabi/11.3.1/../../../../arm-none-eabi/lib/thumb/v7e-m+fp/hard/libc.a(libc_a-closer.o)
                0x000000000000c978                _close_r
 .text.__sflush_r
                0x000000000000c99c      0x130 /usr/local/arm/GNU_Tools_for_ARM/bin/../lib/gcc/arm-none-eabi/11.3.1/../../../../arm-none-eabi/lib/thumb/v7e-m+fp/hard/libc.a(libc_a-fflush.o)
                0x000000000000c99c                __sflush_r
 .text._fflush_r
                0x000000000000cacc       0x54 /usr/local/arm/GNU_Tools_for_ARM/bin/../lib/gcc/arm-none-eabi/11.3.1/../../../../arm-none-eabi/lib/thumb/v7e-m+fp/hard/libc.a(libc_a-fflush.o)
                0x000000000000cacc                _fflush_r
 .text._realloc_r
                0x000000000000cb20      0x3d8 /usr/local/arm/GNU_Tools_for_ARM/bin/../lib/gcc/arm-none-eabi/11.3.1/../../../../arm-none-eabi/lib/thumb/v7e-m+fp/hard/libc.a(libc_a-reallocr.o)
                0x000000000000cb20                _realloc_r
 .text._lseek_r
                0x000000000000cef8       0x2c /usr/local/arm/GNU_Tools_for_ARM/bin/../lib/gcc/arm-none-eabi/11.3.1/../../../../arm-none-eabi/lib/thumb/v7e-m+fp/hard/libc.a(libc_a-lseekr.o)
                0x000000000000cef8                _lseek_r
 .text._read_r  0x000000000000cf24       0x2c /usr/local/arm/GNU_Tools_for_ARM/bin/../lib/gcc/arm-none-eabi/11.3.1/../../../../arm-none-eabi/lib/thumb/v7e-m+fp/hard/libc.a(libc_a-readr.o)
                0x000000000000cf24                _read_r
 .text.fiprintf
                0x000000000000cf50       0x28 /usr/local/arm/GNU_Tools_for_ARM/bin/../lib/gcc/arm-none-eabi/11.3.1/../../../../arm-none-eabi/lib/thumb/v7e-m+fp/hard/libc.a(libc_a-fiprintf.o)
                0x000000000000cf50                fiprintf
 .text.__sprint_r.part.0
                0x000000000000cf78       0x78 /usr/local/arm/GNU_Tools_for_ARM/bin/../lib/gcc/arm-none-eabi/11.3.1/../../../../arm-none-eabi/lib/thumb/v7e-m+fp/hard/libc.a(libc_a-vfiprintf.o)
 .text._vfiprintf_r
                0x000000000000cff0      0xf8c /usr/local/arm/GNU_Tools_for_ARM/bin/../lib/gcc/arm-none-eabi/11.3.1/../../../../arm-none-eabi/lib/thumb/v7e-m+fp/hard/libc.a(libc_a-vfiprintf.o)
                0x000000000000cff0                _vfiprintf_r
 .text.__sbprintf
                0x000000000000df7c       0x80 /usr/local/arm/GNU_Tools_for_ARM/bin/../lib/gcc/arm-none-eabi/11.3.1/../../../../arm-none-eabi/lib/thumb/v7e-m+fp/hard/libc.a(libc_a-vfiprintf.o)
 .text.abort    0x000000000000dffc       0x10 /usr/local/arm/GNU_Tools_for_ARM/bin/../lib/gcc/arm-none-eabi/11.3.1/../../../../arm-none-eabi/lib/thumb/v7e-m+fp/hard/libc.a(libc_a-abort.o)
                0x000000000000dffc                abort
 .text.__swsetup_r
                0x000000000000e00c       0xcc /usr/local/arm/GNU_Tools_for_ARM/bin/../lib/gcc/arm-none-eabi/11.3.1/../../../../arm-none-eabi/lib/thumb/v7e-m+fp/hard/libc.a(libc_a-wsetup.o)
                0x000000000000e00c                __swsetup_r
 .text.__smakebuf_r
                0x000000000000e0d8       0xd8 /usr/local/arm/GNU_Tools_for_ARM/bin/../lib/gcc/arm-none-eabi/11.3.1/../../../../arm-none-eabi/lib/thumb/v7e-m+fp/hard/libc.a(libc_a-makebuf.o)
                0x000000000000e0d8                __smakebuf_r
 .text._fstat_r
                0x000000000000e1b0       0x2c /usr/local/arm/GNU_Tools_for_ARM/bin/../lib/gcc/arm-none-eabi/11.3.1/../../../../arm-none-eabi/lib/thumb/v7e-m+fp/hard/libc.a(libc_a-fstatr.o)
                0x000000000000e1b0                _fstat_r
 .text.raise    0x000000000000e1dc       0x5c /usr/local/arm/GNU_Tools_for_ARM/bin/../lib/gcc/arm-none-eabi/11.3.1/../../../../arm-none-eabi/lib/thumb/v7e-m+fp/hard/libc.a(libc_a-signal.o)
                0x000000000000e1dc                raise
 .text._isatty_r
                0x000000000000e238       0x24 /usr/local/arm/GNU_Tools_for_ARM/bin/../lib/gcc/arm-none-eabi/11.3.1/../../../../arm-none-eabi/lib/thumb/v7e-m+fp/hard/libc.a(libc_a-isattyr.o)
                0x000000000000e238                _isatty_r
 .text.__fputwc
                0x000000000000e25c       0xac /usr/local/arm/GNU_Tools_for_ARM/bin/../lib/gcc/arm-none-eabi/11.3.1/../../../../arm-none-eabi/lib/thumb/v7e-m+fp/hard/libc.a(libc_a-fputwc.o)
                0x000000000000e25c                __fputwc
 .text._fputwc_r
                0x000000000000e308       0x68 /usr/local/arm/GNU_Tools_for_ARM/bin/../lib/gcc/arm-none-eabi/11.3.1/../../../../arm-none-eabi/lib/thumb/v7e-m+fp/hard/libc.a(libc_a-fputwc.o)
                0x000000000000e308                _fputwc_r
 .text._kill_r  0x000000000000e370       0x2c /usr/local/arm/GNU_Tools_for_ARM/bin/../lib/gcc/arm-none-eabi/11.3.1/../../../../arm-none-eabi/lib/thumb/v7e-m+fp/hard/libc.a(libc_a-signalr.o)
                0x000000000000e370                _kill_r
 .text._getpid_r
                0x000000000000e39c        0x4 /usr/local/arm/GNU_Tools_for_ARM/bin/../lib/gcc/arm-none-eabi/11.3.1/../../../../arm-none-eabi/lib/thumb/v7e-m+fp/hard/libc.a(libc_a-signalr.o)
                0x000000000000e39c                _getpid_r
 .text.__sfvwrite_r
                0x000000000000e3a0      0x2f4 /usr/local/arm/GNU_Tools_for_ARM/bin/../lib/gcc/arm-none-eabi/11.3.1/../../../../arm-none-eabi/lib/thumb/v7e-m+fp/hard/libc.a(libc_a-fvwrite.o)
                0x000000000000e3a0                __sfvwrite_r
 .text.__swbuf_r
                0x000000000000e694       0xb0 /usr/local/arm/GNU_Tools_for_ARM/bin/../lib/gcc/arm-none-eabi/11.3.1/../../../../arm-none-eabi/lib/thumb/v7e-m+fp/hard/libc.a(libc_a-wbuf.o)
                0x000000000000e694                __swbuf_r
 .text._sbrk    0x000000000000e744       0x1c /usr/local/arm/GNU_Tools_for_ARM/bin/../lib/gcc/arm-none-eabi/11.3.1/../../../../arm-none-eabi/lib/thumb/v7e-m+fp/hard/libnosys.a(sbrk.o)
                0x000000000000e744                _sbrk
                0x000000000000e760                . = ALIGN (0x4)
 *(.ctors)
                0x000000000000e760                . = ALIGN (0x4)
 *(.dtors)
                0x000000000000e760                . = ALIGN (0x4)
                0x000000000000e760                __init_array_start = .
 *(.init_array*)
 .init_array    0x000000000000e760        0x4 /usr/local/arm/GNU_Tools_for_ARM/bin/../lib/gcc/arm-none-eabi/11.3.1/thumb/v7e-m+fp/hard/crtbegin.o
 .init_array.00000
                0x000000000000e764        0x4 /usr/local/arm/GNU_Tools_for_ARM/bin/../lib/gcc/arm-none-eabi/11.3.1/../../../../arm-none-eabi/lib/thumb/v7e-m+fp/hard/libc.a(libc_a-__call_atexit.o)
                0x000000000000e768                __init_array_end = .
 *(.init)
 .init          0x000000000000e768        0x4 /usr/local/arm/GNU_Tools_for_ARM/bin/../lib/gcc/arm-none-eabi/11.3.1/thumb/v7e-m+fp/hard/crti.o
                0x000000000000e768                _init
 .init          0x000000000000e76c        0x8 /usr/local/arm/GNU_Tools_for_ARM/bin/../lib/gcc/arm-none-eabi/11.3.1/thumb/v7e-m+fp/hard/crtn.o
 *(.fini*)
 .fini          0x000000000000e774        0x4 /usr/local/arm/GNU_Tools_for_ARM/bin/../lib/gcc/arm-none-eabi/11.3.1/thumb/v7e-m+fp/hard/crti.o
                0x000000000000e774                _fini
 .fini_array    0x000000000000e778        0x4 /usr/local/arm/GNU_Tools_for_ARM/bin/../lib/gcc/arm-none-eabi/11.3.1/thumb/v7e-m+fp/hard/crtbegin.o
 .fini          0x000000000000e77c        0x8 /usr/local/arm/GNU_Tools_for_ARM/bin/../lib/gcc/arm-none-eabi/11.3.1/thumb/v7e-m+fp/hard/crtn.o

.glue_7         0x000000000000e784        0x0
 .glue_7        0x000000000000e784        0x0 linker stubs

.glue_7t        0x000000000000e784        0x0
 .glue_7t       0x000000000000e784        0x0 linker stubs

.vfp11_veneer   0x000000000000e784        0x0
 .vfp11_veneer  0x000000000000e784        0x0 linker stubs

.v4_bx          0x000000000000e784        0x0
 .v4_bx         0x000000000000e784        0x0 linker stubs

.iplt           0x000000000000e784        0x0
 .iplt          0x000000000000e784        0x0 /usr/local/arm/GNU_Tools_for_ARM/bin/../lib/gcc/arm-none-eabi/11.3.1/thumb/v7e-m+fp/hard/crtbegin.o

.rodata         0x000000000000e788      0x5b4
 *(.rodata)
 .rodata        0x000000000000e788       0x4f build/main.o
 *fill*         0x000000000000e7d7        0x1 
 .rodata        0x000000000000e7d8       0x4c build/gpio.o
 .rodata        0x000000000000e824       0x90 build/interrupt.o
 .rodata        0x000000000000e8b4       0x68 build/user_periph.o
 .rodata        0x000000000000e91c       0x35 build/user_uart.o
 *(.rodata.*)
 *fill*         0x000000000000e951        0x3 
 .rodata._svfprintf_r.str1.4
                0x000000000000e954       0x42 /usr/local/arm/GNU_Tools_for_ARM/bin/../lib/gcc/arm-none-eabi/11.3.1/../../../../arm-none-eabi/lib/thumb/v7e-m+fp/hard/libc.a(libc_a-svfprintf.o)
 *fill*         0x000000000000e996        0x2 
 .rodata.blanks.1
                0x000000000000e998       0x10 /usr/local/arm/GNU_Tools_for_ARM/bin/../lib/gcc/arm-none-eabi/11.3.1/../../../../arm-none-eabi/lib/thumb/v7e-m+fp/hard/libc.a(libc_a-svfprintf.o)
 .rodata.zeroes.0
                0x000000000000e9a8       0x10 /usr/local/arm/GNU_Tools_for_ARM/bin/../lib/gcc/arm-none-eabi/11.3.1/../../../../arm-none-eabi/lib/thumb/v7e-m+fp/hard/libc.a(libc_a-svfprintf.o)
 .rodata.str1.4
                0x000000000000e9b8       0x48 /usr/local/arm/GNU_Tools_for_ARM/bin/../lib/gcc/arm-none-eabi/11.3.1/../../../../arm-none-eabi/lib/thumb/v7e-m+fp/hard/libc.a(libc_a-locale.o)
                                         0x4c (size before relaxing)
 .rodata._dtoa_r.str1.4
                0x000000000000ea00       0x7d /usr/local/arm/GNU_Tools_for_ARM/bin/../lib/gcc/arm-none-eabi/11.3.1/../../../../arm-none-eabi/lib/thumb/v7e-m+fp/hard/libc.a(libc_a-dtoa.o)
                                         0x81 (size before relaxing)
 *fill*         0x000000000000ea7d        0x3 
 .rodata._ctype_
                0x000000000000ea80      0x101 /usr/local/arm/GNU_Tools_for_ARM/bin/../lib/gcc/arm-none-eabi/11.3.1/../../../../arm-none-eabi/lib/thumb/v7e-m+fp/hard/libc.a(libc_a-ctype_.o)
                0x000000000000ea80                _ctype_
 *fill*         0x000000000000eb81        0x3 
 .rodata.__assert_func.str1.4
                0x000000000000eb84       0x3f /usr/local/arm/GNU_Tools_for_ARM/bin/../lib/gcc/arm-none-eabi/11.3.1/../../../../arm-none-eabi/lib/thumb/v7e-m+fp/hard/libc.a(libc_a-assert.o)
                                         0x43 (size before relaxing)
 *fill*         0x000000000000ebc3        0x1 
 .rodata.__multadd.str1.4
                0x000000000000ebc4       0x5a /usr/local/arm/GNU_Tools_for_ARM/bin/../lib/gcc/arm-none-eabi/11.3.1/../../../../arm-none-eabi/lib/thumb/v7e-m+fp/hard/libc.a(libc_a-mprec.o)
                                         0x6e (size before relaxing)
 *fill*         0x000000000000ec1e        0x2 
 .rodata.__mprec_bigtens
                0x000000000000ec20       0x28 /usr/local/arm/GNU_Tools_for_ARM/bin/../lib/gcc/arm-none-eabi/11.3.1/../../../../arm-none-eabi/lib/thumb/v7e-m+fp/hard/libc.a(libc_a-mprec.o)
                0x000000000000ec20                __mprec_bigtens
 .rodata.__mprec_tens
                0x000000000000ec48       0xc8 /usr/local/arm/GNU_Tools_for_ARM/bin/../lib/gcc/arm-none-eabi/11.3.1/../../../../arm-none-eabi/lib/thumb/v7e-m+fp/hard/libc.a(libc_a-mprec.o)
                0x000000000000ec48                __mprec_tens
 .rodata.p05.0  0x000000000000ed10        0xc /usr/local/arm/GNU_Tools_for_ARM/bin/../lib/gcc/arm-none-eabi/11.3.1/../../../../arm-none-eabi/lib/thumb/v7e-m+fp/hard/libc.a(libc_a-mprec.o)
 .rodata._vfiprintf_r.str1.4
                0x000000000000ed1c       0x2f /usr/local/arm/GNU_Tools_for_ARM/bin/../lib/gcc/arm-none-eabi/11.3.1/../../../../arm-none-eabi/lib/thumb/v7e-m+fp/hard/libc.a(libc_a-vfiprintf.o)
 .rodata.blanks.1
                0x000000000000ed1c       0x10 /usr/local/arm/GNU_Tools_for_ARM/bin/../lib/gcc/arm-none-eabi/11.3.1/../../../../arm-none-eabi/lib/thumb/v7e-m+fp/hard/libc.a(libc_a-vfiprintf.o)
 .rodata.zeroes.0
                0x000000000000ed2c       0x10 /usr/local/arm/GNU_Tools_for_ARM/bin/../lib/gcc/arm-none-eabi/11.3.1/../../../../arm-none-eabi/lib/thumb/v7e-m+fp/hard/libc.a(libc_a-vfiprintf.o)

.eh_frame       0x000000000000ed3c        0x0
 .eh_frame      0x000000000000ed3c        0x0 /usr/local/arm/GNU_Tools_for_ARM/bin/../lib/gcc/arm-none-eabi/11.3.1/thumb/v7e-m+fp/hard/crtbegin.o

.preinitcall    0x000000000000ed3c        0xc
                0x000000000000ed3c                __preinit_start = .
 *(.preinitcall)
 .preinitcall   0x000000000000ed3c        0x4 build/main.o
 .preinitcall   0x000000000000ed40        0x4 build/user_uart.o
 .preinitcall   0x000000000000ed44        0x4 build/user_dma.o
                0x000000000000ed48                __preinit_end = .

.ARM.exidx      0x000000000000ed48        0x8
                0x000000000000ed48                __exidx_start = .
 *(.ARM.exidx* .gnu.linkonce.armexidx.*)
 .ARM.exidx     0x000000000000ed48        0x8 /usr/local/arm/GNU_Tools_for_ARM/bin/../lib/gcc/arm-none-eabi/11.3.1/../../../../arm-none-eabi/lib/thumb/v7e-m+fp/hard/crt0.o
                                         0x10 (size before relaxing)
                0x000000000000ed50                __exidx_end = .

.ARM.extab      0x000000000000ed50        0x0
 *(.ARM.extab* .gnu.linkonce.armextab.*)
 .ARM.extab     0x000000000000ed50        0x0 /usr/local/arm/GNU_Tools_for_ARM/bin/../lib/gcc/arm-none-eabi/11.3.1/../../../../arm-none-eabi/lib/thumb/v7e-m+fp/hard/crt0.o
                0x000000000000ed50                __etext = .

.rel.dyn        0x000000000000ed50        0x0
 .rel.iplt      0x000000000000ed50        0x0 /usr/local/arm/GNU_Tools_for_ARM/bin/../lib/gcc/arm-none-eabi/11.3.1/thumb/v7e-m+fp/hard/crtbegin.o

.data           0x0000000020000000      0x720 load address 0x000000000000ed50
                0x000000000000ed50                __data_load__ = LOADADDR (.data)
                0x0000000020000000                __data_start__ = .
 *(.data)
 .data          0x0000000020000000        0x0 /usr/local/arm/GNU_Tools_for_ARM/bin/../lib/gcc/arm-none-eabi/11.3.1/thumb/v7e-m+fp/hard/crti.o
 .data          0x0000000020000000        0x0 /usr/local/arm/GNU_Tools_for_ARM/bin/../lib/gcc/arm-none-eabi/11.3.1/thumb/v7e-m+fp/hard/crtbegin.o
 .data          0x0000000020000000        0x0 /usr/local/arm/GNU_Tools_for_ARM/bin/../lib/gcc/arm-none-eabi/11.3.1/../../../../arm-none-eabi/lib/thumb/v7e-m+fp/hard/crt0.o
 .data          0x0000000020000000        0x0 build/main.o
 .data          0x0000000020000000        0x0 build/cpu.o
 .data          0x0000000020000000        0x0 build/cs.o
 .data          0x0000000020000000       0x40 build/flash.o
 .data          0x0000000020000040        0x0 build/fpu.o
 .data          0x0000000020000040        0x0 build/gpio.o
 .data          0x0000000020000040        0x0 build/interrupt.o
 .data          0x0000000020000040        0x0 build/mpu.o
 .data          0x0000000020000040        0x0 build/pcm.o
 .data          0x0000000020000040        0x0 build/pss.o
 .data          0x0000000020000040        0x0 build/ref_a.o
 .data          0x0000000020000040        0x0 build/reset.o
 .data          0x0000000020000040        0x0 build/rtc_c.o
 .data          0x0000000020000040        0x0 build/sysctl.o
 .data          0x0000000020000040        0x0 build/systick.o
 .data          0x0000000020000040        0x0 build/uart.o
 .data          0x0000000020000040        0x0 build/wdt_a.o
 .data          0x0000000020000040        0x0 build/startup_msp432p401r_gcc.o
 .data          0x0000000020000040        0x4 build/system_msp432p401r.o
                0x0000000020000040                SystemCoreClock
 .data          0x0000000020000044        0x0 build/user_periph.o
 .data          0x0000000020000044        0x4 build/syscalls.o
                0x0000000020000044                environ
 .data          0x0000000020000048        0x0 build/user_uart.o
 .data          0x0000000020000048        0x0 build/user_dma.o
 .data          0x0000000020000048        0x0 /usr/local/arm/GNU_Tools_for_ARM/bin/../lib/gcc/arm-none-eabi/11.3.1/../../../../arm-none-eabi/lib/thumb/v7e-m+fp/hard/libc.a(libc_a-exit.o)
 .data          0x0000000020000048        0x0 /usr/local/arm/GNU_Tools_for_ARM/bin/../lib/gcc/arm-none-eabi/11.3.1/../../../../arm-none-eabi/lib/thumb/v7e-m+fp/hard/libc.a(libc_a-sprintf.o)
 .data          0x0000000020000048        0x0 /usr/local/arm/GNU_Tools_for_ARM/bin/../lib/gcc/arm-none-eabi/11.3.1/../../../../arm-none-eabi/lib/thumb/v7e-m+fp/hard/libc.a(libc_a-errno.o)
 .data          0x0000000020000048        0x0 /usr/local/arm/GNU_Tools_for_ARM/bin/../lib/gcc/arm-none-eabi/11.3.1/../../../../arm-none-eabi/lib/thumb/v7e-m+fp/hard/libc.a(libc_a-svfprintf.o)
 .data          0x0000000020000048        0x0 /usr/local/arm/GNU_Tools_for_ARM/bin/../lib/gcc/arm-none-eabi/11.3.1/../../../../arm-none-eabi/lib/thumb/v7e-m+fp/hard/libc.a(libc_a-vsprintf.o)
 .data          0x0000000020000048        0x0 /usr/local/arm/GNU_Tools_for_ARM/bin/../lib/gcc/arm-none-eabi/11.3.1/../../../../arm-none-eabi/lib/thumb/v7e-m+fp/hard/libc.a(libc_a-malloc.o)
 .data          0x0000000020000048        0x0 /usr/local/arm/GNU_Tools_for_ARM/bin/../lib/gcc/arm-none-eabi/11.3.1/../../../../arm-none-eabi/lib/thumb/v7e-m+fp/hard/libc.a(libc_a-mallocr.o)
 .data          0x0000000020000048        0x0 /usr/local/arm/GNU_Tools_for_ARM/bin/../lib/gcc/arm-none-eabi/11.3.1/../../../../arm-none-eabi/lib/thumb/v7e-m+fp/hard/libc.a(libc_a-__call_atexit.o)
 .data          0x0000000020000048        0x0 /usr/local/arm/GNU_Tools_for_ARM/bin/../lib/gcc/arm-none-eabi/11.3.1/../../../../arm-none-eabi/lib/thumb/v7e-m+fp/hard/libc.a(libc_a-memset.o)
 .data          0x0000000020000048        0x0 /usr/local/arm/GNU_Tools_for_ARM/bin/../lib/gcc/arm-none-eabi/11.3.1/../../../../arm-none-eabi/lib/thumb/v7e-m+fp/hard/libc.a(libc_a-wcrtomb.o)
 .data          0x0000000020000048        0x0 /usr/local/arm/GNU_Tools_for_ARM/bin/../lib/gcc/arm-none-eabi/11.3.1/../../../../arm-none-eabi/lib/thumb/v7e-m+fp/hard/libc.a(libc_a-init.o)
 .data          0x0000000020000048        0x0 /usr/local/arm/GNU_Tools_for_ARM/bin/../lib/gcc/arm-none-eabi/11.3.1/../../../../arm-none-eabi/lib/thumb/v7e-m+fp/hard/libc.a(libc_a-fini.o)
 .data          0x0000000020000048        0x0 /usr/local/arm/GNU_Tools_for_ARM/bin/../lib/gcc/arm-none-eabi/11.3.1/../../../../arm-none-eabi/lib/thumb/v7e-m+fp/hard/libc.a(libc_a-lock.o)
 .data          0x0000000020000048        0x0 /usr/local/arm/GNU_Tools_for_ARM/bin/../lib/gcc/arm-none-eabi/11.3.1/../../../../arm-none-eabi/lib/thumb/v7e-m+fp/hard/libc.a(libc_a-locale.o)
 .data          0x0000000020000048        0x0 /usr/local/arm/GNU_Tools_for_ARM/bin/../lib/gcc/arm-none-eabi/11.3.1/../../../../arm-none-eabi/lib/thumb/v7e-m+fp/hard/libc.a(libc_a-localeconv.o)
 .data          0x0000000020000048        0x0 /usr/local/arm/GNU_Tools_for_ARM/bin/../lib/gcc/arm-none-eabi/11.3.1/../../../../arm-none-eabi/lib/thumb/v7e-m+fp/hard/libc.a(libc_a-strcmp.o)
 .data          0x0000000020000048        0x0 /usr/local/arm/GNU_Tools_for_ARM/bin/../lib/gcc/arm-none-eabi/11.3.1/../../../../arm-none-eabi/lib/thumb/v7e-m+fp/hard/libc.a(libc_a-strcpy.o)
 .data          0x0000000020000048        0x0 /usr/local/arm/GNU_Tools_for_ARM/bin/../lib/gcc/arm-none-eabi/11.3.1/../../../../arm-none-eabi/lib/thumb/v7e-m+fp/hard/libc.a(libc_a-mlock.o)
 .data          0x0000000020000048        0x0 /usr/local/arm/GNU_Tools_for_ARM/bin/../lib/gcc/arm-none-eabi/11.3.1/../../../../arm-none-eabi/lib/thumb/v7e-m+fp/hard/libc.a(libc_a-atexit.o)
 .data          0x0000000020000048        0x0 /usr/local/arm/GNU_Tools_for_ARM/bin/../lib/gcc/arm-none-eabi/11.3.1/../../../../arm-none-eabi/lib/thumb/v7e-m+fp/hard/libc.a(libc_a-strchr.o)
 .data          0x0000000020000048        0x0 /usr/local/arm/GNU_Tools_for_ARM/bin/../lib/gcc/arm-none-eabi/11.3.1/../../../../arm-none-eabi/lib/thumb/v7e-m+fp/hard/libc.a(libc_a-wcsrtombs.o)
 .data          0x0000000020000048        0x0 /usr/local/arm/GNU_Tools_for_ARM/bin/../lib/gcc/arm-none-eabi/11.3.1/../../../../arm-none-eabi/lib/thumb/v7e-m+fp/hard/libc.a(libc_a-dtoa.o)
 .data          0x0000000020000048        0x0 /usr/local/arm/GNU_Tools_for_ARM/bin/../lib/gcc/arm-none-eabi/11.3.1/../../../../arm-none-eabi/lib/thumb/v7e-m+fp/hard/libc.a(libc_a-ctype_.o)
 .data          0x0000000020000048        0x0 /usr/local/arm/GNU_Tools_for_ARM/bin/../lib/gcc/arm-none-eabi/11.3.1/../../../../arm-none-eabi/lib/thumb/v7e-m+fp/hard/libc.a(libc_a-impure.o)
 .data          0x0000000020000048        0x0 /usr/local/arm/GNU_Tools_for_ARM/bin/../lib/gcc/arm-none-eabi/11.3.1/../../../../arm-none-eabi/lib/thumb/v7e-m+fp/hard/libc.a(libc_a-findfp.o)
 .data          0x0000000020000048        0x0 /usr/local/arm/GNU_Tools_for_ARM/bin/../lib/gcc/arm-none-eabi/11.3.1/../../../../arm-none-eabi/lib/thumb/v7e-m+fp/hard/libc.a(libc_a-memchr.o)
 .data          0x0000000020000048        0x0 /usr/local/arm/GNU_Tools_for_ARM/bin/../lib/gcc/arm-none-eabi/11.3.1/../../../../arm-none-eabi/lib/thumb/v7e-m+fp/hard/libc.a(libc_a-memcpy.o)
 .data          0x0000000020000048        0x0 /usr/local/arm/GNU_Tools_for_ARM/bin/../lib/gcc/arm-none-eabi/11.3.1/../../../../arm-none-eabi/lib/thumb/v7e-m+fp/hard/libc.a(libc_a-strlen.o)
 .data          0x0000000020000048        0x0 /usr/local/arm/GNU_Tools_for_ARM/bin/../lib/gcc/arm-none-eabi/11.3.1/../../../../arm-none-eabi/lib/thumb/v7e-m+fp/hard/libc.a(libm_a-s_frexp.o)
 .data          0x0000000020000048        0x0 /usr/local/arm/GNU_Tools_for_ARM/bin/../lib/gcc/arm-none-eabi/11.3.1/../../../../arm-none-eabi/lib/thumb/v7e-m+fp/hard/libc.a(libc_a-strlcpy.o)
 .data          0x0000000020000048        0x0 /usr/local/arm/GNU_Tools_for_ARM/bin/../lib/gcc/arm-none-eabi/11.3.1/../../../../arm-none-eabi/lib/thumb/v7e-m+fp/hard/libc.a(libc_a-freer.o)
 .data          0x0000000020000048        0x0 /usr/local/arm/GNU_Tools_for_ARM/bin/../lib/gcc/arm-none-eabi/11.3.1/../../../../arm-none-eabi/lib/thumb/v7e-m+fp/hard/libc.a(libc_a-strtol.o)
 .data          0x0000000020000048        0x0 /usr/local/arm/GNU_Tools_for_ARM/bin/../lib/gcc/arm-none-eabi/11.3.1/../../../../arm-none-eabi/lib/thumb/v7e-m+fp/hard/libc.a(libc_a-strncasecmp.o)
 .data          0x0000000020000048        0x0 /usr/local/arm/GNU_Tools_for_ARM/bin/../lib/gcc/arm-none-eabi/11.3.1/../../../../arm-none-eabi/lib/thumb/v7e-m+fp/hard/libc.a(libc_a-getenv_r.o)
 .data          0x0000000020000048        0x0 /usr/local/arm/GNU_Tools_for_ARM/bin/../lib/gcc/arm-none-eabi/11.3.1/../../../../arm-none-eabi/lib/thumb/v7e-m+fp/hard/libc.a(libc_a-strncpy.o)
 .data          0x0000000020000048        0x0 /usr/local/arm/GNU_Tools_for_ARM/bin/../lib/gcc/arm-none-eabi/11.3.1/../../../../arm-none-eabi/lib/thumb/v7e-m+fp/hard/libc.a(libc_a-stdio.o)
 .data          0x0000000020000048        0x0 /usr/local/arm/GNU_Tools_for_ARM/bin/../lib/gcc/arm-none-eabi/11.3.1/../../../../arm-none-eabi/lib/thumb/v7e-m+fp/hard/libc.a(libc_a-wctomb_r.o)
 .data          0x0000000020000048        0x0 /usr/local/arm/GNU_Tools_for_ARM/bin/../lib/gcc/arm-none-eabi/11.3.1/../../../../arm-none-eabi/lib/thumb/v7e-m+fp/hard/libc.a(libc_a-sbrkr.o)
 .data          0x0000000020000048        0x0 /usr/local/arm/GNU_Tools_for_ARM/bin/../lib/gcc/arm-none-eabi/11.3.1/../../../../arm-none-eabi/lib/thumb/v7e-m+fp/hard/libc.a(libc_a-fwalk.o)
 .data          0x0000000020000048        0x0 /usr/local/arm/GNU_Tools_for_ARM/bin/../lib/gcc/arm-none-eabi/11.3.1/../../../../arm-none-eabi/lib/thumb/v7e-m+fp/hard/libc.a(libc_a-writer.o)
 .data          0x0000000020000048        0x0 /usr/local/arm/GNU_Tools_for_ARM/bin/../lib/gcc/arm-none-eabi/11.3.1/../../../../arm-none-eabi/lib/thumb/v7e-m+fp/hard/libc.a(libc_a-svfiprintf.o)
 .data          0x0000000020000048        0x0 /usr/local/arm/GNU_Tools_for_ARM/bin/../lib/gcc/arm-none-eabi/11.3.1/../../../../arm-none-eabi/lib/thumb/v7e-m+fp/hard/libc.a(libc_a-__atexit.o)
 .data          0x0000000020000048        0x0 /usr/local/arm/GNU_Tools_for_ARM/bin/../lib/gcc/arm-none-eabi/11.3.1/../../../../arm-none-eabi/lib/thumb/v7e-m+fp/hard/libc.a(libc_a-mbtowc_r.o)
 .data          0x0000000020000048        0x0 /usr/local/arm/GNU_Tools_for_ARM/bin/../lib/gcc/arm-none-eabi/11.3.1/../../../../arm-none-eabi/lib/thumb/v7e-m+fp/hard/libc.a(libc_a-memmove.o)
 .data          0x0000000020000048        0x0 /usr/local/arm/GNU_Tools_for_ARM/bin/../lib/gcc/arm-none-eabi/11.3.1/../../../../arm-none-eabi/lib/thumb/v7e-m+fp/hard/libc.a(libc_a-assert.o)
 .data          0x0000000020000048        0x0 /usr/local/arm/GNU_Tools_for_ARM/bin/../lib/gcc/arm-none-eabi/11.3.1/../../../../arm-none-eabi/lib/thumb/v7e-m+fp/hard/libc.a(libc_a-strcasecmp.o)
 .data          0x0000000020000048        0x0 /usr/local/arm/GNU_Tools_for_ARM/bin/../lib/gcc/arm-none-eabi/11.3.1/../../../../arm-none-eabi/lib/thumb/v7e-m+fp/hard/libc.a(libc_a-strcat.o)
 .data          0x0000000020000048        0x0 /usr/local/arm/GNU_Tools_for_ARM/bin/../lib/gcc/arm-none-eabi/11.3.1/../../../../arm-none-eabi/lib/thumb/v7e-m+fp/hard/libc.a(libc_a-fclose.o)
 .data          0x0000000020000048        0x0 /usr/local/arm/GNU_Tools_for_ARM/bin/../lib/gcc/arm-none-eabi/11.3.1/../../../../arm-none-eabi/lib/thumb/v7e-m+fp/hard/libc.a(libc_a-mprec.o)
 .data          0x0000000020000048        0x0 /usr/local/arm/GNU_Tools_for_ARM/bin/../lib/gcc/arm-none-eabi/11.3.1/../../../../arm-none-eabi/lib/thumb/v7e-m+fp/hard/libc.a(libc_a-callocr.o)
 .data          0x0000000020000048        0x0 /usr/local/arm/GNU_Tools_for_ARM/bin/../lib/gcc/arm-none-eabi/11.3.1/../../../../arm-none-eabi/lib/thumb/v7e-m+fp/hard/libc.a(libc_a-wcsnrtombs.o)
 .data          0x0000000020000048        0x0 /usr/local/arm/GNU_Tools_for_ARM/bin/../lib/gcc/arm-none-eabi/11.3.1/../../../../arm-none-eabi/lib/thumb/v7e-m+fp/hard/libc.a(libc_a-closer.o)
 .data          0x0000000020000048        0x0 /usr/local/arm/GNU_Tools_for_ARM/bin/../lib/gcc/arm-none-eabi/11.3.1/../../../../arm-none-eabi/lib/thumb/v7e-m+fp/hard/libc.a(libc_a-reent.o)
 .data          0x0000000020000048        0x0 /usr/local/arm/GNU_Tools_for_ARM/bin/../lib/gcc/arm-none-eabi/11.3.1/../../../../arm-none-eabi/lib/thumb/v7e-m+fp/hard/libc.a(libc_a-fflush.o)
 .data          0x0000000020000048        0x0 /usr/local/arm/GNU_Tools_for_ARM/bin/../lib/gcc/arm-none-eabi/11.3.1/../../../../arm-none-eabi/lib/thumb/v7e-m+fp/hard/libc.a(libc_a-reallocr.o)
 .data          0x0000000020000048        0x0 /usr/local/arm/GNU_Tools_for_ARM/bin/../lib/gcc/arm-none-eabi/11.3.1/../../../../arm-none-eabi/lib/thumb/v7e-m+fp/hard/libc.a(libc_a-envlock.o)
 .data          0x0000000020000048        0x0 /usr/local/arm/GNU_Tools_for_ARM/bin/../lib/gcc/arm-none-eabi/11.3.1/../../../../arm-none-eabi/lib/thumb/v7e-m+fp/hard/libc.a(libc_a-strncmp.o)
 .data          0x0000000020000048        0x0 /usr/local/arm/GNU_Tools_for_ARM/bin/../lib/gcc/arm-none-eabi/11.3.1/../../../../arm-none-eabi/lib/thumb/v7e-m+fp/hard/libc.a(libc_a-lseekr.o)
 .data          0x0000000020000048        0x0 /usr/local/arm/GNU_Tools_for_ARM/bin/../lib/gcc/arm-none-eabi/11.3.1/../../../../arm-none-eabi/lib/thumb/v7e-m+fp/hard/libc.a(libc_a-readr.o)
 .data          0x0000000020000048        0x0 /usr/local/arm/GNU_Tools_for_ARM/bin/../lib/gcc/arm-none-eabi/11.3.1/../../../../arm-none-eabi/lib/thumb/v7e-m+fp/hard/libc.a(libc_a-fiprintf.o)