Archive member included to satisfy reference by file (symbol)

/usr/local/arm/GNU_Tools_for_ARM/bin/../lib/gcc/arm-none-eabi/11.3.1/../../../../arm-none-eabi/lib/thumb/v7e-m+fp/hard/libc.a(libc_a-exit.o)
                              /usr/local/arm/GNU_Tools_for_ARM/bin/../lib/gcc/arm-none-eabi/11.3.1/../../../../arm-none-eabi/lib/thumb/v7e-m+fp/hard/crt0.o (exit)
/usr/local/arm/GNU_Tools_for_ARM/bin/../lib/gcc/arm-none-eabi/11.3.1/../../../../arm-none-eabi/lib/thumb/v7e-m+fp/hard/libc.a(libc_a-errno.o)
                              build/syscalls.o (__errno)
/usr/local/arm/GNU_Tools_for_ARM/bin/../lib/gcc/arm-none-eabi/11.3.1/../../../../arm-none-eabi/lib/thumb/v7e-m+fp/hard/libc.a(libc_a-__call_atexit.o)
                              /usr/local/arm/GNU_Tools_for_ARM/bin/../lib/gcc/arm-none-eabi/11.3.1/../../../../arm-none-eabi/lib/thumb/v7e-m+fp/hard/libc.a(libc_a-exit.o) (__call_exitprocs)
/usr/local/arm/GNU_Tools_for_ARM/bin/../lib/gcc/arm-none-eabi/11.3.1/../../../../arm-none-eabi/lib/thumb/v7e-m+fp/hard/libc.a(libc_a-memset.o)
                              /usr/local/arm/GNU_Tools_for_ARM/bin/../lib/gcc/arm-none-eabi/11.3.1/../../../../arm-none-eabi/lib/thumb/v7e-m+fp/hard/crt0.o (memset)
/usr/local/arm/GNU_Tools_for_ARM/bin/../lib/gcc/arm-none-eabi/11.3.1/../../../../arm-none-eabi/lib/thumb/v7e-m+fp/hard/libc.a(libc_a-init.o)
                              /usr/local/arm/GNU_Tools_for_ARM/bin/../lib/gcc/arm-none-eabi/11.3.1/../../../../arm-none-eabi/lib/thumb/v7e-m+fp/hard/crt0.o (__libc_init_array)
/usr/local/arm/GNU_Tools_for_ARM/bin/../lib/gcc/arm-none-eabi/11.3.1/../../../../arm-none-eabi/lib/thumb/v7e-m+fp/hard/libc.a(libc_a-fini.o)
                              /usr/local/arm/GNU_Tools_for_ARM/bin/../lib/gcc/arm-none-eabi/11.3.1/../../../../arm-none-eabi/lib/thumb/v7e-m+fp/hard/libc.a(libc_a-__call_atexit.o) (__libc_fini_array)
/usr/local/arm/GNU_Tools_for_ARM/bin/../lib/gcc/arm-none-eabi/11.3.1/../../../../arm-none-eabi/lib/thumb/v7e-m+fp/hard/libc.a(libc_a-lock.o)
                              /usr/local/arm/GNU_Tools_for_ARM/bin/../lib/gcc/arm-none-eabi/11.3.1/../../../../arm-none-eabi/lib/thumb/v7e-m+fp/hard/libc.a(libc_a-__call_atexit.o) (__retarget_lock_acquire_recursive)
/usr/local/arm/GNU_Tools_for_ARM/bin/../lib/gcc/arm-none-eabi/11.3.1/../../../../arm-none-eabi/lib/thumb/v7e-m+fp/hard/libc.a(libc_a-atexit.o)
                              /usr/local/arm/GNU_Tools_for_ARM/bin/../lib/gcc/arm-none-eabi/11.3.1/../../../../arm-none-eabi/lib/thumb/v7e-m+fp/hard/libc.a(libc_a-__call_atexit.o) (atexit)
/usr/local/arm/GNU_Tools_for_ARM/bin/../lib/gcc/arm-none-eabi/11.3.1/../../../../arm-none-eabi/lib/thumb/v7e-m+fp/hard/libc.a(libc_a-impure.o)
                              /usr/local/arm/GNU_Tools_for_ARM/bin/../lib/gcc/arm-none-eabi/11.3.1/../../../../arm-none-eabi/lib/thumb/v7e-m+fp/hard/libc.a(libc_a-errno.o) (_impure_ptr)
/usr/local/arm/GNU_Tools_for_ARM/bin/../lib/gcc/arm-none-eabi/11.3.1/../../../../arm-none-eabi/lib/thumb/v7e-m+fp/hard/libc.a(libc_a-findfp.o)
                              /usr/local/arm/GNU_Tools_for_ARM/bin/../lib/gcc/arm-none-eabi/11.3.1/../../../../arm-none-eabi/lib/thumb/v7e-m+fp/hard/libc.a(libc_a-impure.o) (__sf)
/usr/local/arm/GNU_Tools_for_ARM/bin/../lib/gcc/arm-none-eabi/11.3.1/../../../../arm-none-eabi/lib/thumb/v7e-m+fp/hard/libc.a(libc_a-stdio.o)
                              /usr/local/arm/GNU_Tools_for_ARM/bin/../lib/gcc/arm-none-eabi/11.3.1/../../../../arm-none-eabi/lib/thumb/v7e-m+fp/hard/libc.a(libc_a-findfp.o) (__sread)
/usr/local/arm/GNU_Tools_for_ARM/bin/../lib/gcc/arm-none-eabi/11.3.1/../../../../arm-none-eabi/lib/thumb/v7e-m+fp/hard/libc.a(libc_a-fwalk.o)
                              /usr/local/arm/GNU_Tools_for_ARM/bin/../lib/gcc/arm-none-eabi/11.3.1/../../../../arm-none-eabi/lib/thumb/v7e-m+fp/hard/libc.a(libc_a-findfp.o) (_fwalk_sglue)
/usr/local/arm/GNU_Tools_for_ARM/bin/../lib/gcc/arm-none-eabi/11.3.1/../../../../arm-none-eabi/lib/thumb/v7e-m+fp/hard/libc.a(libc_a-writer.o)
                              /usr/local/arm/GNU_Tools_for_ARM/bin/../lib/gcc/arm-none-eabi/11.3.1/../../../../arm-none-eabi/lib/thumb/v7e-m+fp/hard/libc.a(libc_a-stdio.o) (_write_r)
/usr/local/arm/GNU_Tools_for_ARM/bin/../lib/gcc/arm-none-eabi/11.3.1/../../../../arm-none-eabi/lib/thumb/v7e-m+fp/hard/libc.a(libc_a-__atexit.o)
                              /usr/local/arm/GNU_Tools_for_ARM/bin/../lib/gcc/arm-none-eabi/11.3.1/../../../../arm-none-eabi/lib/thumb/v7e-m+fp/hard/libc.a(libc_a-atexit.o) (__register_exitproc)
/usr/local/arm/GNU_Tools_for_ARM/bin/../lib/gcc/arm-none-eabi/11.3.1/../../../../arm-none-eabi/lib/thumb/v7e-m+fp/hard/libc.a(libc_a-mallocr.o)
                              /usr/local/arm/GNU_Tools_for_ARM/bin/../lib/gcc/arm-none-eabi/11.3.1/../../../../arm-none-eabi/lib/thumb/v7e-m+fp/hard/libc.a(libc_a-findfp.o) (_malloc_r)
[...]
Memory Configuration

Name             Origin             Length             Attributes
MAIN_FLASH       0x0000000000000000 0x0000000000040000 xr
INFO_FLASH       0x0000000000200000 0x0000000000004000 xr
SRAM_CODE        0x0000000001000000 0x0000000000010000 xrw
SRAM_DATA        0x0000000020000000 0x0000000000010000 rw
*default*        0x0000000000000000 0xffffffffffffffff

Linker script and memory map

LOAD /usr/local/arm/GNU_Tools_for_ARM/bin/../lib/gcc/arm-none-eabi/11.3.1/thumb/v7e-m+fp/hard/crti.o
LOAD /usr/local/arm/GNU_Tools_for_ARM/bin/../lib/gcc/arm-none-eabi/11.3.1/thumb/v7e-m+fp/hard/crtbegin.o
LOAD /usr/local/arm/GNU_Tools_for_ARM/bin/../lib/gcc/arm-none-eabi/11.3.1/../../../../arm-none-eabi/lib/thumb/v7e-m+fp/hard/crt0.o
LOAD build/main.o
LOAD build/cpu.o
LOAD build/cs.o
LOAD build/dma.o
LOAD build/flash.o
LOAD build/fpu.o
LOAD build/gpio.o
LOAD build/i2c.o
LOAD build/interrupt.o
LOAD build/mpu.o
LOAD build/pcm.o
LOAD build/pss.o
LOAD build/ref_a.o
LOAD build/reset.o
LOAD build/rtc_c.o
LOAD build/sysctl.o
LOAD build/systick.o
LOAD build/timer32.o
LOAD build/timer_a.o
LOAD build/uart.o
LOAD build/wdt_a.o
LOAD build/startup_msp432p401r_gcc.o
LOAD build/system_msp432p401r.o
LOAD build/iic_bus.o
LOAD build/syscalls.o
LOAD build/user_uart.o
LOAD build/user_dma.o
LOAD /usr/local/arm/GNU_Tools_for_ARM/bin/../lib/gcc/arm-none-eabi/11.3.1/../../../../arm-none-eabi/lib/thumb/v7e-m+fp/hard/libc.a
LOAD /usr/local/arm/GNU_Tools_for_ARM/bin/../lib/gcc/arm-none-eabi/11.3.1/../../../../arm-none-eabi/lib/thumb/v7e-m+fp/hard/libm.a
LOAD /usr/local/arm/GNU_Tools_for_ARM/bin/../lib/gcc/arm-none-eabi/11.3.1/../../../../arm-none-eabi/lib/thumb/v7e-m+fp/hard/libnosys.a
START GROUP
LOAD /usr/local/arm/GNU_Tools_for_ARM/bin/../lib/gcc/arm-none-eabi/11.3.1/thumb/v7e-m+fp/hard/libgcc.a
LOAD /usr/local/arm/GNU_Tools_for_ARM/bin/../lib/gcc/arm-none-eabi/11.3.1/../../../../arm-none-eabi/lib/thumb/v7e-m+fp/hard/libc.a
END GROUP
START GROUP
LOAD /usr/local/arm/GNU_Tools_for_ARM/bin/../lib/gcc/arm-none-eabi/11.3.1/thumb/v7e-m+fp/hard/libgcc.a
LOAD /usr/local/arm/GNU_Tools_for_ARM/bin/../lib/gcc/arm-none-eabi/11.3.1/../../../../arm-none-eabi/lib/thumb/v7e-m+fp/hard/libc.a
LOAD /usr/local/arm/GNU_Tools_for_ARM/bin/../lib/gcc/arm-none-eabi/11.3.1/../../../../arm-none-eabi/lib/thumb/v7e-m+fp/hard/libnosys.a
END GROUP
LOAD /usr/local/arm/GNU_Tools_for_ARM/bin/../lib/gcc/arm-none-eabi/11.3.1/thumb/v7e-m+fp/hard/crtend.o
LOAD /usr/local/arm/GNU_Tools_for_ARM/bin/../lib/gcc/arm-none-eabi/11.3.1/thumb/v7e-m+fp/hard/crtn.o
                0x0000000000000000                PROVIDE (_intvecs_base_address = DEFINED (_intvecs_base_address)?_intvecs_base_address:0x0)

.intvecs        0x0000000000000000       0xe4
 *(.intvecs)
 .intvecs       0x0000000000000000       0xe4 build/startup_msp432p401r_gcc.o
                0x0000000000000000                interruptVectors
                0x0000000000200000                PROVIDE (_mailbox_base_address = 0x200000)

.flashMailbox
 *(.flashMailbox)
                0x0000000000201000                PROVIDE (_tlv_base_address = 0x201000)

.tlvTable
 *(.tlvTable)
                0x0000000000202000                PROVIDE (_bsl_base_address = 0x202000)

.bslArea
 *(.bslArea)
                0x0000000020000000                PROVIDE (_vtable_base_address = DEFINED (_vtable_base_address)?_vtable_base_address:0x20000000)

.vtable
 *(.vtable)

.text           0x00000000000000e4     0x95fc
 CREATE_OBJECT_SYMBOLS
 *(.text)
 .text          0x00000000000000e4        0x0 /usr/local/arm/GNU_Tools_for_ARM/bin/../lib/gcc/arm-none-eabi/11.3.1/thumb/v7e-m+fp/hard/crti.o
 .text          0x00000000000000e4        0x0 /usr/local/arm/GNU_Tools_for_ARM/bin/../lib/gcc/arm-none-eabi/11.3.1/thumb/v7e-m+fp/hard/crtbegin.o
 .text          0x00000000000000e4       0x7c /usr/local/arm/GNU_Tools_for_ARM/bin/../lib/gcc/arm-none-eabi/11.3.1/../../../../arm-none-eabi/lib/thumb/v7e-m+fp/hard/crt0.o
                0x00000000000000e4                _stack_init
                0x00000000000000ec                _mainCRTStartup
                0x00000000000000ec                _start
 .text          0x0000000000000160       0xc8 build/main.o
                0x0000000000000160                main
                0x0000000000000188                Clock_Configuration
                0x00000000000001fc                Clock_Information
 .text          0x0000000000000228       0x42 build/cpu.o
                0x0000000000000228                CPU_cpsid
                0x0000000000000236                CPU_primask
                0x0000000000000242                CPU_cpsie
                0x0000000000000250                CPU_wfi
                0x0000000000000256                CPU_basepriSet
                0x000000000000025e                CPU_basepriGet
 *fill*         0x000000000000026a        0x2 
 .text          0x000000000000026c      0xf84 build/cs.o
                0x00000000000005c4                CS_setExternalClockSourceFrequency
                0x00000000000005f0                CS_initClockSignal
                0x000000000000077c                CS_startHFXT
                0x000000000000079a                CS_startHFXTWithTimeout
                0x000000000000088c                CS_startLFXT
                0x00000000000008a6                CS_startLFXTWithTimeout
                0x0000000000000990                CS_enableClockRequest
                0x00000000000009c8                CS_disableClockRequest
                0x0000000000000a00                CS_setReferenceOscillatorFrequency
                0x0000000000000a38                CS_enableDCOExternalResistor
                0x0000000000000a68                CS_setDCOExternalResistorCalibration
                0x0000000000000afc                CS_disableDCOExternalResistor
                0x0000000000000b2c                CS_setDCOCenteredFrequency
                0x0000000000000b68                CS_tuneDCOFrequency
                0x0000000000000bec                CS_getDCOFrequency
                0x0000000000000d04                CS_setDCOFrequency
                0x0000000000000eb8                CS_getBCLK
                0x0000000000000ee4                CS_getHSMCLK
                0x0000000000000f18                CS_getACLK
                0x0000000000000f4c                CS_getSMCLK
                0x0000000000000f80                CS_getMCLK
                0x0000000000000fb4                CS_enableFaultCounter
                0x0000000000000ffc                CS_disableFaultCounter
                0x0000000000001044                CS_resetFaultCounter
                0x000000000000108c                CS_startFaultCounter
                0x00000000000010e4                CS_enableInterrupt
                0x000000000000111c                CS_disableInterrupt
                0x0000000000001154                CS_getInterruptStatus
                0x000000000000116c                CS_getEnabledInterruptStatus
                0x0000000000001184                CS_clearInterruptFlag
                0x00000000000011bc                CS_registerInterrupt
                0x00000000000011da                CS_unregisterInterrupt
 .text          0x00000000000011f0      0xa20 build/dma.o
                0x00000000000011f0                DMA_enableModule
                0x0000000000001208                DMA_disableModule
                0x000000000000124c                DMA_getErrorStatus
                0x0000000000001264                DMA_clearErrorStatus
                0x000000000000127c                DMA_enableChannel
                0x00000000000012a4                DMA_disableChannel
                0x00000000000012cc                DMA_isChannelEnabled
                0x0000000000001300                DMA_setControlBase
                0x0000000000001320                DMA_getControlBase
                0x0000000000001338                DMA_getControlAlternateBase
                0x0000000000001350                DMA_requestChannel
                0x0000000000001378                DMA_enableChannelAttribute
                0x00000000000013ec                DMA_disableChannelAttribute
                0x0000000000001460                DMA_getChannelAttribute
                0x00000000000014f0                DMA_setChannelControl
                0x0000000000001538                DMA_setChannelTransfer
                0x000000000000163c                DMA_setChannelScatterGather
                0x00000000000016d0                DMA_getChannelSize
                0x0000000000001718                DMA_getChannelMode
                0x000000000000176c                DMA_assignChannel
                0x0000000000001a30                DMA_assignInterrupt
                0x0000000000001aa0                DMA_requestSoftwareTransfer
                0x0000000000001acc                DMA_getInterruptStatus
                0x0000000000001ae4                DMA_clearInterruptFlag
                0x0000000000001b14                DMA_enableInterrupt
                0x0000000000001b74                DMA_disableInterrupt
                0x0000000000001bd4                DMA_registerInterrupt
                0x0000000000001bf4                DMA_unregisterInterrupt
 .text          0x0000000000001c10     0x1af0 build/flash.o
                0x0000000000001f2e                FlashCtl_getMemoryInfo
                0x0000000000002314                FlashCtl_enableReadBuffering
                0x000000000000238c                FlashCtl_disableReadBuffering
                0x0000000000002404                FlashCtl_unprotectSector
                0x00000000000024a8                FlashCtl_protectSector
                0x0000000000002530                FlashCtl_isSectorProtected
                0x00000000000025c4                FlashCtl_verifyMemory
                0x000000000000286c                FlashCtl_setReadMode
                0x00000000000028f0                FlashCtl_getReadMode
                0x0000000000002930                FlashCtl_initiateMassErase
                0x000000000000295c                FlashCtl_performMassErase
                0x0000000000002b34                FlashCtl_eraseSector
                0x0000000000002c88                FlashCtl_initiateSectorErase
                0x0000000000002d28                FlashCtl_programMemory
                0x0000000000002ed0                FlashCtl_setProgramVerification
                0x0000000000002f34                FlashCtl_clearProgramVerification
                0x0000000000002f98                FlashCtl_enableWordProgramming
                0x0000000000002fdc                FlashCtl_disableWordProgramming
                0x0000000000002ff4                FlashCtl_isWordProgrammingEnabled
                0x0000000000003028                FlashCtl_setWaitState
                0x0000000000003074                FlashCtl_getWaitState
                0x00000000000030b4                FlashCtl_enableInterrupt
                0x00000000000030dc                FlashCtl_disableInterrupt
                0x0000000000003108                FlashCtl_getInterruptStatus
                0x0000000000003120                FlashCtl_getEnabledInterruptStatus
                0x000000000000313c                FlashCtl_clearInterruptFlag
                0x0000000000003164                FlashCtl_registerInterrupt
                0x0000000000003182                FlashCtl_unregisterInterrupt
                0x0000000000003196                __FlashCtl_remaskData8Post
                0x0000000000003228                __FlashCtl_remaskData8Pre
                0x00000000000032c0                __FlashCtl_remaskData32Post
                0x00000000000033a0                __FlashCtl_remaskData32Pre
                0x0000000000003484                __FlashCtl_remaskBurstDataPre
                0x00000000000035c8                __FlashCtl_remaskBurstDataPost
 .text          0x0000000000003700      0x14c build/fpu.o
                0x0000000000003700                FPU_enableModule
                0x0000000000003724                FPU_disableModule
                0x0000000000003748                FPU_enableStacking
                0x000000000000376c                FPU_enableLazyStacking
                0x000000000000378c                FPU_disableStacking
                0x00000000000037ac                FPU_setHalfPrecisionMode
                0x00000000000037d4                FPU_setNaNMode
                0x00000000000037fc                FPU_setFlushToZeroMode
                0x0000000000003824                FPU_setRoundingMode
 .text          0x000000000000384c      0x7e4 build/gpio.o
                0x000000000000384c                GPIO_setAsOutputPin
                0x00000000000038bc                GPIO_setAsInputPin
                0x0000000000003948                GPIO_setAsPeripheralModuleFunctionOutputPin
                0x0000000000003a30                GPIO_setAsPeripheralModuleFunctionInputPin
                0x0000000000003b1c                GPIO_setOutputHighOnPin
                0x0000000000003b58                GPIO_setOutputLowOnPin
                0x0000000000003b98                GPIO_toggleOutputOnPin
                0x0000000000003bd4                GPIO_setAsInputPinWithPullDownResistor
                0x0000000000003c78                GPIO_setAsInputPinWithPullUpResistor
                0x0000000000003d18                GPIO_getInputPinValue
                0x0000000000003d58                GPIO_enableInterrupt
                0x0000000000003d94                GPIO_disableInterrupt
                0x0000000000003dd4                GPIO_getInterruptStatus
                0x0000000000003e08                GPIO_clearInterruptFlag
                0x0000000000003e48                GPIO_interruptEdgeSelect
                0x0000000000003ea8                GPIO_getEnabledInterruptStatus
                0x0000000000003f58                GPIO_setDriveStrengthHigh
                0x0000000000003f94                GPIO_setDriveStrengthLow
                0x0000000000003fd4                GPIO_registerInterrupt
                0x0000000000004004                GPIO_unregisterInterrupt
 .text          0x0000000000004030      0xdb0 build/i2c.o
                0x0000000000004030                I2C_initMaster
                0x00000000000040b6                I2C_initSlave
                0x0000000000004112                I2C_enableModule
                0x0000000000004136                I2C_disableModule
                0x000000000000415a                I2C_setSlaveAddress
                0x0000000000004178                I2C_setMode
                0x00000000000041a6                I2C_setTimeout
                0x0000000000004208                I2C_masterReceiveSingleByte
                0x00000000000042a2                I2C_slavePutData
                0x00000000000042c2                I2C_slaveGetData
                0x00000000000042de                I2C_isBusBusy
                0x0000000000004306                I2C_masterSendSingleByte
                0x00000000000043c6                I2C_masterSendSingleByteWithTimeout
                0x00000000000044ac                I2C_masterSendMultiByteStart
                0x000000000000453c                I2C_masterSendMultiByteStartWithTimeout
                0x00000000000045e8                I2C_masterSendMultiByteNext
                0x000000000000463a                I2C_masterSendMultiByteNextWithTimeout
                0x00000000000046a6                I2C_masterSendMultiByteFinish
                0x000000000000475a                I2C_masterSendMultiByteFinishWithTimeout
                0x0000000000004824                I2C_masterSendMultiByteStop
                0x000000000000487c                I2C_masterSendMultiByteStopWithTimeout
                0x00000000000048ee                I2C_masterReceiveStart
                0x000000000000491c                I2C_masterReceiveMultiByteNext
                0x0000000000004938                I2C_masterReceiveMultiByteFinish
                0x0000000000004996                I2C_masterReceiveMultiByteFinishWithTimeout
                0x0000000000004a2e                I2C_masterReceiveMultiByteStop
                0x0000000000004a54                I2C_masterReceiveSingle
                0x0000000000004a9e                I2C_getReceiveBufferAddressForDMA
                0x0000000000004ab6                I2C_getTransmitBufferAddressForDMA
                0x0000000000004ace                I2C_masterIsStopSent
                0x0000000000004af4                I2C_masterIsStartSent
                0x0000000000004b24                I2C_masterSendStart
                0x0000000000004b4a                I2C_enableMultiMasterMode
                0x0000000000004b80                I2C_disableMultiMasterMode
                0x0000000000004bb6                I2C_enableInterrupt
                0x0000000000004bde                I2C_disableInterrupt
                0x0000000000004c0a                I2C_clearInterruptFlag
                0x0000000000004c36                I2C_getInterruptStatus
                0x0000000000004c5a                I2C_getEnabledInterruptStatus
                0x0000000000004c7a                I2C_getMode
                0x0000000000004c98                I2C_registerInterrupt
                0x0000000000004d2c                I2C_unregisterInterrupt
                0x0000000000004db8                I2C_slaveSendNAK
 .text          0x0000000000004de0      0x548 build/interrupt.o
                0x0000000000004de6                Interrupt_enableMaster
                0x0000000000004dfe                Interrupt_disableMaster
                0x0000000000004e16                Interrupt_registerInterrupt
                0x0000000000004e7c                Interrupt_unregisterInterrupt
                0x0000000000004ea4                Interrupt_setPriorityGrouping
                0x0000000000004ef4                Interrupt_getPriorityGrouping
                0x0000000000004f40                Interrupt_setPriority
                0x0000000000004fa8                Interrupt_getPriority
                0x0000000000004fdc                Interrupt_enableInterrupt
                0x0000000000005070                Interrupt_disableInterrupt
                0x0000000000005104                Interrupt_isEnabled
                0x00000000000051a4                Interrupt_pendInterrupt
                0x0000000000005220                Interrupt_unpendInterrupt
                0x0000000000005288                Interrupt_setPriorityMask
                0x00000000000052a2                Interrupt_getPriorityMask
                0x00000000000052b2                Interrupt_setVectorTableAddress
                0x00000000000052d0                Interrupt_getVectorTableAddress
                0x00000000000052e8                Interrupt_enableSleepOnIsrExit
                0x0000000000005308                Interrupt_disableSleepOnIsrExit
 .text          0x0000000000005328      0x16c build/mpu.o
                0x0000000000005328                MPU_enableModule
                0x000000000000534c                MPU_disableModule
                0x000000000000536c                MPU_getRegionCount
                0x0000000000005388                MPU_enableRegion
                0x00000000000053b4                MPU_disableRegion
                0x00000000000053e0                MPU_setRegion
                0x0000000000005418                MPU_getRegion
                0x0000000000005450                MPU_registerInterrupt
                0x0000000000005468                MPU_unregisterInterrupt
                0x0000000000005476                MPU_enableInterrupt
                0x0000000000005484                MPU_disableInterrupt
 .text          0x0000000000005494      0xb08 build/pcm.o
                0x00000000000055b4                PCM_setCoreVoltageLevel
                0x00000000000055d0                PCM_setCoreVoltageLevelWithTimeout
                0x00000000000055ee                PCM_setCoreVoltageLevelNonBlocking
                0x000000000000560a                PCM_getPowerMode
                0x000000000000567a                PCM_getCoreVoltageLevel
                0x000000000000586c                PCM_setPowerMode
                0x0000000000005888                PCM_setPowerModeNonBlocking
                0x00000000000058a4                PCM_setPowerModeWithTimeout
                0x0000000000005c50                PCM_setPowerState
                0x0000000000005c6c                PCM_setPowerStateWithTimeout
                0x0000000000005c8a                PCM_setPowerStateNonBlocking
                0x0000000000005ca6                PCM_shutdownDevice
                0x0000000000005d0c                PCM_gotoLPM4
                0x0000000000005d22                PCM_gotoLPM4InterruptSafe
                0x0000000000005d46                PCM_gotoLPM0
                0x0000000000005d78                PCM_gotoLPM0InterruptSafe
                0x0000000000005d9c                PCM_gotoLPM3
                0x0000000000005e38                PCM_gotoLPM3InterruptSafe
                0x0000000000005e5c                PCM_getPowerState
                0x0000000000005e7c                PCM_enableRudeMode
                0x0000000000005ea0                PCM_disableRudeMode
                0x0000000000005ec8                PCM_enableInterrupt
                0x0000000000005eec                PCM_disableInterrupt
                0x0000000000005f14                PCM_getInterruptStatus
                0x0000000000005f2c                PCM_getEnabledInterruptStatus
                0x0000000000005f44                PCM_clearInterruptFlag
                0x0000000000005f68                PCM_registerInterrupt
                0x0000000000005f86                PCM_unregisterInterrupt
 .text          0x0000000000005f9c      0x28c build/pss.o
                0x0000000000005fd0                PSS_enableForcedDCDCOperation
                0x0000000000005fec                PSS_disableForcedDCDCOperation
                0x0000000000006008                PSS_enableHighSidePinToggle
                0x0000000000006050                PSS_disableHighSidePinToggle
                0x000000000000606c                PSS_enableHighSide
                0x0000000000006088                PSS_disableHighSide
                0x00000000000060a4                PSS_setHighSidePerformanceMode
                0x00000000000060d4                PSS_getHighSidePerformanceMode
                0x00000000000060f8                PSS_enableHighSideMonitor
                0x0000000000006114                PSS_disableHighSideMonitor
                0x0000000000006130                PSS_setHighSideVoltageTrigger
                0x000000000000616c                PSS_getHighSideVoltageTrigger
                0x0000000000006188                PSS_enableInterrupt
                0x00000000000061a4                PSS_disableInterrupt
                0x00000000000061c0                PSS_getInterruptStatus
                0x00000000000061d8                PSS_clearInterruptFlag
                0x00000000000061f4                PSS_registerInterrupt
                0x0000000000006212                PSS_unregisterInterrupt
 .text          0x0000000000006228      0x1c0 build/ref_a.o
                0x0000000000006228                REF_A_setReferenceVoltage
                0x0000000000006258                REF_A_disableTempSensor
                0x0000000000006270                REF_A_enableTempSensor
                0x0000000000006288                REF_A_enableReferenceVoltageOutput
                0x00000000000062a0                REF_A_disableReferenceVoltageOutput
                0x00000000000062b8                REF_A_enableReferenceVoltage
                0x00000000000062d0                REF_A_disableReferenceVoltage
                0x00000000000062e8                REF_A_getBandgapMode
                0x0000000000006304                REF_A_isBandgapActive
                0x0000000000006328                REF_A_isRefGenBusy
                0x000000000000634c                REF_A_isRefGenActive
                0x0000000000006370                REF_A_getBufferedBandgapVoltageStatus
                0x0000000000006394                REF_A_getVariableReferenceVoltageStatus
                0x00000000000063b8                REF_A_setReferenceVoltageOneTimeTrigger
                0x00000000000063d0                REF_A_setBufferedBandgapVoltageOneTimeTrigger
 .text          0x00000000000063e8      0x180 build/reset.o
                0x00000000000063e8                ResetCtl_initiateSoftReset
                0x000000000000640c                ResetCtl_initiateSoftResetWithSource
                0x0000000000006430                ResetCtl_getSoftResetSource
                0x0000000000006448                ResetCtl_clearSoftResetSource
                0x000000000000646c                ResetCtl_initiateHardReset
                0x0000000000006490                ResetCtl_initiateHardResetWithSource
                0x00000000000064b4                ResetCtl_getHardResetSource
                0x00000000000064cc                ResetCtl_clearHardResetSource
                0x00000000000064f0                ResetCtl_getPSSSource
                0x0000000000006508                ResetCtl_clearPSSFlags
                0x000000000000652c                ResetCtl_getPCMSource
                0x0000000000006544                ResetCtl_clearPCMFlags
 .text          0x0000000000006568      0x7d0 build/rtc_c.o
                0x0000000000006568                RTC_C_startClock
                0x00000000000065ac                RTC_C_holdClock
                0x00000000000065f0                RTC_C_setCalibrationFrequency
                0x0000000000006648                RTC_C_setCalibrationData
                0x0000000000006698                RTC_C_setTemperatureCompensation
                0x00000000000066e8                RTC_C_initCalendar
                0x000000000000679c                RTC_C_getCalendarTime
                0x000000000000682c                RTC_C_setCalendarAlarm
                0x0000000000006890                RTC_C_setCalendarEvent
                0x00000000000068e8                RTC_C_definePrescaleEvent
                0x0000000000006958                RTC_C_getPrescaleValue
                0x0000000000006994                RTC_C_setPrescaleValue
                0x0000000000006a14                RTC_C_convertBCDToBinary
                0x0000000000006a3c                RTC_C_convertBinaryToBCD
                0x0000000000006a64                RTC_C_enableInterrupt
                0x0000000000006ae4                RTC_C_disableInterrupt
                0x0000000000006b70                RTC_C_getInterruptStatus
                0x0000000000006bec                RTC_C_getEnabledInterruptStatus
                0x0000000000006c88                RTC_C_clearInterruptFlag
                0x0000000000006d04                RTC_C_registerInterrupt
                0x0000000000006d22                RTC_C_unregisterInterrupt
 .text          0x0000000000006d38      0x40c build/sysctl.o
                0x0000000000006d38                SysCtl_getTLVInfo
                0x0000000000006dcc                SysCtl_getSRAMSize
                0x0000000000006de4                SysCtl_getFlashSize
                0x0000000000006dfc                SysCtl_disableNMISource
                0x0000000000006e24                SysCtl_enableNMISource
                0x0000000000006e48                SysCtl_getNMISourceStatus
                0x0000000000006e64                SysCtl_enableSRAMBank
                0x0000000000006e94                SysCtl_disableSRAMBank
                0x0000000000006f9c                SysCtl_enableSRAMBankRetention
                0x0000000000006fd0                SysCtl_disableSRAMBankRetention
                0x0000000000007004                SysCtl_rebootDevice
                0x0000000000007020                SysCtl_enablePeripheralAtCPUHalt
                0x0000000000007048                SysCtl_disablePeripheralAtCPUHalt
                0x000000000000706c                SysCtl_setWDTTimeoutResetType
                0x00000000000070a4                SysCtl_setWDTPasswordViolationResetType
                0x00000000000070dc                SysCtl_enableGlitchFilter
                0x00000000000070fc                SysCtl_disableGlitchFilter
                0x000000000000711c                SysCtl_getTempCalibrationConstant
 .text          0x0000000000007144       0xf4 build/systick.o
                0x0000000000007144                SysTick_enableModule
                0x0000000000007164                SysTick_disableModule
                0x0000000000007184                SysTick_registerInterrupt
                0x000000000000719c                SysTick_unregisterInterrupt
                0x00000000000071aa                SysTick_enableInterrupt
                0x00000000000071c8                SysTick_disableInterrupt
                0x00000000000071e8                SysTick_setPeriod
                0x0000000000007208                SysTick_getPeriod
                0x0000000000007220                SysTick_getValue
 .text          0x0000000000007238      0x262 build/timer32.o
                0x0000000000007238                Timer32_initModule
                0x00000000000072ce                Timer32_setCount
                0x0000000000007316                Timer32_setCountInBackground
                0x000000000000735e                Timer32_getValue
                0x0000000000007376                Timer32_startTimer
                0x00000000000073c6                Timer32_haltTimer
                0x00000000000073e6                Timer32_enableInterrupt
                0x0000000000007406                Timer32_disableInterrupt
                0x0000000000007426                Timer32_clearInterruptFlag
                0x0000000000007446                Timer32_getInterruptStatus
                0x000000000000745e                Timer32_registerInterrupt
                0x000000000000747e                Timer32_unregisterInterrupt
 *fill*         0x000000000000749a        0x2 
 .text          0x000000000000749c      0xaa8 build/timer_a.o
                0x000000000000764c                Timer_A_startCounter
                0x0000000000007674                Timer_A_configureContinuousMode
                0x00000000000076c6                Timer_A_configureUpMode
                0x000000000000775e                Timer_A_configureUpDownMode
                0x00000000000077f6                Timer_A_initCapture
                0x0000000000007870                Timer_A_initCompare
                0x00000000000078d8                Timer_A_getCounterValue
                0x0000000000007932                Timer_A_clearTimer
                0x0000000000007958                Timer_A_getSynchronizedCaptureCompareInput
                0x0000000000007996                Timer_A_getOutputForOutputModeOutBitValue
                0x00000000000079da                Timer_A_getCaptureCompareCount
                0x0000000000007a08                Timer_A_setOutputForOutputModeOutBitValue
                0x0000000000007a50                Timer_A_generatePWM
                0x0000000000007af8                Timer_A_stopTimer
                0x0000000000007b1c                Timer_A_setCompareValue
                0x0000000000007b50                Timer_A_clearInterruptFlag
                0x0000000000007b74                Timer_A_clearCaptureCompareInterrupt
                0x0000000000007bac                Timer_A_enableInterrupt
                0x0000000000007bd2                Timer_A_disableInterrupt
                0x0000000000007bf8                Timer_A_getInterruptStatus
                0x0000000000007c16                Timer_A_enableCaptureCompareInterrupt
                0x0000000000007c50                Timer_A_disableCaptureCompareInterrupt
                0x0000000000007c8a                Timer_A_getCaptureCompareInterruptStatus
                0x0000000000007cbe                Timer_A_getEnabledInterruptStatus
                0x0000000000007ce8                Timer_A_getCaptureCompareEnabledInterruptStatus
                0x0000000000007d32                Timer_A_registerInterrupt
                0x0000000000007e44                Timer_A_unregisterInterrupt
 .text          0x0000000000007f44      0x67c build/uart.o
                0x0000000000007f44                UART_initModule
                0x00000000000080d8                UART_transmitData
                0x0000000000008128                UART_receiveData
                0x0000000000008172                UART_enableModule
                0x0000000000008196                UART_disableModule
                0x00000000000081ba                UART_queryStatusFlags
                0x00000000000081dc                UART_setDormant
                0x0000000000008202                UART_resetDormant
                0x0000000000008228                UART_transmitAddress
                0x0000000000008258                UART_transmitBreak
                0x00000000000082ce                UART_getReceiveBufferAddressForDMA
                0x00000000000082e6                UART_getTransmitBufferAddressForDMA
                0x00000000000082fe                UART_selectDeglitchTime
                0x000000000000832c                UART_enableInterrupt
                0x0000000000008376                UART_disableInterrupt
                0x00000000000083c8                UART_getInterruptStatus
                0x00000000000083ec                UART_getEnabledInterruptStatus
                0x0000000000008472                UART_clearInterruptFlag
                0x000000000000849e                UART_registerInterrupt
                0x0000000000008534                UART_unregisterInterrupt
 .text          0x00000000000085c0      0x164 build/wdt_a.o
                0x00000000000085c0                WDT_A_holdTimer
                0x00000000000085f4                WDT_A_startTimer
                0x0000000000008628                WDT_A_clearTimer
                0x000000000000865c                WDT_A_initWatchdogTimer
                0x0000000000008690                WDT_A_initIntervalTimer
                0x00000000000086c4                WDT_A_setPasswordViolationReset
                0x00000000000086da                WDT_A_setTimeoutReset
                0x00000000000086f0                WDT_A_registerInterrupt
                0x000000000000870e                WDT_A_unregisterInterrupt
 .text          0x0000000000008724       0x4c build/startup_msp432p401r_gcc.o
                0x0000000000008724                Reset_Handler
                0x0000000000008768                CS_IRQHandler
                0x0000000000008768                DebugMon_Handler
                0x0000000000008768                AES256_IRQHandler
                0x0000000000008768                HardFault_Handler
                0x0000000000008768                SysTick_Handler
                0x0000000000008768                PendSV_Handler
                0x0000000000008768                NMI_Handler
                0x0000000000008768                RTC_C_IRQHandler
                0x0000000000008768                PORT1_IRQHandler
                0x0000000000008768                FPU_IRQHandler
                0x0000000000008768                PORT2_IRQHandler
                0x0000000000008768                TA3_0_IRQHandler
                0x0000000000008768                UsageFault_Handler
                0x0000000000008768                DMA_INT3_IRQHandler
                0x0000000000008768                TA2_0_IRQHandler
                0x0000000000008768                DMA_INT1_IRQHandler
                0x0000000000008768                WDT_A_IRQHandler
                0x0000000000008768                TA2_N_IRQHandler
                0x0000000000008768                TA1_0_IRQHandler
                0x0000000000008768                PSS_IRQHandler
                0x0000000000008768                DMA_INT2_IRQHandler
                0x0000000000008768                EUSCIA3_IRQHandler
                0x0000000000008768                DMA_INT0_IRQHandler
                0x0000000000008768                PORT4_IRQHandler
                0x0000000000008768                PORT5_IRQHandler
                0x0000000000008768                EUSCIB0_IRQHandler
                0x0000000000008768                Default_Handler
                0x0000000000008768                T32_INTC_IRQHandler
                0x0000000000008768                TA3_N_IRQHandler
                0x0000000000008768                TA0_0_IRQHandler
                0x0000000000008768                EUSCIA2_IRQHandler
                0x0000000000008768                PORT6_IRQHandler
                0x0000000000008768                PORT3_IRQHandler
                0x0000000000008768                MemManage_Handler
                0x0000000000008768                SVC_Handler
                0x0000000000008768                TA1_N_IRQHandler
                0x0000000000008768                EUSCIA1_IRQHandler
                0x0000000000008768                COMP_E1_IRQHandler
                0x0000000000008768                EUSCIB2_IRQHandler
                0x0000000000008768                FLCTL_IRQHandler
                0x0000000000008768                EUSCIB3_IRQHandler
                0x0000000000008768                T32_INT1_IRQHandler
                0x0000000000008768                DMA_ERR_IRQHandler
                0x0000000000008768                ADC14_IRQHandler
                0x0000000000008768                EUSCIA0_IRQHandler
                0x0000000000008768                BusFault_Handler
                0x0000000000008768                PCM_IRQHandler
                0x0000000000008768                TA0_N_IRQHandler
                0x0000000000008768                COMP_E0_IRQHandler
                0x0000000000008768                EUSCIB1_IRQHandler
                0x0000000000008768                T32_INT2_IRQHandler
 .text          0x0000000000008770      0x394 build/system_msp432p401r.o
                0x0000000000008770                SystemCoreClockUpdate
                0x0000000000008a84                SystemInit
 .text          0x0000000000008b04      0x628 build/iic_bus.o
                0x0000000000008b04                IIC_Init
                0x0000000000008b48                IIC_Adapter_Init
                0x0000000000008bc6                IIC_Adapter_Start
                0x0000000000008c54                IIC_Adapter_Stop
                0x0000000000008cf4                IIC_Adapter_SendByte
                0x0000000000008e34                IIC_Adapter_ReceiveByte
                0x0000000000009010                IIC_Adapter_Write
                0x000000000000909e                IIC_Adapter_Read
 .text          0x000000000000912c      0x214 build/syscalls.o
                0x000000000000912c                initialise_monitor_handles
                0x000000000000913a                _getpid
                0x000000000000914a                _kill
                0x000000000000916a                _exit
                0x000000000000917e                _read
                0x00000000000091b8                _write
                0x00000000000091f0                _close
                0x0000000000009208                _fstat
                0x0000000000009228                _isatty
                0x000000000000923e                _lseek
                0x0000000000009258                _open
                0x0000000000009274                _wait
                0x0000000000009292                _unlink
                0x00000000000092b0                _times
                0x00000000000092c8                _stat
                0x00000000000092e8                _link
                0x0000000000009308                _fork
                0x000000000000931e                _execve
 .text          0x0000000000009340        0x0 build/user_uart.o
 .text          0x0000000000009340       0x3c build/user_dma.o
                0x0000000000009340                DMA_PreInit
 .text          0x000000000000937c        0x0 /usr/local/arm/GNU_Tools_for_ARM/bin/../lib/gcc/arm-none-eabi/11.3.1/../../../../arm-none-eabi/lib/thumb/v7e-m+fp/hard/libc.a(libc_a-exit.o)
 .text          0x000000000000937c        0x0 /usr/local/arm/GNU_Tools_for_ARM/bin/../lib/gcc/arm-none-eabi/11.3.1/../../../../arm-none-eabi/lib/thumb/v7e-m+fp/hard/libc.a(libc_a-errno.o)
 .text          0x000000000000937c        0x0 /usr/local/arm/GNU_Tools_for_ARM/bin/../lib/gcc/arm-none-eabi/11.3.1/../../../../arm-none-eabi/lib/thumb/v7e-m+fp/hard/libc.a(libc_a-__call_atexit.o)
 .text          0x000000000000937c        0x0 /usr/local/arm/GNU_Tools_for_ARM/bin/../lib/gcc/arm-none-eabi/11.3.1/../../../../arm-none-eabi/lib/thumb/v7e-m+fp/hard/libc.a(libc_a-memset.o)
 .text          0x000000000000937c        0x0 /usr/local/arm/GNU_Tools_for_ARM/bin/../lib/gcc/arm-none-eabi/11.3.1/../../../../arm-none-eabi/lib/thumb/v7e-m+fp/hard/libc.a(libc_a-init.o)
 .text          0x000000000000937c        0x0 /usr/local/arm/GNU_Tools_for_ARM/bin/../lib/gcc/arm-none-eabi/11.3.1/../../../../arm-none-eabi/lib/thumb/v7e-m+fp/hard/libc.a(libc_a-fini.o)
 .text          0x000000000000937c        0x0 /usr/local/arm/GNU_Tools_for_ARM/bin/../lib/gcc/arm-none-eabi/11.3.1/../../../../arm-none-eabi/lib/thumb/v7e-m+fp/hard/libc.a(libc_a-lock.o)
 .text          0x000000000000937c        0x0 /usr/local/arm/GNU_Tools_for_ARM/bin/../lib/gcc/arm-none-eabi/11.3.1/../../../../arm-none-eabi/lib/thumb/v7e-m+fp/hard/libc.a(libc_a-atexit.o)
 .text          0x000000000000937c        0x0 /usr/local/arm/GNU_Tools_for_ARM/bin/../lib/gcc/arm-none-eabi/11.3.1/../../../../arm-none-eabi/lib/thumb/v7e-m+fp/hard/libc.a(libc_a-impure.o)
 .text          0x000000000000937c        0x0 /usr/local/arm/GNU_Tools_for_ARM/bin/../lib/gcc/arm-none-eabi/11.3.1/../../../../arm-none-eabi/lib/thumb/v7e-m+fp/hard/libc.a(libc_a-findfp.o)
 .text          0x000000000000937c        0x0 /usr/local/arm/GNU_Tools_for_ARM/bin/../lib/gcc/arm-none-eabi/11.3.1/../../../../arm-none-eabi/lib/thumb/v7e-m+fp/hard/libc.a(libc_a-stdio.o)
 .text          0x000000000000937c        0x0 /usr/local/arm/GNU_Tools_for_ARM/bin/../lib/gcc/arm-none-eabi/11.3.1/../../../../arm-none-eabi/lib/thumb/v7e-m+fp/hard/libc.a(libc_a-fwalk.o)
 .text          0x000000000000937c        0x0 /usr/local/arm/GNU_Tools_for_ARM/bin/../lib/gcc/arm-none-eabi/11.3.1/../../../../arm-none-eabi/lib/thumb/v7e-m+fp/hard/libc.a(libc_a-writer.o)
 .text          0x000000000000937c        0x0 /usr/local/arm/GNU_Tools_for_ARM/bin/../lib/gcc/arm-none-eabi/11.3.1/../../../../arm-none-eabi/lib/thumb/v7e-m+fp/hard/libc.a(libc_a-__atexit.o)
 .text          0x000000000000937c        0x0 /usr/local/arm/GNU_Tools_for_ARM/bin/../lib/gcc/arm-none-eabi/11.3.1/../../../../arm-none-eabi/lib/thumb/v7e-m+fp/hard/libc.a(libc_a-mallocr.o)
 .text          0x000000000000937c        0x0 /usr/local/arm/GNU_Tools_for_ARM/bin/../lib/gcc/arm-none-eabi/11.3.1/../../../../arm-none-eabi/lib/thumb/v7e-m+fp/hard/libc.a(libc_a-fclose.o)
 .text          0x000000000000937c        0x0 /usr/local/arm/GNU_Tools_for_ARM/bin/../lib/gcc/arm-none-eabi/11.3.1/../../../../arm-none-eabi/lib/thumb/v7e-m+fp/hard/libc.a(libc_a-mlock.o)
 .text          0x000000000000937c        0x0 /usr/local/arm/GNU_Tools_for_ARM/bin/../lib/gcc/arm-none-eabi/11.3.1/../../../../arm-none-eabi/lib/thumb/v7e-m+fp/hard/libc.a(libc_a-closer.o)
 .text          0x000000000000937c        0x0 /usr/local/arm/GNU_Tools_for_ARM/bin/../lib/gcc/arm-none-eabi/11.3.1/../../../../arm-none-eabi/lib/thumb/v7e-m+fp/hard/libc.a(libc_a-reent.o)
 .text          0x000000000000937c        0x0 /usr/local/arm/GNU_Tools_for_ARM/bin/../lib/gcc/arm-none-eabi/11.3.1/../../../../arm-none-eabi/lib/thumb/v7e-m+fp/hard/libc.a(libc_a-fflush.o)
 .text          0x000000000000937c        0x0 /usr/local/arm/GNU_Tools_for_ARM/bin/../lib/gcc/arm-none-eabi/11.3.1/../../../../arm-none-eabi/lib/thumb/v7e-m+fp/hard/libc.a(libc_a-freer.o)
 .text          0x000000000000937c        0x0 /usr/local/arm/GNU_Tools_for_ARM/bin/../lib/gcc/arm-none-eabi/11.3.1/../../../../arm-none-eabi/lib/thumb/v7e-m+fp/hard/libc.a(libc_a-lseekr.o)
 .text          0x000000000000937c        0x0 /usr/local/arm/GNU_Tools_for_ARM/bin/../lib/gcc/arm-none-eabi/11.3.1/../../../../arm-none-eabi/lib/thumb/v7e-m+fp/hard/libc.a(libc_a-readr.o)
 .text          0x000000000000937c        0x0 /usr/local/arm/GNU_Tools_for_ARM/bin/../lib/gcc/arm-none-eabi/11.3.1/../../../../arm-none-eabi/lib/thumb/v7e-m+fp/hard/libc.a(libc_a-sbrkr.o)
 .text          0x000000000000937c        0x0 /usr/local/arm/GNU_Tools_for_ARM/bin/../lib/gcc/arm-none-eabi/11.3.1/../../../../arm-none-eabi/lib/thumb/v7e-m+fp/hard/libnosys.a(sbrk.o)
 .text          0x000000000000937c        0x0 /usr/local/arm/GNU_Tools_for_ARM/bin/../lib/gcc/arm-none-eabi/11.3.1/thumb/v7e-m+fp/hard/crtend.o
 .text          0x000000000000937c        0x0 /usr/local/arm/GNU_Tools_for_ARM/bin/../lib/gcc/arm-none-eabi/11.3.1/thumb/v7e-m+fp/hard/crtn.o
 *(.text.*)
 .text.deregister_tm_clones
                0x000000000000937c       0x1c /usr/local/arm/GNU_Tools_for_ARM/bin/../lib/gcc/arm-none-eabi/11.3.1/thumb/v7e-m+fp/hard/crtbegin.o
 .text.register_tm_clones
                0x0000000000009398       0x24 /usr/local/arm/GNU_Tools_for_ARM/bin/../lib/gcc/arm-none-eabi/11.3.1/thumb/v7e-m+fp/hard/crtbegin.o
 .text.__do_global_dtors_aux
                0x00000000000093bc       0x28 /usr/local/arm/GNU_Tools_for_ARM/bin/../lib/gcc/arm-none-eabi/11.3.1/thumb/v7e-m+fp/hard/crtbegin.o
 .text.frame_dummy
                0x00000000000093e4       0x24 /usr/local/arm/GNU_Tools_for_ARM/bin/../lib/gcc/arm-none-eabi/11.3.1/thumb/v7e-m+fp/hard/crtbegin.o
 .text.exit     0x0000000000009408       0x1c /usr/local/arm/GNU_Tools_for_ARM/bin/../lib/gcc/arm-none-eabi/11.3.1/../../../../arm-none-eabi/lib/thumb/v7e-m+fp/hard/libc.a(libc_a-exit.o)
                0x0000000000009408                exit
 .text.__errno  0x0000000000009424        0xc /usr/local/arm/GNU_Tools_for_ARM/bin/../lib/gcc/arm-none-eabi/11.3.1/../../../../arm-none-eabi/lib/thumb/v7e-m+fp/hard/libc.a(libc_a-errno.o)
                0x0000000000009424                __errno
 .text.startup.register_fini
                0x0000000000009430       0x14 /usr/local/arm/GNU_Tools_for_ARM/bin/../lib/gcc/arm-none-eabi/11.3.1/../../../../arm-none-eabi/lib/thumb/v7e-m+fp/hard/libc.a(libc_a-__call_atexit.o)
 .text.__call_exitprocs
                0x0000000000009444       0xc8 /usr/local/arm/GNU_Tools_for_ARM/bin/../lib/gcc/arm-none-eabi/11.3.1/../../../../arm-none-eabi/lib/thumb/v7e-m+fp/hard/libc.a(libc_a-__call_atexit.o)
                0x0000000000009444                __call_exitprocs
 .text.memset   0x000000000000950c       0xa4 /usr/local/arm/GNU_Tools_for_ARM/bin/../lib/gcc/arm-none-eabi/11.3.1/../../../../arm-none-eabi/lib/thumb/v7e-m+fp/hard/libc.a(libc_a-memset.o)
                0x000000000000950c                memset
 .text.__libc_init_array
                0x00000000000095b0       0x48 /usr/local/arm/GNU_Tools_for_ARM/bin/../lib/gcc/arm-none-eabi/11.3.1/../../../../arm-none-eabi/lib/thumb/v7e-m+fp/hard/libc.a(libc_a-init.o)
                0x00000000000095b0                __libc_init_array
 .text.__libc_fini_array
                0x00000000000095f8       0x28 /usr/local/arm/GNU_Tools_for_ARM/bin/../lib/gcc/arm-none-eabi/11.3.1/../../../../arm-none-eabi/lib/thumb/v7e-m+fp/hard/libc.a(libc_a-fini.o)
                0x00000000000095f8                __libc_fini_array
 .text.__retarget_lock_acquire_recursive
                0x0000000000009620        0x4 /usr/local/arm/GNU_Tools_for_ARM/bin/../lib/gcc/arm-none-eabi/11.3.1/../../../../arm-none-eabi/lib/thumb/v7e-m+fp/hard/libc.a(libc_a-lock.o)
                0x0000000000009620                __retarget_lock_acquire_recursive
 .text.__retarget_lock_release_recursive
                0x0000000000009624        0x4 /usr/local/arm/GNU_Tools_for_ARM/bin/../lib/gcc/arm-none-eabi/11.3.1/../../../../arm-none-eabi/lib/thumb/v7e-m+fp/hard/libc.a(libc_a-lock.o)
                0x0000000000009624                __retarget_lock_release_recursive
 .text.atexit   0x0000000000009628        0xc /usr/local/arm/GNU_Tools_for_ARM/bin/../lib/gcc/arm-none-eabi/11.3.1/../../../../arm-none-eabi/lib/thumb/v7e-m+fp/hard/libc.a(libc_a-atexit.o)
                0x0000000000009628                atexit
 .text.__register_exitproc
                0x0000000000009634       0x88 /usr/local/arm/GNU_Tools_for_ARM/bin/../lib/gcc/arm-none-eabi/11.3.1/../../../../arm-none-eabi/lib/thumb/v7e-m+fp/hard/libc.a(libc_a-__atexit.o)
                0x0000000000009634                __register_exitproc
                0x00000000000096bc                . = ALIGN (0x4)
 *(.ctors)
                0x00000000000096bc                . = ALIGN (0x4)
 *(.dtors)
                0x00000000000096bc                . = ALIGN (0x4)
                0x00000000000096bc                __init_array_start = .
 *(.init_array*)
 .init_array    0x00000000000096bc        0x4 /usr/local/arm/GNU_Tools_for_ARM/bin/../lib/gcc/arm-none-eabi/11.3.1/thumb/v7e-m+fp/hard/crtbegin.o
 .init_array.00000
                0x00000000000096c0        0x4 /usr/local/arm/GNU_Tools_for_ARM/bin/../lib/gcc/arm-none-eabi/11.3.1/../../../../arm-none-eabi/lib/thumb/v7e-m+fp/hard/libc.a(libc_a-__call_atexit.o)
                0x00000000000096c4                __init_array_end = .
 *(.init)
 .init          0x00000000000096c4        0x4 /usr/local/arm/GNU_Tools_for_ARM/bin/../lib/gcc/arm-none-eabi/11.3.1/thumb/v7e-m+fp/hard/crti.o
                0x00000000000096c4                _init
 .init          0x00000000000096c8        0x8 /usr/local/arm/GNU_Tools_for_ARM/bin/../lib/gcc/arm-none-eabi/11.3.1/thumb/v7e-m+fp/hard/crtn.o
 *(.fini*)
 .fini          0x00000000000096d0        0x4 /usr/local/arm/GNU_Tools_for_ARM/bin/../lib/gcc/arm-none-eabi/11.3.1/thumb/v7e-m+fp/hard/crti.o
                0x00000000000096d0                _fini
 .fini_array    0x00000000000096d4        0x4 /usr/local/arm/GNU_Tools_for_ARM/bin/../lib/gcc/arm-none-eabi/11.3.1/thumb/v7e-m+fp/hard/crtbegin.o
 .fini          0x00000000000096d8        0x8 /usr/local/arm/GNU_Tools_for_ARM/bin/../lib/gcc/arm-none-eabi/11.3.1/thumb/v7e-m+fp/hard/crtn.o

.glue_7         0x00000000000096e0        0x0
 .glue_7        0x00000000000096e0        0x0 linker stubs

.glue_7t        0x00000000000096e0        0x0
 .glue_7t       0x00000000000096e0        0x0 linker stubs

.vfp11_veneer   0x00000000000096e0        0x0
 .vfp11_veneer  0x00000000000096e0        0x0 linker stubs

.v4_bx          0x00000000000096e0        0x0
 .v4_bx         0x00000000000096e0        0x0 linker stubs

.iplt           0x00000000000096e0        0x0
 .iplt          0x00000000000096e0        0x0 /usr/local/arm/GNU_Tools_for_ARM/bin/../lib/gcc/arm-none-eabi/11.3.1/thumb/v7e-m+fp/hard/crtbegin.o

.rodata         0x00000000000096e0       0xdc
 *(.rodata)
 .rodata        0x00000000000096e0       0x4c build/gpio.o
 .rodata        0x000000000000972c       0x90 build/interrupt.o
 *(.rodata.*)

.eh_frame       0x00000000000097bc        0x0
 .eh_frame      0x00000000000097bc        0x0 /usr/local/arm/GNU_Tools_for_ARM/bin/../lib/gcc/arm-none-eabi/11.3.1/thumb/v7e-m+fp/hard/crtbegin.o

.ARM.exidx      0x00000000000097bc        0x8
                0x00000000000097bc                __exidx_start = .
 *(.ARM.exidx* .gnu.linkonce.armexidx.*)
 .ARM.exidx     0x00000000000097bc        0x8 /usr/local/arm/GNU_Tools_for_ARM/bin/../lib/gcc/arm-none-eabi/11.3.1/../../../../arm-none-eabi/lib/thumb/v7e-m+fp/hard/crt0.o
                                         0x10 (size before relaxing)
                0x00000000000097c4                __exidx_end = .

.ARM.extab      0x00000000000097c4        0x0
 *(.ARM.extab* .gnu.linkonce.armextab.*)
 .ARM.extab     0x00000000000097c4        0x0 /usr/local/arm/GNU_Tools_for_ARM/bin/../lib/gcc/arm-none-eabi/11.3.1/../../../../arm-none-eabi/lib/thumb/v7e-m+fp/hard/crt0.o
                0x00000000000097c4                __etext = .

.rel.dyn        0x00000000000097c4        0x0
 .rel.iplt      0x00000000000097c4        0x0 /usr/local/arm/GNU_Tools_for_ARM/bin/../lib/gcc/arm-none-eabi/11.3.1/thumb/v7e-m+fp/hard/crtbegin.o

.data           0x0000000020000000      0x590 load address 0x00000000000097c4
                0x00000000000097c4                __data_load__ = LOADADDR (.data)
                0x0000000020000000                __data_start__ = .
 *(.data)
 .data          0x0000000020000000        0x0 /usr/local/arm/GNU_Tools_for_ARM/bin/../lib/gcc/arm-none-eabi/11.3.1/thumb/v7e-m+fp/hard/crti.o
 .data          0x0000000020000000        0x0 /usr/local/arm/GNU_Tools_for_ARM/bin/../lib/gcc/arm-none-eabi/11.3.1/thumb/v7e-m+fp/hard/crtbegin.o
 .data          0x0000000020000000        0x0 /usr/local/arm/GNU_Tools_for_ARM/bin/../lib/gcc/arm-none-eabi/11.3.1/../../../../arm-none-eabi/lib/thumb/v7e-m+fp/hard/crt0.o
 .data          0x0000000020000000        0x0 build/main.o
 .data          0x0000000020000000        0x0 build/cpu.o
 .data          0x0000000020000000        0x0 build/cs.o
 .data          0x0000000020000000        0x0 build/dma.o
 .data          0x0000000020000000       0x40 build/flash.o
 .data          0x0000000020000040        0x0 build/fpu.o
 .data          0x0000000020000040        0x0 build/gpio.o
 .data          0x0000000020000040        0x0 build/i2c.o
 .data          0x0000000020000040        0x0 build/interrupt.o
 .data          0x0000000020000040        0x0 build/mpu.o
 .data          0x0000000020000040        0x0 build/pcm.o
 .data          0x0000000020000040        0x0 build/pss.o
 .data          0x0000000020000040        0x0 build/ref_a.o
 .data          0x0000000020000040        0x0 build/reset.o
 .data          0x0000000020000040        0x0 build/rtc_c.o
 .data          0x0000000020000040        0x0 build/sysctl.o
 .data          0x0000000020000040        0x0 build/systick.o
 .data          0x0000000020000040        0x0 build/timer32.o
 .data          0x0000000020000040        0x0 build/timer_a.o
 .data          0x0000000020000040        0x0 build/uart.o
 .data          0x0000000020000040        0x0 build/wdt_a.o
 .data          0x0000000020000040        0x0 build/startup_msp432p401r_gcc.o
 .data          0x0000000020000040        0x4 build/system_msp432p401r.o
                0x0000000020000040                SystemCoreClock
 .data          0x0000000020000044        0x0 build/iic_bus.o
 .data          0x0000000020000044        0x4 build/syscalls.o
                0x0000000020000044                environ
 .data          0x0000000020000048        0x0 build/user_uart.o
 .data          0x0000000020000048        0x0 build/user_dma.o
 .data          0x0000000020000048        0x0 /usr/local/arm/GNU_Tools_for_ARM/bin/../lib/gcc/arm-none-eabi/11.3.1/../../../../arm-none-eabi/lib/thumb/v7e-m+fp/hard/libc.a(libc_a-exit.o)
 .data          0x0000000020000048        0x0 /usr/local/arm/GNU_Tools_for_ARM/bin/../lib/gcc/arm-none-eabi/11.3.1/../../../../arm-none-eabi/lib/thumb/v7e-m+fp/hard/libc.a(libc_a-errno.o)
 .data          0x0000000020000048        0x0 /usr/local/arm/GNU_Tools_for_ARM/bin/../lib/gcc/arm-none-eabi/11.3.1/../../../../arm-none-eabi/lib/thumb/v7e-m+fp/hard/libc.a(libc_a-__call_atexit.o)
 .data          0x0000000020000048        0x0 /usr/local/arm/GNU_Tools_for_ARM/bin/../lib/gcc/arm-none-eabi/11.3.1/../../../../arm-none-eabi/lib/thumb/v7e-m+fp/hard/libc.a(libc_a-memset.o)
 .data          0x0000000020000048        0x0 /usr/local/arm/GNU_Tools_for_ARM/bin/../lib/gcc/arm-none-eabi/11.3.1/../../../../arm-none-eabi/lib/thumb/v7e-m+fp/hard/libc.a(libc_a-init.o)
 .data          0x0000000020000048        0x0 /usr/local/arm/GNU_Tools_for_ARM/bin/../lib/gcc/arm-none-eabi/11.3.1/../../../../arm-none-eabi/lib/thumb/v7e-m+fp/hard/libc.a(libc_a-fini.o)
 .data          0x0000000020000048        0x0 /usr/local/arm/GNU_Tools_for_ARM/bin/../lib/gcc/arm-none-eabi/11.3.1/../../../../arm-none-eabi/lib/thumb/v7e-m+fp/hard/libc.a(libc_a-lock.o)
 .data          0x0000000020000048        0x0 /usr/local/arm/GNU_Tools_for_ARM/bin/../lib/gcc/arm-none-eabi/11.3.1/../../../../arm-none-eabi/lib/thumb/v7e-m+fp/hard/libc.a(libc_a-atexit.o)
 .data          0x0000000020000048        0x0 /usr/local/arm/GNU_Tools_for_ARM/bin/../lib/gcc/arm-none-eabi/11.3.1/../../../../arm-none-eabi/lib/thumb/v7e-m+fp/hard/libc.a(libc_a-impure.o)
 .data          0x0000000020000048        0x0 /usr/local/arm/GNU_Tools_for_ARM/bin/../lib/gcc/arm-none-eabi/11.3.1/../../../../arm-none-eabi/lib/thumb/v7e-m+fp/hard/libc.a(libc_a-findfp.o)
 .data          0x0000000020000048        0x0 /usr/local/arm/GNU_Tools_for_ARM/bin/../lib/gcc/arm-none-eabi/11.3.1/../../../../arm-none-eabi/lib/thumb/v7e-m+fp/hard/libc.a(libc_a-stdio.o)
 .data          0x0000000020000048        0x0 /usr/local/arm/GNU_Tools_for_ARM/bin/../lib/gcc/arm-none-eabi/11.3.1/../../../../arm-none-eabi/lib/thumb/v7e-m+fp/hard/libc.a(libc_a-fwalk.o)
 .data          0x0000000020000048        0x0 /usr/local/arm/GNU_Tools_for_ARM/bin/../lib/gcc/arm-none-eabi/11.3.1/../../../../arm-none-eabi/lib/thumb/v7e-m+fp/hard/libc.a(libc_a-writer.o)
 .data          0x0000000020000048        0x0 /usr/local/arm/GNU_Tools_for_ARM/bin/../lib/gcc/arm-none-eabi/11.3.1/../../../../arm-none-eabi/lib/thumb/v7e-m+fp/hard/libc.a(libc_a-__atexit.o)
 .data          0x0000000020000048        0x0 /usr/local/arm/GNU_Tools_for_ARM/bin/../lib/gcc/arm-none-eabi/11.3.1/../../../../arm-none-eabi/lib/thumb/v7e-m+fp/hard/libc.a(libc_a-mallocr.o)
 .data          0x0000000020000048        0x0 /usr/local/arm/GNU_Tools_for_ARM/bin/../lib/gcc/arm-none-eabi/11.3.1/../../../../arm-none-eabi/lib/thumb/v7e-m+fp/hard/libc.a(libc_a-fclose.o)
 .data          0x0000000020000048        0x0 /usr/local/arm/GNU_Tools_for_ARM/bin/../lib/gcc/arm-none-eabi/11.3.1/../../../../arm-none-eabi/lib/thumb/v7e-m+fp/hard/libc.a(libc_a-mlock.o)
 .data          0x0000000020000048        0x0 /usr/local/arm/GNU_Tools_for_ARM/bin/../lib/gcc/arm-none-eabi/11.3.1/../../../../arm-none-eabi/lib/thumb/v7e-m+fp/hard/libc.a(libc_a-closer.o)
 .data          0x0000000020000048        0x0 /usr/local/arm/GNU_Tools_for_ARM/bin/../lib/gcc/arm-none-eabi/11.3.1/../../../../arm-none-eabi/lib/thumb/v7e-m+fp/hard/libc.a(libc_a-reent.o)
 .data          0x0000000020000048        0x0 /usr/local/arm/GNU_Tools_for_ARM/bin/../lib/gcc/arm-none-eabi/11.3.1/../../../../arm-none-eabi/lib/thumb/v7e-m+fp/hard/libc.a(libc_a-fflush.o)
 .data          0x0000000020000048        0x0 /usr/local/arm/GNU_Tools_for_ARM/bin/../lib/gcc/arm-none-eabi/11.3.1/../../../../arm-none-eabi/lib/thumb/v7e-m+fp/hard/libc.a(libc_a-freer.o)
 .data          0x0000000020000048        0x0 /usr/local/arm/GNU_Tools_for_ARM/bin/../lib/gcc/arm-none-eabi/11.3.1/../../../../arm-none-eabi/lib/thumb/v7e-m+fp/hard/libc.a(libc_a-lseekr.o)
 .data          0x0000000020000048        0x0 /usr/local/arm/GNU_Tools_for_ARM/bin/../lib/gcc/arm-none-eabi/11.3.1/../../../../arm-none-eabi/lib/thumb/v7e-m+fp/hard/libc.a(libc_a-readr.o)
 .data          0x0000000020000048        0x0 /usr/local/arm/GNU_Tools_for_ARM/bin/../lib/gcc/arm-none-eabi/11.3.1/../../../../arm-none-eabi/lib/thumb/v7e-m+fp/hard/libc.a(libc_a-sbrkr.o)
 .data          0x0000000020000048        0x0 /usr/local/arm/GNU_Tools_for_ARM/bin/../lib/gcc/arm-none-eabi/11.3.1/../../../../arm-none-eabi/lib/thumb/v7e-m+fp/hard/libnosys.a(sbrk.o)
 .data          0x0000000020000048        0x0 /usr/local/arm/GNU_Tools_for_ARM/bin/../lib/gcc/arm-none-eabi/11.3.1/thumb/v7e-m+fp/hard/crtend.o
 .data          0x0000000020000048        0x0 /usr/local/arm/GNU_Tools_for_ARM/bin/../lib/gcc/arm-none-eabi/11.3.1/thumb/v7e-m+fp/hard/crtn.o
 *(.data*)
 .data.__dso_handle
                0x0000000020000048        0x4 /usr/local/arm/GNU_Tools_for_ARM/bin/../lib/gcc/arm-none-eabi/11.3.1/thumb/v7e-m+fp/hard/crtbegin.o
                0x0000000020000048                __dso_handle
 .data.__atexit_recursive_mutex
                0x000000002000004c        0x4 /usr/local/arm/GNU_Tools_for_ARM/bin/../lib/gcc/arm-none-eabi/11.3.1/../../../../arm-none-eabi/lib/thumb/v7e-m+fp/hard/libc.a(libc_a-__call_atexit.o)
                0x000000002000004c                __atexit_recursive_mutex
 .data._impure_data
                0x0000000020000050      0x120 /usr/local/arm/GNU_Tools_for_ARM/bin/../lib/gcc/arm-none-eabi/11.3.1/../../../../arm-none-eabi/lib/thumb/v7e-m+fp/hard/libc.a(libc_a-impure.o)
                0x0000000020000050                _impure_data
 .data._impure_ptr
                0x0000000020000170        0x4 /usr/local/arm/GNU_Tools_for_ARM/bin/../lib/gcc/arm-none-eabi/11.3.1/../../../../arm-none-eabi/lib/thumb/v7e-m+fp/hard/libc.a(libc_a-impure.o)
                0x0000000020000170                _impure_ptr
 .data.__sglue  0x0000000020000174        0xc /usr/local/arm/GNU_Tools_for_ARM/bin/../lib/gcc/arm-none-eabi/11.3.1/../../../../arm-none-eabi/lib/thumb/v7e-m+fp/hard/libc.a(libc_a-findfp.o)
                0x0000000020000174                __sglue
 .data.__malloc_av_
                0x0000000020000180      0x408 /usr/local/arm/GNU_Tools_for_ARM/bin/../lib/gcc/arm-none-eabi/11.3.1/../../../../arm-none-eabi/lib/thumb/v7e-m+fp/hard/libc.a(libc_a-mallocr.o)
                0x0000000020000180                __malloc_av_
 .data.__malloc_sbrk_base
                0x0000000020000588        0x4 /usr/local/arm/GNU_Tools_for_ARM/bin/../lib/gcc/arm-none-eabi/11.3.1/../../../../arm-none-eabi/lib/thumb/v7e-m+fp/hard/libc.a(libc_a-mallocr.o)
                0x0000000020000588                __malloc_sbrk_base
 .data.__malloc_trim_threshold
                0x000000002000058c        0x4 /usr/local/arm/GNU_Tools_for_ARM/bin/../lib/gcc/arm-none-eabi/11.3.1/../../../../arm-none-eabi/lib/thumb/v7e-m+fp/hard/libc.a(libc_a-mallocr.o)
                0x000000002000058c                __malloc_trim_threshold
                0x0000000020000590                . = ALIGN (0x4)
                0x0000000020000590                __data_end__ = .

.tm_clone_table
                0x0000000020000590        0x0 load address 0x0000000000009d54
 .tm_clone_table
                0x0000000020000590        0x0 /usr/local/arm/GNU_Tools_for_ARM/bin/../lib/gcc/arm-none-eabi/11.3.1/thumb/v7e-m+fp/hard/crtbegin.o
 .tm_clone_table
                0x0000000020000590        0x0 /usr/local/arm/GNU_Tools_for_ARM/bin/../lib/gcc/arm-none-eabi/11.3.1/thumb/v7e-m+fp/hard/crtend.o

.igot.plt       0x0000000020000590        0x0 load address 0x0000000000009d54
 .igot.plt      0x0000000020000590        0x0 /usr/local/arm/GNU_Tools_for_ARM/bin/../lib/gcc/arm-none-eabi/11.3.1/thumb/v7e-m+fp/hard/crtbegin.o

vtable          0x0000000020000800       0xe8 load address 0x0000000000009d54
 vtable         0x0000000020000800       0xe8 build/interrupt.o

.bss            0x00000000200008f0      0x410
                0x00000000200008f0                __bss_start__ = .
 *(.shbss)
 *(.bss)
 .bss           0x00000000200008f0        0x0 /usr/local/arm/GNU_Tools_for_ARM/bin/../lib/gcc/arm-none-eabi/11.3.1/thumb/v7e-m+fp/hard/crti.o
 .bss           0x00000000200008f0        0x0 /usr/local/arm/GNU_Tools_for_ARM/bin/../lib/gcc/arm-none-eabi/11.3.1/thumb/v7e-m+fp/hard/crtbegin.o
 .bss           0x00000000200008f0        0x0 /usr/local/arm/GNU_Tools_for_ARM/bin/../lib/gcc/arm-none-eabi/11.3.1/../../../../arm-none-eabi/lib/thumb/v7e-m+fp/hard/crt0.o
 .bss           0x00000000200008f0        0x0 build/main.o
 .bss           0x00000000200008f0        0x0 build/cpu.o
 .bss           0x00000000200008f0        0x8 build/cs.o
 .bss           0x00000000200008f8        0x0 build/dma.o
 .bss           0x00000000200008f8        0x0 build/flash.o
 .bss           0x00000000200008f8        0x0 build/fpu.o
 .bss           0x00000000200008f8        0x0 build/gpio.o
 .bss           0x00000000200008f8        0x0 build/i2c.o
 .bss           0x00000000200008f8        0x0 build/interrupt.o
 .bss           0x00000000200008f8        0x0 build/mpu.o
 .bss           0x00000000200008f8        0x0 build/pcm.o
 .bss           0x00000000200008f8        0x0 build/pss.o
 .bss           0x00000000200008f8        0x0 build/ref_a.o
 .bss           0x00000000200008f8        0x0 build/reset.o
 .bss           0x00000000200008f8        0x0 build/rtc_c.o
 .bss           0x00000000200008f8        0x0 build/sysctl.o
 .bss           0x00000000200008f8        0x0 build/systick.o
 .bss           0x00000000200008f8        0x0 build/timer32.o
 .bss           0x00000000200008f8        0x0 build/timer_a.o
 .bss           0x00000000200008f8        0x0 build/uart.o
 .bss           0x00000000200008f8        0x0 build/wdt_a.o
 .bss           0x00000000200008f8        0x0 build/startup_msp432p401r_gcc.o
 .bss           0x00000000200008f8        0x0 build/system_msp432p401r.o
 .bss           0x00000000200008f8        0x0 build/iic_bus.o
 .bss           0x00000000200008f8        0x4 build/syscalls.o
                0x00000000200008f8                __env
 .bss           0x00000000200008fc        0x0 build/user_uart.o
 *fill*         0x00000000200008fc        0x4 
 .bss           0x0000000020000900      0x110 build/user_dma.o
 .bss           0x0000000020000a10        0x0 /usr/local/arm/GNU_Tools_for_ARM/bin/../lib/gcc/arm-none-eabi/11.3.1/../../../../arm-none-eabi/lib/thumb/v7e-m+fp/hard/libc.a(libc_a-exit.o)
 .bss           0x0000000020000a10        0x0 /usr/local/arm/GNU_Tools_for_ARM/bin/../lib/gcc/arm-none-eabi/11.3.1/../../../../arm-none-eabi/lib/thumb/v7e-m+fp/hard/libc.a(libc_a-errno.o)
 .bss           0x0000000020000a10        0x0 /usr/local/arm/GNU_Tools_for_ARM/bin/../lib/gcc/arm-none-eabi/11.3.1/../../../../arm-none-eabi/lib/thumb/v7e-m+fp/hard/libc.a(libc_a-__call_atexit.o)
 .bss           0x0000000020000a10        0x0 /usr/local/arm/GNU_Tools_for_ARM/bin/../lib/gcc/arm-none-eabi/11.3.1/../../../../arm-none-eabi/lib/thumb/v7e-m+fp/hard/libc.a(libc_a-memset.o)
 .bss           0x0000000020000a10        0x0 /usr/local/arm/GNU_Tools_for_ARM/bin/../lib/gcc/arm-none-eabi/11.3.1/../../../../arm-none-eabi/lib/thumb/v7e-m+fp/hard/libc.a(libc_a-init.o)
 .bss           0x0000000020000a10        0x0 /usr/local/arm/GNU_Tools_for_ARM/bin/../lib/gcc/arm-none-eabi/11.3.1/../../../../arm-none-eabi/lib/thumb/v7e-m+fp/hard/libc.a(libc_a-fini.o)
 .bss           0x0000000020000a10        0x0 /usr/local/arm/GNU_Tools_for_ARM/bin/../lib/gcc/arm-none-eabi/11.3.1/../../../../arm-none-eabi/lib/thumb/v7e-m+fp/hard/libc.a(libc_a-lock.o)
 .bss           0x0000000020000a10        0x0 /usr/local/arm/GNU_Tools_for_ARM/bin/../lib/gcc/arm-none-eabi/11.3.1/../../../../arm-none-eabi/lib/thumb/v7e-m+fp/hard/libc.a(libc_a-atexit.o)
 .bss           0x0000000020000a10        0x0 /usr/local/arm/GNU_Tools_for_ARM/bin/../lib/gcc/arm-none-eabi/11.3.1/../../../../arm-none-eabi/lib/thumb/v7e-m+fp/hard/libc.a(libc_a-impure.o)
 .bss           0x0000000020000a10        0x0 /usr/local/arm/GNU_Tools_for_ARM/bin/../lib/gcc/arm-none-eabi/11.3.1/../../../../arm-none-eabi/lib/thumb/v7e-m+fp/hard/libc.a(libc_a-findfp.o)
 .bss           0x0000000020000a10        0x0 /usr/local/arm/GNU_Tools_for_ARM/bin/../lib/gcc/arm-none-eabi/11.3.1/../../../../arm-none-eabi/lib/thumb/v7e-m+fp/hard/libc.a(libc_a-stdio.o)
 .bss           0x0000000020000a10        0x0 /usr/local/arm/GNU_Tools_for_ARM/bin/../lib/gcc/arm-none-eabi/11.3.1/../../../../arm-none-eabi/lib/thumb/v7e-m+fp/hard/libc.a(libc_a-fwalk.o)
 .bss           0x0000000020000a10        0x0 /usr/local/arm/GNU_Tools_for_ARM/bin/../lib/gcc/arm-none-eabi/11.3.1/../../../../arm-none-eabi/lib/thumb/v7e-m+fp/hard/libc.a(libc_a-writer.o)
 .bss           0x0000000020000a10        0x0 /usr/local/arm/GNU_Tools_for_ARM/bin/../lib/gcc/arm-none-eabi/11.3.1/../../../../arm-none-eabi/lib/thumb/v7e-m+fp/hard/libc.a(libc_a-__atexit.o)
 .bss           0x0000000020000a10        0x0 /usr/local/arm/GNU_Tools_for_ARM/bin/../lib/gcc/arm-none-eabi/11.3.1/../../../../arm-none-eabi/lib/thumb/v7e-m+fp/hard/libc.a(libc_a-mallocr.o)
 .bss           0x0000000020000a10        0x0 /usr/local/arm/GNU_Tools_for_ARM/bin/../lib/gcc/arm-none-eabi/11.3.1/../../../../arm-none-eabi/lib/thumb/v7e-m+fp/hard/libc.a(libc_a-fclose.o)
 .bss           0x0000000020000a10        0x0 /usr/local/arm/GNU_Tools_for_ARM/bin/../lib/gcc/arm-none-eabi/11.3.1/../../../../arm-none-eabi/lib/thumb/v7e-m+fp/hard/libc.a(libc_a-mlock.o)
 .bss           0x0000000020000a10        0x0 /usr/local/arm/GNU_Tools_for_ARM/bin/../lib/gcc/arm-none-eabi/11.3.1/../../../../arm-none-eabi/lib/thumb/v7e-m+fp/hard/libc.a(libc_a-closer.o)
 .bss           0x0000000020000a10        0x0 /usr/local/arm/GNU_Tools_for_ARM/bin/../lib/gcc/arm-none-eabi/11.3.1/../../../../arm-none-eabi/lib/thumb/v7e-m+fp/hard/libc.a(libc_a-reent.o)
 .bss           0x0000000020000a10        0x0 /usr/local/arm/GNU_Tools_for_ARM/bin/../lib/gcc/arm-none-eabi/11.3.1/../../../../arm-none-eabi/lib/thumb/v7e-m+fp/hard/libc.a(libc_a-fflush.o)
 .bss           0x0000000020000a10        0x0 /usr/local/arm/GNU_Tools_for_ARM/bin/../lib/gcc/arm-none-eabi/11.3.1/../../../../arm-none-eabi/lib/thumb/v7e-m+fp/hard/libc.a(libc_a-freer.o)
 .bss           0x0000000020000a10        0x0 /usr/local/arm/GNU_Tools_for_ARM/bin/../lib/gcc/arm-none-eabi/11.3.1/../../../../arm-none-eabi/lib/thumb/v7e-m+fp/hard/libc.a(libc_a-lseekr.o)
 .bss           0x0000000020000a10        0x0 /usr/local/arm/GNU_Tools_for_ARM/bin/../lib/gcc/arm-none-eabi/11.3.1/../../../../arm-none-eabi/lib/thumb/v7e-m+fp/hard/libc.a(libc_a-readr.o)
 .bss           0x0000000020000a10        0x0 /usr/local/arm/GNU_Tools_for_ARM/bin/../lib/gcc/arm-none-eabi/11.3.1/../../../../arm-none-eabi/lib/thumb/v7e-m+fp/hard/libc.a(libc_a-sbrkr.o)
 .bss           0x0000000020000a10        0x0 /usr/local/arm/GNU_Tools_for_ARM/bin/../lib/gcc/arm-none-eabi/11.3.1/../../../../arm-none-eabi/lib/thumb/v7e-m+fp/hard/libnosys.a(sbrk.o)
 .bss           0x0000000020000a10        0x0 /usr/local/arm/GNU_Tools_for_ARM/bin/../lib/gcc/arm-none-eabi/11.3.1/thumb/v7e-m+fp/hard/crtend.o
 .bss           0x0000000020000a10        0x0 /usr/local/arm/GNU_Tools_for_ARM/bin/../lib/gcc/arm-none-eabi/11.3.1/thumb/v7e-m+fp/hard/crtn.o
 *(.bss.*)
 .bss.completed.1
                0x0000000020000a10        0x1 /usr/local/arm/GNU_Tools_for_ARM/bin/../lib/gcc/arm-none-eabi/11.3.1/thumb/v7e-m+fp/hard/crtbegin.o
 *fill*         0x0000000020000a11        0x3 
 .bss.object.0  0x0000000020000a14       0x18 /usr/local/arm/GNU_Tools_for_ARM/bin/../lib/gcc/arm-none-eabi/11.3.1/thumb/v7e-m+fp/hard/crtbegin.o
 .bss.__atexit  0x0000000020000a2c        0x4 /usr/local/arm/GNU_Tools_for_ARM/bin/../lib/gcc/arm-none-eabi/11.3.1/../../../../arm-none-eabi/lib/thumb/v7e-m+fp/hard/libc.a(libc_a-__call_atexit.o)
                0x0000000020000a2c                __atexit
 .bss.__lock___atexit_recursive_mutex
                0x0000000020000a30        0x1 /usr/local/arm/GNU_Tools_for_ARM/bin/../lib/gcc/arm-none-eabi/11.3.1/../../../../arm-none-eabi/lib/thumb/v7e-m+fp/hard/libc.a(libc_a-lock.o)
                0x0000000020000a30                __lock___atexit_recursive_mutex
 *fill*         0x0000000020000a31        0x3 
 .bss.__sf      0x0000000020000a34      0x138 /usr/local/arm/GNU_Tools_for_ARM/bin/../lib/gcc/arm-none-eabi/11.3.1/../../../../arm-none-eabi/lib/thumb/v7e-m+fp/hard/libc.a(libc_a-findfp.o)
                0x0000000020000a34                __sf
 .bss.__stdio_exit_handler
                0x0000000020000b6c        0x4 /usr/local/arm/GNU_Tools_for_ARM/bin/../lib/gcc/arm-none-eabi/11.3.1/../../../../arm-none-eabi/lib/thumb/v7e-m+fp/hard/libc.a(libc_a-findfp.o)
                0x0000000020000b6c                __stdio_exit_handler
 .bss.__atexit0
                0x0000000020000b70      0x190 /usr/local/arm/GNU_Tools_for_ARM/bin/../lib/gcc/arm-none-eabi/11.3.1/../../../../arm-none-eabi/lib/thumb/v7e-m+fp/hard/libc.a(libc_a-__atexit.o)
                0x0000000020000b70                __atexit0
 *(COMMON)
                0x0000000020000d00                . = ALIGN (0x4)
                0x0000000020000d00                __bss_end__ = .

.heap           0x0000000020000d00        0x0
                0x0000000020000d00                __heap_start__ = .
                0x0000000020000d00                end = __heap_start__
                0x0000000020000d00                _end = end
                0x0000000020000d00                __end = end
 *(.heap)
                0x0000000020000d00                __heap_end__ = .
                0x0000000020000d00                __HeapLimit = __heap_end__

.stack          0x0000000020000d00        0x0
                0x0000000020000d00                _stack = .
 *(.stack)
                0x0000000020010000                __StackTop = (ORIGIN (REGION_STACK) + LENGTH (REGION_STACK))
                0x0000000020010000                PROVIDE (__stack = __StackTop)
OUTPUT(build/debug_uart.elf elf32-littlearm)
LOAD linker stubs

.ARM.attributes
                0x0000000000000000       0x30
 .ARM.attributes
                0x0000000000000000       0x1e /usr/local/arm/GNU_Tools_for_ARM/bin/../lib/gcc/arm-none-eabi/11.3.1/thumb/v7e-m+fp/hard/crti.o
 .ARM.attributes
                0x000000000000001e       0x34 /usr/local/arm/GNU_Tools_for_ARM/bin/../lib/gcc/arm-none-eabi/11.3.1/thumb/v7e-m+fp/hard/crtbegin.o
 .ARM.attributes
                0x0000000000000052       0x1c /usr/local/arm/GNU_Tools_for_ARM/bin/../lib/gcc/arm-none-eabi/11.3.1/../../../../arm-none-eabi/lib/thumb/v7e-m+fp/hard/crt0.o
 .ARM.attributes
                0x000000000000006e       0x34 build/main.o
 .ARM.attributes
                0x00000000000000a2       0x34 build/cpu.o
 .ARM.attributes
                0x00000000000000d6       0x34 build/cs.o
 .ARM.attributes
                0x000000000000010a       0x34 build/dma.o
 .ARM.attributes
                0x000000000000013e       0x34 build/flash.o
 .ARM.attributes
                0x0000000000000172       0x34 build/fpu.o
 .ARM.attributes
                0x00000000000001a6       0x34 build/gpio.o
 .ARM.attributes
                0x00000000000001da       0x34 build/i2c.o
 .ARM.attributes
                0x000000000000020e       0x34 build/interrupt.o
 .ARM.attributes
                0x0000000000000242       0x34 build/mpu.o
 .ARM.attributes
                0x0000000000000276       0x34 build/pcm.o
 .ARM.attributes
                0x00000000000002aa       0x34 build/pss.o
 .ARM.attributes
                0x00000000000002de       0x34 build/ref_a.o
 .ARM.attributes
                0x0000000000000312       0x34 build/reset.o
 .ARM.attributes
                0x0000000000000346       0x34 build/rtc_c.o
 .ARM.attributes
                0x000000000000037a       0x34 build/sysctl.o
 .ARM.attributes
                0x00000000000003ae       0x34 build/systick.o
 .ARM.attributes
                0x00000000000003e2       0x34 build/timer32.o
 .ARM.attributes
                0x0000000000000416       0x34 build/timer_a.o
 .ARM.attributes
                0x000000000000044a       0x34 build/uart.o
 .ARM.attributes
                0x000000000000047e       0x34 build/wdt_a.o
 .ARM.attributes
                0x00000000000004b2       0x34 build/startup_msp432p401r_gcc.o
 .ARM.attributes
                0x00000000000004e6       0x34 build/system_msp432p401r.o
 .ARM.attributes
                0x000000000000051a       0x34 build/iic_bus.o
 .ARM.attributes
                0x000000000000054e       0x34 build/syscalls.o
 .ARM.attributes
                0x0000000000000582       0x34 build/user_uart.o
 .ARM.attributes
                0x00000000000005b6       0x34 build/user_dma.o
 .ARM.attributes
                0x00000000000005ea       0x34 /usr/local/arm/GNU_Tools_for_ARM/bin/../lib/gcc/arm-none-eabi/11.3.1/../../../../arm-none-eabi/lib/thumb/v7e-m+fp/hard/libc.a(libc_a-exit.o)
 .ARM.attributes
                0x000000000000061e       0x34 /usr/local/arm/GNU_Tools_for_ARM/bin/../lib/gcc/arm-none-eabi/11.3.1/../../../../arm-none-eabi/lib/thumb/v7e-m+fp/hard/libc.a(libc_a-errno.o)
 .ARM.attributes
                0x0000000000000652       0x34 /usr/local/arm/GNU_Tools_for_ARM/bin/../lib/gcc/arm-none-eabi/11.3.1/../../../../arm-none-eabi/lib/thumb/v7e-m+fp/hard/libc.a(libc_a-__call_atexit.o)
 .ARM.attributes
                0x0000000000000686       0x34 /usr/local/arm/GNU_Tools_for_ARM/bin/../lib/gcc/arm-none-eabi/11.3.1/../../../../arm-none-eabi/lib/thumb/v7e-m+fp/hard/libc.a(libc_a-memset.o)
 .ARM.attributes
                0x00000000000006ba       0x34 /usr/local/arm/GNU_Tools_for_ARM/bin/../lib/gcc/arm-none-eabi/11.3.1/../../../../arm-none-eabi/lib/thumb/v7e-m+fp/hard/libc.a(libc_a-init.o)
 .ARM.attributes
                0x00000000000006ee       0x34 /usr/local/arm/GNU_Tools_for_ARM/bin/../lib/gcc/arm-none-eabi/11.3.1/../../../../arm-none-eabi/lib/thumb/v7e-m+fp/hard/libc.a(libc_a-fini.o)
 .ARM.attributes
                0x0000000000000722       0x34 /usr/local/arm/GNU_Tools_for_ARM/bin/../lib/gcc/arm-none-eabi/11.3.1/../../../../arm-none-eabi/lib/thumb/v7e-m+fp/hard/libc.a(libc_a-lock.o)
 .ARM.attributes
                0x0000000000000756       0x34 /usr/local/arm/GNU_Tools_for_ARM/bin/../lib/gcc/arm-none-eabi/11.3.1/../../../../arm-none-eabi/lib/thumb/v7e-m+fp/hard/libc.a(libc_a-atexit.o)
 .ARM.attributes
                0x000000000000078a       0x34 /usr/local/arm/GNU_Tools_for_ARM/bin/../lib/gcc/arm-none-eabi/11.3.1/../../../../arm-none-eabi/lib/thumb/v7e-m+fp/hard/libc.a(libc_a-impure.o)
 .ARM.attributes
                0x00000000000007be       0x34 /usr/local/arm/GNU_Tools_for_ARM/bin/../lib/gcc/arm-none-eabi/11.3.1/../../../../arm-none-eabi/lib/thumb/v7e-m+fp/hard/libc.a(libc_a-findfp.o)
 .ARM.attributes
                0x00000000000007f2       0x34 /usr/local/arm/GNU_Tools_for_ARM/bin/../lib/gcc/arm-none-eabi/11.3.1/../../../../arm-none-eabi/lib/thumb/v7e-m+fp/hard/libc.a(libc_a-stdio.o)
 .ARM.attributes
                0x0000000000000826       0x34 /usr/local/arm/GNU_Tools_for_ARM/bin/../lib/gcc/arm-none-eabi/11.3.1/../../../../arm-none-eabi/lib/thumb/v7e-m+fp/hard/libc.a(libc_a-fwalk.o)
 .ARM.attributes
                0x000000000000085a       0x34 /usr/local/arm/GNU_Tools_for_ARM/bin/../lib/gcc/arm-none-eabi/11.3.1/../../../../arm-none-eabi/lib/thumb/v7e-m+fp/hard/libc.a(libc_a-writer.o)
 .ARM.attributes
                0x000000000000088e       0x34 /usr/local/arm/GNU_Tools_for_ARM/bin/../lib/gcc/arm-none-eabi/11.3.1/../../../../arm-none-eabi/lib/thumb/v7e-m+fp/hard/libc.a(libc_a-__atexit.o)
 .ARM.attributes
                0x00000000000008c2       0x34 /usr/local/arm/GNU_Tools_for_ARM/bin/../lib/gcc/arm-none-eabi/11.3.1/../../../../arm-none-eabi/lib/thumb/v7e-m+fp/hard/libc.a(libc_a-mallocr.o)
 .ARM.attributes
                0x00000000000008f6       0x34 /usr/local/arm/GNU_Tools_for_ARM/bin/../lib/gcc/arm-none-eabi/11.3.1/../../../../arm-none-eabi/lib/thumb/v7e-m+fp/hard/libc.a(libc_a-fclose.o)
 .ARM.attributes
                0x000000000000092a       0x34 /usr/local/arm/GNU_Tools_for_ARM/bin/../lib/gcc/arm-none-eabi/11.3.1/../../../../arm-none-eabi/lib/thumb/v7e-m+fp/hard/libc.a(libc_a-mlock.o)
 .ARM.attributes
                0x000000000000095e       0x34 /usr/local/arm/GNU_Tools_for_ARM/bin/../lib/gcc/arm-none-eabi/11.3.1/../../../../arm-none-eabi/lib/thumb/v7e-m+fp/hard/libc.a(libc_a-closer.o)
 .ARM.attributes
                0x0000000000000992       0x34 /usr/local/arm/GNU_Tools_for_ARM/bin/../lib/gcc/arm-none-eabi/11.3.1/../../../../arm-none-eabi/lib/thumb/v7e-m+fp/hard/libc.a(libc_a-reent.o)
 .ARM.attributes
                0x00000000000009c6       0x34 /usr/local/arm/GNU_Tools_for_ARM/bin/../lib/gcc/arm-none-eabi/11.3.1/../../../../arm-none-eabi/lib/thumb/v7e-m+fp/hard/libc.a(libc_a-fflush.o)
 .ARM.attributes
                0x00000000000009fa       0x34 /usr/local/arm/GNU_Tools_for_ARM/bin/../lib/gcc/arm-none-eabi/11.3.1/../../../../arm-none-eabi/lib/thumb/v7e-m+fp/hard/libc.a(libc_a-freer.o)
 .ARM.attributes
                0x0000000000000a2e       0x34 /usr/local/arm/GNU_Tools_for_ARM/bin/../lib/gcc/arm-none-eabi/11.3.1/../../../../arm-none-eabi/lib/thumb/v7e-m+fp/hard/libc.a(libc_a-lseekr.o)
 .ARM.attributes
                0x0000000000000a62       0x34 /usr/local/arm/GNU_Tools_for_ARM/bin/../lib/gcc/arm-none-eabi/11.3.1/../../../../arm-none-eabi/lib/thumb/v7e-m+fp/hard/libc.a(libc_a-readr.o)
 .ARM.attributes
                0x0000000000000a96       0x34 /usr/local/arm/GNU_Tools_for_ARM/bin/../lib/gcc/arm-none-eabi/11.3.1/../../../../arm-none-eabi/lib/thumb/v7e-m+fp/hard/libc.a(libc_a-sbrkr.o)
 .ARM.attributes
                0x0000000000000aca       0x34 /usr/local/arm/GNU_Tools_for_ARM/bin/../lib/gcc/arm-none-eabi/11.3.1/../../../../arm-none-eabi/lib/thumb/v7e-m+fp/hard/libnosys.a(sbrk.o)
 .ARM.attributes
                0x0000000000000afe       0x34 /usr/local/arm/GNU_Tools_for_ARM/bin/../lib/gcc/arm-none-eabi/11.3.1/thumb/v7e-m+fp/hard/crtend.o
 .ARM.attributes
                0x0000000000000b32       0x1e /usr/local/arm/GNU_Tools_for_ARM/bin/../lib/gcc/arm-none-eabi/11.3.1/thumb/v7e-m+fp/hard/crtn.o

.comment        0x0000000000000000       0x33
 .comment       0x0000000000000000       0x33 /usr/local/arm/GNU_Tools_for_ARM/bin/../lib/gcc/arm-none-eabi/11.3.1/thumb/v7e-m+fp/hard/crtbegin.o
                                         0x34 (size before relaxing)
 .comment       0x0000000000000033       0x34 build/main.o
 .comment       0x0000000000000033       0x34 build/cpu.o
 .comment       0x0000000000000033       0x34 build/cs.o
 .comment       0x0000000000000033       0x34 build/dma.o
 .comment       0x0000000000000033       0x34 build/flash.o
 .comment       0x0000000000000033       0x34 build/fpu.o
 .comment       0x0000000000000033       0x34 build/gpio.o
 .comment       0x0000000000000033       0x34 build/i2c.o
 .comment       0x0000000000000033       0x34 build/interrupt.o
 .comment       0x0000000000000033       0x34 build/mpu.o
 .comment       0x0000000000000033       0x34 build/pcm.o
 .comment       0x0000000000000033       0x34 build/pss.o
 .comment       0x0000000000000033       0x34 build/ref_a.o
 .comment       0x0000000000000033       0x34 build/reset.o
 .comment       0x0000000000000033       0x34 build/rtc_c.o
 .comment       0x0000000000000033       0x34 build/sysctl.o
 .comment       0x0000000000000033       0x34 build/systick.o
 .comment       0x0000000000000033       0x34 build/timer32.o
 .comment       0x0000000000000033       0x34 build/timer_a.o
 .comment       0x0000000000000033       0x34 build/uart.o
 .comment       0x0000000000000033       0x34 build/wdt_a.o
 .comment       0x0000000000000033       0x34 build/startup_msp432p401r_gcc.o
 .comment       0x0000000000000033       0x34 build/system_msp432p401r.o
 .comment       0x0000000000000033       0x34 build/iic_bus.o
 .comment       0x0000000000000033       0x34 build/syscalls.o
 .comment       0x0000000000000033       0x34 build/user_uart.o
 .comment       0x0000000000000033       0x34 build/user_dma.o
 .comment       0x0000000000000033       0x34 /usr/local/arm/GNU_Tools_for_ARM/bin/../lib/gcc/arm-none-eabi/11.3.1/../../../../arm-none-eabi/lib/thumb/v7e-m+fp/hard/libc.a(libc_a-exit.o)
 .comment       0x0000000000000033       0x34 /usr/local/arm/GNU_Tools_for_ARM/bin/../lib/gcc/arm-none-eabi/11.3.1/../../../../arm-none-eabi/lib/thumb/v7e-m+fp/hard/libc.a(libc_a-errno.o)
 .comment       0x0000000000000033       0x34 /usr/local/arm/GNU_Tools_for_ARM/bin/../lib/gcc/arm-none-eabi/11.3.1/../../../../arm-none-eabi/lib/thumb/v7e-m+fp/hard/libc.a(libc_a-__call_atexit.o)
 .comment       0x0000000000000033       0x34 /usr/local/arm/GNU_Tools_for_ARM/bin/../lib/gcc/arm-none-eabi/11.3.1/../../../../arm-none-eabi/lib/thumb/v7e-m+fp/hard/libc.a(libc_a-memset.o)
 .comment       0x0000000000000033       0x34 /usr/local/arm/GNU_Tools_for_ARM/bin/../lib/gcc/arm-none-eabi/11.3.1/../../../../arm-none-eabi/lib/thumb/v7e-m+fp/hard/libc.a(libc_a-init.o)
 .comment       0x0000000000000033       0x34 /usr/local/arm/GNU_Tools_for_ARM/bin/../lib/gcc/arm-none-eabi/11.3.1/../../../../arm-none-eabi/lib/thumb/v7e-m+fp/hard/libc.a(libc_a-fini.o)
 .comment       0x0000000000000033       0x34 /usr/local/arm/GNU_Tools_for_ARM/bin/../lib/gcc/arm-none-eabi/11.3.1/../../../../arm-none-eabi/lib/thumb/v7e-m+fp/hard/libc.a(libc_a-lock.o)
 .comment       0x0000000000000033       0x34 /usr/local/arm/GNU_Tools_for_ARM/bin/../lib/gcc/arm-none-eabi/11.3.1/../../../../arm-none-eabi/lib/thumb/v7e-m+fp/hard/libc.a(libc_a-atexit.o)
 .comment       0x0000000000000033       0x34 /usr/local/arm/GNU_Tools_for_ARM/bin/../lib/gcc/arm-none-eabi/11.3.1/../../../../arm-none-eabi/lib/thumb/v7e-m+fp/hard/libc.a(libc_a-impure.o)
 .comment       0x0000000000000033       0x34 /usr/local/arm/GNU_Tools_for_ARM/bin/../lib/gcc/arm-none-eabi/11.3.1/../../../../arm-none-eabi/lib/thumb/v7e-m+fp/hard/libc.a(libc_a-findfp.o)
 .comment       0x0000000000000033       0x34 /usr/local/arm/GNU_Tools_for_ARM/bin/../lib/gcc/arm-none-eabi/11.3.1/../../../../arm-none-eabi/lib/thumb/v7e-m+fp/hard/libc.a(libc_a-stdio.o)
 .comment       0x0000000000000033       0x34 /usr/local/arm/GNU_Tools_for_ARM/bin/../lib/gcc/arm-none-eabi/11.3.1/../../../../arm-none-eabi/lib/thumb/v7e-m+fp/hard/libc.a(libc_a-fwalk.o)
 .comment       0x0000000000000033       0x34 /usr/local/arm/GNU_Tools_for_ARM/bin/../lib/gcc/arm-none-eabi/11.3.1/../../../../arm-none-eabi/lib/thumb/v7e-m+fp/hard/libc.a(libc_a-writer.o)
 .comment       0x0000000000000033       0x34 /usr/local/arm/GNU_Tools_for_ARM/bin/../lib/gcc/arm-none-eabi/11.3.1/../../../../arm-none-eabi/lib/thumb/v7e-m+fp/hard/libc.a(libc_a-__atexit.o)
 .comment       0x0000000000000033       0x34 /usr/local/arm/GNU_Tools_for_ARM/bin/../lib/gcc/arm-none-eabi/11.3.1/../../../../arm-none-eabi/lib/thumb/v7e-m+fp/hard/libc.a(libc_a-mallocr.o)
 .comment       0x0000000000000033       0x34 /usr/local/arm/GNU_Tools_for_ARM/bin/../lib/gcc/arm-none-eabi/11.3.1/../../../../arm-none-eabi/lib/thumb/v7e-m+fp/hard/libc.a(libc_a-fclose.o)
 .comment       0x0000000000000033       0x34 /usr/local/arm/GNU_Tools_for_ARM/bin/../lib/gcc/arm-none-eabi/11.3.1/../../../../arm-none-eabi/lib/thumb/v7e-m+fp/hard/libc.a(libc_a-mlock.o)
 .comment       0x0000000000000033       0x34 /usr/local/arm/GNU_Tools_for_ARM/bin/../lib/gcc/arm-none-eabi/11.3.1/../../../../arm-none-eabi/lib/thumb/v7e-m+fp/hard/libc.a(libc_a-closer.o)
 .comment       0x0000000000000033       0x34 /usr/local/arm/GNU_Tools_for_ARM/bin/../lib/gcc/arm-none-eabi/11.3.1/../../../../arm-none-eabi/lib/thumb/v7e-m+fp/hard/libc.a(libc_a-reent.o)
 .comment       0x0000000000000033       0x34 /usr/local/arm/GNU_Tools_for_ARM/bin/../lib/gcc/arm-none-eabi/11.3.1/../../../../arm-none-eabi/lib/thumb/v7e-m+fp/hard/libc.a(libc_a-fflush.o)
 .comment       0x0000000000000033       0x34 /usr/local/arm/GNU_Tools_for_ARM/bin/../lib/gcc/arm-none-eabi/11.3.1/../../../../arm-none-eabi/lib/thumb/v7e-m+fp/hard/libc.a(libc_a-freer.o)
 .comment       0x0000000000000033       0x34 /usr/local/arm/GNU_Tools_for_ARM/bin/../lib/gcc/arm-none-eabi/11.3.1/../../../../arm-none-eabi/lib/thumb/v7e-m+fp/hard/libc.a(libc_a-lseekr.o)
 .comment       0x0000000000000033       0x34 /usr/local/arm/GNU_Tools_for_ARM/bin/../lib/gcc/arm-none-eabi/11.3.1/../../../../arm-none-eabi/lib/thumb/v7e-m+fp/hard/libc.a(libc_a-readr.o)
 .comment       0x0000000000000033       0x34 /usr/local/arm/GNU_Tools_for_ARM/bin/../lib/gcc/arm-none-eabi/11.3.1/../../../../arm-none-eabi/lib/thumb/v7e-m+fp/hard/libc.a(libc_a-sbrkr.o)
 .comment       0x0000000000000033       0x34 /usr/local/arm/GNU_Tools_for_ARM/bin/../lib/gcc/arm-none-eabi/11.3.1/../../../../arm-none-eabi/lib/thumb/v7e-m+fp/hard/libnosys.a(sbrk.o)
 .comment       0x0000000000000033       0x34 /usr/local/arm/GNU_Tools_for_ARM/bin/../lib/gcc/arm-none-eabi/11.3.1/thumb/v7e-m+fp/hard/crtend.o

.debug_line     0x0000000000000000     0x9f2b
 .debug_line    0x0000000000000000       0x76 /usr/local/arm/GNU_Tools_for_ARM/bin/../lib/gcc/arm-none-eabi/11.3.1/../../../../arm-none-eabi/lib/thumb/v7e-m+fp/hard/crt0.o
 .debug_line    0x0000000000000076      0x19e build/main.o
 .debug_line    0x0000000000000214      0x123 build/cpu.o
 .debug_line    0x0000000000000337      0x912 build/cs.o
 .debug_line    0x0000000000000c49      0x529 build/dma.o
 .debug_line    0x0000000000001172      0xe5f build/flash.o
 .debug_line    0x0000000000001fd1      0x187 build/fpu.o
 .debug_line    0x0000000000002158      0x2a2 build/gpio.o
 .debug_line    0x00000000000023fa      0x6f6 build/i2c.o
 .debug_line    0x0000000000002af0      0x38d build/interrupt.o
 .debug_line    0x0000000000002e7d      0x1a6 build/mpu.o
 .debug_line    0x0000000000003023      0x5d9 build/pcm.o
 .debug_line    0x00000000000035fc      0x26c build/pss.o
 .debug_line    0x0000000000003868      0x1cf build/ref_a.o
 .debug_line    0x0000000000003a37      0x14d build/reset.o
 .debug_line    0x0000000000003b84      0x513 build/rtc_c.o
 .debug_line    0x0000000000004097      0x2de build/sysctl.o
 .debug_line    0x0000000000004375      0x15f build/systick.o
 .debug_line    0x00000000000044d4      0x1d6 build/timer32.o
 .debug_line    0x00000000000046aa      0x571 build/timer_a.o
 .debug_line    0x0000000000004c1b      0x3ce build/uart.o
 .debug_line    0x0000000000004fe9      0x1e2 build/wdt_a.o
 .debug_line    0x00000000000051cb      0x11b build/startup_msp432p401r_gcc.o
 .debug_line    0x00000000000052e6      0x317 build/system_msp432p401r.o
 .debug_line    0x00000000000055fd      0x434 build/iic_bus.o
 .debug_line    0x0000000000005a31      0x221 build/syscalls.o
 .debug_line    0x0000000000005c52       0x1d build/user_uart.o
 .debug_line    0x0000000000005c6f      0x128 build/user_dma.o
 .debug_line    0x0000000000005d97      0x18e /usr/local/arm/GNU_Tools_for_ARM/bin/../lib/gcc/arm-none-eabi/11.3.1/../../../../arm-none-eabi/lib/thumb/v7e-m+fp/hard/libc.a(libc_a-exit.o)
 .debug_line    0x0000000000005f25      0x179 /usr/local/arm/GNU_Tools_for_ARM/bin/../lib/gcc/arm-none-eabi/11.3.1/../../../../arm-none-eabi/lib/thumb/v7e-m+fp/hard/libc.a(libc_a-errno.o)
 .debug_line    0x000000000000609e      0x2ae /usr/local/arm/GNU_Tools_for_ARM/bin/../lib/gcc/arm-none-eabi/11.3.1/../../../../arm-none-eabi/lib/thumb/v7e-m+fp/hard/libc.a(libc_a-__call_atexit.o)
 .debug_line    0x000000000000634c      0x236 /usr/local/arm/GNU_Tools_for_ARM/bin/../lib/gcc/arm-none-eabi/11.3.1/../../../../arm-none-eabi/lib/thumb/v7e-m+fp/hard/libc.a(libc_a-memset.o)
 .debug_line    0x0000000000006582      0x177 /usr/local/arm/GNU_Tools_for_ARM/bin/../lib/gcc/arm-none-eabi/11.3.1/../../../../arm-none-eabi/lib/thumb/v7e-m+fp/hard/libc.a(libc_a-init.o)
 .debug_line    0x00000000000066f9      0x12f /usr/local/arm/GNU_Tools_for_ARM/bin/../lib/gcc/arm-none-eabi/11.3.1/../../../../arm-none-eabi/lib/thumb/v7e-m+fp/hard/libc.a(libc_a-fini.o)
 .debug_line    0x0000000000006828      0x105 /usr/local/arm/GNU_Tools_for_ARM/bin/../lib/gcc/arm-none-eabi/11.3.1/../../../../arm-none-eabi/lib/thumb/v7e-m+fp/hard/libc.a(libc_a-lock.o)
 .debug_line    0x000000000000692d      0x104 /usr/local/arm/GNU_Tools_for_ARM/bin/../lib/gcc/arm-none-eabi/11.3.1/../../../../arm-none-eabi/lib/thumb/v7e-m+fp/hard/libc.a(libc_a-atexit.o)
 .debug_line    0x0000000000006a31       0xf7 /usr/local/arm/GNU_Tools_for_ARM/bin/../lib/gcc/arm-none-eabi/11.3.1/../../../../arm-none-eabi/lib/thumb/v7e-m+fp/hard/libc.a(libc_a-impure.o)
 .debug_line    0x0000000000006b28      0x6a6 /usr/local/arm/GNU_Tools_for_ARM/bin/../lib/gcc/arm-none-eabi/11.3.1/../../../../arm-none-eabi/lib/thumb/v7e-m+fp/hard/libc.a(libc_a-findfp.o)
 .debug_line    0x00000000000071ce      0x2dd /usr/local/arm/GNU_Tools_for_ARM/bin/../lib/gcc/arm-none-eabi/11.3.1/../../../../arm-none-eabi/lib/thumb/v7e-m+fp/hard/libc.a(libc_a-stdio.o)
 .debug_line    0x00000000000074ab      0x24b /usr/local/arm/GNU_Tools_for_ARM/bin/../lib/gcc/arm-none-eabi/11.3.1/../../../../arm-none-eabi/lib/thumb/v7e-m+fp/hard/libc.a(libc_a-fwalk.o)
 .debug_line    0x00000000000076f6      0x216 /usr/local/arm/GNU_Tools_for_ARM/bin/../lib/gcc/arm-none-eabi/11.3.1/../../../../arm-none-eabi/lib/thumb/v7e-m+fp/hard/libc.a(libc_a-writer.o)
 .debug_line    0x000000000000790c      0x1b6 /usr/local/arm/GNU_Tools_for_ARM/bin/../lib/gcc/arm-none-eabi/11.3.1/../../../../arm-none-eabi/lib/thumb/v7e-m+fp/hard/libc.a(libc_a-__atexit.o)
 .debug_line    0x0000000000007ac2      0x942 /usr/local/arm/GNU_Tools_for_ARM/bin/../lib/gcc/arm-none-eabi/11.3.1/../../../../arm-none-eabi/lib/thumb/v7e-m+fp/hard/libc.a(libc_a-mallocr.o)
 .debug_line    0x0000000000008404      0x350 /usr/local/arm/GNU_Tools_for_ARM/bin/../lib/gcc/arm-none-eabi/11.3.1/../../../../arm-none-eabi/lib/thumb/v7e-m+fp/hard/libc.a(libc_a-fclose.o)
 .debug_line    0x0000000000008754      0x1df /usr/local/arm/GNU_Tools_for_ARM/bin/../lib/gcc/arm-none-eabi/11.3.1/../../../../arm-none-eabi/lib/thumb/v7e-m+fp/hard/libc.a(libc_a-mlock.o)
 .debug_line    0x0000000000008933      0x210 /usr/local/arm/GNU_Tools_for_ARM/bin/../lib/gcc/arm-none-eabi/11.3.1/../../../../arm-none-eabi/lib/thumb/v7e-m+fp/hard/libc.a(libc_a-closer.o)
 .debug_line    0x0000000000008b43      0x254 /usr/local/arm/GNU_Tools_for_ARM/bin/../lib/gcc/arm-none-eabi/11.3.1/../../../../arm-none-eabi/lib/thumb/v7e-m+fp/hard/libc.a(libc_a-reent.o)
 .debug_line    0x0000000000008d97      0x528 /usr/local/arm/GNU_Tools_for_ARM/bin/../lib/gcc/arm-none-eabi/11.3.1/../../../../arm-none-eabi/lib/thumb/v7e-m+fp/hard/libc.a(libc_a-fflush.o)
 .debug_line    0x00000000000092bf      0x58e /usr/local/arm/GNU_Tools_for_ARM/bin/../lib/gcc/arm-none-eabi/11.3.1/../../../../arm-none-eabi/lib/thumb/v7e-m+fp/hard/libc.a(libc_a-freer.o)
 .debug_line    0x000000000000984d      0x216 /usr/local/arm/GNU_Tools_for_ARM/bin/../lib/gcc/arm-none-eabi/11.3.1/../../../../arm-none-eabi/lib/thumb/v7e-m+fp/hard/libc.a(libc_a-lseekr.o)
 .debug_line    0x0000000000009a63      0x215 /usr/local/arm/GNU_Tools_for_ARM/bin/../lib/gcc/arm-none-eabi/11.3.1/../../../../arm-none-eabi/lib/thumb/v7e-m+fp/hard/libc.a(libc_a-readr.o)
 .debug_line    0x0000000000009c78      0x210 /usr/local/arm/GNU_Tools_for_ARM/bin/../lib/gcc/arm-none-eabi/11.3.1/../../../../arm-none-eabi/lib/thumb/v7e-m+fp/hard/libc.a(libc_a-sbrkr.o)
 .debug_line    0x0000000000009e88       0xa3 /usr/local/arm/GNU_Tools_for_ARM/bin/../lib/gcc/arm-none-eabi/11.3.1/../../../../arm-none-eabi/lib/thumb/v7e-m+fp/hard/libnosys.a(sbrk.o)

.debug_line_str