Archive member included to satisfy reference by file (symbol)

/usr/local/arm/GNU_Tools_for_ARM/bin/../lib/gcc/arm-none-eabi/11.3.1/../../../../arm-none-eabi/lib/thumb/v7e-m+fp/hard/libc.a(libc_a-exit.o)
                              /usr/local/arm/GNU_Tools_for_ARM/bin/../lib/gcc/arm-none-eabi/11.3.1/../../../../arm-none-eabi/lib/thumb/v7e-m+fp/hard/crt0.o (exit)
/usr/local/arm/GNU_Tools_for_ARM/bin/../lib/gcc/arm-none-eabi/11.3.1/../../../../arm-none-eabi/lib/thumb/v7e-m+fp/hard/libc.a(libc_a-sprintf.o)
                              build/user_uart.o (sprintf)
/usr/local/arm/GNU_Tools_for_ARM/bin/../lib/gcc/arm-none-eabi/11.3.1/../../../../arm-none-eabi/lib/thumb/v7e-m+fp/hard/libc.a(libc_a-errno.o)
                              build/syscalls.o (__errno)
/usr/local/arm/GNU_Tools_for_ARM/bin/../lib/gcc/arm-none-eabi/11.3.1/../../../../arm-none-eabi/lib/thumb/v7e-m+fp/hard/libc.a(libc_a-svfprintf.o)
                              /usr/local/arm/GNU_Tools_for_ARM/bin/../lib/gcc/arm-none-eabi/11.3.1/../../../../arm-none-eabi/lib/thumb/v7e-m+fp/hard/libc.a(libc_a-sprintf.o) (_svfprintf_r)
/usr/local/arm/GNU_Tools_for_ARM/bin/../lib/gcc/arm-none-eabi/11.3.1/../../../../arm-none-eabi/lib/thumb/v7e-m+fp/hard/libc.a(libc_a-vsprintf.o)
                              build/user_uart.o (vsprintf)
/usr/local/arm/GNU_Tools_for_ARM/bin/../lib/gcc/arm-none-eabi/11.3.1/../../../../arm-none-eabi/lib/thumb/v7e-m+fp/hard/libc.a(libc_a-mallocr.o)
                              /usr/local/arm/GNU_Tools_for_ARM/bin/../lib/gcc/arm-none-eabi/11.3.1/../../../../arm-none-eabi/lib/thumb/v7e-m+fp/hard/libc.a(libc_a-svfprintf.o) (_malloc_r)
/usr/local/arm/GNU_Tools_for_ARM/bin/../lib/gcc/arm-none-eabi/11.3.1/../../../../arm-none-eabi/lib/thumb/v7e-m+fp/hard/libc.a(libc_a-__call_atexit.o)
                              /usr/local/arm/GNU_Tools_for_ARM/bin/../lib/gcc/arm-none-eabi/11.3.1/../../../../arm-none-eabi/lib/thumb/v7e-m+fp/hard/libc.a(libc_a-exit.o) (__call_exitprocs)
/usr/local/arm/GNU_Tools_for_ARM/bin/../lib/gcc/arm-none-eabi/11.3.1/../../../../arm-none-eabi/lib/thumb/v7e-m+fp/hard/libc.a(libc_a-memset.o)
                              /usr/local/arm/GNU_Tools_for_ARM/bin/../lib/gcc/arm-none-eabi/11.3.1/../../../../arm-none-eabi/lib/thumb/v7e-m+fp/hard/crt0.o (memset)
/usr/local/arm/GNU_Tools_for_ARM/bin/../lib/gcc/arm-none-eabi/11.3.1/../../../../arm-none-eabi/lib/thumb/v7e-m+fp/hard/libc.a(libc_a-wcrtomb.o)
                              /usr/local/arm/GNU_Tools_for_ARM/bin/../lib/gcc/arm-none-eabi/11.3.1/../../../../arm-none-eabi/lib/thumb/v7e-m+fp/hard/libc.a(libc_a-svfprintf.o) (_wcrtomb_r)
/usr/local/arm/GNU_Tools_for_ARM/bin/../lib/gcc/arm-none-eabi/11.3.1/../../../../arm-none-eabi/lib/thumb/v7e-m+fp/hard/libc.a(libc_a-init.o)
                              /usr/local/arm/GNU_Tools_for_ARM/bin/../lib/gcc/arm-none-eabi/11.3.1/../../../../arm-none-eabi/lib/thumb/v7e-m+fp/hard/crt0.o (__libc_init_array)
/usr/local/arm/GNU_Tools_for_ARM/bin/../lib/gcc/arm-none-eabi/11.3.1/../../../../arm-none-eabi/lib/thumb/v7e-m+fp/hard/libc.a(libc_a-fini.o)
                              /usr/local/arm/GNU_Tools_for_ARM/bin/../lib/gcc/arm-none-eabi/11.3.1/../../../../arm-none-eabi/lib/thumb/v7e-m+fp/hard/libc.a(libc_a-__call_atexit.o) (__libc_fini_array)
/usr/local/arm/GNU_Tools_for_ARM/bin/../lib/gcc/arm-none-eabi/11.3.1/../../../../arm-none-eabi/lib/thumb/v7e-m+fp/hard/libc.a(libc_a-lock.o)
                              /usr/local/arm/GNU_Tools_for_ARM/bin/../lib/gcc/arm-none-eabi/11.3.1/../../../../arm-none-eabi/lib/thumb/v7e-m+fp/hard/libc.a(libc_a-__call_atexit.o) (__retarget_lock_acquire_recursive)
/usr/local/arm/GNU_Tools_for_ARM/bin/../lib/gcc/arm-none-eabi/11.3.1/../../../../arm-none-eabi/lib/thumb/v7e-m+fp/hard/libc.a(libc_a-locale.o)
                              /usr/local/arm/GNU_Tools_for_ARM/bin/../lib/gcc/arm-none-eabi/11.3.1/../../../../arm-none-eabi/lib/thumb/v7e-m+fp/hard/libc.a(libc_a-svfprintf.o) (__locale_mb_cur_max)
/usr/local/arm/GNU_Tools_for_ARM/bin/../lib/gcc/arm-none-eabi/11.3.1/../../../../arm-none-eabi/lib/thumb/v7e-m+fp/hard/libc.a(libc_a-localeconv.o)
                              /usr/local/arm/GNU_Tools_for_ARM/bin/../lib/gcc/arm-none-eabi/11.3.1/../../../../arm-none-eabi/lib/thumb/v7e-m+fp/hard/libc.a(libc_a-svfprintf.o) (_localeconv_r)
/usr/local/arm/GNU_Tools_for_ARM/bin/../lib/gcc/arm-none-eabi/11.3.1/../../../../arm-none-eabi/lib/thumb/v7e-m+fp/hard/libc.a(libc_a-strcmp.o)
                              /usr/local/arm/GNU_Tools_for_ARM/bin/../lib/gcc/arm-none-eabi/11.3.1/../../../../arm-none-eabi/lib/thumb/v7e-m+fp/hard/libc.a(libc_a-locale.o) (strcmp)
/usr/local/arm/GNU_Tools_for_ARM/bin/../lib/gcc/arm-none-eabi/11.3.1/../../../../arm-none-eabi/lib/thumb/v7e-m+fp/hard/libc.a(libc_a-strcpy.o)
                              /usr/local/arm/GNU_Tools_for_ARM/bin/../lib/gcc/arm-none-eabi/11.3.1/../../../../arm-none-eabi/lib/thumb/v7e-m+fp/hard/libc.a(libc_a-locale.o) (strcpy)
[...]
Memory Configuration

Name             Origin             Length             Attributes
MAIN_FLASH       0x0000000000000000 0x0000000000040000 xr
INFO_FLASH       0x0000000000200000 0x0000000000004000 xr
SRAM_CODE        0x0000000001000000 0x0000000000010000 xrw
SRAM_DATA        0x0000000020000000 0x0000000000010000 rw
*default*        0x0000000000000000 0xffffffffffffffff

Linker script and memory map

LOAD /usr/local/arm/GNU_Tools_for_ARM/bin/../lib/gcc/arm-none-eabi/11.3.1/thumb/v7e-m+fp/hard/crti.o
LOAD /usr/local/arm/GNU_Tools_for_ARM/bin/../lib/gcc/arm-none-eabi/11.3.1/thumb/v7e-m+fp/hard/crtbegin.o
LOAD /usr/local/arm/GNU_Tools_for_ARM/bin/../lib/gcc/arm-none-eabi/11.3.1/../../../../arm-none-eabi/lib/thumb/v7e-m+fp/hard/crt0.o
LOAD build/main.o
LOAD build/cpu.o
LOAD build/cs.o
LOAD build/flash.o
LOAD build/fpu.o
LOAD build/gpio.o
LOAD build/interrupt.o
LOAD build/mpu.o
LOAD build/pcm.o
LOAD build/pss.o
LOAD build/ref_a.o
LOAD build/reset.o
LOAD build/rtc_c.o
LOAD build/sysctl.o
LOAD build/systick.o
LOAD build/uart.o
LOAD build/wdt_a.o
LOAD build/startup_msp432p401r_gcc.o
LOAD build/system_msp432p401r.o
LOAD build/user_periph.o
LOAD build/syscalls.o
LOAD build/user_uart.o
LOAD build/user_dma.o
LOAD /usr/local/arm/GNU_Tools_for_ARM/bin/../lib/gcc/arm-none-eabi/11.3.1/../../../../arm-none-eabi/lib/thumb/v7e-m+fp/hard/libc.a
LOAD /usr/local/arm/GNU_Tools_for_ARM/bin/../lib/gcc/arm-none-eabi/11.3.1/../../../../arm-none-eabi/lib/thumb/v7e-m+fp/hard/libm.a
LOAD /usr/local/arm/GNU_Tools_for_ARM/bin/../lib/gcc/arm-none-eabi/11.3.1/../../../../arm-none-eabi/lib/thumb/v7e-m+fp/hard/libnosys.a
START GROUP
LOAD /usr/local/arm/GNU_Tools_for_ARM/bin/../lib/gcc/arm-none-eabi/11.3.1/thumb/v7e-m+fp/hard/libgcc.a
LOAD /usr/local/arm/GNU_Tools_for_ARM/bin/../lib/gcc/arm-none-eabi/11.3.1/../../../../arm-none-eabi/lib/thumb/v7e-m+fp/hard/libc.a
END GROUP
START GROUP
LOAD /usr/local/arm/GNU_Tools_for_ARM/bin/../lib/gcc/arm-none-eabi/11.3.1/thumb/v7e-m+fp/hard/libgcc.a
LOAD /usr/local/arm/GNU_Tools_for_ARM/bin/../lib/gcc/arm-none-eabi/11.3.1/../../../../arm-none-eabi/lib/thumb/v7e-m+fp/hard/libc.a
LOAD /usr/local/arm/GNU_Tools_for_ARM/bin/../lib/gcc/arm-none-eabi/11.3.1/../../../../arm-none-eabi/lib/thumb/v7e-m+fp/hard/libnosys.a
END GROUP
LOAD /usr/local/arm/GNU_Tools_for_ARM/bin/../lib/gcc/arm-none-eabi/11.3.1/thumb/v7e-m+fp/hard/crtend.o
LOAD /usr/local/arm/GNU_Tools_for_ARM/bin/../lib/gcc/arm-none-eabi/11.3.1/thumb/v7e-m+fp/hard/crtn.o
                0x0000000000000000                PROVIDE (_intvecs_base_address = DEFINED (_intvecs_base_address)?_intvecs_base_address:0x0)

.intvecs        0x0000000000000000       0xe4
 *(.intvecs)
 .intvecs       0x0000000000000000       0xe4 build/startup_msp432p401r_gcc.o
                0x0000000000000000                interruptVectors
                0x0000000000200000                PROVIDE (_mailbox_base_address = 0x200000)

.flashMailbox
 *(.flashMailbox)
                0x0000000000201000                PROVIDE (_tlv_base_address = 0x201000)

.tlvTable
 *(.tlvTable)
                0x0000000000202000                PROVIDE (_bsl_base_address = 0x202000)

.bslArea
 *(.bslArea)
                0x0000000020000000                PROVIDE (_vtable_base_address = DEFINED (_vtable_base_address)?_vtable_base_address:0x20000000)

.vtable
 *(.vtable)

.text           0x0000000000000100     0xe5e4
 CREATE_OBJECT_SYMBOLS
 *(.text)
 .text          0x0000000000000100        0x0 /usr/local/arm/GNU_Tools_for_ARM/bin/../lib/gcc/arm-none-eabi/11.3.1/thumb/v7e-m+fp/hard/crti.o
 .text          0x0000000000000100        0x0 /usr/local/arm/GNU_Tools_for_ARM/bin/../lib/gcc/arm-none-eabi/11.3.1/thumb/v7e-m+fp/hard/crtbegin.o
 .text          0x0000000000000100       0x7c /usr/local/arm/GNU_Tools_for_ARM/bin/../lib/gcc/arm-none-eabi/11.3.1/../../../../arm-none-eabi/lib/thumb/v7e-m+fp/hard/crt0.o
                0x0000000000000100                _stack_init
                0x0000000000000108                _mainCRTStartup
                0x0000000000000108                _start
 *fill*         0x000000000000017c        0x4 
 .text          0x0000000000000180      0x158 build/main.o
                0x0000000000000180                Delay
                0x00000000000001b4                main
                0x0000000000000238                Clock_Information
 .text          0x00000000000002d8       0x42 build/cpu.o
                0x00000000000002d8                CPU_cpsid
                0x00000000000002e6                CPU_primask
                0x00000000000002f2                CPU_cpsie
                0x0000000000000300                CPU_wfi
                0x0000000000000306                CPU_basepriSet
                0x000000000000030e                CPU_basepriGet
 *fill*         0x000000000000031a        0x2 
 .text          0x000000000000031c      0xf84 build/cs.o
                0x0000000000000674                CS_setExternalClockSourceFrequency
                0x00000000000006a0                CS_initClockSignal
                0x000000000000082c                CS_startHFXT
                0x000000000000084a                CS_startHFXTWithTimeout
                0x000000000000093c                CS_startLFXT
                0x0000000000000956                CS_startLFXTWithTimeout
                0x0000000000000a40                CS_enableClockRequest
                0x0000000000000a78                CS_disableClockRequest
                0x0000000000000ab0                CS_setReferenceOscillatorFrequency
                0x0000000000000ae8                CS_enableDCOExternalResistor
                0x0000000000000b18                CS_setDCOExternalResistorCalibration
                0x0000000000000bac                CS_disableDCOExternalResistor
                0x0000000000000bdc                CS_setDCOCenteredFrequency
                0x0000000000000c18                CS_tuneDCOFrequency
                0x0000000000000c9c                CS_getDCOFrequency
                0x0000000000000db4                CS_setDCOFrequency
                0x0000000000000f68                CS_getBCLK
                0x0000000000000f94                CS_getHSMCLK
                0x0000000000000fc8                CS_getACLK
                0x0000000000000ffc                CS_getSMCLK
                0x0000000000001030                CS_getMCLK
                0x0000000000001064                CS_enableFaultCounter
                0x00000000000010ac                CS_disableFaultCounter
                0x00000000000010f4                CS_resetFaultCounter
                0x000000000000113c                CS_startFaultCounter
                0x0000000000001194                CS_enableInterrupt
                0x00000000000011cc                CS_disableInterrupt
                0x0000000000001204                CS_getInterruptStatus
                0x000000000000121c                CS_getEnabledInterruptStatus
                0x0000000000001234                CS_clearInterruptFlag
                0x000000000000126c                CS_registerInterrupt
                0x000000000000128a                CS_unregisterInterrupt
 .text          0x00000000000012a0     0x1af0 build/flash.o
                0x00000000000015be                FlashCtl_getMemoryInfo
                0x00000000000019a4                FlashCtl_enableReadBuffering
                0x0000000000001a1c                FlashCtl_disableReadBuffering
                0x0000000000001a94                FlashCtl_unprotectSector
                0x0000000000001b38                FlashCtl_protectSector
                0x0000000000001bc0                FlashCtl_isSectorProtected
                0x0000000000001c54                FlashCtl_verifyMemory
                0x0000000000001efc                FlashCtl_setReadMode
                0x0000000000001f80                FlashCtl_getReadMode
                0x0000000000001fc0                FlashCtl_initiateMassErase
                0x0000000000001fec                FlashCtl_performMassErase
                0x00000000000021c4                FlashCtl_eraseSector
                0x0000000000002318                FlashCtl_initiateSectorErase
                0x00000000000023b8                FlashCtl_programMemory
                0x0000000000002560                FlashCtl_setProgramVerification
                0x00000000000025c4                FlashCtl_clearProgramVerification
                0x0000000000002628                FlashCtl_enableWordProgramming
                0x000000000000266c                FlashCtl_disableWordProgramming
                0x0000000000002684                FlashCtl_isWordProgrammingEnabled
                0x00000000000026b8                FlashCtl_setWaitState
                0x0000000000002704                FlashCtl_getWaitState
                0x0000000000002744                FlashCtl_enableInterrupt
                0x000000000000276c                FlashCtl_disableInterrupt
                0x0000000000002798                FlashCtl_getInterruptStatus
                0x00000000000027b0                FlashCtl_getEnabledInterruptStatus
                0x00000000000027cc                FlashCtl_clearInterruptFlag
                0x00000000000027f4                FlashCtl_registerInterrupt
                0x0000000000002812                FlashCtl_unregisterInterrupt
                0x0000000000002826                __FlashCtl_remaskData8Post
                0x00000000000028b8                __FlashCtl_remaskData8Pre
                0x0000000000002950                __FlashCtl_remaskData32Post
                0x0000000000002a30                __FlashCtl_remaskData32Pre
                0x0000000000002b14                __FlashCtl_remaskBurstDataPre
                0x0000000000002c58                __FlashCtl_remaskBurstDataPost
 .text          0x0000000000002d90      0x14c build/fpu.o
                0x0000000000002d90                FPU_enableModule
                0x0000000000002db4                FPU_disableModule
                0x0000000000002dd8                FPU_enableStacking
                0x0000000000002dfc                FPU_enableLazyStacking
                0x0000000000002e1c                FPU_disableStacking
                0x0000000000002e3c                FPU_setHalfPrecisionMode
                0x0000000000002e64                FPU_setNaNMode
                0x0000000000002e8c                FPU_setFlushToZeroMode
                0x0000000000002eb4                FPU_setRoundingMode
 .text          0x0000000000002edc      0x7e4 build/gpio.o
                0x0000000000002edc                GPIO_setAsOutputPin
                0x0000000000002f4c                GPIO_setAsInputPin
                0x0000000000002fd8                GPIO_setAsPeripheralModuleFunctionOutputPin
                0x00000000000030c0                GPIO_setAsPeripheralModuleFunctionInputPin
                0x00000000000031ac                GPIO_setOutputHighOnPin
                0x00000000000031e8                GPIO_setOutputLowOnPin
                0x0000000000003228                GPIO_toggleOutputOnPin
                0x0000000000003264                GPIO_setAsInputPinWithPullDownResistor
                0x0000000000003308                GPIO_setAsInputPinWithPullUpResistor
                0x00000000000033a8                GPIO_getInputPinValue
                0x00000000000033e8                GPIO_enableInterrupt
                0x0000000000003424                GPIO_disableInterrupt
                0x0000000000003464                GPIO_getInterruptStatus
                0x0000000000003498                GPIO_clearInterruptFlag
                0x00000000000034d8                GPIO_interruptEdgeSelect
                0x0000000000003538                GPIO_getEnabledInterruptStatus
                0x00000000000035e8                GPIO_setDriveStrengthHigh
                0x0000000000003624                GPIO_setDriveStrengthLow
                0x0000000000003664                GPIO_registerInterrupt
                0x0000000000003694                GPIO_unregisterInterrupt
 .text          0x00000000000036c0      0x548 build/interrupt.o
                0x00000000000036c6                Interrupt_enableMaster
                0x00000000000036de                Interrupt_disableMaster
                0x00000000000036f6                Interrupt_registerInterrupt
                0x000000000000375c                Interrupt_unregisterInterrupt
                0x0000000000003784                Interrupt_setPriorityGrouping
                0x00000000000037d4                Interrupt_getPriorityGrouping
                0x0000000000003820                Interrupt_setPriority
                0x0000000000003888                Interrupt_getPriority
                0x00000000000038bc                Interrupt_enableInterrupt
                0x0000000000003950                Interrupt_disableInterrupt
                0x00000000000039e4                Interrupt_isEnabled
                0x0000000000003a84                Interrupt_pendInterrupt
                0x0000000000003b00                Interrupt_unpendInterrupt
                0x0000000000003b68                Interrupt_setPriorityMask
                0x0000000000003b82                Interrupt_getPriorityMask
                0x0000000000003b92                Interrupt_setVectorTableAddress
                0x0000000000003bb0                Interrupt_getVectorTableAddress
                0x0000000000003bc8                Interrupt_enableSleepOnIsrExit
                0x0000000000003be8                Interrupt_disableSleepOnIsrExit
 .text          0x0000000000003c08      0x16c build/mpu.o
                0x0000000000003c08                MPU_enableModule
                0x0000000000003c2c                MPU_disableModule
                0x0000000000003c4c                MPU_getRegionCount
                0x0000000000003c68                MPU_enableRegion
                0x0000000000003c94                MPU_disableRegion
                0x0000000000003cc0                MPU_setRegion
                0x0000000000003cf8                MPU_getRegion
                0x0000000000003d30                MPU_registerInterrupt
                0x0000000000003d48                MPU_unregisterInterrupt
                0x0000000000003d56                MPU_enableInterrupt
                0x0000000000003d64                MPU_disableInterrupt
 .text          0x0000000000003d74      0xb08 build/pcm.o
                0x0000000000003e94                PCM_setCoreVoltageLevel
                0x0000000000003eb0                PCM_setCoreVoltageLevelWithTimeout
                0x0000000000003ece                PCM_setCoreVoltageLevelNonBlocking
                0x0000000000003eea                PCM_getPowerMode
                0x0000000000003f5a                PCM_getCoreVoltageLevel
                0x000000000000414c                PCM_setPowerMode
                0x0000000000004168                PCM_setPowerModeNonBlocking
                0x0000000000004184                PCM_setPowerModeWithTimeout
                0x0000000000004530                PCM_setPowerState
                0x000000000000454c                PCM_setPowerStateWithTimeout
                0x000000000000456a                PCM_setPowerStateNonBlocking
                0x0000000000004586                PCM_shutdownDevice
                0x00000000000045ec                PCM_gotoLPM4
                0x0000000000004602                PCM_gotoLPM4InterruptSafe
                0x0000000000004626                PCM_gotoLPM0
                0x0000000000004658                PCM_gotoLPM0InterruptSafe
                0x000000000000467c                PCM_gotoLPM3
                0x0000000000004718                PCM_gotoLPM3InterruptSafe
                0x000000000000473c                PCM_getPowerState
                0x000000000000475c                PCM_enableRudeMode
                0x0000000000004780                PCM_disableRudeMode
                0x00000000000047a8                PCM_enableInterrupt
                0x00000000000047cc                PCM_disableInterrupt
                0x00000000000047f4                PCM_getInterruptStatus
                0x000000000000480c                PCM_getEnabledInterruptStatus
                0x0000000000004824                PCM_clearInterruptFlag
                0x0000000000004848                PCM_registerInterrupt
                0x0000000000004866                PCM_unregisterInterrupt
 .text          0x000000000000487c      0x28c build/pss.o
                0x00000000000048b0                PSS_enableForcedDCDCOperation
                0x00000000000048cc                PSS_disableForcedDCDCOperation
                0x00000000000048e8                PSS_enableHighSidePinToggle
                0x0000000000004930                PSS_disableHighSidePinToggle
                0x000000000000494c                PSS_enableHighSide
                0x0000000000004968                PSS_disableHighSide
                0x0000000000004984                PSS_setHighSidePerformanceMode
                0x00000000000049b4                PSS_getHighSidePerformanceMode
                0x00000000000049d8                PSS_enableHighSideMonitor
                0x00000000000049f4                PSS_disableHighSideMonitor
                0x0000000000004a10                PSS_setHighSideVoltageTrigger
                0x0000000000004a4c                PSS_getHighSideVoltageTrigger
                0x0000000000004a68                PSS_enableInterrupt
                0x0000000000004a84                PSS_disableInterrupt
                0x0000000000004aa0                PSS_getInterruptStatus
                0x0000000000004ab8                PSS_clearInterruptFlag
                0x0000000000004ad4                PSS_registerInterrupt
                0x0000000000004af2                PSS_unregisterInterrupt
 .text          0x0000000000004b08      0x1c0 build/ref_a.o
                0x0000000000004b08                REF_A_setReferenceVoltage
                0x0000000000004b38                REF_A_disableTempSensor
                0x0000000000004b50                REF_A_enableTempSensor
                0x0000000000004b68                REF_A_enableReferenceVoltageOutput
                0x0000000000004b80                REF_A_disableReferenceVoltageOutput
                0x0000000000004b98                REF_A_enableReferenceVoltage
                0x0000000000004bb0                REF_A_disableReferenceVoltage
                0x0000000000004bc8                REF_A_getBandgapMode
                0x0000000000004be4                REF_A_isBandgapActive
                0x0000000000004c08                REF_A_isRefGenBusy
                0x0000000000004c2c                REF_A_isRefGenActive
                0x0000000000004c50                REF_A_getBufferedBandgapVoltageStatus
                0x0000000000004c74                REF_A_getVariableReferenceVoltageStatus
                0x0000000000004c98                REF_A_setReferenceVoltageOneTimeTrigger
                0x0000000000004cb0                REF_A_setBufferedBandgapVoltageOneTimeTrigger
 .text          0x0000000000004cc8      0x180 build/reset.o
                0x0000000000004cc8                ResetCtl_initiateSoftReset
                0x0000000000004cec                ResetCtl_initiateSoftResetWithSource
                0x0000000000004d10                ResetCtl_getSoftResetSource
                0x0000000000004d28                ResetCtl_clearSoftResetSource
                0x0000000000004d4c                ResetCtl_initiateHardReset
                0x0000000000004d70                ResetCtl_initiateHardResetWithSource
                0x0000000000004d94                ResetCtl_getHardResetSource
                0x0000000000004dac                ResetCtl_clearHardResetSource
                0x0000000000004dd0                ResetCtl_getPSSSource
                0x0000000000004de8                ResetCtl_clearPSSFlags
                0x0000000000004e0c                ResetCtl_getPCMSource
                0x0000000000004e24                ResetCtl_clearPCMFlags
 .text          0x0000000000004e48      0x7d0 build/rtc_c.o
                0x0000000000004e48                RTC_C_startClock
                0x0000000000004e8c                RTC_C_holdClock
                0x0000000000004ed0                RTC_C_setCalibrationFrequency
                0x0000000000004f28                RTC_C_setCalibrationData
                0x0000000000004f78                RTC_C_setTemperatureCompensation
                0x0000000000004fc8                RTC_C_initCalendar
                0x000000000000507c                RTC_C_getCalendarTime
                0x000000000000510c                RTC_C_setCalendarAlarm
                0x0000000000005170                RTC_C_setCalendarEvent
                0x00000000000051c8                RTC_C_definePrescaleEvent
                0x0000000000005238                RTC_C_getPrescaleValue
                0x0000000000005274                RTC_C_setPrescaleValue
                0x00000000000052f4                RTC_C_convertBCDToBinary
                0x000000000000531c                RTC_C_convertBinaryToBCD
                0x0000000000005344                RTC_C_enableInterrupt
                0x00000000000053c4                RTC_C_disableInterrupt
                0x0000000000005450                RTC_C_getInterruptStatus
                0x00000000000054cc                RTC_C_getEnabledInterruptStatus
                0x0000000000005568                RTC_C_clearInterruptFlag
                0x00000000000055e4                RTC_C_registerInterrupt
                0x0000000000005602                RTC_C_unregisterInterrupt
 .text          0x0000000000005618      0x40c build/sysctl.o
                0x0000000000005618                SysCtl_getTLVInfo
                0x00000000000056ac                SysCtl_getSRAMSize
                0x00000000000056c4                SysCtl_getFlashSize
                0x00000000000056dc                SysCtl_disableNMISource
                0x0000000000005704                SysCtl_enableNMISource
                0x0000000000005728                SysCtl_getNMISourceStatus
                0x0000000000005744                SysCtl_enableSRAMBank
                0x0000000000005774                SysCtl_disableSRAMBank
                0x000000000000587c                SysCtl_enableSRAMBankRetention
                0x00000000000058b0                SysCtl_disableSRAMBankRetention
                0x00000000000058e4                SysCtl_rebootDevice
                0x0000000000005900                SysCtl_enablePeripheralAtCPUHalt
                0x0000000000005928                SysCtl_disablePeripheralAtCPUHalt
                0x000000000000594c                SysCtl_setWDTTimeoutResetType
                0x0000000000005984                SysCtl_setWDTPasswordViolationResetType
                0x00000000000059bc                SysCtl_enableGlitchFilter
                0x00000000000059dc                SysCtl_disableGlitchFilter
                0x00000000000059fc                SysCtl_getTempCalibrationConstant
 .text          0x0000000000005a24       0xf4 build/systick.o
                0x0000000000005a24                SysTick_enableModule
                0x0000000000005a44                SysTick_disableModule
                0x0000000000005a64                SysTick_registerInterrupt
                0x0000000000005a7c                SysTick_unregisterInterrupt
                0x0000000000005a8a                SysTick_enableInterrupt
                0x0000000000005aa8                SysTick_disableInterrupt
                0x0000000000005ac8                SysTick_setPeriod
                0x0000000000005ae8                SysTick_getPeriod
                0x0000000000005b00                SysTick_getValue
 .text          0x0000000000005b18      0x67c build/uart.o
                0x0000000000005b18                UART_initModule
                0x0000000000005cac                UART_transmitData
                0x0000000000005cfc                UART_receiveData
                0x0000000000005d46                UART_enableModule
                0x0000000000005d6a                UART_disableModule
                0x0000000000005d8e                UART_queryStatusFlags
                0x0000000000005db0                UART_setDormant
                0x0000000000005dd6                UART_resetDormant
                0x0000000000005dfc                UART_transmitAddress
                0x0000000000005e2c                UART_transmitBreak
                0x0000000000005ea2                UART_getReceiveBufferAddressForDMA
                0x0000000000005eba                UART_getTransmitBufferAddressForDMA
                0x0000000000005ed2                UART_selectDeglitchTime
                0x0000000000005f00                UART_enableInterrupt
                0x0000000000005f4a                UART_disableInterrupt
                0x0000000000005f9c                UART_getInterruptStatus
                0x0000000000005fc0                UART_getEnabledInterruptStatus
                0x0000000000006046                UART_clearInterruptFlag
                0x0000000000006072                UART_registerInterrupt
                0x0000000000006108                UART_unregisterInterrupt
 .text          0x0000000000006194      0x164 build/wdt_a.o
                0x0000000000006194                WDT_A_holdTimer
                0x00000000000061c8                WDT_A_startTimer
                0x00000000000061fc                WDT_A_clearTimer
                0x0000000000006230                WDT_A_initWatchdogTimer
                0x0000000000006264                WDT_A_initIntervalTimer
                0x0000000000006298                WDT_A_setPasswordViolationReset
                0x00000000000062ae                WDT_A_setTimeoutReset
                0x00000000000062c4                WDT_A_registerInterrupt
                0x00000000000062e2                WDT_A_unregisterInterrupt
 .text          0x00000000000062f8       0x4c build/startup_msp432p401r_gcc.o
                0x00000000000062f8                Reset_Handler
                0x000000000000633c                CS_IRQHandler
                0x000000000000633c                DebugMon_Handler
                0x000000000000633c                AES256_IRQHandler
                0x000000000000633c                HardFault_Handler
                0x000000000000633c                SysTick_Handler
                0x000000000000633c                PendSV_Handler
                0x000000000000633c                NMI_Handler
                0x000000000000633c                RTC_C_IRQHandler
                0x000000000000633c                PORT1_IRQHandler
                0x000000000000633c                FPU_IRQHandler
                0x000000000000633c                PORT2_IRQHandler
                0x000000000000633c                TA3_0_IRQHandler
                0x000000000000633c                UsageFault_Handler
                0x000000000000633c                DMA_INT3_IRQHandler
                0x000000000000633c                TA2_0_IRQHandler
                0x000000000000633c                WDT_A_IRQHandler
                0x000000000000633c                TA2_N_IRQHandler
                0x000000000000633c                TA1_0_IRQHandler
                0x000000000000633c                PSS_IRQHandler
                0x000000000000633c                DMA_INT2_IRQHandler
                0x000000000000633c                EUSCIA3_IRQHandler
                0x000000000000633c                DMA_INT0_IRQHandler
                0x000000000000633c                PORT4_IRQHandler
                0x000000000000633c                PORT5_IRQHandler
                0x000000000000633c                EUSCIB0_IRQHandler
                0x000000000000633c                Default_Handler
                0x000000000000633c                T32_INTC_IRQHandler
                0x000000000000633c                TA3_N_IRQHandler
                0x000000000000633c                TA0_0_IRQHandler
                0x000000000000633c                EUSCIA2_IRQHandler
                0x000000000000633c                PORT6_IRQHandler
                0x000000000000633c                PORT3_IRQHandler
                0x000000000000633c                MemManage_Handler
                0x000000000000633c                SVC_Handler
                0x000000000000633c                TA1_N_IRQHandler
                0x000000000000633c                EUSCIA1_IRQHandler
                0x000000000000633c                COMP_E1_IRQHandler
                0x000000000000633c                EUSCIB2_IRQHandler
                0x000000000000633c                FLCTL_IRQHandler
                0x000000000000633c                EUSCIB3_IRQHandler
                0x000000000000633c                T32_INT1_IRQHandler
                0x000000000000633c                ADC14_IRQHandler
                0x000000000000633c                EUSCIA0_IRQHandler
                0x000000000000633c                BusFault_Handler
                0x000000000000633c                PCM_IRQHandler
                0x000000000000633c                TA0_N_IRQHandler
                0x000000000000633c                COMP_E0_IRQHandler
                0x000000000000633c                EUSCIB1_IRQHandler
                0x000000000000633c                T32_INT2_IRQHandler
 .text          0x0000000000006344      0x394 build/system_msp432p401r.o
                0x0000000000006344                SystemCoreClockUpdate
                0x0000000000006658                SystemInit
 .text          0x00000000000066d8       0xac build/user_periph.o
                0x0000000000006710                Peripheral_PreInit
 .text          0x0000000000006784      0x214 build/syscalls.o
                0x0000000000006784                initialise_monitor_handles
                0x0000000000006792                _getpid
                0x00000000000067a2                _kill
                0x00000000000067c2                _exit
                0x00000000000067d6                _read
                0x0000000000006810                _write
                0x0000000000006848                _close
                0x0000000000006860                _fstat
                0x0000000000006880                _isatty
                0x0000000000006896                _lseek
                0x00000000000068b0                _open
                0x00000000000068cc                _wait
                0x00000000000068ea                _unlink
                0x0000000000006908                _times
                0x0000000000006920                _stat
                0x0000000000006940                _link
                0x0000000000006960                _fork
                0x0000000000006976                _execve
 .text          0x0000000000006998      0x3cc build/user_uart.o
                0x0000000000006a48                Send_Nchar
                0x0000000000006a9c                D_Send_Nchar
                0x0000000000006af8                D_Send_String
                0x0000000000006b18                Send_String
                0x0000000000006b60                Printf
                0x0000000000006cfc                Receive
                0x0000000000006d12                D_Printf
                0x0000000000006d50                DMA_INT1_IRQHandler
 .text          0x0000000000006d64      0x1b0 build/user_dma.o
                0x0000000000006d88                DMA_Assign_Source_Channel
                0x0000000000006db4                DMA_Specify_Ctrl_Unit
                0x0000000000006e60                DMA_Enable_Channel
                0x0000000000006eb0                DMA_Disable_Channel
                0x0000000000006f00                DMA_ERR_IRQHandler
 .text          0x0000000000006f14        0x0 /usr/local/arm/GNU_Tools_for_ARM/bin/../lib/gcc/arm-none-eabi/11.3.1/../../../../arm-none-eabi/lib/thumb/v7e-m+fp/hard/libc.a(libc_a-exit.o)
 .text          0x0000000000006f14        0x0 /usr/local/arm/GNU_Tools_for_ARM/bin/../lib/gcc/arm-none-eabi/11.3.1/../../../../arm-none-eabi/lib/thumb/v7e-m+fp/hard/libc.a(libc_a-sprintf.o)
 .text          0x0000000000006f14        0x0 /usr/local/arm/GNU_Tools_for_ARM/bin/../lib/gcc/arm-none-eabi/11.3.1/../../../../arm-none-eabi/lib/thumb/v7e-m+fp/hard/libc.a(libc_a-errno.o)
 .text          0x0000000000006f14        0x0 /usr/local/arm/GNU_Tools_for_ARM/bin/../lib/gcc/arm-none-eabi/11.3.1/../../../../arm-none-eabi/lib/thumb/v7e-m+fp/hard/libc.a(libc_a-svfprintf.o)
 .text          0x0000000000006f14        0x0 /usr/local/arm/GNU_Tools_for_ARM/bin/../lib/gcc/arm-none-eabi/11.3.1/../../../../arm-none-eabi/lib/thumb/v7e-m+fp/hard/libc.a(libc_a-vsprintf.o)
 .text          0x0000000000006f14        0x0 /usr/local/arm/GNU_Tools_for_ARM/bin/../lib/gcc/arm-none-eabi/11.3.1/../../../../arm-none-eabi/lib/thumb/v7e-m+fp/hard/libc.a(libc_a-mallocr.o)
 .text          0x0000000000006f14        0x0 /usr/local/arm/GNU_Tools_for_ARM/bin/../lib/gcc/arm-none-eabi/11.3.1/../../../../arm-none-eabi/lib/thumb/v7e-m+fp/hard/libc.a(libc_a-__call_atexit.o)
 .text          0x0000000000006f14        0x0 /usr/local/arm/GNU_Tools_for_ARM/bin/../lib/gcc/arm-none-eabi/11.3.1/../../../../arm-none-eabi/lib/thumb/v7e-m+fp/hard/libc.a(libc_a-memset.o)
 .text          0x0000000000006f14        0x0 /usr/local/arm/GNU_Tools_for_ARM/bin/../lib/gcc/arm-none-eabi/11.3.1/../../../../arm-none-eabi/lib/thumb/v7e-m+fp/hard/libc.a(libc_a-wcrtomb.o)
 .text          0x0000000000006f14        0x0 /usr/local/arm/GNU_Tools_for_ARM/bin/../lib/gcc/arm-none-eabi/11.3.1/../../../../arm-none-eabi/lib/thumb/v7e-m+fp/hard/libc.a(libc_a-init.o)
 .text          0x0000000000006f14        0x0 /usr/local/arm/GNU_Tools_for_ARM/bin/../lib/gcc/arm-none-eabi/11.3.1/../../../../arm-none-eabi/lib/thumb/v7e-m+fp/hard/libc.a(libc_a-fini.o)
 .text          0x0000000000006f14        0x0 /usr/local/arm/GNU_Tools_for_ARM/bin/../lib/gcc/arm-none-eabi/11.3.1/../../../../arm-none-eabi/lib/thumb/v7e-m+fp/hard/libc.a(libc_a-lock.o)
 .text          0x0000000000006f14        0x0 /usr/local/arm/GNU_Tools_for_ARM/bin/../lib/gcc/arm-none-eabi/11.3.1/../../../../arm-none-eabi/lib/thumb/v7e-m+fp/hard/libc.a(libc_a-locale.o)
 .text          0x0000000000006f14        0x0 /usr/local/arm/GNU_Tools_for_ARM/bin/../lib/gcc/arm-none-eabi/11.3.1/../../../../arm-none-eabi/lib/thumb/v7e-m+fp/hard/libc.a(libc_a-localeconv.o)
 *fill*         0x0000000000006f14        0xc 
 .text          0x0000000000006f20      0x2dc /usr/local/arm/GNU_Tools_for_ARM/bin/../lib/gcc/arm-none-eabi/11.3.1/../../../../arm-none-eabi/lib/thumb/v7e-m+fp/hard/libc.a(libc_a-strcmp.o)
                0x0000000000006f28                strcmp
 .text          0x00000000000071fc        0x0 /usr/local/arm/GNU_Tools_for_ARM/bin/../lib/gcc/arm-none-eabi/11.3.1/../../../../arm-none-eabi/lib/thumb/v7e-m+fp/hard/libc.a(libc_a-strcpy.o)
 .text          0x00000000000071fc        0x0 /usr/local/arm/GNU_Tools_for_ARM/bin/../lib/gcc/arm-none-eabi/11.3.1/../../../../arm-none-eabi/lib/thumb/v7e-m+fp/hard/libc.a(libc_a-mlock.o)
 .text          0x00000000000071fc        0x0 /usr/local/arm/GNU_Tools_for_ARM/bin/../lib/gcc/arm-none-eabi/11.3.1/../../../../arm-none-eabi/lib/thumb/v7e-m+fp/hard/libc.a(libc_a-atexit.o)
 .text          0x00000000000071fc        0x0 /usr/local/arm/GNU_Tools_for_ARM/bin/../lib/gcc/arm-none-eabi/11.3.1/../../../../arm-none-eabi/lib/thumb/v7e-m+fp/hard/libc.a(libc_a-strchr.o)
 .text          0x00000000000071fc        0x0 /usr/local/arm/GNU_Tools_for_ARM/bin/../lib/gcc/arm-none-eabi/11.3.1/../../../../arm-none-eabi/lib/thumb/v7e-m+fp/hard/libc.a(libc_a-wcsrtombs.o)
 .text          0x00000000000071fc        0x0 /usr/local/arm/GNU_Tools_for_ARM/bin/../lib/gcc/arm-none-eabi/11.3.1/../../../../arm-none-eabi/lib/thumb/v7e-m+fp/hard/libc.a(libc_a-dtoa.o)
 .text          0x00000000000071fc        0x0 /usr/local/arm/GNU_Tools_for_ARM/bin/../lib/gcc/arm-none-eabi/11.3.1/../../../../arm-none-eabi/lib/thumb/v7e-m+fp/hard/libc.a(libc_a-ctype_.o)
 .text          0x00000000000071fc        0x0 /usr/local/arm/GNU_Tools_for_ARM/bin/../lib/gcc/arm-none-eabi/11.3.1/../../../../arm-none-eabi/lib/thumb/v7e-m+fp/hard/libc.a(libc_a-impure.o)
 .text          0x00000000000071fc        0x0 /usr/local/arm/GNU_Tools_for_ARM/bin/../lib/gcc/arm-none-eabi/11.3.1/../../../../arm-none-eabi/lib/thumb/v7e-m+fp/hard/libc.a(libc_a-findfp.o)
 *fill*         0x00000000000071fc        0x4 
 .text          0x0000000000007200       0xa0 /usr/local/arm/GNU_Tools_for_ARM/bin/../lib/gcc/arm-none-eabi/11.3.1/../../../../arm-none-eabi/lib/thumb/v7e-m+fp/hard/libc.a(libc_a-memchr.o)
                0x0000000000007200                memchr
 .text          0x00000000000072a0      0x134 /usr/local/arm/GNU_Tools_for_ARM/bin/../lib/gcc/arm-none-eabi/11.3.1/../../../../arm-none-eabi/lib/thumb/v7e-m+fp/hard/libc.a(libc_a-memcpy.o)
                0x00000000000072a0                memcpy
 *fill*         0x00000000000073d4       0x2c 
 .text          0x0000000000007400       0xdc /usr/local/arm/GNU_Tools_for_ARM/bin/../lib/gcc/arm-none-eabi/11.3.1/../../../../arm-none-eabi/lib/thumb/v7e-m+fp/hard/libc.a(libc_a-strlen.o)
                0x0000000000007400                strlen
 .text          0x00000000000074dc        0x0 /usr/local/arm/GNU_Tools_for_ARM/bin/../lib/gcc/arm-none-eabi/11.3.1/../../../../arm-none-eabi/lib/thumb/v7e-m+fp/hard/libc.a(libm_a-s_frexp.o)
 .text          0x00000000000074dc        0x0 /usr/local/arm/GNU_Tools_for_ARM/bin/../lib/gcc/arm-none-eabi/11.3.1/../../../../arm-none-eabi/lib/thumb/v7e-m+fp/hard/libc.a(libc_a-strlcpy.o)
 .text          0x00000000000074dc        0x0 /usr/local/arm/GNU_Tools_for_ARM/bin/../lib/gcc/arm-none-eabi/11.3.1/../../../../arm-none-eabi/lib/thumb/v7e-m+fp/hard/libc.a(libc_a-freer.o)
 .text          0x00000000000074dc        0x0 /usr/local/arm/GNU_Tools_for_ARM/bin/../lib/gcc/arm-none-eabi/11.3.1/../../../../arm-none-eabi/lib/thumb/v7e-m+fp/hard/libc.a(libc_a-strtol.o)
 .text          0x00000000000074dc        0x0 /usr/local/arm/GNU_Tools_for_ARM/bin/../lib/gcc/arm-none-eabi/11.3.1/../../../../arm-none-eabi/lib/thumb/v7e-m+fp/hard/libc.a(libc_a-strncasecmp.o)
 .text          0x00000000000074dc        0x0 /usr/local/arm/GNU_Tools_for_ARM/bin/../lib/gcc/arm-none-eabi/11.3.1/../../../../arm-none-eabi/lib/thumb/v7e-m+fp/hard/libc.a(libc_a-getenv_r.o)
 .text          0x00000000000074dc        0x0 /usr/local/arm/GNU_Tools_for_ARM/bin/../lib/gcc/arm-none-eabi/11.3.1/../../../../arm-none-eabi/lib/thumb/v7e-m+fp/hard/libc.a(libc_a-strncpy.o)
 .text          0x00000000000074dc        0x0 /usr/local/arm/GNU_Tools_for_ARM/bin/../lib/gcc/arm-none-eabi/11.3.1/../../../../arm-none-eabi/lib/thumb/v7e-m+fp/hard/libc.a(libc_a-stdio.o)
 .text          0x00000000000074dc        0x0 /usr/local/arm/GNU_Tools_for_ARM/bin/../lib/gcc/arm-none-eabi/11.3.1/../../../../arm-none-eabi/lib/thumb/v7e-m+fp/hard/libc.a(libc_a-wctomb_r.o)
 .text          0x00000000000074dc        0x0 /usr/local/arm/GNU_Tools_for_ARM/bin/../lib/gcc/arm-none-eabi/11.3.1/../../../../arm-none-eabi/lib/thumb/v7e-m+fp/hard/libc.a(libc_a-sbrkr.o)
 .text          0x00000000000074dc        0x0 /usr/local/arm/GNU_Tools_for_ARM/bin/../lib/gcc/arm-none-eabi/11.3.1/../../../../arm-none-eabi/lib/thumb/v7e-m+fp/hard/libc.a(libc_a-fwalk.o)
 .text          0x00000000000074dc        0x0 /usr/local/arm/GNU_Tools_for_ARM/bin/../lib/gcc/arm-none-eabi/11.3.1/../../../../arm-none-eabi/lib/thumb/v7e-m+fp/hard/libc.a(libc_a-writer.o)
 .text          0x00000000000074dc        0x0 /usr/local/arm/GNU_Tools_for_ARM/bin/../lib/gcc/arm-none-eabi/11.3.1/../../../../arm-none-eabi/lib/thumb/v7e-m+fp/hard/libc.a(libc_a-svfiprintf.o)
 .text          0x00000000000074dc        0x0 /usr/local/arm/GNU_Tools_for_ARM/bin/../lib/gcc/arm-none-eabi/11.3.1/../../../../arm-none-eabi/lib/thumb/v7e-m+fp/hard/libc.a(libc_a-__atexit.o)
 .text          0x00000000000074dc        0x0 /usr/local/arm/GNU_Tools_for_ARM/bin/../lib/gcc/arm-none-eabi/11.3.1/../../../../arm-none-eabi/lib/thumb/v7e-m+fp/hard/libc.a(libc_a-mbtowc_r.o)
 .text          0x00000000000074dc        0x0 /usr/local/arm/GNU_Tools_for_ARM/bin/../lib/gcc/arm-none-eabi/11.3.1/../../../../arm-none-eabi/lib/thumb/v7e-m+fp/hard/libc.a(libc_a-memmove.o)
 .text          0x00000000000074dc        0x0 /usr/local/arm/GNU_Tools_for_ARM/bin/../lib/gcc/arm-none-eabi/11.3.1/../../../../arm-none-eabi/lib/thumb/v7e-m+fp/hard/libc.a(libc_a-assert.o)
 .text          0x00000000000074dc        0x0 /usr/local/arm/GNU_Tools_for_ARM/bin/../lib/gcc/arm-none-eabi/11.3.1/../../../../arm-none-eabi/lib/thumb/v7e-m+fp/hard/libc.a(libc_a-strcasecmp.o)
 .text          0x00000000000074dc        0x0 /usr/local/arm/GNU_Tools_for_ARM/bin/../lib/gcc/arm-none-eabi/11.3.1/../../../../arm-none-eabi/lib/thumb/v7e-m+fp/hard/libc.a(libc_a-strcat.o)
 .text          0x00000000000074dc        0x0 /usr/local/arm/GNU_Tools_for_ARM/bin/../lib/gcc/arm-none-eabi/11.3.1/../../../../arm-none-eabi/lib/thumb/v7e-m+fp/hard/libc.a(libc_a-fclose.o)
 .text          0x00000000000074dc        0x0 /usr/local/arm/GNU_Tools_for_ARM/bin/../lib/gcc/arm-none-eabi/11.3.1/../../../../arm-none-eabi/lib/thumb/v7e-m+fp/hard/libc.a(libc_a-mprec.o)
 .text          0x00000000000074dc        0x0 /usr/local/arm/GNU_Tools_for_ARM/bin/../lib/gcc/arm-none-eabi/11.3.1/../../../../arm-none-eabi/lib/thumb/v7e-m+fp/hard/libc.a(libc_a-callocr.o)
 .text          0x00000000000074dc        0x0 /usr/local/arm/GNU_Tools_for_ARM/bin/../lib/gcc/arm-none-eabi/11.3.1/../../../../arm-none-eabi/lib/thumb/v7e-m+fp/hard/libc.a(libc_a-wcsnrtombs.o)
 .text          0x00000000000074dc        0x0 /usr/local/arm/GNU_Tools_for_ARM/bin/../lib/gcc/arm-none-eabi/11.3.1/../../../../arm-none-eabi/lib/thumb/v7e-m+fp/hard/libc.a(libc_a-closer.o)
 .text          0x00000000000074dc        0x0 /usr/local/arm/GNU_Tools_for_ARM/bin/../lib/gcc/arm-none-eabi/11.3.1/../../../../arm-none-eabi/lib/thumb/v7e-m+fp/hard/libc.a(libc_a-reent.o)
 .text          0x00000000000074dc        0x0 /usr/local/arm/GNU_Tools_for_ARM/bin/../lib/gcc/arm-none-eabi/11.3.1/../../../../arm-none-eabi/lib/thumb/v7e-m+fp/hard/libc.a(libc_a-fflush.o)
 .text          0x00000000000074dc        0x0 /usr/local/arm/GNU_Tools_for_ARM/bin/../lib/gcc/arm-none-eabi/11.3.1/../../../../arm-none-eabi/lib/thumb/v7e-m+fp/hard/libc.a(libc_a-reallocr.o)
 .text          0x00000000000074dc        0x0 /usr/local/arm/GNU_Tools_for_ARM/bin/../lib/gcc/arm-none-eabi/11.3.1/../../../../arm-none-eabi/lib/thumb/v7e-m+fp/hard/libc.a(libc_a-envlock.o)
 .text          0x00000000000074dc        0x0 /usr/local/arm/GNU_Tools_for_ARM/bin/../lib/gcc/arm-none-eabi/11.3.1/../../../../arm-none-eabi/lib/thumb/v7e-m+fp/hard/libc.a(libc_a-strncmp.o)
 .text          0x00000000000074dc        0x0 /usr/local/arm/GNU_Tools_for_ARM/bin/../lib/gcc/arm-none-eabi/11.3.1/../../../../arm-none-eabi/lib/thumb/v7e-m+fp/hard/libc.a(libc_a-lseekr.o)
 .text          0x00000000000074dc        0x0 /usr/local/arm/GNU_Tools_for_ARM/bin/../lib/gcc/arm-none-eabi/11.3.1/../../../../arm-none-eabi/lib/thumb/v7e-m+fp/hard/libc.a(libc_a-readr.o)
 .text          0x00000000000074dc        0x0 /usr/local/arm/GNU_Tools_for_ARM/bin/../lib/gcc/arm-none-eabi/11.3.1/../../../../arm-none-eabi/lib/thumb/v7e-m+fp/hard/libc.a(libc_a-fiprintf.o)
 .text          0x00000000000074dc        0x0 /usr/local/arm/GNU_Tools_for_ARM/bin/../lib/gcc/arm-none-eabi/11.3.1/../../../../arm-none-eabi/lib/thumb/v7e-m+fp/hard/libc.a(libc_a-vfiprintf.o)
 .text          0x00000000000074dc        0x0 /usr/local/arm/GNU_Tools_for_ARM/bin/../lib/gcc/arm-none-eabi/11.3.1/../../../../arm-none-eabi/lib/thumb/v7e-m+fp/hard/libc.a(libc_a-abort.o)
 .text          0x00000000000074dc        0x0 /usr/local/arm/GNU_Tools_for_ARM/bin/../lib/gcc/arm-none-eabi/11.3.1/../../../../arm-none-eabi/lib/thumb/v7e-m+fp/hard/libc.a(libc_a-wsetup.o)
 .text          0x00000000000074dc        0x0 /usr/local/arm/GNU_Tools_for_ARM/bin/../lib/gcc/arm-none-eabi/11.3.1/../../../../arm-none-eabi/lib/thumb/v7e-m+fp/hard/libc.a(libc_a-makebuf.o)
 .text          0x00000000000074dc        0x0 /usr/local/arm/GNU_Tools_for_ARM/bin/../lib/gcc/arm-none-eabi/11.3.1/../../../../arm-none-eabi/lib/thumb/v7e-m+fp/hard/libc.a(libc_a-fstatr.o)
 .text          0x00000000000074dc        0x0 /usr/local/arm/GNU_Tools_for_ARM/bin/../lib/gcc/arm-none-eabi/11.3.1/../../../../arm-none-eabi/lib/thumb/v7e-m+fp/hard/libc.a(libc_a-signal.o)
 .text          0x00000000000074dc        0x0 /usr/local/arm/GNU_Tools_for_ARM/bin/../lib/gcc/arm-none-eabi/11.3.1/../../../../arm-none-eabi/lib/thumb/v7e-m+fp/hard/libc.a(libc_a-isattyr.o)
 .text          0x00000000000074dc        0x0 /usr/local/arm/GNU_Tools_for_ARM/bin/../lib/gcc/arm-none-eabi/11.3.1/../../../../arm-none-eabi/lib/thumb/v7e-m+fp/hard/libc.a(libc_a-fputwc.o)
 .text          0x00000000000074dc        0x0 /usr/local/arm/GNU_Tools_for_ARM/bin/../lib/gcc/arm-none-eabi/11.3.1/../../../../arm-none-eabi/lib/thumb/v7e-m+fp/hard/libc.a(libc_a-signalr.o)
 .text          0x00000000000074dc        0x0 /usr/local/arm/GNU_Tools_for_ARM/bin/../lib/gcc/arm-none-eabi/11.3.1/../../../../arm-none-eabi/lib/thumb/v7e-m+fp/hard/libc.a(libc_a-fvwrite.o)
 .text          0x00000000000074dc        0x0 /usr/local/arm/GNU_Tools_for_ARM/bin/../lib/gcc/arm-none-eabi/11.3.1/../../../../arm-none-eabi/lib/thumb/v7e-m+fp/hard/libc.a(libc_a-wbuf.o)
 .text          0x00000000000074dc        0x0 /usr/local/arm/GNU_Tools_for_ARM/bin/../lib/gcc/arm-none-eabi/11.3.1/../../../../arm-none-eabi/lib/thumb/v7e-m+fp/hard/libnosys.a(sbrk.o)
 .text          0x00000000000074dc      0x254 /usr/local/arm/GNU_Tools_for_ARM/bin/../lib/gcc/arm-none-eabi/11.3.1/thumb/v7e-m+fp/hard/libgcc.a(_arm_muldf3.o)
 .text          0x0000000000007730      0x378 /usr/local/arm/GNU_Tools_for_ARM/bin/../lib/gcc/arm-none-eabi/11.3.1/thumb/v7e-m+fp/hard/libgcc.a(_arm_addsubdf3.o)
                0x0000000000007730                __aeabi_drsub
                0x0000000000007738                __aeabi_dsub
                0x0000000000007738                __subdf3
                0x000000000000773c                __adddf3
                0x000000000000773c                __aeabi_dadd
                0x00000000000079b4                __aeabi_ui2d
                0x00000000000079b4                __floatunsidf
                0x00000000000079d4                __floatsidf
                0x00000000000079d4                __aeabi_i2d
                0x00000000000079f8                __extendsfdf2
                0x00000000000079f8                __aeabi_f2d
                0x0000000000007a3c                __aeabi_ul2d
                0x0000000000007a3c                __floatundidf
                0x0000000000007a4c                __floatdidf
                0x0000000000007a4c                __aeabi_l2d
 .text          0x0000000000007aa8      0x424 /usr/local/arm/GNU_Tools_for_ARM/bin/../lib/gcc/arm-none-eabi/11.3.1/thumb/v7e-m+fp/hard/libgcc.a(_arm_muldivdf3.o)
                0x0000000000007aa8                __aeabi_dmul
                0x0000000000007aa8                __muldf3
                0x0000000000007cfc                __aeabi_ddiv
                0x0000000000007cfc                __divdf3
 .text          0x0000000000007ecc      0x110 /usr/local/arm/GNU_Tools_for_ARM/bin/../lib/gcc/arm-none-eabi/11.3.1/thumb/v7e-m+fp/hard/libgcc.a(_arm_cmpdf2.o)
                0x0000000000007ecc                __gtdf2
                0x0000000000007ecc                __gedf2
                0x0000000000007ed4                __ltdf2
                0x0000000000007ed4                __ledf2
                0x0000000000007edc                __cmpdf2
                0x0000000000007edc                __eqdf2
                0x0000000000007edc                __nedf2
                0x0000000000007f58                __aeabi_cdrcmple
                0x0000000000007f68                __aeabi_cdcmple
                0x0000000000007f68                __aeabi_cdcmpeq
                0x0000000000007f78                __aeabi_dcmpeq
                0x0000000000007f8c                __aeabi_dcmplt
                0x0000000000007fa0                __aeabi_dcmple
                0x0000000000007fb4                __aeabi_dcmpge
                0x0000000000007fc8                __aeabi_dcmpgt
 .text          0x0000000000007fdc       0x2c /usr/local/arm/GNU_Tools_for_ARM/bin/../lib/gcc/arm-none-eabi/11.3.1/thumb/v7e-m+fp/hard/libgcc.a(_arm_unorddf2.o)
                0x0000000000007fdc                __aeabi_dcmpun
                0x0000000000007fdc                __unorddf2
 .text          0x0000000000008008       0x50 /usr/local/arm/GNU_Tools_for_ARM/bin/../lib/gcc/arm-none-eabi/11.3.1/thumb/v7e-m+fp/hard/libgcc.a(_arm_fixdfsi.o)
                0x0000000000008008                __fixdfsi
                0x0000000000008008                __aeabi_d2iz
 .text          0x0000000000008058        0x0 /usr/local/arm/GNU_Tools_for_ARM/bin/../lib/gcc/arm-none-eabi/11.3.1/thumb/v7e-m+fp/hard/crtend.o
 .text          0x0000000000008058        0x0 /usr/local/arm/GNU_Tools_for_ARM/bin/../lib/gcc/arm-none-eabi/11.3.1/thumb/v7e-m+fp/hard/crtn.o
 *(.text.*)
 .text.deregister_tm_clones
                0x0000000000008058       0x1c /usr/local/arm/GNU_Tools_for_ARM/bin/../lib/gcc/arm-none-eabi/11.3.1/thumb/v7e-m+fp/hard/crtbegin.o
 .text.register_tm_clones
                0x0000000000008074       0x24 /usr/local/arm/GNU_Tools_for_ARM/bin/../lib/gcc/arm-none-eabi/11.3.1/thumb/v7e-m+fp/hard/crtbegin.o
 .text.__do_global_dtors_aux
                0x0000000000008098       0x28 /usr/local/arm/GNU_Tools_for_ARM/bin/../lib/gcc/arm-none-eabi/11.3.1/thumb/v7e-m+fp/hard/crtbegin.o
 .text.frame_dummy
                0x00000000000080c0       0x24 /usr/local/arm/GNU_Tools_for_ARM/bin/../lib/gcc/arm-none-eabi/11.3.1/thumb/v7e-m+fp/hard/crtbegin.o
 .text.exit     0x00000000000080e4       0x1c /usr/local/arm/GNU_Tools_for_ARM/bin/../lib/gcc/arm-none-eabi/11.3.1/../../../../arm-none-eabi/lib/thumb/v7e-m+fp/hard/libc.a(libc_a-exit.o)
                0x00000000000080e4                exit
 .text.sprintf  0x0000000000008100       0x40 /usr/local/arm/GNU_Tools_for_ARM/bin/../lib/gcc/arm-none-eabi/11.3.1/../../../../arm-none-eabi/lib/thumb/v7e-m+fp/hard/libc.a(libc_a-sprintf.o)
                0x0000000000008100                sprintf
 .text.__errno  0x0000000000008140        0xc /usr/local/arm/GNU_Tools_for_ARM/bin/../lib/gcc/arm-none-eabi/11.3.1/../../../../arm-none-eabi/lib/thumb/v7e-m+fp/hard/libc.a(libc_a-errno.o)
                0x0000000000008140                __errno
 *fill*         0x000000000000814c        0x4 
 .text._svfprintf_r
                0x0000000000008150     0x1be0 /usr/local/arm/GNU_Tools_for_ARM/bin/../lib/gcc/arm-none-eabi/11.3.1/../../../../arm-none-eabi/lib/thumb/v7e-m+fp/hard/libc.a(libc_a-svfprintf.o)
                0x0000000000008150                _svfprintf_r
 .text.vsprintf
                0x0000000000009d30       0x38 /usr/local/arm/GNU_Tools_for_ARM/bin/../lib/gcc/arm-none-eabi/11.3.1/../../../../arm-none-eabi/lib/thumb/v7e-m+fp/hard/libc.a(libc_a-vsprintf.o)
                0x0000000000009d30                vsprintf
 .text._malloc_r
                0x0000000000009d68      0x560 /usr/local/arm/GNU_Tools_for_ARM/bin/../lib/gcc/arm-none-eabi/11.3.1/../../../../arm-none-eabi/lib/thumb/v7e-m+fp/hard/libc.a(libc_a-mallocr.o)
                0x0000000000009d68                _malloc_r
 .text.startup.register_fini
                0x000000000000a2c8       0x14 /usr/local/arm/GNU_Tools_for_ARM/bin/../lib/gcc/arm-none-eabi/11.3.1/../../../../arm-none-eabi/lib/thumb/v7e-m+fp/hard/libc.a(libc_a-__call_atexit.o)
 .text.__call_exitprocs
                0x000000000000a2dc       0xc8 /usr/local/arm/GNU_Tools_for_ARM/bin/../lib/gcc/arm-none-eabi/11.3.1/../../../../arm-none-eabi/lib/thumb/v7e-m+fp/hard/libc.a(libc_a-__call_atexit.o)
                0x000000000000a2dc                __call_exitprocs
 .text.memset   0x000000000000a3a4       0xa4 /usr/local/arm/GNU_Tools_for_ARM/bin/../lib/gcc/arm-none-eabi/11.3.1/../../../../arm-none-eabi/lib/thumb/v7e-m+fp/hard/libc.a(libc_a-memset.o)
                0x000000000000a3a4                memset
 .text._wcrtomb_r
                0x000000000000a448       0x4c /usr/local/arm/GNU_Tools_for_ARM/bin/../lib/gcc/arm-none-eabi/11.3.1/../../../../arm-none-eabi/lib/thumb/v7e-m+fp/hard/libc.a(libc_a-wcrtomb.o)
                0x000000000000a448                _wcrtomb_r
 .text.__libc_init_array
                0x000000000000a494       0x48 /usr/local/arm/GNU_Tools_for_ARM/bin/../lib/gcc/arm-none-eabi/11.3.1/../../../../arm-none-eabi/lib/thumb/v7e-m+fp/hard/libc.a(libc_a-init.o)
                0x000000000000a494                __libc_init_array
 .text.__libc_fini_array
                0x000000000000a4dc       0x28 /usr/local/arm/GNU_Tools_for_ARM/bin/../lib/gcc/arm-none-eabi/11.3.1/../../../../arm-none-eabi/lib/thumb/v7e-m+fp/hard/libc.a(libc_a-fini.o)
                0x000000000000a4dc                __libc_fini_array
 .text.__retarget_lock_init_recursive
                0x000000000000a504        0x4 /usr/local/arm/GNU_Tools_for_ARM/bin/../lib/gcc/arm-none-eabi/11.3.1/../../../../arm-none-eabi/lib/thumb/v7e-m+fp/hard/libc.a(libc_a-lock.o)
                0x000000000000a504                __retarget_lock_init_recursive
 .text.__retarget_lock_close_recursive
                0x000000000000a508        0x4 /usr/local/arm/GNU_Tools_for_ARM/bin/../lib/gcc/arm-none-eabi/11.3.1/../../../../arm-none-eabi/lib/thumb/v7e-m+fp/hard/libc.a(libc_a-lock.o)
                0x000000000000a508                __retarget_lock_close_recursive
 .text.__retarget_lock_acquire_recursive
                0x000000000000a50c        0x4 /usr/local/arm/GNU_Tools_for_ARM/bin/../lib/gcc/arm-none-eabi/11.3.1/../../../../arm-none-eabi/lib/thumb/v7e-m+fp/hard/libc.a(libc_a-lock.o)
                0x000000000000a50c                __retarget_lock_acquire_recursive
 .text.__retarget_lock_release_recursive
                0x000000000000a510        0x4 /usr/local/arm/GNU_Tools_for_ARM/bin/../lib/gcc/arm-none-eabi/11.3.1/../../../../arm-none-eabi/lib/thumb/v7e-m+fp/hard/libc.a(libc_a-lock.o)
                0x000000000000a510                __retarget_lock_release_recursive
 .text.__locale_mb_cur_max
                0x000000000000a514        0xc /usr/local/arm/GNU_Tools_for_ARM/bin/../lib/gcc/arm-none-eabi/11.3.1/../../../../arm-none-eabi/lib/thumb/v7e-m+fp/hard/libc.a(libc_a-locale.o)
                0x000000000000a514                __locale_mb_cur_max
 .text._localeconv_r
                0x000000000000a520        0x8 /usr/local/arm/GNU_Tools_for_ARM/bin/../lib/gcc/arm-none-eabi/11.3.1/../../../../arm-none-eabi/lib/thumb/v7e-m+fp/hard/libc.a(libc_a-localeconv.o)
                0x000000000000a520                _localeconv_r
 .text.__malloc_lock
                0x000000000000a528        0xc /usr/local/arm/GNU_Tools_for_ARM/bin/../lib/gcc/arm-none-eabi/11.3.1/../../../../arm-none-eabi/lib/thumb/v7e-m+fp/hard/libc.a(libc_a-mlock.o)
                0x000000000000a528                __malloc_lock
 .text.__malloc_unlock
                0x000000000000a534        0xc /usr/local/arm/GNU_Tools_for_ARM/bin/../lib/gcc/arm-none-eabi/11.3.1/../../../../arm-none-eabi/lib/thumb/v7e-m+fp/hard/libc.a(libc_a-mlock.o)
                0x000000000000a534                __malloc_unlock
 .text.atexit   0x000000000000a540        0xc /usr/local/arm/GNU_Tools_for_ARM/bin/../lib/gcc/arm-none-eabi/11.3.1/../../../../arm-none-eabi/lib/thumb/v7e-m+fp/hard/libc.a(libc_a-atexit.o)
                0x000000000000a540                atexit
 .text._wcsrtombs_r
                0x000000000000a54c       0x18 /usr/local/arm/GNU_Tools_for_ARM/bin/../lib/gcc/arm-none-eabi/11.3.1/../../../../arm-none-eabi/lib/thumb/v7e-m+fp/hard/libc.a(libc_a-wcsrtombs.o)
                0x000000000000a54c                _wcsrtombs_r
 .text.quorem   0x000000000000a564      0x128 /usr/local/arm/GNU_Tools_for_ARM/bin/../lib/gcc/arm-none-eabi/11.3.1/../../../../arm-none-eabi/lib/thumb/v7e-m+fp/hard/libc.a(libc_a-dtoa.o)
 *fill*         0x000000000000a68c        0x4 
 .text._dtoa_r  0x000000000000a690      0xf3c /usr/local/arm/GNU_Tools_for_ARM/bin/../lib/gcc/arm-none-eabi/11.3.1/../../../../arm-none-eabi/lib/thumb/v7e-m+fp/hard/libc.a(libc_a-dtoa.o)
                0x000000000000a690                _dtoa_r
 .text.stdio_exit_handler
                0x000000000000b5cc       0x18 /usr/local/arm/GNU_Tools_for_ARM/bin/../lib/gcc/arm-none-eabi/11.3.1/../../../../arm-none-eabi/lib/thumb/v7e-m+fp/hard/libc.a(libc_a-findfp.o)
 .text.cleanup_stdio
                0x000000000000b5e4       0x40 /usr/local/arm/GNU_Tools_for_ARM/bin/../lib/gcc/arm-none-eabi/11.3.1/../../../../arm-none-eabi/lib/thumb/v7e-m+fp/hard/libc.a(libc_a-findfp.o)
 .text.global_stdio_init.part.0
                0x000000000000b624       0xd4 /usr/local/arm/GNU_Tools_for_ARM/bin/../lib/gcc/arm-none-eabi/11.3.1/../../../../arm-none-eabi/lib/thumb/v7e-m+fp/hard/libc.a(libc_a-findfp.o)
 .text.__sinit  0x000000000000b6f8       0x3c /usr/local/arm/GNU_Tools_for_ARM/bin/../lib/gcc/arm-none-eabi/11.3.1/../../../../arm-none-eabi/lib/thumb/v7e-m+fp/hard/libc.a(libc_a-findfp.o)
                0x000000000000b6f8                __sinit
 .text.__sfp_lock_acquire
                0x000000000000b734        0xc /usr/local/arm/GNU_Tools_for_ARM/bin/../lib/gcc/arm-none-eabi/11.3.1/../../../../arm-none-eabi/lib/thumb/v7e-m+fp/hard/libc.a(libc_a-findfp.o)
                0x000000000000b734                __sfp_lock_acquire
 .text.__sfp_lock_release
                0x000000000000b740        0xc /usr/local/arm/GNU_Tools_for_ARM/bin/../lib/gcc/arm-none-eabi/11.3.1/../../../../arm-none-eabi/lib/thumb/v7e-m+fp/hard/libc.a(libc_a-findfp.o)
                0x000000000000b740                __sfp_lock_release
 .text.frexp    0x000000000000b74c       0x6c /usr/local/arm/GNU_Tools_for_ARM/bin/../lib/gcc/arm-none-eabi/11.3.1/../../../../arm-none-eabi/lib/thumb/v7e-m+fp/hard/libc.a(libm_a-s_frexp.o)
                0x000000000000b74c                frexp
 .text._malloc_trim_r
                0x000000000000b7b8       0xa0 /usr/local/arm/GNU_Tools_for_ARM/bin/../lib/gcc/arm-none-eabi/11.3.1/../../../../arm-none-eabi/lib/thumb/v7e-m+fp/hard/libc.a(libc_a-freer.o)
                0x000000000000b7b8                _malloc_trim_r
 .text._free_r  0x000000000000b858      0x20c /usr/local/arm/GNU_Tools_for_ARM/bin/../lib/gcc/arm-none-eabi/11.3.1/../../../../arm-none-eabi/lib/thumb/v7e-m+fp/hard/libc.a(libc_a-freer.o)
                0x000000000000b858                _free_r
 .text.strncpy  0x000000000000ba64       0x64 /usr/local/arm/GNU_Tools_for_ARM/bin/../lib/gcc/arm-none-eabi/11.3.1/../../../../arm-none-eabi/lib/thumb/v7e-m+fp/hard/libc.a(libc_a-strncpy.o)
                0x000000000000ba64                strncpy
 .text.__sread  0x000000000000bac8       0x24 /usr/local/arm/GNU_Tools_for_ARM/bin/../lib/gcc/arm-none-eabi/11.3.1/../../../../arm-none-eabi/lib/thumb/v7e-m+fp/hard/libc.a(libc_a-stdio.o)
                0x000000000000bac8                __sread
 .text.__swrite
                0x000000000000baec       0x40 /usr/local/arm/GNU_Tools_for_ARM/bin/../lib/gcc/arm-none-eabi/11.3.1/../../../../arm-none-eabi/lib/thumb/v7e-m+fp/hard/libc.a(libc_a-stdio.o)
                0x000000000000baec                __swrite
 .text.__sseek  0x000000000000bb2c       0x20 /usr/local/arm/GNU_Tools_for_ARM/bin/../lib/gcc/arm-none-eabi/11.3.1/../../../../arm-none-eabi/lib/thumb/v7e-m+fp/hard/libc.a(libc_a-stdio.o)
                0x000000000000bb2c                __sseek
 .text.__sclose
                0x000000000000bb4c        0x8 /usr/local/arm/GNU_Tools_for_ARM/bin/../lib/gcc/arm-none-eabi/11.3.1/../../../../arm-none-eabi/lib/thumb/v7e-m+fp/hard/libc.a(libc_a-stdio.o)
                0x000000000000bb4c                __sclose
 .text.__ascii_wctomb
                0x000000000000bb54       0x1c /usr/local/arm/GNU_Tools_for_ARM/bin/../lib/gcc/arm-none-eabi/11.3.1/../../../../arm-none-eabi/lib/thumb/v7e-m+fp/hard/libc.a(libc_a-wctomb_r.o)
                0x000000000000bb54                __ascii_wctomb
 .text._sbrk_r  0x000000000000bb70       0x24 /usr/local/arm/GNU_Tools_for_ARM/bin/../lib/gcc/arm-none-eabi/11.3.1/../../../../arm-none-eabi/lib/thumb/v7e-m+fp/hard/libc.a(libc_a-sbrkr.o)
                0x000000000000bb70                _sbrk_r
 .text._fwalk_sglue
                0x000000000000bb94       0x48 /usr/local/arm/GNU_Tools_for_ARM/bin/../lib/gcc/arm-none-eabi/11.3.1/../../../../arm-none-eabi/lib/thumb/v7e-m+fp/hard/libc.a(libc_a-fwalk.o)
                0x000000000000bb94                _fwalk_sglue
 .text._write_r
                0x000000000000bbdc       0x2c /usr/local/arm/GNU_Tools_for_ARM/bin/../lib/gcc/arm-none-eabi/11.3.1/../../../../arm-none-eabi/lib/thumb/v7e-m+fp/hard/libc.a(libc_a-writer.o)
                0x000000000000bbdc                _write_r
 .text.__ssprint_r
                0x000000000000bc08      0x100 /usr/local/arm/GNU_Tools_for_ARM/bin/../lib/gcc/arm-none-eabi/11.3.1/../../../../arm-none-eabi/lib/thumb/v7e-m+fp/hard/libc.a(libc_a-svfiprintf.o)
                0x000000000000bc08                __ssprint_r
 .text.__register_exitproc
                0x000000000000bd08       0x88 /usr/local/arm/GNU_Tools_for_ARM/bin/../lib/gcc/arm-none-eabi/11.3.1/../../../../arm-none-eabi/lib/thumb/v7e-m+fp/hard/libc.a(libc_a-__atexit.o)
                0x000000000000bd08                __register_exitproc
 .text.__ascii_mbtowc
                0x000000000000bd90       0x2c /usr/local/arm/GNU_Tools_for_ARM/bin/../lib/gcc/arm-none-eabi/11.3.1/../../../../arm-none-eabi/lib/thumb/v7e-m+fp/hard/libc.a(libc_a-mbtowc_r.o)
                0x000000000000bd90                __ascii_mbtowc
 .text.memmove  0x000000000000bdbc       0xf8 /usr/local/arm/GNU_Tools_for_ARM/bin/../lib/gcc/arm-none-eabi/11.3.1/../../../../arm-none-eabi/lib/thumb/v7e-m+fp/hard/libc.a(libc_a-memmove.o)
                0x000000000000bdbc                memmove
 .text.__assert_func
                0x000000000000beb4       0x40 /usr/local/arm/GNU_Tools_for_ARM/bin/../lib/gcc/arm-none-eabi/11.3.1/../../../../arm-none-eabi/lib/thumb/v7e-m+fp/hard/libc.a(libc_a-assert.o)
                0x000000000000beb4                __assert_func
 .text._fclose_r
                0x000000000000bef4       0xc8 /usr/local/arm/GNU_Tools_for_ARM/bin/../lib/gcc/arm-none-eabi/11.3.1/../../../../arm-none-eabi/lib/thumb/v7e-m+fp/hard/libc.a(libc_a-fclose.o)
                0x000000000000bef4                _fclose_r
 .text._Balloc  0x000000000000bfbc       0x4c /usr/local/arm/GNU_Tools_for_ARM/bin/../lib/gcc/arm-none-eabi/11.3.1/../../../../arm-none-eabi/lib/thumb/v7e-m+fp/hard/libc.a(libc_a-mprec.o)
                0x000000000000bfbc                _Balloc
 .text._Bfree   0x000000000000c008       0x14 /usr/local/arm/GNU_Tools_for_ARM/bin/../lib/gcc/arm-none-eabi/11.3.1/../../../../arm-none-eabi/lib/thumb/v7e-m+fp/hard/libc.a(libc_a-mprec.o)
                0x000000000000c008                _Bfree
 .text.__multadd
                0x000000000000c01c       0xa4 /usr/local/arm/GNU_Tools_for_ARM/bin/../lib/gcc/arm-none-eabi/11.3.1/../../../../arm-none-eabi/lib/thumb/v7e-m+fp/hard/libc.a(libc_a-mprec.o)
                0x000000000000c01c                __multadd
 .text.__hi0bits
                0x000000000000c0c0       0x40 /usr/local/arm/GNU_Tools_for_ARM/bin/../lib/gcc/arm-none-eabi/11.3.1/../../../../arm-none-eabi/lib/thumb/v7e-m+fp/hard/libc.a(libc_a-mprec.o)
                0x000000000000c0c0                __hi0bits
 .text.__lo0bits
                0x000000000000c100       0x60 /usr/local/arm/GNU_Tools_for_ARM/bin/../lib/gcc/arm-none-eabi/11.3.1/../../../../arm-none-eabi/lib/thumb/v7e-m+fp/hard/libc.a(libc_a-mprec.o)
                0x000000000000c100                __lo0bits
 .text.__i2b    0x000000000000c160       0x5c /usr/local/arm/GNU_Tools_for_ARM/bin/../lib/gcc/arm-none-eabi/11.3.1/../../../../arm-none-eabi/lib/thumb/v7e-m+fp/hard/libc.a(libc_a-mprec.o)
                0x000000000000c160                __i2b
 .text.__multiply
                0x000000000000c1bc      0x15c /usr/local/arm/GNU_Tools_for_ARM/bin/../lib/gcc/arm-none-eabi/11.3.1/../../../../arm-none-eabi/lib/thumb/v7e-m+fp/hard/libc.a(libc_a-mprec.o)
                0x000000000000c1bc                __multiply
 .text.__pow5mult
                0x000000000000c318       0xc0 /usr/local/arm/GNU_Tools_for_ARM/bin/../lib/gcc/arm-none-eabi/11.3.1/../../../../arm-none-eabi/lib/thumb/v7e-m+fp/hard/libc.a(libc_a-mprec.o)
                0x000000000000c318                __pow5mult
 .text.__lshift
                0x000000000000c3d8       0xf0 /usr/local/arm/GNU_Tools_for_ARM/bin/../lib/gcc/arm-none-eabi/11.3.1/../../../../arm-none-eabi/lib/thumb/v7e-m+fp/hard/libc.a(libc_a-mprec.o)
                0x000000000000c3d8                __lshift
 .text.__mcmp   0x000000000000c4c8       0x44 /usr/local/arm/GNU_Tools_for_ARM/bin/../lib/gcc/arm-none-eabi/11.3.1/../../../../arm-none-eabi/lib/thumb/v7e-m+fp/hard/libc.a(libc_a-mprec.o)
                0x000000000000c4c8                __mcmp
 .text.__mdiff  0x000000000000c50c      0x154 /usr/local/arm/GNU_Tools_for_ARM/bin/../lib/gcc/arm-none-eabi/11.3.1/../../../../arm-none-eabi/lib/thumb/v7e-m+fp/hard/libc.a(libc_a-mprec.o)
                0x000000000000c50c                __mdiff
 .text.__d2b    0x000000000000c660       0xd4 /usr/local/arm/GNU_Tools_for_ARM/bin/../lib/gcc/arm-none-eabi/11.3.1/../../../../arm-none-eabi/lib/thumb/v7e-m+fp/hard/libc.a(libc_a-mprec.o)
                0x000000000000c660                __d2b
 .text._calloc_r
                0x000000000000c734       0x78 /usr/local/arm/GNU_Tools_for_ARM/bin/../lib/gcc/arm-none-eabi/11.3.1/../../../../arm-none-eabi/lib/thumb/v7e-m+fp/hard/libc.a(libc_a-callocr.o)
                0x000000000000c734                _calloc_r
 .text._wcsnrtombs_l
                0x000000000000c7ac      0x108 /usr/local/arm/GNU_Tools_for_ARM/bin/../lib/gcc/arm-none-eabi/11.3.1/../../../../arm-none-eabi/lib/thumb/v7e-m+fp/hard/libc.a(libc_a-wcsnrtombs.o)
                0x000000000000c7ac                _wcsnrtombs_l
 .text._wcsnrtombs_r
                0x000000000000c8b4       0x24 /usr/local/arm/GNU_Tools_for_ARM/bin/../lib/gcc/arm-none-eabi/11.3.1/../../../../arm-none-eabi/lib/thumb/v7e-m+fp/hard/libc.a(libc_a-wcsnrtombs.o)
                0x000000000000c8b4                _wcsnrtombs_r
 .text._close_r
                0x000000000000c8d8       0x24 /usr/local/arm/GNU_Tools_for_ARM/bin/../lib/gcc/arm-none-eabi/11.3.1/../../../../arm-none-eabi/lib/thumb/v7e-m+fp/hard/libc.a(libc_a-closer.o)
                0x000000000000c8d8                _close_r
 .text.__sflush_r
                0x000000000000c8fc      0x130 /usr/local/arm/GNU_Tools_for_ARM/bin/../lib/gcc/arm-none-eabi/11.3.1/../../../../arm-none-eabi/lib/thumb/v7e-m+fp/hard/libc.a(libc_a-fflush.o)
                0x000000000000c8fc                __sflush_r
 .text._fflush_r
                0x000000000000ca2c       0x54 /usr/local/arm/GNU_Tools_for_ARM/bin/../lib/gcc/arm-none-eabi/11.3.1/../../../../arm-none-eabi/lib/thumb/v7e-m+fp/hard/libc.a(libc_a-fflush.o)
                0x000000000000ca2c                _fflush_r
 .text._realloc_r
                0x000000000000ca80      0x3d8 /usr/local/arm/GNU_Tools_for_ARM/bin/../lib/gcc/arm-none-eabi/11.3.1/../../../../arm-none-eabi/lib/thumb/v7e-m+fp/hard/libc.a(libc_a-reallocr.o)
                0x000000000000ca80                _realloc_r
 .text._lseek_r
                0x000000000000ce58       0x2c /usr/local/arm/GNU_Tools_for_ARM/bin/../lib/gcc/arm-none-eabi/11.3.1/../../../../arm-none-eabi/lib/thumb/v7e-m+fp/hard/libc.a(libc_a-lseekr.o)
                0x000000000000ce58                _lseek_r
 .text._read_r  0x000000000000ce84       0x2c /usr/local/arm/GNU_Tools_for_ARM/bin/../lib/gcc/arm-none-eabi/11.3.1/../../../../arm-none-eabi/lib/thumb/v7e-m+fp/hard/libc.a(libc_a-readr.o)
                0x000000000000ce84                _read_r
 .text.fiprintf
                0x000000000000ceb0       0x28 /usr/local/arm/GNU_Tools_for_ARM/bin/../lib/gcc/arm-none-eabi/11.3.1/../../../../arm-none-eabi/lib/thumb/v7e-m+fp/hard/libc.a(libc_a-fiprintf.o)
                0x000000000000ceb0                fiprintf
 .text.__sprint_r.part.0
                0x000000000000ced8       0x78 /usr/local/arm/GNU_Tools_for_ARM/bin/../lib/gcc/arm-none-eabi/11.3.1/../../../../arm-none-eabi/lib/thumb/v7e-m+fp/hard/libc.a(libc_a-vfiprintf.o)
 .text._vfiprintf_r
                0x000000000000cf50      0xf8c /usr/local/arm/GNU_Tools_for_ARM/bin/../lib/gcc/arm-none-eabi/11.3.1/../../../../arm-none-eabi/lib/thumb/v7e-m+fp/hard/libc.a(libc_a-vfiprintf.o)
                0x000000000000cf50                _vfiprintf_r
 .text.__sbprintf
                0x000000000000dedc       0x80 /usr/local/arm/GNU_Tools_for_ARM/bin/../lib/gcc/arm-none-eabi/11.3.1/../../../../arm-none-eabi/lib/thumb/v7e-m+fp/hard/libc.a(libc_a-vfiprintf.o)
 .text.abort    0x000000000000df5c       0x10 /usr/local/arm/GNU_Tools_for_ARM/bin/../lib/gcc/arm-none-eabi/11.3.1/../../../../arm-none-eabi/lib/thumb/v7e-m+fp/hard/libc.a(libc_a-abort.o)
                0x000000000000df5c                abort
 .text.__swsetup_r
                0x000000000000df6c       0xcc /usr/local/arm/GNU_Tools_for_ARM/bin/../lib/gcc/arm-none-eabi/11.3.1/../../../../arm-none-eabi/lib/thumb/v7e-m+fp/hard/libc.a(libc_a-wsetup.o)
                0x000000000000df6c                __swsetup_r
 .text.__smakebuf_r
                0x000000000000e038       0xd8 /usr/local/arm/GNU_Tools_for_ARM/bin/../lib/gcc/arm-none-eabi/11.3.1/../../../../arm-none-eabi/lib/thumb/v7e-m+fp/hard/libc.a(libc_a-makebuf.o)
                0x000000000000e038                __smakebuf_r
 .text._fstat_r
                0x000000000000e110       0x2c /usr/local/arm/GNU_Tools_for_ARM/bin/../lib/gcc/arm-none-eabi/11.3.1/../../../../arm-none-eabi/lib/thumb/v7e-m+fp/hard/libc.a(libc_a-fstatr.o)
                0x000000000000e110                _fstat_r
 .text.raise    0x000000000000e13c       0x5c /usr/local/arm/GNU_Tools_for_ARM/bin/../lib/gcc/arm-none-eabi/11.3.1/../../../../arm-none-eabi/lib/thumb/v7e-m+fp/hard/libc.a(libc_a-signal.o)
                0x000000000000e13c                raise
 .text._isatty_r
                0x000000000000e198       0x24 /usr/local/arm/GNU_Tools_for_ARM/bin/../lib/gcc/arm-none-eabi/11.3.1/../../../../arm-none-eabi/lib/thumb/v7e-m+fp/hard/libc.a(libc_a-isattyr.o)
                0x000000000000e198                _isatty_r
 .text.__fputwc
                0x000000000000e1bc       0xac /usr/local/arm/GNU_Tools_for_ARM/bin/../lib/gcc/arm-none-eabi/11.3.1/../../../../arm-none-eabi/lib/thumb/v7e-m+fp/hard/libc.a(libc_a-fputwc.o)
                0x000000000000e1bc                __fputwc
 .text._fputwc_r
                0x000000000000e268       0x68 /usr/local/arm/GNU_Tools_for_ARM/bin/../lib/gcc/arm-none-eabi/11.3.1/../../../../arm-none-eabi/lib/thumb/v7e-m+fp/hard/libc.a(libc_a-fputwc.o)
                0x000000000000e268                _fputwc_r
 .text._kill_r  0x000000000000e2d0       0x2c /usr/local/arm/GNU_Tools_for_ARM/bin/../lib/gcc/arm-none-eabi/11.3.1/../../../../arm-none-eabi/lib/thumb/v7e-m+fp/hard/libc.a(libc_a-signalr.o)
                0x000000000000e2d0                _kill_r
 .text._getpid_r
                0x000000000000e2fc        0x4 /usr/local/arm/GNU_Tools_for_ARM/bin/../lib/gcc/arm-none-eabi/11.3.1/../../../../arm-none-eabi/lib/thumb/v7e-m+fp/hard/libc.a(libc_a-signalr.o)
                0x000000000000e2fc                _getpid_r
 .text.__sfvwrite_r
                0x000000000000e300      0x2f4 /usr/local/arm/GNU_Tools_for_ARM/bin/../lib/gcc/arm-none-eabi/11.3.1/../../../../arm-none-eabi/lib/thumb/v7e-m+fp/hard/libc.a(libc_a-fvwrite.o)
                0x000000000000e300                __sfvwrite_r
 .text.__swbuf_r
                0x000000000000e5f4       0xb0 /usr/local/arm/GNU_Tools_for_ARM/bin/../lib/gcc/arm-none-eabi/11.3.1/../../../../arm-none-eabi/lib/thumb/v7e-m+fp/hard/libc.a(libc_a-wbuf.o)
                0x000000000000e5f4                __swbuf_r
 .text._sbrk    0x000000000000e6a4       0x1c /usr/local/arm/GNU_Tools_for_ARM/bin/../lib/gcc/arm-none-eabi/11.3.1/../../../../arm-none-eabi/lib/thumb/v7e-m+fp/hard/libnosys.a(sbrk.o)
                0x000000000000e6a4                _sbrk
                0x000000000000e6c0                . = ALIGN (0x4)
 *(.ctors)
                0x000000000000e6c0                . = ALIGN (0x4)
 *(.dtors)
                0x000000000000e6c0                . = ALIGN (0x4)
                0x000000000000e6c0                __init_array_start = .
 *(.init_array*)
 .init_array    0x000000000000e6c0        0x4 /usr/local/arm/GNU_Tools_for_ARM/bin/../lib/gcc/arm-none-eabi/11.3.1/thumb/v7e-m+fp/hard/crtbegin.o
 .init_array.00000
                0x000000000000e6c4        0x4 /usr/local/arm/GNU_Tools_for_ARM/bin/../lib/gcc/arm-none-eabi/11.3.1/../../../../arm-none-eabi/lib/thumb/v7e-m+fp/hard/libc.a(libc_a-__call_atexit.o)
                0x000000000000e6c8                __init_array_end = .
 *(.init)
 .init          0x000000000000e6c8        0x4 /usr/local/arm/GNU_Tools_for_ARM/bin/../lib/gcc/arm-none-eabi/11.3.1/thumb/v7e-m+fp/hard/crti.o
                0x000000000000e6c8                _init
 .init          0x000000000000e6cc        0x8 /usr/local/arm/GNU_Tools_for_ARM/bin/../lib/gcc/arm-none-eabi/11.3.1/thumb/v7e-m+fp/hard/crtn.o
 *(.fini*)
 .fini          0x000000000000e6d4        0x4 /usr/local/arm/GNU_Tools_for_ARM/bin/../lib/gcc/arm-none-eabi/11.3.1/thumb/v7e-m+fp/hard/crti.o
                0x000000000000e6d4                _fini
 .fini_array    0x000000000000e6d8        0x4 /usr/local/arm/GNU_Tools_for_ARM/bin/../lib/gcc/arm-none-eabi/11.3.1/thumb/v7e-m+fp/hard/crtbegin.o
 .fini          0x000000000000e6dc        0x8 /usr/local/arm/GNU_Tools_for_ARM/bin/../lib/gcc/arm-none-eabi/11.3.1/thumb/v7e-m+fp/hard/crtn.o

.glue_7         0x000000000000e6e4        0x0
 .glue_7        0x000000000000e6e4        0x0 linker stubs

.glue_7t        0x000000000000e6e4        0x0
 .glue_7t       0x000000000000e6e4        0x0 linker stubs

.vfp11_veneer   0x000000000000e6e4        0x0
 .vfp11_veneer  0x000000000000e6e4        0x0 linker stubs

.v4_bx          0x000000000000e6e4        0x0
 .v4_bx         0x000000000000e6e4        0x0 linker stubs

.iplt           0x000000000000e6e4        0x0
 .iplt          0x000000000000e6e4        0x0 /usr/local/arm/GNU_Tools_for_ARM/bin/../lib/gcc/arm-none-eabi/11.3.1/thumb/v7e-m+fp/hard/crtbegin.o

.rodata         0x000000000000e6e8      0x5cc
 *(.rodata)
 .rodata        0x000000000000e6e8       0x55 build/main.o
 *fill*         0x000000000000e73d        0x3 
 .rodata        0x000000000000e740       0x4c build/gpio.o
 .rodata        0x000000000000e78c       0x90 build/interrupt.o
 .rodata        0x000000000000e81c       0x68 build/user_periph.o
 .rodata        0x000000000000e884       0x3f build/user_uart.o
 *fill*         0x000000000000e8c3        0x1 
 .rodata        0x000000000000e8c4        0x7 build/user_dma.o
 *(.rodata.*)
 *fill*         0x000000000000e8cb        0x1 
 .rodata._svfprintf_r.str1.4
                0x000000000000e8cc       0x42 /usr/local/arm/GNU_Tools_for_ARM/bin/../lib/gcc/arm-none-eabi/11.3.1/../../../../arm-none-eabi/lib/thumb/v7e-m+fp/hard/libc.a(libc_a-svfprintf.o)
 *fill*         0x000000000000e90e        0x2 
 .rodata.blanks.1
                0x000000000000e910       0x10 /usr/local/arm/GNU_Tools_for_ARM/bin/../lib/gcc/arm-none-eabi/11.3.1/../../../../arm-none-eabi/lib/thumb/v7e-m+fp/hard/libc.a(libc_a-svfprintf.o)
 .rodata.zeroes.0
                0x000000000000e920       0x10 /usr/local/arm/GNU_Tools_for_ARM/bin/../lib/gcc/arm-none-eabi/11.3.1/../../../../arm-none-eabi/lib/thumb/v7e-m+fp/hard/libc.a(libc_a-svfprintf.o)
 .rodata.str1.4
                0x000000000000e930       0x48 /usr/local/arm/GNU_Tools_for_ARM/bin/../lib/gcc/arm-none-eabi/11.3.1/../../../../arm-none-eabi/lib/thumb/v7e-m+fp/hard/libc.a(libc_a-locale.o)
                                         0x4c (size before relaxing)
 .rodata._dtoa_r.str1.4
                0x000000000000e978       0x7d /usr/local/arm/GNU_Tools_for_ARM/bin/../lib/gcc/arm-none-eabi/11.3.1/../../../../arm-none-eabi/lib/thumb/v7e-m+fp/hard/libc.a(libc_a-dtoa.o)
                                         0x81 (size before relaxing)
 *fill*         0x000000000000e9f5        0x3 
 .rodata._ctype_
                0x000000000000e9f8      0x101 /usr/local/arm/GNU_Tools_for_ARM/bin/../lib/gcc/arm-none-eabi/11.3.1/../../../../arm-none-eabi/lib/thumb/v7e-m+fp/hard/libc.a(libc_a-ctype_.o)
                0x000000000000e9f8                _ctype_
 *fill*         0x000000000000eaf9        0x3 
 .rodata.__assert_func.str1.4
                0x000000000000eafc       0x3f /usr/local/arm/GNU_Tools_for_ARM/bin/../lib/gcc/arm-none-eabi/11.3.1/../../../../arm-none-eabi/lib/thumb/v7e-m+fp/hard/libc.a(libc_a-assert.o)
                                         0x43 (size before relaxing)
 *fill*         0x000000000000eb3b        0x1 
 .rodata.__multadd.str1.4
                0x000000000000eb3c       0x5a /usr/local/arm/GNU_Tools_for_ARM/bin/../lib/gcc/arm-none-eabi/11.3.1/../../../../arm-none-eabi/lib/thumb/v7e-m+fp/hard/libc.a(libc_a-mprec.o)
                                         0x6e (size before relaxing)
 *fill*         0x000000000000eb96        0x2 
 .rodata.__mprec_bigtens
                0x000000000000eb98       0x28 /usr/local/arm/GNU_Tools_for_ARM/bin/../lib/gcc/arm-none-eabi/11.3.1/../../../../arm-none-eabi/lib/thumb/v7e-m+fp/hard/libc.a(libc_a-mprec.o)
                0x000000000000eb98                __mprec_bigtens
 .rodata.__mprec_tens
                0x000000000000ebc0       0xc8 /usr/local/arm/GNU_Tools_for_ARM/bin/../lib/gcc/arm-none-eabi/11.3.1/../../../../arm-none-eabi/lib/thumb/v7e-m+fp/hard/libc.a(libc_a-mprec.o)
                0x000000000000ebc0                __mprec_tens
 .rodata.p05.0  0x000000000000ec88        0xc /usr/local/arm/GNU_Tools_for_ARM/bin/../lib/gcc/arm-none-eabi/11.3.1/../../../../arm-none-eabi/lib/thumb/v7e-m+fp/hard/libc.a(libc_a-mprec.o)
 .rodata._vfiprintf_r.str1.4
                0x000000000000ec94       0x2f /usr/local/arm/GNU_Tools_for_ARM/bin/../lib/gcc/arm-none-eabi/11.3.1/../../../../arm-none-eabi/lib/thumb/v7e-m+fp/hard/libc.a(libc_a-vfiprintf.o)
 .rodata.blanks.1
                0x000000000000ec94       0x10 /usr/local/arm/GNU_Tools_for_ARM/bin/../lib/gcc/arm-none-eabi/11.3.1/../../../../arm-none-eabi/lib/thumb/v7e-m+fp/hard/libc.a(libc_a-vfiprintf.o)
 .rodata.zeroes.0
                0x000000000000eca4       0x10 /usr/local/arm/GNU_Tools_for_ARM/bin/../lib/gcc/arm-none-eabi/11.3.1/../../../../arm-none-eabi/lib/thumb/v7e-m+fp/hard/libc.a(libc_a-vfiprintf.o)

.eh_frame       0x000000000000ecb4        0x0
 .eh_frame      0x000000000000ecb4        0x0 /usr/local/arm/GNU_Tools_for_ARM/bin/../lib/gcc/arm-none-eabi/11.3.1/thumb/v7e-m+fp/hard/crtbegin.o

.preinitcall    0x000000000000ecb4        0xc
                0x000000000000ecb4                __preinit_start = .
 *(.preinitcall)
 .preinitcall   0x000000000000ecb4        0x4 build/main.o
 .preinitcall   0x000000000000ecb8        0x4 build/user_uart.o
 .preinitcall   0x000000000000ecbc        0x4 build/user_dma.o
                0x000000000000ecc0                __preinit_end = .

.ARM.exidx      0x000000000000ecc0        0x8
                0x000000000000ecc0                __exidx_start = .
 *(.ARM.exidx* .gnu.linkonce.armexidx.*)
 .ARM.exidx     0x000000000000ecc0        0x8 /usr/local/arm/GNU_Tools_for_ARM/bin/../lib/gcc/arm-none-eabi/11.3.1/../../../../arm-none-eabi/lib/thumb/v7e-m+fp/hard/crt0.o
                                         0x10 (size before relaxing)
                0x000000000000ecc8                __exidx_end = .

.ARM.extab      0x000000000000ecc8        0x0
 *(.ARM.extab* .gnu.linkonce.armextab.*)
 .ARM.extab     0x000000000000ecc8        0x0 /usr/local/arm/GNU_Tools_for_ARM/bin/../lib/gcc/arm-none-eabi/11.3.1/../../../../arm-none-eabi/lib/thumb/v7e-m+fp/hard/crt0.o
                0x000000000000ecc8                __etext = .

.rel.dyn        0x000000000000ecc8        0x0
 .rel.iplt      0x000000000000ecc8        0x0 /usr/local/arm/GNU_Tools_for_ARM/bin/../lib/gcc/arm-none-eabi/11.3.1/thumb/v7e-m+fp/hard/crtbegin.o

.data           0x0000000020000000      0x720 load address 0x000000000000ecc8
                0x000000000000ecc8                __data_load__ = LOADADDR (.data)
                0x0000000020000000                __data_start__ = .
 *(.data)
 .data          0x0000000020000000        0x0 /usr/local/arm/GNU_Tools_for_ARM/bin/../lib/gcc/arm-none-eabi/11.3.1/thumb/v7e-m+fp/hard/crti.o
 .data          0x0000000020000000        0x0 /usr/local/arm/GNU_Tools_for_ARM/bin/../lib/gcc/arm-none-eabi/11.3.1/thumb/v7e-m+fp/hard/crtbegin.o
 .data          0x0000000020000000        0x0 /usr/local/arm/GNU_Tools_for_ARM/bin/../lib/gcc/arm-none-eabi/11.3.1/../../../../arm-none-eabi/lib/thumb/v7e-m+fp/hard/crt0.o
 .data          0x0000000020000000        0x0 build/main.o
 .data          0x0000000020000000        0x0 build/cpu.o
 .data          0x0000000020000000        0x0 build/cs.o
 .data          0x0000000020000000       0x40 build/flash.o
 .data          0x0000000020000040        0x0 build/fpu.o
 .data          0x0000000020000040        0x0 build/gpio.o
 .data          0x0000000020000040        0x0 build/interrupt.o
 .data          0x0000000020000040        0x0 build/mpu.o
 .data          0x0000000020000040        0x0 build/pcm.o
 .data          0x0000000020000040        0x0 build/pss.o
 .data          0x0000000020000040        0x0 build/ref_a.o
 .data          0x0000000020000040        0x0 build/reset.o
 .data          0x0000000020000040        0x0 build/rtc_c.o
 .data          0x0000000020000040        0x0 build/sysctl.o
 .data          0x0000000020000040        0x0 build/systick.o
 .data          0x0000000020000040        0x0 build/uart.o
 .data          0x0000000020000040        0x0 build/wdt_a.o
 .data          0x0000000020000040        0x0 build/startup_msp432p401r_gcc.o
 .data          0x0000000020000040        0x4 build/system_msp432p401r.o
                0x0000000020000040                SystemCoreClock
 .data          0x0000000020000044        0x0 build/user_periph.o
 .data          0x0000000020000044        0x4 build/syscalls.o
                0x0000000020000044                environ
 .data          0x0000000020000048        0x0 build/user_uart.o
 .data          0x0000000020000048        0x0 build/user_dma.o
 .data          0x0000000020000048        0x0 /usr/local/arm/GNU_Tools_for_ARM/bin/../lib/gcc/arm-none-eabi/11.3.1/../../../../arm-none-eabi/lib/thumb/v7e-m+fp/hard/libc.a(libc_a-exit.o)
 .data          0x0000000020000048        0x0 /usr/local/arm/GNU_Tools_for_ARM/bin/../lib/gcc/arm-none-eabi/11.3.1/../../../../arm-none-eabi/lib/thumb/v7e-m+fp/hard/libc.a(libc_a-sprintf.o)
 .data          0x0000000020000048        0x0 /usr/local/arm/GNU_Tools_for_ARM/bin/../lib/gcc/arm-none-eabi/11.3.1/../../../../arm-none-eabi/lib/thumb/v7e-m+fp/hard/libc.a(libc_a-errno.o)
 .data          0x0000000020000048        0x0 /usr/local/arm/GNU_Tools_for_ARM/bin/../lib/gcc/arm-none-eabi/11.3.1/../../../../arm-none-eabi/lib/thumb/v7e-m+fp/hard/libc.a(libc_a-svfprintf.o)
 .data          0x0000000020000048        0x0 /usr/local/arm/GNU_Tools_for_ARM/bin/../lib/gcc/arm-none-eabi/11.3.1/../../../../arm-none-eabi/lib/thumb/v7e-m+fp/hard/libc.a(libc_a-vsprintf.o)
 .data          0x0000000020000048        0x0 /usr/local/arm/GNU_Tools_for_ARM/bin/../lib/gcc/arm-none-eabi/11.3.1/../../../../arm-none-eabi/lib/thumb/v7e-m+fp/hard/libc.a(libc_a-mallocr.o)
 .data          0x0000000020000048        0x0 /usr/local/arm/GNU_Tools_for_ARM/bin/../lib/gcc/arm-none-eabi/11.3.1/../../../../arm-none-eabi/lib/thumb/v7e-m+fp/hard/libc.a(libc_a-__call_atexit.o)
 .data          0x0000000020000048        0x0 /usr/local/arm/GNU_Tools_for_ARM/bin/../lib/gcc/arm-none-eabi/11.3.1/../../../../arm-none-eabi/lib/thumb/v7e-m+fp/hard/libc.a(libc_a-memset.o)
 .data          0x0000000020000048        0x0 /usr/local/arm/GNU_Tools_for_ARM/bin/../lib/gcc/arm-none-eabi/11.3.1/../../../../arm-none-eabi/lib/thumb/v7e-m+fp/hard/libc.a(libc_a-wcrtomb.o)
 .data          0x0000000020000048        0x0 /usr/local/arm/GNU_Tools_for_ARM/bin/../lib/gcc/arm-none-eabi/11.3.1/../../../../arm-none-eabi/lib/thumb/v7e-m+fp/hard/libc.a(libc_a-init.o)
 .data          0x0000000020000048        0x0 /usr/local/arm/GNU_Tools_for_ARM/bin/../lib/gcc/arm-none-eabi/11.3.1/../../../../arm-none-eabi/lib/thumb/v7e-m+fp/hard/libc.a(libc_a-fini.o)
 .data          0x0000000020000048        0x0 /usr/local/arm/GNU_Tools_for_ARM/bin/../lib/gcc/arm-none-eabi/11.3.1/../../../../arm-none-eabi/lib/thumb/v7e-m+fp/hard/libc.a(libc_a-lock.o)
 .data          0x0000000020000048        0x0 /usr/local/arm/GNU_Tools_for_ARM/bin/../lib/gcc/arm-none-eabi/11.3.1/../../../../arm-none-eabi/lib/thumb/v7e-m+fp/hard/libc.a(libc_a-locale.o)
 .data          0x0000000020000048        0x0 /usr/local/arm/GNU_Tools_for_ARM/bin/../lib/gcc/arm-none-eabi/11.3.1/../../../../arm-none-eabi/lib/thumb/v7e-m+fp/hard/libc.a(libc_a-localeconv.o)
 .data          0x0000000020000048        0x0 /usr/local/arm/GNU_Tools_for_ARM/bin/../lib/gcc/arm-none-eabi/11.3.1/../../../../arm-none-eabi/lib/thumb/v7e-m+fp/hard/libc.a(libc_a-strcmp.o)
 .data          0x0000000020000048        0x0 /usr/local/arm/GNU_Tools_for_ARM/bin/../lib/gcc/arm-none-eabi/11.3.1/../../../../arm-none-eabi/lib/thumb/v7e-m+fp/hard/libc.a(libc_a-strcpy.o)
 .data          0x0000000020000048        0x0 /usr/local/arm/GNU_Tools_for_ARM/bin/../lib/gcc/arm-none-eabi/11.3.1/../../../../arm-none-eabi/lib/thumb/v7e-m+fp/hard/libc.a(libc_a-mlock.o)
 .data          0x0000000020000048        0x0 /usr/local/arm/GNU_Tools_for_ARM/bin/../lib/gcc/arm-none-eabi/11.3.1/../../../../arm-none-eabi/lib/thumb/v7e-m+fp/hard/libc.a(libc_a-atexit.o)
 .data          0x0000000020000048        0x0 /usr/local/arm/GNU_Tools_for_ARM/bin/../lib/gcc/arm-none-eabi/11.3.1/../../../../arm-none-eabi/lib/thumb/v7e-m+fp/hard/libc.a(libc_a-strchr.o)
 .data          0x0000000020000048        0x0 /usr/local/arm/GNU_Tools_for_ARM/bin/../lib/gcc/arm-none-eabi/11.3.1/../../../../arm-none-eabi/lib/thumb/v7e-m+fp/hard/libc.a(libc_a-wcsrtombs.o)
 .data          0x0000000020000048        0x0 /usr/local/arm/GNU_Tools_for_ARM/bin/../lib/gcc/arm-none-eabi/11.3.1/../../../../arm-none-eabi/lib/thumb/v7e-m+fp/hard/libc.a(libc_a-dtoa.o)
 .data          0x0000000020000048        0x0 /usr/local/arm/GNU_Tools_for_ARM/bin/../lib/gcc/arm-none-eabi/11.3.1/../../../../arm-none-eabi/lib/thumb/v7e-m+fp/hard/libc.a(libc_a-ctype_.o)
 .data          0x0000000020000048        0x0 /usr/local/arm/GNU_Tools_for_ARM/bin/../lib/gcc/arm-none-eabi/11.3.1/../../../../arm-none-eabi/lib/thumb/v7e-m+fp/hard/libc.a(libc_a-impure.o)
 .data          0x0000000020000048        0x0 /usr/local/arm/GNU_Tools_for_ARM/bin/../lib/gcc/arm-none-eabi/11.3.1/../../../../arm-none-eabi/lib/thumb/v7e-m+fp/hard/libc.a(libc_a-findfp.o)
 .data          0x0000000020000048        0x0 /usr/local/arm/GNU_Tools_for_ARM/bin/../lib/gcc/arm-none-eabi/11.3.1/../../../../arm-none-eabi/lib/thumb/v7e-m+fp/hard/libc.a(libc_a-memchr.o)
 .data          0x0000000020000048        0x0 /usr/local/arm/GNU_Tools_for_ARM/bin/../lib/gcc/arm-none-eabi/11.3.1/../../../../arm-none-eabi/lib/thumb/v7e-m+fp/hard/libc.a(libc_a-memcpy.o)
 .data          0x0000000020000048        0x0 /usr/local/arm/GNU_Tools_for_ARM/bin/../lib/gcc/arm-none-eabi/11.3.1/../../../../arm-none-eabi/lib/thumb/v7e-m+fp/hard/libc.a(libc_a-strlen.o)
 .data          0x0000000020000048        0x0 /usr/local/arm/GNU_Tools_for_ARM/bin/../lib/gcc/arm-none-eabi/11.3.1/../../../../arm-none-eabi/lib/thumb/v7e-m+fp/hard/libc.a(libm_a-s_frexp.o)
 .data          0x0000000020000048        0x0 /usr/local/arm/GNU_Tools_for_ARM/bin/../lib/gcc/arm-none-eabi/11.3.1/../../../../arm-none-eabi/lib/thumb/v7e-m+fp/hard/libc.a(libc_a-strlcpy.o)
 .data          0x0000000020000048        0x0 /usr/local/arm/GNU_Tools_for_ARM/bin/../lib/gcc/arm-none-eabi/11.3.1/../../../../arm-none-eabi/lib/thumb/v7e-m+fp/hard/libc.a(libc_a-freer.o)
 .data          0x0000000020000048        0x0 /usr/local/arm/GNU_Tools_for_ARM/bin/../lib/gcc/arm-none-eabi/11.3.1/../../../../arm-none-eabi/lib/thumb/v7e-m+fp/hard/libc.a(libc_a-strtol.o)
 .data          0x0000000020000048        0x0 /usr/local/arm/GNU_Tools_for_ARM/bin/../lib/gcc/arm-none-eabi/11.3.1/../../../../arm-none-eabi/lib/thumb/v7e-m+fp/hard/libc.a(libc_a-strncasecmp.o)
 .data          0x0000000020000048        0x0 /usr/local/arm/GNU_Tools_for_ARM/bin/../lib/gcc/arm-none-eabi/11.3.1/../../../../arm-none-eabi/lib/thumb/v7e-m+fp/hard/libc.a(libc_a-getenv_r.o)
 .data          0x0000000020000048        0x0 /usr/local/arm/GNU_Tools_for_ARM/bin/../lib/gcc/arm-none-eabi/11.3.1/../../../../arm-none-eabi/lib/thumb/v7e-m+fp/hard/libc.a(libc_a-strncpy.o)
 .data          0x0000000020000048        0x0 /usr/local/arm/GNU_Tools_for_ARM/bin/../lib/gcc/arm-none-eabi/11.3.1/../../../../arm-none-eabi/lib/thumb/v7e-m+fp/hard/libc.a(libc_a-stdio.o)
 .data          0x0000000020000048        0x0 /usr/local/arm/GNU_Tools_for_ARM/bin/../lib/gcc/arm-none-eabi/11.3.1/../../../../arm-none-eabi/lib/thumb/v7e-m+fp/hard/libc.a(libc_a-wctomb_r.o)
 .data          0x0000000020000048        0x0 /usr/local/arm/GNU_Tools_for_ARM/bin/../lib/gcc/arm-none-eabi/11.3.1/../../../../arm-none-eabi/lib/thumb/v7e-m+fp/hard/libc.a(libc_a-sbrkr.o)
 .data          0x0000000020000048        0x0 /usr/local/arm/GNU_Tools_for_ARM/bin/../lib/gcc/arm-none-eabi/11.3.1/../../../../arm-none-eabi/lib/thumb/v7e-m+fp/hard/libc.a(libc_a-fwalk.o)
 .data          0x0000000020000048        0x0 /usr/local/arm/GNU_Tools_for_ARM/bin/../lib/gcc/arm-none-eabi/11.3.1/../../../../arm-none-eabi/lib/thumb/v7e-m+fp/hard/libc.a(libc_a-writer.o)
 .data          0x0000000020000048        0x0 /usr/local/arm/GNU_Tools_for_ARM/bin/../lib/gcc/arm-none-eabi/11.3.1/../../../../arm-none-eabi/lib/thumb/v7e-m+fp/hard/libc.a(libc_a-svfiprintf.o)
 .data          0x0000000020000048        0x0 /usr/local/arm/GNU_Tools_for_ARM/bin/../lib/gcc/arm-none-eabi/11.3.1/../../../../arm-none-eabi/lib/thumb/v7e-m+fp/hard/libc.a(libc_a-__atexit.o)
 .data          0x0000000020000048        0x0 /usr/local/arm/GNU_Tools_for_ARM/bin/../lib/gcc/arm-none-eabi/11.3.1/../../../../arm-none-eabi/lib/thumb/v7e-m+fp/hard/libc.a(libc_a-mbtowc_r.o)
 .data          0x0000000020000048        0x0 /usr/local/arm/GNU_Tools_for_ARM/bin/../lib/gcc/arm-none-eabi/11.3.1/../../../../arm-none-eabi/lib/thumb/v7e-m+fp/hard/libc.a(libc_a-memmove.o)
 .data          0x0000000020000048        0x0 /usr/local/arm/GNU_Tools_for_ARM/bin/../lib/gcc/arm-none-eabi/11.3.1/../../../../arm-none-eabi/lib/thumb/v7e-m+fp/hard/libc.a(libc_a-assert.o)
 .data          0x0000000020000048        0x0 /usr/local/arm/GNU_Tools_for_ARM/bin/../lib/gcc/arm-none-eabi/11.3.1/../../../../arm-none-eabi/lib/thumb/v7e-m+fp/hard/libc.a(libc_a-strcasecmp.o)
 .data          0x0000000020000048        0x0 /usr/local/arm/GNU_Tools_for_ARM/bin/../lib/gcc/arm-none-eabi/11.3.1/../../../../arm-none-eabi/lib/thumb/v7e-m+fp/hard/libc.a(libc_a-strcat.o)
 .data          0x0000000020000048        0x0 /usr/local/arm/GNU_Tools_for_ARM/bin/../lib/gcc/arm-none-eabi/11.3.1/../../../../arm-none-eabi/lib/thumb/v7e-m+fp/hard/libc.a(libc_a-fclose.o)
 .data          0x0000000020000048        0x0 /usr/local/arm/GNU_Tools_for_ARM/bin/../lib/gcc/arm-none-eabi/11.3.1/../../../../arm-none-eabi/lib/thumb/v7e-m+fp/hard/libc.a(libc_a-mprec.o)
 .data          0x0000000020000048        0x0 /usr/local/arm/GNU_Tools_for_ARM/bin/../lib/gcc/arm-none-eabi/11.3.1/../../../../arm-none-eabi/lib/thumb/v7e-m+fp/hard/libc.a(libc_a-callocr.o)
 .data          0x0000000020000048        0x0 /usr/local/arm/GNU_Tools_for_ARM/bin/../lib/gcc/arm-none-eabi/11.3.1/../../../../arm-none-eabi/lib/thumb/v7e-m+fp/hard/libc.a(libc_a-wcsnrtombs.o)
 .data          0x0000000020000048        0x0 /usr/local/arm/GNU_Tools_for_ARM/bin/../lib/gcc/arm-none-eabi/11.3.1/../../../../arm-none-eabi/lib/thumb/v7e-m+fp/hard/libc.a(libc_a-closer.o)
 .data          0x0000000020000048        0x0 /usr/local/arm/GNU_Tools_for_ARM/bin/../lib/gcc/arm-none-eabi/11.3.1/../../../../arm-none-eabi/lib/thumb/v7e-m+fp/hard/libc.a(libc_a-reent.o)
 .data          0x0000000020000048        0x0 /usr/local/arm/GNU_Tools_for_ARM/bin/../lib/gcc/arm-none-eabi/11.3.1/../../../../arm-none-eabi/lib/thumb/v7e-m+fp/hard/libc.a(libc_a-fflush.o)
 .data          0x0000000020000048        0x0 /usr/local/arm/GNU_Tools_for_ARM/bin/../lib/gcc/arm-none-eabi/11.3.1/../../../../arm-none-eabi/lib/thumb/v7e-m+fp/hard/libc.a(libc_a-reallocr.o)
 .data          0x0000000020000048        0x0 /usr/local/arm/GNU_Tools_for_ARM/bin/../lib/gcc/arm-none-eabi/11.3.1/../../../../arm-none-eabi/lib/thumb/v7e-m+fp/hard/libc.a(libc_a-envlock.o)
 .data          0x0000000020000048        0x0 /usr/local/arm/GNU_Tools_for_ARM/bin/../lib/gcc/arm-none-eabi/11.3.1/../../../../arm-none-eabi/lib/thumb/v7e-m+fp/hard/libc.a(libc_a-strncmp.o)
 .data          0x0000000020000048        0x0 /usr/local/arm/GNU_Tools_for_ARM/bin/../lib/gcc/arm-none-eabi/11.3.1/../../../../arm-none-eabi/lib/thumb/v7e-m+fp/hard/libc.a(libc_a-lseekr.o)
 .data          0x0000000020000048        0x0 /usr/local/arm/GNU_Tools_for_ARM/bin/../lib/gcc/arm-none-eabi/11.3.1/../../../../arm-none-eabi/lib/thumb/v7e-m+fp/hard/libc.a(libc_a-readr.o)
 .data          0x0000000020000048        0x0 /usr/local/arm/GNU_Tools_for_ARM/bin/../lib/gcc/arm-none-eabi/11.3.1/../../../../arm-none-eabi/lib/thumb/v7e-m+fp/hard/libc.a(libc_a-fiprintf.o)
 .data          0x0000000020000048        0x0 /usr/local/arm/GNU_Tools_for_ARM/bin/../lib/gcc/arm-none-eabi/11.3.1/../../../../arm-none-eabi/lib/thumb/v7e-m+fp/hard/libc.a(libc_a-vfiprintf.o)
 .data          0x0000000020000048        0x0 /usr/local/arm/GNU_Tools_for_ARM/bin/../lib/gcc/arm-none-eabi/11.3.1/../../../../arm-none-eabi/lib/thumb/v7e-m+fp/hard/libc.a(libc_a-abort.o)
 .data          0x0000000020000048        0x0 /usr/local/arm/GNU_Tools_for_ARM/bin/../lib/gcc/arm-none-eabi/11.3.1/../../../../arm-none-eabi/lib/thumb/v7e-m+fp/hard/libc.a(libc_a-wsetup.o)
 .data          0x0000000020000048        0x0 /usr/local/arm/GNU_Tools_for_ARM/bin/../lib/gcc/arm-none-eabi/11.3.1/../../../../arm-none-eabi/lib/thumb/v7e-m+fp/hard/libc.a(libc_a-makebuf.o)