Archive member included to satisfy reference by file (symbol)

/usr/local/arm/GNU_Tools_for_ARM/bin/../lib/gcc/arm-none-eabi/11.3.1/../../../../arm-none-eabi/lib/thumb/v7e-m+fp/hard/libc.a(libc_a-exit.o)
                              /usr/local/arm/GNU_Tools_for_ARM/bin/../lib/gcc/arm-none-eabi/11.3.1/../../../../arm-none-eabi/lib/thumb/v7e-m+fp/hard/crt0.o (exit)
/usr/local/arm/GNU_Tools_for_ARM/bin/../lib/gcc/arm-none-eabi/11.3.1/../../../../arm-none-eabi/lib/thumb/v7e-m+fp/hard/libc.a(libc_a-sprintf.o)
                              build/user_uart.o (sprintf)
/usr/local/arm/GNU_Tools_for_ARM/bin/../lib/gcc/arm-none-eabi/11.3.1/../../../../arm-none-eabi/lib/thumb/v7e-m+fp/hard/libc.a(libc_a-errno.o)
                              build/syscalls.o (__errno)
/usr/local/arm/GNU_Tools_for_ARM/bin/../lib/gcc/arm-none-eabi/11.3.1/../../../../arm-none-eabi/lib/thumb/v7e-m+fp/hard/libc.a(libc_a-svfprintf.o)
                              /usr/local/arm/GNU_Tools_for_ARM/bin/../lib/gcc/arm-none-eabi/11.3.1/../../../../arm-none-eabi/lib/thumb/v7e-m+fp/hard/libc.a(libc_a-sprintf.o) (_svfprintf_r)
/usr/local/arm/GNU_Tools_for_ARM/bin/../lib/gcc/arm-none-eabi/11.3.1/../../../../arm-none-eabi/lib/thumb/v7e-m+fp/hard/libc.a(libc_a-mallocr.o)
                              /usr/local/arm/GNU_Tools_for_ARM/bin/../lib/gcc/arm-none-eabi/11.3.1/../../../../arm-none-eabi/lib/thumb/v7e-m+fp/hard/libc.a(libc_a-svfprintf.o) (_malloc_r)
/usr/local/arm/GNU_Tools_for_ARM/bin/../lib/gcc/arm-none-eabi/11.3.1/../../../../arm-none-eabi/lib/thumb/v7e-m+fp/hard/libc.a(libc_a-__call_atexit.o)
                              /usr/local/arm/GNU_Tools_for_ARM/bin/../lib/gcc/arm-none-eabi/11.3.1/../../../../arm-none-eabi/lib/thumb/v7e-m+fp/hard/libc.a(libc_a-exit.o) (__call_exitprocs)
/usr/local/arm/GNU_Tools_for_ARM/bin/../lib/gcc/arm-none-eabi/11.3.1/../../../../arm-none-eabi/lib/thumb/v7e-m+fp/hard/libc.a(libc_a-memset.o)
                              /usr/local/arm/GNU_Tools_for_ARM/bin/../lib/gcc/arm-none-eabi/11.3.1/../../../../arm-none-eabi/lib/thumb/v7e-m+fp/hard/crt0.o (memset)
/usr/local/arm/GNU_Tools_for_ARM/bin/../lib/gcc/arm-none-eabi/11.3.1/../../../../arm-none-eabi/lib/thumb/v7e-m+fp/hard/libc.a(libc_a-wcrtomb.o)
                              /usr/local/arm/GNU_Tools_for_ARM/bin/../lib/gcc/arm-none-eabi/11.3.1/../../../../arm-none-eabi/lib/thumb/v7e-m+fp/hard/libc.a(libc_a-svfprintf.o) (_wcrtomb_r)
/usr/local/arm/GNU_Tools_for_ARM/bin/../lib/gcc/arm-none-eabi/11.3.1/../../../../arm-none-eabi/lib/thumb/v7e-m+fp/hard/libc.a(libc_a-init.o)
                              /usr/local/arm/GNU_Tools_for_ARM/bin/../lib/gcc/arm-none-eabi/11.3.1/../../../../arm-none-eabi/lib/thumb/v7e-m+fp/hard/crt0.o (__libc_init_array)
/usr/local/arm/GNU_Tools_for_ARM/bin/../lib/gcc/arm-none-eabi/11.3.1/../../../../arm-none-eabi/lib/thumb/v7e-m+fp/hard/libc.a(libc_a-fini.o)
                              /usr/local/arm/GNU_Tools_for_ARM/bin/../lib/gcc/arm-none-eabi/11.3.1/../../../../arm-none-eabi/lib/thumb/v7e-m+fp/hard/libc.a(libc_a-__call_atexit.o) (__libc_fini_array)
/usr/local/arm/GNU_Tools_for_ARM/bin/../lib/gcc/arm-none-eabi/11.3.1/../../../../arm-none-eabi/lib/thumb/v7e-m+fp/hard/libc.a(libc_a-lock.o)
                              /usr/local/arm/GNU_Tools_for_ARM/bin/../lib/gcc/arm-none-eabi/11.3.1/../../../../arm-none-eabi/lib/thumb/v7e-m+fp/hard/libc.a(libc_a-__call_atexit.o) (__retarget_lock_acquire_recursive)
/usr/local/arm/GNU_Tools_for_ARM/bin/../lib/gcc/arm-none-eabi/11.3.1/../../../../arm-none-eabi/lib/thumb/v7e-m+fp/hard/libc.a(libc_a-locale.o)
                              /usr/local/arm/GNU_Tools_for_ARM/bin/../lib/gcc/arm-none-eabi/11.3.1/../../../../arm-none-eabi/lib/thumb/v7e-m+fp/hard/libc.a(libc_a-svfprintf.o) (__locale_mb_cur_max)
/usr/local/arm/GNU_Tools_for_ARM/bin/../lib/gcc/arm-none-eabi/11.3.1/../../../../arm-none-eabi/lib/thumb/v7e-m+fp/hard/libc.a(libc_a-localeconv.o)
                              /usr/local/arm/GNU_Tools_for_ARM/bin/../lib/gcc/arm-none-eabi/11.3.1/../../../../arm-none-eabi/lib/thumb/v7e-m+fp/hard/libc.a(libc_a-svfprintf.o) (_localeconv_r)
/usr/local/arm/GNU_Tools_for_ARM/bin/../lib/gcc/arm-none-eabi/11.3.1/../../../../arm-none-eabi/lib/thumb/v7e-m+fp/hard/libc.a(libc_a-strcmp.o)
                              /usr/local/arm/GNU_Tools_for_ARM/bin/../lib/gcc/arm-none-eabi/11.3.1/../../../../arm-none-eabi/lib/thumb/v7e-m+fp/hard/libc.a(libc_a-locale.o) (strcmp)
/usr/local/arm/GNU_Tools_for_ARM/bin/../lib/gcc/arm-none-eabi/11.3.1/../../../../arm-none-eabi/lib/thumb/v7e-m+fp/hard/libc.a(libc_a-strcpy.o)
                              /usr/local/arm/GNU_Tools_for_ARM/bin/../lib/gcc/arm-none-eabi/11.3.1/../../../../arm-none-eabi/lib/thumb/v7e-m+fp/hard/libc.a(libc_a-locale.o) (strcpy)
/usr/local/arm/GNU_Tools_for_ARM/bin/../lib/gcc/arm-none-eabi/11.3.1/../../../../arm-none-eabi/lib/thumb/v7e-m+fp/hard/libc.a(libc_a-mlock.o)
[...]
Memory Configuration

Name             Origin             Length             Attributes
MAIN_FLASH       0x0000000000000000 0x0000000000040000 xr
INFO_FLASH       0x0000000000200000 0x0000000000004000 xr
SRAM_CODE        0x0000000001000000 0x0000000000010000 xrw
SRAM_DATA        0x0000000020000000 0x0000000000010000 rw
*default*        0x0000000000000000 0xffffffffffffffff

Linker script and memory map

LOAD /usr/local/arm/GNU_Tools_for_ARM/bin/../lib/gcc/arm-none-eabi/11.3.1/thumb/v7e-m+fp/hard/crti.o
LOAD /usr/local/arm/GNU_Tools_for_ARM/bin/../lib/gcc/arm-none-eabi/11.3.1/thumb/v7e-m+fp/hard/crtbegin.o
LOAD /usr/local/arm/GNU_Tools_for_ARM/bin/../lib/gcc/arm-none-eabi/11.3.1/../../../../arm-none-eabi/lib/thumb/v7e-m+fp/hard/crt0.o
LOAD build/main.o
LOAD build/cpu.o
LOAD build/cs.o
LOAD build/dma.o
LOAD build/flash.o
LOAD build/fpu.o
LOAD build/gpio.o
LOAD build/i2c.o
LOAD build/interrupt.o
LOAD build/mpu.o
LOAD build/pcm.o
LOAD build/pss.o
LOAD build/ref_a.o
LOAD build/reset.o
LOAD build/rtc_c.o
LOAD build/sysctl.o
LOAD build/systick.o
LOAD build/timer32.o
LOAD build/timer_a.o
LOAD build/uart.o
LOAD build/wdt_a.o
LOAD build/startup_msp432p401r_gcc.o
LOAD build/system_msp432p401r.o
LOAD build/iic_bus.o
LOAD build/syscalls.o
LOAD build/user_uart.o
LOAD build/user_dma.o
LOAD /usr/local/arm/GNU_Tools_for_ARM/bin/../lib/gcc/arm-none-eabi/11.3.1/../../../../arm-none-eabi/lib/thumb/v7e-m+fp/hard/libc.a
LOAD /usr/local/arm/GNU_Tools_for_ARM/bin/../lib/gcc/arm-none-eabi/11.3.1/../../../../arm-none-eabi/lib/thumb/v7e-m+fp/hard/libm.a
LOAD /usr/local/arm/GNU_Tools_for_ARM/bin/../lib/gcc/arm-none-eabi/11.3.1/../../../../arm-none-eabi/lib/thumb/v7e-m+fp/hard/libnosys.a
START GROUP
LOAD /usr/local/arm/GNU_Tools_for_ARM/bin/../lib/gcc/arm-none-eabi/11.3.1/thumb/v7e-m+fp/hard/libgcc.a
LOAD /usr/local/arm/GNU_Tools_for_ARM/bin/../lib/gcc/arm-none-eabi/11.3.1/../../../../arm-none-eabi/lib/thumb/v7e-m+fp/hard/libc.a
END GROUP
START GROUP
LOAD /usr/local/arm/GNU_Tools_for_ARM/bin/../lib/gcc/arm-none-eabi/11.3.1/thumb/v7e-m+fp/hard/libgcc.a
LOAD /usr/local/arm/GNU_Tools_for_ARM/bin/../lib/gcc/arm-none-eabi/11.3.1/../../../../arm-none-eabi/lib/thumb/v7e-m+fp/hard/libc.a
LOAD /usr/local/arm/GNU_Tools_for_ARM/bin/../lib/gcc/arm-none-eabi/11.3.1/../../../../arm-none-eabi/lib/thumb/v7e-m+fp/hard/libnosys.a
END GROUP
LOAD /usr/local/arm/GNU_Tools_for_ARM/bin/../lib/gcc/arm-none-eabi/11.3.1/thumb/v7e-m+fp/hard/crtend.o
LOAD /usr/local/arm/GNU_Tools_for_ARM/bin/../lib/gcc/arm-none-eabi/11.3.1/thumb/v7e-m+fp/hard/crtn.o
                0x0000000000000000                PROVIDE (_intvecs_base_address = DEFINED (_intvecs_base_address)?_intvecs_base_address:0x0)

.intvecs        0x0000000000000000       0xe4
 *(.intvecs)
 .intvecs       0x0000000000000000       0xe4 build/startup_msp432p401r_gcc.o
                0x0000000000000000                interruptVectors
                0x0000000000200000                PROVIDE (_mailbox_base_address = 0x200000)

.flashMailbox
 *(.flashMailbox)
                0x0000000000201000                PROVIDE (_tlv_base_address = 0x201000)

.tlvTable
 *(.tlvTable)
                0x0000000000202000                PROVIDE (_bsl_base_address = 0x202000)

.bslArea
 *(.bslArea)
                0x0000000020000000                PROVIDE (_vtable_base_address = DEFINED (_vtable_base_address)?_vtable_base_address:0x20000000)

.vtable
 *(.vtable)

.text           0x0000000000000100    0x1112c
 CREATE_OBJECT_SYMBOLS
 *(.text)
 .text          0x0000000000000100        0x0 /usr/local/arm/GNU_Tools_for_ARM/bin/../lib/gcc/arm-none-eabi/11.3.1/thumb/v7e-m+fp/hard/crti.o
 .text          0x0000000000000100        0x0 /usr/local/arm/GNU_Tools_for_ARM/bin/../lib/gcc/arm-none-eabi/11.3.1/thumb/v7e-m+fp/hard/crtbegin.o
 .text          0x0000000000000100       0x7c /usr/local/arm/GNU_Tools_for_ARM/bin/../lib/gcc/arm-none-eabi/11.3.1/../../../../arm-none-eabi/lib/thumb/v7e-m+fp/hard/crt0.o
                0x0000000000000100                _stack_init
                0x0000000000000108                _mainCRTStartup
                0x0000000000000108                _start
 .text          0x000000000000017c      0x128 build/main.o
                0x000000000000017c                Delay
                0x00000000000001b0                main
                0x0000000000000204                Clock_Configuration
                0x0000000000000278                Clock_Information
 .text          0x00000000000002a4       0x42 build/cpu.o
                0x00000000000002a4                CPU_cpsid
                0x00000000000002b2                CPU_primask
                0x00000000000002be                CPU_cpsie
                0x00000000000002cc                CPU_wfi
                0x00000000000002d2                CPU_basepriSet
                0x00000000000002da                CPU_basepriGet
 *fill*         0x00000000000002e6        0x2 
 .text          0x00000000000002e8      0xf84 build/cs.o
                0x0000000000000640                CS_setExternalClockSourceFrequency
                0x000000000000066c                CS_initClockSignal
                0x00000000000007f8                CS_startHFXT
                0x0000000000000816                CS_startHFXTWithTimeout
                0x0000000000000908                CS_startLFXT
                0x0000000000000922                CS_startLFXTWithTimeout
                0x0000000000000a0c                CS_enableClockRequest
                0x0000000000000a44                CS_disableClockRequest
                0x0000000000000a7c                CS_setReferenceOscillatorFrequency
                0x0000000000000ab4                CS_enableDCOExternalResistor
                0x0000000000000ae4                CS_setDCOExternalResistorCalibration
                0x0000000000000b78                CS_disableDCOExternalResistor
                0x0000000000000ba8                CS_setDCOCenteredFrequency
                0x0000000000000be4                CS_tuneDCOFrequency
                0x0000000000000c68                CS_getDCOFrequency
                0x0000000000000d80                CS_setDCOFrequency
                0x0000000000000f34                CS_getBCLK
                0x0000000000000f60                CS_getHSMCLK
                0x0000000000000f94                CS_getACLK
                0x0000000000000fc8                CS_getSMCLK
                0x0000000000000ffc                CS_getMCLK
                0x0000000000001030                CS_enableFaultCounter
                0x0000000000001078                CS_disableFaultCounter
                0x00000000000010c0                CS_resetFaultCounter
                0x0000000000001108                CS_startFaultCounter
                0x0000000000001160                CS_enableInterrupt
                0x0000000000001198                CS_disableInterrupt
                0x00000000000011d0                CS_getInterruptStatus
                0x00000000000011e8                CS_getEnabledInterruptStatus
                0x0000000000001200                CS_clearInterruptFlag
                0x0000000000001238                CS_registerInterrupt
                0x0000000000001256                CS_unregisterInterrupt
 .text          0x000000000000126c      0xa20 build/dma.o
                0x000000000000126c                DMA_enableModule
                0x0000000000001284                DMA_disableModule
                0x00000000000012c8                DMA_getErrorStatus
                0x00000000000012e0                DMA_clearErrorStatus
                0x00000000000012f8                DMA_enableChannel
                0x0000000000001320                DMA_disableChannel
                0x0000000000001348                DMA_isChannelEnabled
                0x000000000000137c                DMA_setControlBase
                0x000000000000139c                DMA_getControlBase
                0x00000000000013b4                DMA_getControlAlternateBase
                0x00000000000013cc                DMA_requestChannel
                0x00000000000013f4                DMA_enableChannelAttribute
                0x0000000000001468                DMA_disableChannelAttribute
                0x00000000000014dc                DMA_getChannelAttribute
                0x000000000000156c                DMA_setChannelControl
                0x00000000000015b4                DMA_setChannelTransfer
                0x00000000000016b8                DMA_setChannelScatterGather
                0x000000000000174c                DMA_getChannelSize
                0x0000000000001794                DMA_getChannelMode
                0x00000000000017e8                DMA_assignChannel
                0x0000000000001aac                DMA_assignInterrupt
                0x0000000000001b1c                DMA_requestSoftwareTransfer
                0x0000000000001b48                DMA_getInterruptStatus
                0x0000000000001b60                DMA_clearInterruptFlag
                0x0000000000001b90                DMA_enableInterrupt
                0x0000000000001bf0                DMA_disableInterrupt
                0x0000000000001c50                DMA_registerInterrupt
                0x0000000000001c70                DMA_unregisterInterrupt
 .text          0x0000000000001c8c     0x1af0 build/flash.o
                0x0000000000001faa                FlashCtl_getMemoryInfo
                0x0000000000002390                FlashCtl_enableReadBuffering
                0x0000000000002408                FlashCtl_disableReadBuffering
                0x0000000000002480                FlashCtl_unprotectSector
                0x0000000000002524                FlashCtl_protectSector
                0x00000000000025ac                FlashCtl_isSectorProtected
                0x0000000000002640                FlashCtl_verifyMemory
                0x00000000000028e8                FlashCtl_setReadMode
                0x000000000000296c                FlashCtl_getReadMode
                0x00000000000029ac                FlashCtl_initiateMassErase
                0x00000000000029d8                FlashCtl_performMassErase
                0x0000000000002bb0                FlashCtl_eraseSector
                0x0000000000002d04                FlashCtl_initiateSectorErase
                0x0000000000002da4                FlashCtl_programMemory
                0x0000000000002f4c                FlashCtl_setProgramVerification
                0x0000000000002fb0                FlashCtl_clearProgramVerification
                0x0000000000003014                FlashCtl_enableWordProgramming
                0x0000000000003058                FlashCtl_disableWordProgramming
                0x0000000000003070                FlashCtl_isWordProgrammingEnabled
                0x00000000000030a4                FlashCtl_setWaitState
                0x00000000000030f0                FlashCtl_getWaitState
                0x0000000000003130                FlashCtl_enableInterrupt
                0x0000000000003158                FlashCtl_disableInterrupt
                0x0000000000003184                FlashCtl_getInterruptStatus
                0x000000000000319c                FlashCtl_getEnabledInterruptStatus
                0x00000000000031b8                FlashCtl_clearInterruptFlag
                0x00000000000031e0                FlashCtl_registerInterrupt
                0x00000000000031fe                FlashCtl_unregisterInterrupt
                0x0000000000003212                __FlashCtl_remaskData8Post
                0x00000000000032a4                __FlashCtl_remaskData8Pre
                0x000000000000333c                __FlashCtl_remaskData32Post
                0x000000000000341c                __FlashCtl_remaskData32Pre
                0x0000000000003500                __FlashCtl_remaskBurstDataPre
                0x0000000000003644                __FlashCtl_remaskBurstDataPost
 .text          0x000000000000377c      0x14c build/fpu.o
                0x000000000000377c                FPU_enableModule
                0x00000000000037a0                FPU_disableModule
                0x00000000000037c4                FPU_enableStacking
                0x00000000000037e8                FPU_enableLazyStacking
                0x0000000000003808                FPU_disableStacking
                0x0000000000003828                FPU_setHalfPrecisionMode
                0x0000000000003850                FPU_setNaNMode
                0x0000000000003878                FPU_setFlushToZeroMode
                0x00000000000038a0                FPU_setRoundingMode
 .text          0x00000000000038c8      0x7e4 build/gpio.o
                0x00000000000038c8                GPIO_setAsOutputPin
                0x0000000000003938                GPIO_setAsInputPin
                0x00000000000039c4                GPIO_setAsPeripheralModuleFunctionOutputPin
                0x0000000000003aac                GPIO_setAsPeripheralModuleFunctionInputPin
                0x0000000000003b98                GPIO_setOutputHighOnPin
                0x0000000000003bd4                GPIO_setOutputLowOnPin
                0x0000000000003c14                GPIO_toggleOutputOnPin
                0x0000000000003c50                GPIO_setAsInputPinWithPullDownResistor
                0x0000000000003cf4                GPIO_setAsInputPinWithPullUpResistor
                0x0000000000003d94                GPIO_getInputPinValue
                0x0000000000003dd4                GPIO_enableInterrupt
                0x0000000000003e10                GPIO_disableInterrupt
                0x0000000000003e50                GPIO_getInterruptStatus
                0x0000000000003e84                GPIO_clearInterruptFlag
                0x0000000000003ec4                GPIO_interruptEdgeSelect
                0x0000000000003f24                GPIO_getEnabledInterruptStatus
                0x0000000000003fd4                GPIO_setDriveStrengthHigh
                0x0000000000004010                GPIO_setDriveStrengthLow
                0x0000000000004050                GPIO_registerInterrupt
                0x0000000000004080                GPIO_unregisterInterrupt
 .text          0x00000000000040ac      0xdb0 build/i2c.o
                0x00000000000040ac                I2C_initMaster
                0x0000000000004132                I2C_initSlave
                0x000000000000418e                I2C_enableModule
                0x00000000000041b2                I2C_disableModule
                0x00000000000041d6                I2C_setSlaveAddress
                0x00000000000041f4                I2C_setMode
                0x0000000000004222                I2C_setTimeout
                0x0000000000004284                I2C_masterReceiveSingleByte
                0x000000000000431e                I2C_slavePutData
                0x000000000000433e                I2C_slaveGetData
                0x000000000000435a                I2C_isBusBusy
                0x0000000000004382                I2C_masterSendSingleByte
                0x0000000000004442                I2C_masterSendSingleByteWithTimeout
                0x0000000000004528                I2C_masterSendMultiByteStart
                0x00000000000045b8                I2C_masterSendMultiByteStartWithTimeout
                0x0000000000004664                I2C_masterSendMultiByteNext
                0x00000000000046b6                I2C_masterSendMultiByteNextWithTimeout
                0x0000000000004722                I2C_masterSendMultiByteFinish
                0x00000000000047d6                I2C_masterSendMultiByteFinishWithTimeout
                0x00000000000048a0                I2C_masterSendMultiByteStop
                0x00000000000048f8                I2C_masterSendMultiByteStopWithTimeout
                0x000000000000496a                I2C_masterReceiveStart
                0x0000000000004998                I2C_masterReceiveMultiByteNext
                0x00000000000049b4                I2C_masterReceiveMultiByteFinish
                0x0000000000004a12                I2C_masterReceiveMultiByteFinishWithTimeout
                0x0000000000004aaa                I2C_masterReceiveMultiByteStop
                0x0000000000004ad0                I2C_masterReceiveSingle
                0x0000000000004b1a                I2C_getReceiveBufferAddressForDMA
                0x0000000000004b32                I2C_getTransmitBufferAddressForDMA
                0x0000000000004b4a                I2C_masterIsStopSent
                0x0000000000004b70                I2C_masterIsStartSent
                0x0000000000004ba0                I2C_masterSendStart
                0x0000000000004bc6                I2C_enableMultiMasterMode
                0x0000000000004bfc                I2C_disableMultiMasterMode
                0x0000000000004c32                I2C_enableInterrupt
                0x0000000000004c5a                I2C_disableInterrupt
                0x0000000000004c86                I2C_clearInterruptFlag
                0x0000000000004cb2                I2C_getInterruptStatus
                0x0000000000004cd6                I2C_getEnabledInterruptStatus
                0x0000000000004cf6                I2C_getMode
                0x0000000000004d14                I2C_registerInterrupt
                0x0000000000004da8                I2C_unregisterInterrupt
                0x0000000000004e34                I2C_slaveSendNAK
 .text          0x0000000000004e5c      0x548 build/interrupt.o
                0x0000000000004e62                Interrupt_enableMaster
                0x0000000000004e7a                Interrupt_disableMaster
                0x0000000000004e92                Interrupt_registerInterrupt
                0x0000000000004ef8                Interrupt_unregisterInterrupt
                0x0000000000004f20                Interrupt_setPriorityGrouping
                0x0000000000004f70                Interrupt_getPriorityGrouping
                0x0000000000004fbc                Interrupt_setPriority
                0x0000000000005024                Interrupt_getPriority
                0x0000000000005058                Interrupt_enableInterrupt
                0x00000000000050ec                Interrupt_disableInterrupt
                0x0000000000005180                Interrupt_isEnabled
                0x0000000000005220                Interrupt_pendInterrupt
                0x000000000000529c                Interrupt_unpendInterrupt
                0x0000000000005304                Interrupt_setPriorityMask
                0x000000000000531e                Interrupt_getPriorityMask
                0x000000000000532e                Interrupt_setVectorTableAddress
                0x000000000000534c                Interrupt_getVectorTableAddress
                0x0000000000005364                Interrupt_enableSleepOnIsrExit
                0x0000000000005384                Interrupt_disableSleepOnIsrExit
 .text          0x00000000000053a4      0x16c build/mpu.o
                0x00000000000053a4                MPU_enableModule
                0x00000000000053c8                MPU_disableModule
                0x00000000000053e8                MPU_getRegionCount
                0x0000000000005404                MPU_enableRegion
                0x0000000000005430                MPU_disableRegion
                0x000000000000545c                MPU_setRegion
                0x0000000000005494                MPU_getRegion
                0x00000000000054cc                MPU_registerInterrupt
                0x00000000000054e4                MPU_unregisterInterrupt
                0x00000000000054f2                MPU_enableInterrupt
                0x0000000000005500                MPU_disableInterrupt
 .text          0x0000000000005510      0xb08 build/pcm.o
                0x0000000000005630                PCM_setCoreVoltageLevel
                0x000000000000564c                PCM_setCoreVoltageLevelWithTimeout
                0x000000000000566a                PCM_setCoreVoltageLevelNonBlocking
                0x0000000000005686                PCM_getPowerMode
                0x00000000000056f6                PCM_getCoreVoltageLevel
                0x00000000000058e8                PCM_setPowerMode
                0x0000000000005904                PCM_setPowerModeNonBlocking
                0x0000000000005920                PCM_setPowerModeWithTimeout
                0x0000000000005ccc                PCM_setPowerState
                0x0000000000005ce8                PCM_setPowerStateWithTimeout
                0x0000000000005d06                PCM_setPowerStateNonBlocking
                0x0000000000005d22                PCM_shutdownDevice
                0x0000000000005d88                PCM_gotoLPM4
                0x0000000000005d9e                PCM_gotoLPM4InterruptSafe
                0x0000000000005dc2                PCM_gotoLPM0
                0x0000000000005df4                PCM_gotoLPM0InterruptSafe
                0x0000000000005e18                PCM_gotoLPM3
                0x0000000000005eb4                PCM_gotoLPM3InterruptSafe
                0x0000000000005ed8                PCM_getPowerState
                0x0000000000005ef8                PCM_enableRudeMode
                0x0000000000005f1c                PCM_disableRudeMode
                0x0000000000005f44                PCM_enableInterrupt
                0x0000000000005f68                PCM_disableInterrupt
                0x0000000000005f90                PCM_getInterruptStatus
                0x0000000000005fa8                PCM_getEnabledInterruptStatus
                0x0000000000005fc0                PCM_clearInterruptFlag
                0x0000000000005fe4                PCM_registerInterrupt
                0x0000000000006002                PCM_unregisterInterrupt
 .text          0x0000000000006018      0x28c build/pss.o
                0x000000000000604c                PSS_enableForcedDCDCOperation
                0x0000000000006068                PSS_disableForcedDCDCOperation
                0x0000000000006084                PSS_enableHighSidePinToggle
                0x00000000000060cc                PSS_disableHighSidePinToggle
                0x00000000000060e8                PSS_enableHighSide
                0x0000000000006104                PSS_disableHighSide
                0x0000000000006120                PSS_setHighSidePerformanceMode
                0x0000000000006150                PSS_getHighSidePerformanceMode
                0x0000000000006174                PSS_enableHighSideMonitor
                0x0000000000006190                PSS_disableHighSideMonitor
                0x00000000000061ac                PSS_setHighSideVoltageTrigger
                0x00000000000061e8                PSS_getHighSideVoltageTrigger
                0x0000000000006204                PSS_enableInterrupt
                0x0000000000006220                PSS_disableInterrupt
                0x000000000000623c                PSS_getInterruptStatus
                0x0000000000006254                PSS_clearInterruptFlag
                0x0000000000006270                PSS_registerInterrupt
                0x000000000000628e                PSS_unregisterInterrupt
 .text          0x00000000000062a4      0x1c0 build/ref_a.o
                0x00000000000062a4                REF_A_setReferenceVoltage
                0x00000000000062d4                REF_A_disableTempSensor
                0x00000000000062ec                REF_A_enableTempSensor
                0x0000000000006304                REF_A_enableReferenceVoltageOutput
                0x000000000000631c                REF_A_disableReferenceVoltageOutput
                0x0000000000006334                REF_A_enableReferenceVoltage
                0x000000000000634c                REF_A_disableReferenceVoltage
                0x0000000000006364                REF_A_getBandgapMode
                0x0000000000006380                REF_A_isBandgapActive
                0x00000000000063a4                REF_A_isRefGenBusy
                0x00000000000063c8                REF_A_isRefGenActive
                0x00000000000063ec                REF_A_getBufferedBandgapVoltageStatus
                0x0000000000006410                REF_A_getVariableReferenceVoltageStatus
                0x0000000000006434                REF_A_setReferenceVoltageOneTimeTrigger
                0x000000000000644c                REF_A_setBufferedBandgapVoltageOneTimeTrigger
 .text          0x0000000000006464      0x180 build/reset.o
                0x0000000000006464                ResetCtl_initiateSoftReset
                0x0000000000006488                ResetCtl_initiateSoftResetWithSource
                0x00000000000064ac                ResetCtl_getSoftResetSource
                0x00000000000064c4                ResetCtl_clearSoftResetSource
                0x00000000000064e8                ResetCtl_initiateHardReset
                0x000000000000650c                ResetCtl_initiateHardResetWithSource
                0x0000000000006530                ResetCtl_getHardResetSource
                0x0000000000006548                ResetCtl_clearHardResetSource
                0x000000000000656c                ResetCtl_getPSSSource
                0x0000000000006584                ResetCtl_clearPSSFlags
                0x00000000000065a8                ResetCtl_getPCMSource
                0x00000000000065c0                ResetCtl_clearPCMFlags
 .text          0x00000000000065e4      0x7d0 build/rtc_c.o
                0x00000000000065e4                RTC_C_startClock
                0x0000000000006628                RTC_C_holdClock
                0x000000000000666c                RTC_C_setCalibrationFrequency
                0x00000000000066c4                RTC_C_setCalibrationData
                0x0000000000006714                RTC_C_setTemperatureCompensation
                0x0000000000006764                RTC_C_initCalendar
                0x0000000000006818                RTC_C_getCalendarTime
                0x00000000000068a8                RTC_C_setCalendarAlarm
                0x000000000000690c                RTC_C_setCalendarEvent
                0x0000000000006964                RTC_C_definePrescaleEvent
                0x00000000000069d4                RTC_C_getPrescaleValue
                0x0000000000006a10                RTC_C_setPrescaleValue
                0x0000000000006a90                RTC_C_convertBCDToBinary
                0x0000000000006ab8                RTC_C_convertBinaryToBCD
                0x0000000000006ae0                RTC_C_enableInterrupt
                0x0000000000006b60                RTC_C_disableInterrupt
                0x0000000000006bec                RTC_C_getInterruptStatus
                0x0000000000006c68                RTC_C_getEnabledInterruptStatus
                0x0000000000006d04                RTC_C_clearInterruptFlag
                0x0000000000006d80                RTC_C_registerInterrupt
                0x0000000000006d9e                RTC_C_unregisterInterrupt
 .text          0x0000000000006db4      0x40c build/sysctl.o
                0x0000000000006db4                SysCtl_getTLVInfo
                0x0000000000006e48                SysCtl_getSRAMSize
                0x0000000000006e60                SysCtl_getFlashSize
                0x0000000000006e78                SysCtl_disableNMISource
                0x0000000000006ea0                SysCtl_enableNMISource
                0x0000000000006ec4                SysCtl_getNMISourceStatus
                0x0000000000006ee0                SysCtl_enableSRAMBank
                0x0000000000006f10                SysCtl_disableSRAMBank
                0x0000000000007018                SysCtl_enableSRAMBankRetention
                0x000000000000704c                SysCtl_disableSRAMBankRetention
                0x0000000000007080                SysCtl_rebootDevice
                0x000000000000709c                SysCtl_enablePeripheralAtCPUHalt
                0x00000000000070c4                SysCtl_disablePeripheralAtCPUHalt
                0x00000000000070e8                SysCtl_setWDTTimeoutResetType
                0x0000000000007120                SysCtl_setWDTPasswordViolationResetType
                0x0000000000007158                SysCtl_enableGlitchFilter
                0x0000000000007178                SysCtl_disableGlitchFilter
                0x0000000000007198                SysCtl_getTempCalibrationConstant
 .text          0x00000000000071c0       0xf4 build/systick.o
                0x00000000000071c0                SysTick_enableModule
                0x00000000000071e0                SysTick_disableModule
                0x0000000000007200                SysTick_registerInterrupt
                0x0000000000007218                SysTick_unregisterInterrupt
                0x0000000000007226                SysTick_enableInterrupt
                0x0000000000007244                SysTick_disableInterrupt
                0x0000000000007264                SysTick_setPeriod
                0x0000000000007284                SysTick_getPeriod
                0x000000000000729c                SysTick_getValue
 .text          0x00000000000072b4      0x262 build/timer32.o
                0x00000000000072b4                Timer32_initModule
                0x000000000000734a                Timer32_setCount
                0x0000000000007392                Timer32_setCountInBackground
                0x00000000000073da                Timer32_getValue
                0x00000000000073f2                Timer32_startTimer
                0x0000000000007442                Timer32_haltTimer
                0x0000000000007462                Timer32_enableInterrupt
                0x0000000000007482                Timer32_disableInterrupt
                0x00000000000074a2                Timer32_clearInterruptFlag
                0x00000000000074c2                Timer32_getInterruptStatus
                0x00000000000074da                Timer32_registerInterrupt
                0x00000000000074fa                Timer32_unregisterInterrupt
 *fill*         0x0000000000007516        0x2 
 .text          0x0000000000007518      0xaa8 build/timer_a.o
                0x00000000000076c8                Timer_A_startCounter
                0x00000000000076f0                Timer_A_configureContinuousMode
                0x0000000000007742                Timer_A_configureUpMode
                0x00000000000077da                Timer_A_configureUpDownMode
                0x0000000000007872                Timer_A_initCapture
                0x00000000000078ec                Timer_A_initCompare
                0x0000000000007954                Timer_A_getCounterValue
                0x00000000000079ae                Timer_A_clearTimer
                0x00000000000079d4                Timer_A_getSynchronizedCaptureCompareInput
                0x0000000000007a12                Timer_A_getOutputForOutputModeOutBitValue
                0x0000000000007a56                Timer_A_getCaptureCompareCount
                0x0000000000007a84                Timer_A_setOutputForOutputModeOutBitValue
                0x0000000000007acc                Timer_A_generatePWM
                0x0000000000007b74                Timer_A_stopTimer
                0x0000000000007b98                Timer_A_setCompareValue
                0x0000000000007bcc                Timer_A_clearInterruptFlag
                0x0000000000007bf0                Timer_A_clearCaptureCompareInterrupt
                0x0000000000007c28                Timer_A_enableInterrupt
                0x0000000000007c4e                Timer_A_disableInterrupt
                0x0000000000007c74                Timer_A_getInterruptStatus
                0x0000000000007c92                Timer_A_enableCaptureCompareInterrupt
                0x0000000000007ccc                Timer_A_disableCaptureCompareInterrupt
                0x0000000000007d06                Timer_A_getCaptureCompareInterruptStatus
                0x0000000000007d3a                Timer_A_getEnabledInterruptStatus
                0x0000000000007d64                Timer_A_getCaptureCompareEnabledInterruptStatus
                0x0000000000007dae                Timer_A_registerInterrupt
                0x0000000000007ec0                Timer_A_unregisterInterrupt
 .text          0x0000000000007fc0      0x67c build/uart.o
                0x0000000000007fc0                UART_initModule
                0x0000000000008154                UART_transmitData
                0x00000000000081a4                UART_receiveData
                0x00000000000081ee                UART_enableModule
                0x0000000000008212                UART_disableModule
                0x0000000000008236                UART_queryStatusFlags
                0x0000000000008258                UART_setDormant
                0x000000000000827e                UART_resetDormant
                0x00000000000082a4                UART_transmitAddress
                0x00000000000082d4                UART_transmitBreak
                0x000000000000834a                UART_getReceiveBufferAddressForDMA
                0x0000000000008362                UART_getTransmitBufferAddressForDMA
                0x000000000000837a                UART_selectDeglitchTime
                0x00000000000083a8                UART_enableInterrupt
                0x00000000000083f2                UART_disableInterrupt
                0x0000000000008444                UART_getInterruptStatus
                0x0000000000008468                UART_getEnabledInterruptStatus
                0x00000000000084ee                UART_clearInterruptFlag
                0x000000000000851a                UART_registerInterrupt
                0x00000000000085b0                UART_unregisterInterrupt
 .text          0x000000000000863c      0x164 build/wdt_a.o
                0x000000000000863c                WDT_A_holdTimer
                0x0000000000008670                WDT_A_startTimer
                0x00000000000086a4                WDT_A_clearTimer
                0x00000000000086d8                WDT_A_initWatchdogTimer
                0x000000000000870c                WDT_A_initIntervalTimer
                0x0000000000008740                WDT_A_setPasswordViolationReset
                0x0000000000008756                WDT_A_setTimeoutReset
                0x000000000000876c                WDT_A_registerInterrupt
                0x000000000000878a                WDT_A_unregisterInterrupt
 .text          0x00000000000087a0       0x4c build/startup_msp432p401r_gcc.o
                0x00000000000087a0                Reset_Handler
                0x00000000000087e4                CS_IRQHandler
                0x00000000000087e4                DebugMon_Handler
                0x00000000000087e4                AES256_IRQHandler
                0x00000000000087e4                HardFault_Handler
                0x00000000000087e4                SysTick_Handler
                0x00000000000087e4                PendSV_Handler
                0x00000000000087e4                NMI_Handler
                0x00000000000087e4                RTC_C_IRQHandler
                0x00000000000087e4                PORT1_IRQHandler
                0x00000000000087e4                FPU_IRQHandler
                0x00000000000087e4                PORT2_IRQHandler
                0x00000000000087e4                TA3_0_IRQHandler
                0x00000000000087e4                UsageFault_Handler
                0x00000000000087e4                DMA_INT3_IRQHandler
                0x00000000000087e4                TA2_0_IRQHandler
                0x00000000000087e4                DMA_INT1_IRQHandler
                0x00000000000087e4                WDT_A_IRQHandler
                0x00000000000087e4                TA2_N_IRQHandler
                0x00000000000087e4                TA1_0_IRQHandler
                0x00000000000087e4                PSS_IRQHandler
                0x00000000000087e4                DMA_INT2_IRQHandler
                0x00000000000087e4                EUSCIA3_IRQHandler
                0x00000000000087e4                DMA_INT0_IRQHandler
                0x00000000000087e4                PORT4_IRQHandler
                0x00000000000087e4                PORT5_IRQHandler
                0x00000000000087e4                EUSCIB0_IRQHandler
                0x00000000000087e4                Default_Handler
                0x00000000000087e4                T32_INTC_IRQHandler
                0x00000000000087e4                TA3_N_IRQHandler
                0x00000000000087e4                TA0_0_IRQHandler
                0x00000000000087e4                EUSCIA2_IRQHandler
                0x00000000000087e4                PORT6_IRQHandler
                0x00000000000087e4                PORT3_IRQHandler
                0x00000000000087e4                MemManage_Handler
                0x00000000000087e4                SVC_Handler
                0x00000000000087e4                TA1_N_IRQHandler
                0x00000000000087e4                EUSCIA1_IRQHandler
                0x00000000000087e4                COMP_E1_IRQHandler
                0x00000000000087e4                EUSCIB2_IRQHandler
                0x00000000000087e4                FLCTL_IRQHandler
                0x00000000000087e4                EUSCIB3_IRQHandler
                0x00000000000087e4                T32_INT1_IRQHandler
                0x00000000000087e4                DMA_ERR_IRQHandler
                0x00000000000087e4                ADC14_IRQHandler
                0x00000000000087e4                EUSCIA0_IRQHandler
                0x00000000000087e4                BusFault_Handler
                0x00000000000087e4                PCM_IRQHandler
                0x00000000000087e4                TA0_N_IRQHandler
                0x00000000000087e4                COMP_E0_IRQHandler
                0x00000000000087e4                EUSCIB1_IRQHandler
                0x00000000000087e4                T32_INT2_IRQHandler
 .text          0x00000000000087ec      0x394 build/system_msp432p401r.o
                0x00000000000087ec                SystemCoreClockUpdate
                0x0000000000008b00                SystemInit
 .text          0x0000000000008b80      0x628 build/iic_bus.o
                0x0000000000008b80                IIC_Init
                0x0000000000008bc4                IIC_Adapter_Init
                0x0000000000008c42                IIC_Adapter_Start
                0x0000000000008cd0                IIC_Adapter_Stop
                0x0000000000008d70                IIC_Adapter_SendByte
                0x0000000000008eb0                IIC_Adapter_ReceiveByte
                0x000000000000908c                IIC_Adapter_Write
                0x000000000000911a                IIC_Adapter_Read
 .text          0x00000000000091a8      0x214 build/syscalls.o
                0x00000000000091a8                initialise_monitor_handles
                0x00000000000091b6                _getpid
                0x00000000000091c6                _kill
                0x00000000000091e6                _exit
                0x00000000000091fa                _read
                0x0000000000009234                _write
                0x000000000000926c                _close
                0x0000000000009284                _fstat
                0x00000000000092a4                _isatty
                0x00000000000092ba                _lseek
                0x00000000000092d4                _open
                0x00000000000092f0                _wait
                0x000000000000930e                _unlink
                0x000000000000932c                _times
                0x0000000000009344                _stat
                0x0000000000009364                _link
                0x0000000000009384                _fork
                0x000000000000939a                _execve
 .text          0x00000000000093bc      0x510 build/user_uart.o
                0x00000000000093bc                UART_PreInit
                0x000000000000943c                Send_Nchar
                0x0000000000009490                D_Send_Nchar
                0x00000000000094f4                D_Send_String
                0x0000000000009524                Send_String
                0x000000000000956c                Printf
                0x0000000000009710                Receive
                0x0000000000009726                D_Printf
 .text          0x00000000000098cc      0x1cc build/user_dma.o
                0x00000000000098cc                DMA_PreInit
                0x0000000000009910                DMA_Config_Source
                0x0000000000009980                DMA_Specify_Src
                0x00000000000099d4                DMA_Specify_Ctrl
                0x0000000000009a2c                DMA_Enable_Channel
 .text          0x0000000000009a98        0x0 /usr/local/arm/GNU_Tools_for_ARM/bin/../lib/gcc/arm-none-eabi/11.3.1/../../../../arm-none-eabi/lib/thumb/v7e-m+fp/hard/libc.a(libc_a-exit.o)
 .text          0x0000000000009a98        0x0 /usr/local/arm/GNU_Tools_for_ARM/bin/../lib/gcc/arm-none-eabi/11.3.1/../../../../arm-none-eabi/lib/thumb/v7e-m+fp/hard/libc.a(libc_a-sprintf.o)
 .text          0x0000000000009a98        0x0 /usr/local/arm/GNU_Tools_for_ARM/bin/../lib/gcc/arm-none-eabi/11.3.1/../../../../arm-none-eabi/lib/thumb/v7e-m+fp/hard/libc.a(libc_a-errno.o)
 .text          0x0000000000009a98        0x0 /usr/local/arm/GNU_Tools_for_ARM/bin/../lib/gcc/arm-none-eabi/11.3.1/../../../../arm-none-eabi/lib/thumb/v7e-m+fp/hard/libc.a(libc_a-svfprintf.o)
 .text          0x0000000000009a98        0x0 /usr/local/arm/GNU_Tools_for_ARM/bin/../lib/gcc/arm-none-eabi/11.3.1/../../../../arm-none-eabi/lib/thumb/v7e-m+fp/hard/libc.a(libc_a-mallocr.o)
 .text          0x0000000000009a98        0x0 /usr/local/arm/GNU_Tools_for_ARM/bin/../lib/gcc/arm-none-eabi/11.3.1/../../../../arm-none-eabi/lib/thumb/v7e-m+fp/hard/libc.a(libc_a-__call_atexit.o)
 .text          0x0000000000009a98        0x0 /usr/local/arm/GNU_Tools_for_ARM/bin/../lib/gcc/arm-none-eabi/11.3.1/../../../../arm-none-eabi/lib/thumb/v7e-m+fp/hard/libc.a(libc_a-memset.o)
 .text          0x0000000000009a98        0x0 /usr/local/arm/GNU_Tools_for_ARM/bin/../lib/gcc/arm-none-eabi/11.3.1/../../../../arm-none-eabi/lib/thumb/v7e-m+fp/hard/libc.a(libc_a-wcrtomb.o)
 .text          0x0000000000009a98        0x0 /usr/local/arm/GNU_Tools_for_ARM/bin/../lib/gcc/arm-none-eabi/11.3.1/../../../../arm-none-eabi/lib/thumb/v7e-m+fp/hard/libc.a(libc_a-init.o)
 .text          0x0000000000009a98        0x0 /usr/local/arm/GNU_Tools_for_ARM/bin/../lib/gcc/arm-none-eabi/11.3.1/../../../../arm-none-eabi/lib/thumb/v7e-m+fp/hard/libc.a(libc_a-fini.o)
 .text          0x0000000000009a98        0x0 /usr/local/arm/GNU_Tools_for_ARM/bin/../lib/gcc/arm-none-eabi/11.3.1/../../../../arm-none-eabi/lib/thumb/v7e-m+fp/hard/libc.a(libc_a-lock.o)
 .text          0x0000000000009a98        0x0 /usr/local/arm/GNU_Tools_for_ARM/bin/../lib/gcc/arm-none-eabi/11.3.1/../../../../arm-none-eabi/lib/thumb/v7e-m+fp/hard/libc.a(libc_a-locale.o)
 .text          0x0000000000009a98        0x0 /usr/local/arm/GNU_Tools_for_ARM/bin/../lib/gcc/arm-none-eabi/11.3.1/../../../../arm-none-eabi/lib/thumb/v7e-m+fp/hard/libc.a(libc_a-localeconv.o)
 *fill*         0x0000000000009a98        0x8 
 .text          0x0000000000009aa0      0x2dc /usr/local/arm/GNU_Tools_for_ARM/bin/../lib/gcc/arm-none-eabi/11.3.1/../../../../arm-none-eabi/lib/thumb/v7e-m+fp/hard/libc.a(libc_a-strcmp.o)
                0x0000000000009aa8                strcmp
 .text          0x0000000000009d7c        0x0 /usr/local/arm/GNU_Tools_for_ARM/bin/../lib/gcc/arm-none-eabi/11.3.1/../../../../arm-none-eabi/lib/thumb/v7e-m+fp/hard/libc.a(libc_a-strcpy.o)
 .text          0x0000000000009d7c        0x0 /usr/local/arm/GNU_Tools_for_ARM/bin/../lib/gcc/arm-none-eabi/11.3.1/../../../../arm-none-eabi/lib/thumb/v7e-m+fp/hard/libc.a(libc_a-mlock.o)
 .text          0x0000000000009d7c        0x0 /usr/local/arm/GNU_Tools_for_ARM/bin/../lib/gcc/arm-none-eabi/11.3.1/../../../../arm-none-eabi/lib/thumb/v7e-m+fp/hard/libc.a(libc_a-atexit.o)
 .text          0x0000000000009d7c        0x0 /usr/local/arm/GNU_Tools_for_ARM/bin/../lib/gcc/arm-none-eabi/11.3.1/../../../../arm-none-eabi/lib/thumb/v7e-m+fp/hard/libc.a(libc_a-strchr.o)
 .text          0x0000000000009d7c        0x0 /usr/local/arm/GNU_Tools_for_ARM/bin/../lib/gcc/arm-none-eabi/11.3.1/../../../../arm-none-eabi/lib/thumb/v7e-m+fp/hard/libc.a(libc_a-wcsrtombs.o)
 .text          0x0000000000009d7c        0x0 /usr/local/arm/GNU_Tools_for_ARM/bin/../lib/gcc/arm-none-eabi/11.3.1/../../../../arm-none-eabi/lib/thumb/v7e-m+fp/hard/libc.a(libc_a-dtoa.o)
 .text          0x0000000000009d7c        0x0 /usr/local/arm/GNU_Tools_for_ARM/bin/../lib/gcc/arm-none-eabi/11.3.1/../../../../arm-none-eabi/lib/thumb/v7e-m+fp/hard/libc.a(libc_a-ctype_.o)
 .text          0x0000000000009d7c        0x0 /usr/local/arm/GNU_Tools_for_ARM/bin/../lib/gcc/arm-none-eabi/11.3.1/../../../../arm-none-eabi/lib/thumb/v7e-m+fp/hard/libc.a(libc_a-impure.o)
 .text          0x0000000000009d7c        0x0 /usr/local/arm/GNU_Tools_for_ARM/bin/../lib/gcc/arm-none-eabi/11.3.1/../../../../arm-none-eabi/lib/thumb/v7e-m+fp/hard/libc.a(libc_a-findfp.o)
 *fill*         0x0000000000009d7c        0x4 
 .text          0x0000000000009d80       0xa0 /usr/local/arm/GNU_Tools_for_ARM/bin/../lib/gcc/arm-none-eabi/11.3.1/../../../../arm-none-eabi/lib/thumb/v7e-m+fp/hard/libc.a(libc_a-memchr.o)
                0x0000000000009d80                memchr
 .text          0x0000000000009e20      0x134 /usr/local/arm/GNU_Tools_for_ARM/bin/../lib/gcc/arm-none-eabi/11.3.1/../../../../arm-none-eabi/lib/thumb/v7e-m+fp/hard/libc.a(libc_a-memcpy.o)
                0x0000000000009e20                memcpy
 *fill*         0x0000000000009f54       0x2c 
 .text          0x0000000000009f80       0xdc /usr/local/arm/GNU_Tools_for_ARM/bin/../lib/gcc/arm-none-eabi/11.3.1/../../../../arm-none-eabi/lib/thumb/v7e-m+fp/hard/libc.a(libc_a-strlen.o)
                0x0000000000009f80                strlen
 .text          0x000000000000a05c        0x0 /usr/local/arm/GNU_Tools_for_ARM/bin/../lib/gcc/arm-none-eabi/11.3.1/../../../../arm-none-eabi/lib/thumb/v7e-m+fp/hard/libc.a(libm_a-s_frexp.o)
 .text          0x000000000000a05c        0x0 /usr/local/arm/GNU_Tools_for_ARM/bin/../lib/gcc/arm-none-eabi/11.3.1/../../../../arm-none-eabi/lib/thumb/v7e-m+fp/hard/libc.a(libc_a-strlcpy.o)
 .text          0x000000000000a05c        0x0 /usr/local/arm/GNU_Tools_for_ARM/bin/../lib/gcc/arm-none-eabi/11.3.1/../../../../arm-none-eabi/lib/thumb/v7e-m+fp/hard/libc.a(libc_a-freer.o)
 .text          0x000000000000a05c        0x0 /usr/local/arm/GNU_Tools_for_ARM/bin/../lib/gcc/arm-none-eabi/11.3.1/../../../../arm-none-eabi/lib/thumb/v7e-m+fp/hard/libc.a(libc_a-strtol.o)
 .text          0x000000000000a05c        0x0 /usr/local/arm/GNU_Tools_for_ARM/bin/../lib/gcc/arm-none-eabi/11.3.1/../../../../arm-none-eabi/lib/thumb/v7e-m+fp/hard/libc.a(libc_a-strncasecmp.o)
 .text          0x000000000000a05c        0x0 /usr/local/arm/GNU_Tools_for_ARM/bin/../lib/gcc/arm-none-eabi/11.3.1/../../../../arm-none-eabi/lib/thumb/v7e-m+fp/hard/libc.a(libc_a-getenv_r.o)
 .text          0x000000000000a05c        0x0 /usr/local/arm/GNU_Tools_for_ARM/bin/../lib/gcc/arm-none-eabi/11.3.1/../../../../arm-none-eabi/lib/thumb/v7e-m+fp/hard/libc.a(libc_a-strncpy.o)
 .text          0x000000000000a05c        0x0 /usr/local/arm/GNU_Tools_for_ARM/bin/../lib/gcc/arm-none-eabi/11.3.1/../../../../arm-none-eabi/lib/thumb/v7e-m+fp/hard/libc.a(libc_a-stdio.o)
 .text          0x000000000000a05c        0x0 /usr/local/arm/GNU_Tools_for_ARM/bin/../lib/gcc/arm-none-eabi/11.3.1/../../../../arm-none-eabi/lib/thumb/v7e-m+fp/hard/libc.a(libc_a-wctomb_r.o)
 .text          0x000000000000a05c        0x0 /usr/local/arm/GNU_Tools_for_ARM/bin/../lib/gcc/arm-none-eabi/11.3.1/../../../../arm-none-eabi/lib/thumb/v7e-m+fp/hard/libc.a(libc_a-sbrkr.o)
 .text          0x000000000000a05c        0x0 /usr/local/arm/GNU_Tools_for_ARM/bin/../lib/gcc/arm-none-eabi/11.3.1/../../../../arm-none-eabi/lib/thumb/v7e-m+fp/hard/libc.a(libc_a-fwalk.o)
 .text          0x000000000000a05c        0x0 /usr/local/arm/GNU_Tools_for_ARM/bin/../lib/gcc/arm-none-eabi/11.3.1/../../../../arm-none-eabi/lib/thumb/v7e-m+fp/hard/libc.a(libc_a-writer.o)
 .text          0x000000000000a05c        0x0 /usr/local/arm/GNU_Tools_for_ARM/bin/../lib/gcc/arm-none-eabi/11.3.1/../../../../arm-none-eabi/lib/thumb/v7e-m+fp/hard/libc.a(libc_a-svfiprintf.o)
 .text          0x000000000000a05c        0x0 /usr/local/arm/GNU_Tools_for_ARM/bin/../lib/gcc/arm-none-eabi/11.3.1/../../../../arm-none-eabi/lib/thumb/v7e-m+fp/hard/libc.a(libc_a-__atexit.o)
 .text          0x000000000000a05c        0x0 /usr/local/arm/GNU_Tools_for_ARM/bin/../lib/gcc/arm-none-eabi/11.3.1/../../../../arm-none-eabi/lib/thumb/v7e-m+fp/hard/libc.a(libc_a-mbtowc_r.o)
 .text          0x000000000000a05c        0x0 /usr/local/arm/GNU_Tools_for_ARM/bin/../lib/gcc/arm-none-eabi/11.3.1/../../../../arm-none-eabi/lib/thumb/v7e-m+fp/hard/libc.a(libc_a-memmove.o)
 .text          0x000000000000a05c        0x0 /usr/local/arm/GNU_Tools_for_ARM/bin/../lib/gcc/arm-none-eabi/11.3.1/../../../../arm-none-eabi/lib/thumb/v7e-m+fp/hard/libc.a(libc_a-assert.o)
 .text          0x000000000000a05c        0x0 /usr/local/arm/GNU_Tools_for_ARM/bin/../lib/gcc/arm-none-eabi/11.3.1/../../../../arm-none-eabi/lib/thumb/v7e-m+fp/hard/libc.a(libc_a-strcasecmp.o)
 .text          0x000000000000a05c        0x0 /usr/local/arm/GNU_Tools_for_ARM/bin/../lib/gcc/arm-none-eabi/11.3.1/../../../../arm-none-eabi/lib/thumb/v7e-m+fp/hard/libc.a(libc_a-strcat.o)
 .text          0x000000000000a05c        0x0 /usr/local/arm/GNU_Tools_for_ARM/bin/../lib/gcc/arm-none-eabi/11.3.1/../../../../arm-none-eabi/lib/thumb/v7e-m+fp/hard/libc.a(libc_a-fclose.o)
 .text          0x000000000000a05c        0x0 /usr/local/arm/GNU_Tools_for_ARM/bin/../lib/gcc/arm-none-eabi/11.3.1/../../../../arm-none-eabi/lib/thumb/v7e-m+fp/hard/libc.a(libc_a-mprec.o)
 .text          0x000000000000a05c        0x0 /usr/local/arm/GNU_Tools_for_ARM/bin/../lib/gcc/arm-none-eabi/11.3.1/../../../../arm-none-eabi/lib/thumb/v7e-m+fp/hard/libc.a(libc_a-callocr.o)
 .text          0x000000000000a05c        0x0 /usr/local/arm/GNU_Tools_for_ARM/bin/../lib/gcc/arm-none-eabi/11.3.1/../../../../arm-none-eabi/lib/thumb/v7e-m+fp/hard/libc.a(libc_a-wcsnrtombs.o)
 .text          0x000000000000a05c        0x0 /usr/local/arm/GNU_Tools_for_ARM/bin/../lib/gcc/arm-none-eabi/11.3.1/../../../../arm-none-eabi/lib/thumb/v7e-m+fp/hard/libc.a(libc_a-closer.o)
 .text          0x000000000000a05c        0x0 /usr/local/arm/GNU_Tools_for_ARM/bin/../lib/gcc/arm-none-eabi/11.3.1/../../../../arm-none-eabi/lib/thumb/v7e-m+fp/hard/libc.a(libc_a-reent.o)
 .text          0x000000000000a05c        0x0 /usr/local/arm/GNU_Tools_for_ARM/bin/../lib/gcc/arm-none-eabi/11.3.1/../../../../arm-none-eabi/lib/thumb/v7e-m+fp/hard/libc.a(libc_a-fflush.o)
 .text          0x000000000000a05c        0x0 /usr/local/arm/GNU_Tools_for_ARM/bin/../lib/gcc/arm-none-eabi/11.3.1/../../../../arm-none-eabi/lib/thumb/v7e-m+fp/hard/libc.a(libc_a-reallocr.o)
 .text          0x000000000000a05c        0x0 /usr/local/arm/GNU_Tools_for_ARM/bin/../lib/gcc/arm-none-eabi/11.3.1/../../../../arm-none-eabi/lib/thumb/v7e-m+fp/hard/libc.a(libc_a-envlock.o)
 .text          0x000000000000a05c        0x0 /usr/local/arm/GNU_Tools_for_ARM/bin/../lib/gcc/arm-none-eabi/11.3.1/../../../../arm-none-eabi/lib/thumb/v7e-m+fp/hard/libc.a(libc_a-strncmp.o)
 .text          0x000000000000a05c        0x0 /usr/local/arm/GNU_Tools_for_ARM/bin/../lib/gcc/arm-none-eabi/11.3.1/../../../../arm-none-eabi/lib/thumb/v7e-m+fp/hard/libc.a(libc_a-lseekr.o)
 .text          0x000000000000a05c        0x0 /usr/local/arm/GNU_Tools_for_ARM/bin/../lib/gcc/arm-none-eabi/11.3.1/../../../../arm-none-eabi/lib/thumb/v7e-m+fp/hard/libc.a(libc_a-readr.o)
 .text          0x000000000000a05c        0x0 /usr/local/arm/GNU_Tools_for_ARM/bin/../lib/gcc/arm-none-eabi/11.3.1/../../../../arm-none-eabi/lib/thumb/v7e-m+fp/hard/libc.a(libc_a-fiprintf.o)
 .text          0x000000000000a05c        0x0 /usr/local/arm/GNU_Tools_for_ARM/bin/../lib/gcc/arm-none-eabi/11.3.1/../../../../arm-none-eabi/lib/thumb/v7e-m+fp/hard/libc.a(libc_a-vfiprintf.o)
 .text          0x000000000000a05c        0x0 /usr/local/arm/GNU_Tools_for_ARM/bin/../lib/gcc/arm-none-eabi/11.3.1/../../../../arm-none-eabi/lib/thumb/v7e-m+fp/hard/libc.a(libc_a-abort.o)
 .text          0x000000000000a05c        0x0 /usr/local/arm/GNU_Tools_for_ARM/bin/../lib/gcc/arm-none-eabi/11.3.1/../../../../arm-none-eabi/lib/thumb/v7e-m+fp/hard/libc.a(libc_a-wsetup.o)
 .text          0x000000000000a05c        0x0 /usr/local/arm/GNU_Tools_for_ARM/bin/../lib/gcc/arm-none-eabi/11.3.1/../../../../arm-none-eabi/lib/thumb/v7e-m+fp/hard/libc.a(libc_a-makebuf.o)
 .text          0x000000000000a05c        0x0 /usr/local/arm/GNU_Tools_for_ARM/bin/../lib/gcc/arm-none-eabi/11.3.1/../../../../arm-none-eabi/lib/thumb/v7e-m+fp/hard/libc.a(libc_a-fstatr.o)
 .text          0x000000000000a05c        0x0 /usr/local/arm/GNU_Tools_for_ARM/bin/../lib/gcc/arm-none-eabi/11.3.1/../../../../arm-none-eabi/lib/thumb/v7e-m+fp/hard/libc.a(libc_a-signal.o)
 .text          0x000000000000a05c        0x0 /usr/local/arm/GNU_Tools_for_ARM/bin/../lib/gcc/arm-none-eabi/11.3.1/../../../../arm-none-eabi/lib/thumb/v7e-m+fp/hard/libc.a(libc_a-isattyr.o)
 .text          0x000000000000a05c        0x0 /usr/local/arm/GNU_Tools_for_ARM/bin/../lib/gcc/arm-none-eabi/11.3.1/../../../../arm-none-eabi/lib/thumb/v7e-m+fp/hard/libc.a(libc_a-fputwc.o)
 .text          0x000000000000a05c        0x0 /usr/local/arm/GNU_Tools_for_ARM/bin/../lib/gcc/arm-none-eabi/11.3.1/../../../../arm-none-eabi/lib/thumb/v7e-m+fp/hard/libc.a(libc_a-signalr.o)
 .text          0x000000000000a05c        0x0 /usr/local/arm/GNU_Tools_for_ARM/bin/../lib/gcc/arm-none-eabi/11.3.1/../../../../arm-none-eabi/lib/thumb/v7e-m+fp/hard/libc.a(libc_a-fvwrite.o)
 .text          0x000000000000a05c        0x0 /usr/local/arm/GNU_Tools_for_ARM/bin/../lib/gcc/arm-none-eabi/11.3.1/../../../../arm-none-eabi/lib/thumb/v7e-m+fp/hard/libc.a(libc_a-wbuf.o)
 .text          0x000000000000a05c        0x0 /usr/local/arm/GNU_Tools_for_ARM/bin/../lib/gcc/arm-none-eabi/11.3.1/../../../../arm-none-eabi/lib/thumb/v7e-m+fp/hard/libnosys.a(sbrk.o)
 .text          0x000000000000a05c      0x254 /usr/local/arm/GNU_Tools_for_ARM/bin/../lib/gcc/arm-none-eabi/11.3.1/thumb/v7e-m+fp/hard/libgcc.a(_arm_muldf3.o)
 .text          0x000000000000a2b0      0x378 /usr/local/arm/GNU_Tools_for_ARM/bin/../lib/gcc/arm-none-eabi/11.3.1/thumb/v7e-m+fp/hard/libgcc.a(_arm_addsubdf3.o)
                0x000000000000a2b0                __aeabi_drsub
                0x000000000000a2b8                __aeabi_dsub
                0x000000000000a2b8                __subdf3
                0x000000000000a2bc                __adddf3
                0x000000000000a2bc                __aeabi_dadd
                0x000000000000a534                __aeabi_ui2d
                0x000000000000a534                __floatunsidf
                0x000000000000a554                __floatsidf
                0x000000000000a554                __aeabi_i2d
                0x000000000000a578                __extendsfdf2
                0x000000000000a578                __aeabi_f2d
                0x000000000000a5bc                __aeabi_ul2d
                0x000000000000a5bc                __floatundidf
                0x000000000000a5cc                __floatdidf
                0x000000000000a5cc                __aeabi_l2d
 .text          0x000000000000a628      0x424 /usr/local/arm/GNU_Tools_for_ARM/bin/../lib/gcc/arm-none-eabi/11.3.1/thumb/v7e-m+fp/hard/libgcc.a(_arm_muldivdf3.o)
                0x000000000000a628                __aeabi_dmul
                0x000000000000a628                __muldf3
                0x000000000000a87c                __aeabi_ddiv
                0x000000000000a87c                __divdf3
 .text          0x000000000000aa4c      0x110 /usr/local/arm/GNU_Tools_for_ARM/bin/../lib/gcc/arm-none-eabi/11.3.1/thumb/v7e-m+fp/hard/libgcc.a(_arm_cmpdf2.o)
                0x000000000000aa4c                __gtdf2
                0x000000000000aa4c                __gedf2
                0x000000000000aa54                __ltdf2
                0x000000000000aa54                __ledf2
                0x000000000000aa5c                __cmpdf2
                0x000000000000aa5c                __eqdf2
                0x000000000000aa5c                __nedf2
                0x000000000000aad8                __aeabi_cdrcmple
                0x000000000000aae8                __aeabi_cdcmple
                0x000000000000aae8                __aeabi_cdcmpeq
                0x000000000000aaf8                __aeabi_dcmpeq
                0x000000000000ab0c                __aeabi_dcmplt
                0x000000000000ab20                __aeabi_dcmple
                0x000000000000ab34                __aeabi_dcmpge
                0x000000000000ab48                __aeabi_dcmpgt
 .text          0x000000000000ab5c       0x2c /usr/local/arm/GNU_Tools_for_ARM/bin/../lib/gcc/arm-none-eabi/11.3.1/thumb/v7e-m+fp/hard/libgcc.a(_arm_unorddf2.o)
                0x000000000000ab5c                __aeabi_dcmpun
                0x000000000000ab5c                __unorddf2
 .text          0x000000000000ab88       0x50 /usr/local/arm/GNU_Tools_for_ARM/bin/../lib/gcc/arm-none-eabi/11.3.1/thumb/v7e-m+fp/hard/libgcc.a(_arm_fixdfsi.o)
                0x000000000000ab88                __fixdfsi
                0x000000000000ab88                __aeabi_d2iz
 .text          0x000000000000abd8        0x0 /usr/local/arm/GNU_Tools_for_ARM/bin/../lib/gcc/arm-none-eabi/11.3.1/thumb/v7e-m+fp/hard/crtend.o
 .text          0x000000000000abd8        0x0 /usr/local/arm/GNU_Tools_for_ARM/bin/../lib/gcc/arm-none-eabi/11.3.1/thumb/v7e-m+fp/hard/crtn.o
 *(.text.*)
 .text.deregister_tm_clones
                0x000000000000abd8       0x1c /usr/local/arm/GNU_Tools_for_ARM/bin/../lib/gcc/arm-none-eabi/11.3.1/thumb/v7e-m+fp/hard/crtbegin.o
 .text.register_tm_clones
                0x000000000000abf4       0x24 /usr/local/arm/GNU_Tools_for_ARM/bin/../lib/gcc/arm-none-eabi/11.3.1/thumb/v7e-m+fp/hard/crtbegin.o
 .text.__do_global_dtors_aux
                0x000000000000ac18       0x28 /usr/local/arm/GNU_Tools_for_ARM/bin/../lib/gcc/arm-none-eabi/11.3.1/thumb/v7e-m+fp/hard/crtbegin.o
 .text.frame_dummy
                0x000000000000ac40       0x24 /usr/local/arm/GNU_Tools_for_ARM/bin/../lib/gcc/arm-none-eabi/11.3.1/thumb/v7e-m+fp/hard/crtbegin.o
 .text.exit     0x000000000000ac64       0x1c /usr/local/arm/GNU_Tools_for_ARM/bin/../lib/gcc/arm-none-eabi/11.3.1/../../../../arm-none-eabi/lib/thumb/v7e-m+fp/hard/libc.a(libc_a-exit.o)
                0x000000000000ac64                exit
 .text.sprintf  0x000000000000ac80       0x40 /usr/local/arm/GNU_Tools_for_ARM/bin/../lib/gcc/arm-none-eabi/11.3.1/../../../../arm-none-eabi/lib/thumb/v7e-m+fp/hard/libc.a(libc_a-sprintf.o)
                0x000000000000ac80                sprintf
 .text.__errno  0x000000000000acc0        0xc /usr/local/arm/GNU_Tools_for_ARM/bin/../lib/gcc/arm-none-eabi/11.3.1/../../../../arm-none-eabi/lib/thumb/v7e-m+fp/hard/libc.a(libc_a-errno.o)
                0x000000000000acc0                __errno
 *fill*         0x000000000000accc        0x4 
 .text._svfprintf_r
                0x000000000000acd0     0x1be0 /usr/local/arm/GNU_Tools_for_ARM/bin/../lib/gcc/arm-none-eabi/11.3.1/../../../../arm-none-eabi/lib/thumb/v7e-m+fp/hard/libc.a(libc_a-svfprintf.o)
                0x000000000000acd0                _svfprintf_r
 .text._malloc_r
                0x000000000000c8b0      0x560 /usr/local/arm/GNU_Tools_for_ARM/bin/../lib/gcc/arm-none-eabi/11.3.1/../../../../arm-none-eabi/lib/thumb/v7e-m+fp/hard/libc.a(libc_a-mallocr.o)
                0x000000000000c8b0                _malloc_r
 .text.startup.register_fini
                0x000000000000ce10       0x14 /usr/local/arm/GNU_Tools_for_ARM/bin/../lib/gcc/arm-none-eabi/11.3.1/../../../../arm-none-eabi/lib/thumb/v7e-m+fp/hard/libc.a(libc_a-__call_atexit.o)
 .text.__call_exitprocs
                0x000000000000ce24       0xc8 /usr/local/arm/GNU_Tools_for_ARM/bin/../lib/gcc/arm-none-eabi/11.3.1/../../../../arm-none-eabi/lib/thumb/v7e-m+fp/hard/libc.a(libc_a-__call_atexit.o)
                0x000000000000ce24                __call_exitprocs
 .text.memset   0x000000000000ceec       0xa4 /usr/local/arm/GNU_Tools_for_ARM/bin/../lib/gcc/arm-none-eabi/11.3.1/../../../../arm-none-eabi/lib/thumb/v7e-m+fp/hard/libc.a(libc_a-memset.o)
                0x000000000000ceec                memset
 .text._wcrtomb_r
                0x000000000000cf90       0x4c /usr/local/arm/GNU_Tools_for_ARM/bin/../lib/gcc/arm-none-eabi/11.3.1/../../../../arm-none-eabi/lib/thumb/v7e-m+fp/hard/libc.a(libc_a-wcrtomb.o)
                0x000000000000cf90                _wcrtomb_r
 .text.__libc_init_array
                0x000000000000cfdc       0x48 /usr/local/arm/GNU_Tools_for_ARM/bin/../lib/gcc/arm-none-eabi/11.3.1/../../../../arm-none-eabi/lib/thumb/v7e-m+fp/hard/libc.a(libc_a-init.o)
                0x000000000000cfdc                __libc_init_array
 .text.__libc_fini_array
                0x000000000000d024       0x28 /usr/local/arm/GNU_Tools_for_ARM/bin/../lib/gcc/arm-none-eabi/11.3.1/../../../../arm-none-eabi/lib/thumb/v7e-m+fp/hard/libc.a(libc_a-fini.o)
                0x000000000000d024                __libc_fini_array
 .text.__retarget_lock_init_recursive
                0x000000000000d04c        0x4 /usr/local/arm/GNU_Tools_for_ARM/bin/../lib/gcc/arm-none-eabi/11.3.1/../../../../arm-none-eabi/lib/thumb/v7e-m+fp/hard/libc.a(libc_a-lock.o)
                0x000000000000d04c                __retarget_lock_init_recursive
 .text.__retarget_lock_close_recursive
                0x000000000000d050        0x4 /usr/local/arm/GNU_Tools_for_ARM/bin/../lib/gcc/arm-none-eabi/11.3.1/../../../../arm-none-eabi/lib/thumb/v7e-m+fp/hard/libc.a(libc_a-lock.o)
                0x000000000000d050                __retarget_lock_close_recursive
 .text.__retarget_lock_acquire_recursive
                0x000000000000d054        0x4 /usr/local/arm/GNU_Tools_for_ARM/bin/../lib/gcc/arm-none-eabi/11.3.1/../../../../arm-none-eabi/lib/thumb/v7e-m+fp/hard/libc.a(libc_a-lock.o)
                0x000000000000d054                __retarget_lock_acquire_recursive
 .text.__retarget_lock_release_recursive
                0x000000000000d058        0x4 /usr/local/arm/GNU_Tools_for_ARM/bin/../lib/gcc/arm-none-eabi/11.3.1/../../../../arm-none-eabi/lib/thumb/v7e-m+fp/hard/libc.a(libc_a-lock.o)
                0x000000000000d058                __retarget_lock_release_recursive
 .text.__locale_mb_cur_max
                0x000000000000d05c        0xc /usr/local/arm/GNU_Tools_for_ARM/bin/../lib/gcc/arm-none-eabi/11.3.1/../../../../arm-none-eabi/lib/thumb/v7e-m+fp/hard/libc.a(libc_a-locale.o)
                0x000000000000d05c                __locale_mb_cur_max
 .text._localeconv_r
                0x000000000000d068        0x8 /usr/local/arm/GNU_Tools_for_ARM/bin/../lib/gcc/arm-none-eabi/11.3.1/../../../../arm-none-eabi/lib/thumb/v7e-m+fp/hard/libc.a(libc_a-localeconv.o)
                0x000000000000d068                _localeconv_r
 .text.__malloc_lock
                0x000000000000d070        0xc /usr/local/arm/GNU_Tools_for_ARM/bin/../lib/gcc/arm-none-eabi/11.3.1/../../../../arm-none-eabi/lib/thumb/v7e-m+fp/hard/libc.a(libc_a-mlock.o)
                0x000000000000d070                __malloc_lock
 .text.__malloc_unlock
                0x000000000000d07c        0xc /usr/local/arm/GNU_Tools_for_ARM/bin/../lib/gcc/arm-none-eabi/11.3.1/../../../../arm-none-eabi/lib/thumb/v7e-m+fp/hard/libc.a(libc_a-mlock.o)
                0x000000000000d07c                __malloc_unlock
 .text.atexit   0x000000000000d088        0xc /usr/local/arm/GNU_Tools_for_ARM/bin/../lib/gcc/arm-none-eabi/11.3.1/../../../../arm-none-eabi/lib/thumb/v7e-m+fp/hard/libc.a(libc_a-atexit.o)
                0x000000000000d088                atexit
 .text._wcsrtombs_r
                0x000000000000d094       0x18 /usr/local/arm/GNU_Tools_for_ARM/bin/../lib/gcc/arm-none-eabi/11.3.1/../../../../arm-none-eabi/lib/thumb/v7e-m+fp/hard/libc.a(libc_a-wcsrtombs.o)
                0x000000000000d094                _wcsrtombs_r
 .text.quorem   0x000000000000d0ac      0x128 /usr/local/arm/GNU_Tools_for_ARM/bin/../lib/gcc/arm-none-eabi/11.3.1/../../../../arm-none-eabi/lib/thumb/v7e-m+fp/hard/libc.a(libc_a-dtoa.o)
 *fill*         0x000000000000d1d4        0x4 
 .text._dtoa_r  0x000000000000d1d8      0xf3c /usr/local/arm/GNU_Tools_for_ARM/bin/../lib/gcc/arm-none-eabi/11.3.1/../../../../arm-none-eabi/lib/thumb/v7e-m+fp/hard/libc.a(libc_a-dtoa.o)
                0x000000000000d1d8                _dtoa_r
 .text.stdio_exit_handler
                0x000000000000e114       0x18 /usr/local/arm/GNU_Tools_for_ARM/bin/../lib/gcc/arm-none-eabi/11.3.1/../../../../arm-none-eabi/lib/thumb/v7e-m+fp/hard/libc.a(libc_a-findfp.o)
 .text.cleanup_stdio
                0x000000000000e12c       0x40 /usr/local/arm/GNU_Tools_for_ARM/bin/../lib/gcc/arm-none-eabi/11.3.1/../../../../arm-none-eabi/lib/thumb/v7e-m+fp/hard/libc.a(libc_a-findfp.o)
 .text.global_stdio_init.part.0
                0x000000000000e16c       0xd4 /usr/local/arm/GNU_Tools_for_ARM/bin/../lib/gcc/arm-none-eabi/11.3.1/../../../../arm-none-eabi/lib/thumb/v7e-m+fp/hard/libc.a(libc_a-findfp.o)
 .text.__sinit  0x000000000000e240       0x3c /usr/local/arm/GNU_Tools_for_ARM/bin/../lib/gcc/arm-none-eabi/11.3.1/../../../../arm-none-eabi/lib/thumb/v7e-m+fp/hard/libc.a(libc_a-findfp.o)
                0x000000000000e240                __sinit
 .text.__sfp_lock_acquire
                0x000000000000e27c        0xc /usr/local/arm/GNU_Tools_for_ARM/bin/../lib/gcc/arm-none-eabi/11.3.1/../../../../arm-none-eabi/lib/thumb/v7e-m+fp/hard/libc.a(libc_a-findfp.o)
                0x000000000000e27c                __sfp_lock_acquire
 .text.__sfp_lock_release
                0x000000000000e288        0xc /usr/local/arm/GNU_Tools_for_ARM/bin/../lib/gcc/arm-none-eabi/11.3.1/../../../../arm-none-eabi/lib/thumb/v7e-m+fp/hard/libc.a(libc_a-findfp.o)
                0x000000000000e288                __sfp_lock_release
 .text.frexp    0x000000000000e294       0x6c /usr/local/arm/GNU_Tools_for_ARM/bin/../lib/gcc/arm-none-eabi/11.3.1/../../../../arm-none-eabi/lib/thumb/v7e-m+fp/hard/libc.a(libm_a-s_frexp.o)
                0x000000000000e294                frexp
 .text._malloc_trim_r
                0x000000000000e300       0xa0 /usr/local/arm/GNU_Tools_for_ARM/bin/../lib/gcc/arm-none-eabi/11.3.1/../../../../arm-none-eabi/lib/thumb/v7e-m+fp/hard/libc.a(libc_a-freer.o)
                0x000000000000e300                _malloc_trim_r
 .text._free_r  0x000000000000e3a0      0x20c /usr/local/arm/GNU_Tools_for_ARM/bin/../lib/gcc/arm-none-eabi/11.3.1/../../../../arm-none-eabi/lib/thumb/v7e-m+fp/hard/libc.a(libc_a-freer.o)
                0x000000000000e3a0                _free_r
 .text.strncpy  0x000000000000e5ac       0x64 /usr/local/arm/GNU_Tools_for_ARM/bin/../lib/gcc/arm-none-eabi/11.3.1/../../../../arm-none-eabi/lib/thumb/v7e-m+fp/hard/libc.a(libc_a-strncpy.o)
                0x000000000000e5ac                strncpy
 .text.__sread  0x000000000000e610       0x24 /usr/local/arm/GNU_Tools_for_ARM/bin/../lib/gcc/arm-none-eabi/11.3.1/../../../../arm-none-eabi/lib/thumb/v7e-m+fp/hard/libc.a(libc_a-stdio.o)
                0x000000000000e610                __sread
 .text.__swrite
                0x000000000000e634       0x40 /usr/local/arm/GNU_Tools_for_ARM/bin/../lib/gcc/arm-none-eabi/11.3.1/../../../../arm-none-eabi/lib/thumb/v7e-m+fp/hard/libc.a(libc_a-stdio.o)
                0x000000000000e634                __swrite
 .text.__sseek  0x000000000000e674       0x20 /usr/local/arm/GNU_Tools_for_ARM/bin/../lib/gcc/arm-none-eabi/11.3.1/../../../../arm-none-eabi/lib/thumb/v7e-m+fp/hard/libc.a(libc_a-stdio.o)
                0x000000000000e674                __sseek
 .text.__sclose
                0x000000000000e694        0x8 /usr/local/arm/GNU_Tools_for_ARM/bin/../lib/gcc/arm-none-eabi/11.3.1/../../../../arm-none-eabi/lib/thumb/v7e-m+fp/hard/libc.a(libc_a-stdio.o)
                0x000000000000e694                __sclose
 .text.__ascii_wctomb
                0x000000000000e69c       0x1c /usr/local/arm/GNU_Tools_for_ARM/bin/../lib/gcc/arm-none-eabi/11.3.1/../../../../arm-none-eabi/lib/thumb/v7e-m+fp/hard/libc.a(libc_a-wctomb_r.o)
                0x000000000000e69c                __ascii_wctomb
 .text._sbrk_r  0x000000000000e6b8       0x24 /usr/local/arm/GNU_Tools_for_ARM/bin/../lib/gcc/arm-none-eabi/11.3.1/../../../../arm-none-eabi/lib/thumb/v7e-m+fp/hard/libc.a(libc_a-sbrkr.o)
                0x000000000000e6b8                _sbrk_r
 .text._fwalk_sglue
                0x000000000000e6dc       0x48 /usr/local/arm/GNU_Tools_for_ARM/bin/../lib/gcc/arm-none-eabi/11.3.1/../../../../arm-none-eabi/lib/thumb/v7e-m+fp/hard/libc.a(libc_a-fwalk.o)
                0x000000000000e6dc                _fwalk_sglue
 .text._write_r
                0x000000000000e724       0x2c /usr/local/arm/GNU_Tools_for_ARM/bin/../lib/gcc/arm-none-eabi/11.3.1/../../../../arm-none-eabi/lib/thumb/v7e-m+fp/hard/libc.a(libc_a-writer.o)
                0x000000000000e724                _write_r
 .text.__ssprint_r
                0x000000000000e750      0x100 /usr/local/arm/GNU_Tools_for_ARM/bin/../lib/gcc/arm-none-eabi/11.3.1/../../../../arm-none-eabi/lib/thumb/v7e-m+fp/hard/libc.a(libc_a-svfiprintf.o)
                0x000000000000e750                __ssprint_r
 .text.__register_exitproc
                0x000000000000e850       0x88 /usr/local/arm/GNU_Tools_for_ARM/bin/../lib/gcc/arm-none-eabi/11.3.1/../../../../arm-none-eabi/lib/thumb/v7e-m+fp/hard/libc.a(libc_a-__atexit.o)
                0x000000000000e850                __register_exitproc
 .text.__ascii_mbtowc
                0x000000000000e8d8       0x2c /usr/local/arm/GNU_Tools_for_ARM/bin/../lib/gcc/arm-none-eabi/11.3.1/../../../../arm-none-eabi/lib/thumb/v7e-m+fp/hard/libc.a(libc_a-mbtowc_r.o)
                0x000000000000e8d8                __ascii_mbtowc
 .text.memmove  0x000000000000e904       0xf8 /usr/local/arm/GNU_Tools_for_ARM/bin/../lib/gcc/arm-none-eabi/11.3.1/../../../../arm-none-eabi/lib/thumb/v7e-m+fp/hard/libc.a(libc_a-memmove.o)
                0x000000000000e904                memmove
 .text.__assert_func
                0x000000000000e9fc       0x40 /usr/local/arm/GNU_Tools_for_ARM/bin/../lib/gcc/arm-none-eabi/11.3.1/../../../../arm-none-eabi/lib/thumb/v7e-m+fp/hard/libc.a(libc_a-assert.o)
                0x000000000000e9fc                __assert_func
 .text._fclose_r
                0x000000000000ea3c       0xc8 /usr/local/arm/GNU_Tools_for_ARM/bin/../lib/gcc/arm-none-eabi/11.3.1/../../../../arm-none-eabi/lib/thumb/v7e-m+fp/hard/libc.a(libc_a-fclose.o)
                0x000000000000ea3c                _fclose_r
 .text._Balloc  0x000000000000eb04       0x4c /usr/local/arm/GNU_Tools_for_ARM/bin/../lib/gcc/arm-none-eabi/11.3.1/../../../../arm-none-eabi/lib/thumb/v7e-m+fp/hard/libc.a(libc_a-mprec.o)
                0x000000000000eb04                _Balloc
 .text._Bfree   0x000000000000eb50       0x14 /usr/local/arm/GNU_Tools_for_ARM/bin/../lib/gcc/arm-none-eabi/11.3.1/../../../../arm-none-eabi/lib/thumb/v7e-m+fp/hard/libc.a(libc_a-mprec.o)
                0x000000000000eb50                _Bfree
 .text.__multadd
                0x000000000000eb64       0xa4 /usr/local/arm/GNU_Tools_for_ARM/bin/../lib/gcc/arm-none-eabi/11.3.1/../../../../arm-none-eabi/lib/thumb/v7e-m+fp/hard/libc.a(libc_a-mprec.o)
                0x000000000000eb64                __multadd
 .text.__hi0bits
                0x000000000000ec08       0x40 /usr/local/arm/GNU_Tools_for_ARM/bin/../lib/gcc/arm-none-eabi/11.3.1/../../../../arm-none-eabi/lib/thumb/v7e-m+fp/hard/libc.a(libc_a-mprec.o)
                0x000000000000ec08                __hi0bits
 .text.__lo0bits
                0x000000000000ec48       0x60 /usr/local/arm/GNU_Tools_for_ARM/bin/../lib/gcc/arm-none-eabi/11.3.1/../../../../arm-none-eabi/lib/thumb/v7e-m+fp/hard/libc.a(libc_a-mprec.o)
                0x000000000000ec48                __lo0bits
 .text.__i2b    0x000000000000eca8       0x5c /usr/local/arm/GNU_Tools_for_ARM/bin/../lib/gcc/arm-none-eabi/11.3.1/../../../../arm-none-eabi/lib/thumb/v7e-m+fp/hard/libc.a(libc_a-mprec.o)
                0x000000000000eca8                __i2b
 .text.__multiply
                0x000000000000ed04      0x15c /usr/local/arm/GNU_Tools_for_ARM/bin/../lib/gcc/arm-none-eabi/11.3.1/../../../../arm-none-eabi/lib/thumb/v7e-m+fp/hard/libc.a(libc_a-mprec.o)
                0x000000000000ed04                __multiply
 .text.__pow5mult
                0x000000000000ee60       0xc0 /usr/local/arm/GNU_Tools_for_ARM/bin/../lib/gcc/arm-none-eabi/11.3.1/../../../../arm-none-eabi/lib/thumb/v7e-m+fp/hard/libc.a(libc_a-mprec.o)
                0x000000000000ee60                __pow5mult
 .text.__lshift
                0x000000000000ef20       0xf0 /usr/local/arm/GNU_Tools_for_ARM/bin/../lib/gcc/arm-none-eabi/11.3.1/../../../../arm-none-eabi/lib/thumb/v7e-m+fp/hard/libc.a(libc_a-mprec.o)
                0x000000000000ef20                __lshift
 .text.__mcmp   0x000000000000f010       0x44 /usr/local/arm/GNU_Tools_for_ARM/bin/../lib/gcc/arm-none-eabi/11.3.1/../../../../arm-none-eabi/lib/thumb/v7e-m+fp/hard/libc.a(libc_a-mprec.o)
                0x000000000000f010                __mcmp
 .text.__mdiff  0x000000000000f054      0x154 /usr/local/arm/GNU_Tools_for_ARM/bin/../lib/gcc/arm-none-eabi/11.3.1/../../../../arm-none-eabi/lib/thumb/v7e-m+fp/hard/libc.a(libc_a-mprec.o)
                0x000000000000f054                __mdiff
 .text.__d2b    0x000000000000f1a8       0xd4 /usr/local/arm/GNU_Tools_for_ARM/bin/../lib/gcc/arm-none-eabi/11.3.1/../../../../arm-none-eabi/lib/thumb/v7e-m+fp/hard/libc.a(libc_a-mprec.o)
                0x000000000000f1a8                __d2b
 .text._calloc_r
                0x000000000000f27c       0x78 /usr/local/arm/GNU_Tools_for_ARM/bin/../lib/gcc/arm-none-eabi/11.3.1/../../../../arm-none-eabi/lib/thumb/v7e-m+fp/hard/libc.a(libc_a-callocr.o)
                0x000000000000f27c                _calloc_r
 .text._wcsnrtombs_l
                0x000000000000f2f4      0x108 /usr/local/arm/GNU_Tools_for_ARM/bin/../lib/gcc/arm-none-eabi/11.3.1/../../../../arm-none-eabi/lib/thumb/v7e-m+fp/hard/libc.a(libc_a-wcsnrtombs.o)
                0x000000000000f2f4                _wcsnrtombs_l
 .text._wcsnrtombs_r
                0x000000000000f3fc       0x24 /usr/local/arm/GNU_Tools_for_ARM/bin/../lib/gcc/arm-none-eabi/11.3.1/../../../../arm-none-eabi/lib/thumb/v7e-m+fp/hard/libc.a(libc_a-wcsnrtombs.o)
                0x000000000000f3fc                _wcsnrtombs_r
 .text._close_r
                0x000000000000f420       0x24 /usr/local/arm/GNU_Tools_for_ARM/bin/../lib/gcc/arm-none-eabi/11.3.1/../../../../arm-none-eabi/lib/thumb/v7e-m+fp/hard/libc.a(libc_a-closer.o)
                0x000000000000f420                _close_r
 .text.__sflush_r
                0x000000000000f444      0x130 /usr/local/arm/GNU_Tools_for_ARM/bin/../lib/gcc/arm-none-eabi/11.3.1/../../../../arm-none-eabi/lib/thumb/v7e-m+fp/hard/libc.a(libc_a-fflush.o)
                0x000000000000f444                __sflush_r
 .text._fflush_r
                0x000000000000f574       0x54 /usr/local/arm/GNU_Tools_for_ARM/bin/../lib/gcc/arm-none-eabi/11.3.1/../../../../arm-none-eabi/lib/thumb/v7e-m+fp/hard/libc.a(libc_a-fflush.o)
                0x000000000000f574                _fflush_r
 .text._realloc_r
                0x000000000000f5c8      0x3d8 /usr/local/arm/GNU_Tools_for_ARM/bin/../lib/gcc/arm-none-eabi/11.3.1/../../../../arm-none-eabi/lib/thumb/v7e-m+fp/hard/libc.a(libc_a-reallocr.o)
                0x000000000000f5c8                _realloc_r
 .text._lseek_r
                0x000000000000f9a0       0x2c /usr/local/arm/GNU_Tools_for_ARM/bin/../lib/gcc/arm-none-eabi/11.3.1/../../../../arm-none-eabi/lib/thumb/v7e-m+fp/hard/libc.a(libc_a-lseekr.o)
                0x000000000000f9a0                _lseek_r
 .text._read_r  0x000000000000f9cc       0x2c /usr/local/arm/GNU_Tools_for_ARM/bin/../lib/gcc/arm-none-eabi/11.3.1/../../../../arm-none-eabi/lib/thumb/v7e-m+fp/hard/libc.a(libc_a-readr.o)
                0x000000000000f9cc                _read_r
 .text.fiprintf
                0x000000000000f9f8       0x28 /usr/local/arm/GNU_Tools_for_ARM/bin/../lib/gcc/arm-none-eabi/11.3.1/../../../../arm-none-eabi/lib/thumb/v7e-m+fp/hard/libc.a(libc_a-fiprintf.o)
                0x000000000000f9f8                fiprintf
 .text.__sprint_r.part.0
                0x000000000000fa20       0x78 /usr/local/arm/GNU_Tools_for_ARM/bin/../lib/gcc/arm-none-eabi/11.3.1/../../../../arm-none-eabi/lib/thumb/v7e-m+fp/hard/libc.a(libc_a-vfiprintf.o)
 .text._vfiprintf_r
                0x000000000000fa98      0xf8c /usr/local/arm/GNU_Tools_for_ARM/bin/../lib/gcc/arm-none-eabi/11.3.1/../../../../arm-none-eabi/lib/thumb/v7e-m+fp/hard/libc.a(libc_a-vfiprintf.o)
                0x000000000000fa98                _vfiprintf_r
 .text.__sbprintf
                0x0000000000010a24       0x80 /usr/local/arm/GNU_Tools_for_ARM/bin/../lib/gcc/arm-none-eabi/11.3.1/../../../../arm-none-eabi/lib/thumb/v7e-m+fp/hard/libc.a(libc_a-vfiprintf.o)
 .text.abort    0x0000000000010aa4       0x10 /usr/local/arm/GNU_Tools_for_ARM/bin/../lib/gcc/arm-none-eabi/11.3.1/../../../../arm-none-eabi/lib/thumb/v7e-m+fp/hard/libc.a(libc_a-abort.o)
                0x0000000000010aa4                abort
 .text.__swsetup_r
                0x0000000000010ab4       0xcc /usr/local/arm/GNU_Tools_for_ARM/bin/../lib/gcc/arm-none-eabi/11.3.1/../../../../arm-none-eabi/lib/thumb/v7e-m+fp/hard/libc.a(libc_a-wsetup.o)
                0x0000000000010ab4                __swsetup_r
 .text.__smakebuf_r
                0x0000000000010b80       0xd8 /usr/local/arm/GNU_Tools_for_ARM/bin/../lib/gcc/arm-none-eabi/11.3.1/../../../../arm-none-eabi/lib/thumb/v7e-m+fp/hard/libc.a(libc_a-makebuf.o)
                0x0000000000010b80                __smakebuf_r
 .text._fstat_r
                0x0000000000010c58       0x2c /usr/local/arm/GNU_Tools_for_ARM/bin/../lib/gcc/arm-none-eabi/11.3.1/../../../../arm-none-eabi/lib/thumb/v7e-m+fp/hard/libc.a(libc_a-fstatr.o)
                0x0000000000010c58                _fstat_r
 .text.raise    0x0000000000010c84       0x5c /usr/local/arm/GNU_Tools_for_ARM/bin/../lib/gcc/arm-none-eabi/11.3.1/../../../../arm-none-eabi/lib/thumb/v7e-m+fp/hard/libc.a(libc_a-signal.o)
                0x0000000000010c84                raise
 .text._isatty_r
                0x0000000000010ce0       0x24 /usr/local/arm/GNU_Tools_for_ARM/bin/../lib/gcc/arm-none-eabi/11.3.1/../../../../arm-none-eabi/lib/thumb/v7e-m+fp/hard/libc.a(libc_a-isattyr.o)
                0x0000000000010ce0                _isatty_r
 .text.__fputwc
                0x0000000000010d04       0xac /usr/local/arm/GNU_Tools_for_ARM/bin/../lib/gcc/arm-none-eabi/11.3.1/../../../../arm-none-eabi/lib/thumb/v7e-m+fp/hard/libc.a(libc_a-fputwc.o)
                0x0000000000010d04                __fputwc
 .text._fputwc_r
                0x0000000000010db0       0x68 /usr/local/arm/GNU_Tools_for_ARM/bin/../lib/gcc/arm-none-eabi/11.3.1/../../../../arm-none-eabi/lib/thumb/v7e-m+fp/hard/libc.a(libc_a-fputwc.o)
                0x0000000000010db0                _fputwc_r
 .text._kill_r  0x0000000000010e18       0x2c /usr/local/arm/GNU_Tools_for_ARM/bin/../lib/gcc/arm-none-eabi/11.3.1/../../../../arm-none-eabi/lib/thumb/v7e-m+fp/hard/libc.a(libc_a-signalr.o)
                0x0000000000010e18                _kill_r
 .text._getpid_r
                0x0000000000010e44        0x4 /usr/local/arm/GNU_Tools_for_ARM/bin/../lib/gcc/arm-none-eabi/11.3.1/../../../../arm-none-eabi/lib/thumb/v7e-m+fp/hard/libc.a(libc_a-signalr.o)
                0x0000000000010e44                _getpid_r
 .text.__sfvwrite_r
                0x0000000000010e48      0x2f4 /usr/local/arm/GNU_Tools_for_ARM/bin/../lib/gcc/arm-none-eabi/11.3.1/../../../../arm-none-eabi/lib/thumb/v7e-m+fp/hard/libc.a(libc_a-fvwrite.o)
                0x0000000000010e48                __sfvwrite_r
 .text.__swbuf_r
                0x000000000001113c       0xb0 /usr/local/arm/GNU_Tools_for_ARM/bin/../lib/gcc/arm-none-eabi/11.3.1/../../../../arm-none-eabi/lib/thumb/v7e-m+fp/hard/libc.a(libc_a-wbuf.o)
                0x000000000001113c                __swbuf_r
 .text._sbrk    0x00000000000111ec       0x1c /usr/local/arm/GNU_Tools_for_ARM/bin/../lib/gcc/arm-none-eabi/11.3.1/../../../../arm-none-eabi/lib/thumb/v7e-m+fp/hard/libnosys.a(sbrk.o)
                0x00000000000111ec                _sbrk
                0x0000000000011208                . = ALIGN (0x4)
 *(.ctors)
                0x0000000000011208                . = ALIGN (0x4)
 *(.dtors)
                0x0000000000011208                . = ALIGN (0x4)
                0x0000000000011208                __init_array_start = .
 *(.init_array*)
 .init_array    0x0000000000011208        0x4 /usr/local/arm/GNU_Tools_for_ARM/bin/../lib/gcc/arm-none-eabi/11.3.1/thumb/v7e-m+fp/hard/crtbegin.o
 .init_array.00000
                0x000000000001120c        0x4 /usr/local/arm/GNU_Tools_for_ARM/bin/../lib/gcc/arm-none-eabi/11.3.1/../../../../arm-none-eabi/lib/thumb/v7e-m+fp/hard/libc.a(libc_a-__call_atexit.o)
                0x0000000000011210                __init_array_end = .
 *(.init)
 .init          0x0000000000011210        0x4 /usr/local/arm/GNU_Tools_for_ARM/bin/../lib/gcc/arm-none-eabi/11.3.1/thumb/v7e-m+fp/hard/crti.o
                0x0000000000011210                _init
 .init          0x0000000000011214        0x8 /usr/local/arm/GNU_Tools_for_ARM/bin/../lib/gcc/arm-none-eabi/11.3.1/thumb/v7e-m+fp/hard/crtn.o
 *(.fini*)
 .fini          0x000000000001121c        0x4 /usr/local/arm/GNU_Tools_for_ARM/bin/../lib/gcc/arm-none-eabi/11.3.1/thumb/v7e-m+fp/hard/crti.o
                0x000000000001121c                _fini
 .fini_array    0x0000000000011220        0x4 /usr/local/arm/GNU_Tools_for_ARM/bin/../lib/gcc/arm-none-eabi/11.3.1/thumb/v7e-m+fp/hard/crtbegin.o
 .fini          0x0000000000011224        0x8 /usr/local/arm/GNU_Tools_for_ARM/bin/../lib/gcc/arm-none-eabi/11.3.1/thumb/v7e-m+fp/hard/crtn.o

.glue_7         0x000000000001122c        0x0
 .glue_7        0x000000000001122c        0x0 linker stubs

.glue_7t        0x000000000001122c        0x0
 .glue_7t       0x000000000001122c        0x0 linker stubs

.vfp11_veneer   0x000000000001122c        0x0
 .vfp11_veneer  0x000000000001122c        0x0 linker stubs

.v4_bx          0x000000000001122c        0x0
 .v4_bx         0x000000000001122c        0x0 linker stubs

.iplt           0x000000000001122c        0x0
 .iplt          0x000000000001122c        0x0 /usr/local/arm/GNU_Tools_for_ARM/bin/../lib/gcc/arm-none-eabi/11.3.1/thumb/v7e-m+fp/hard/crtbegin.o

.rodata         0x0000000000011230      0x534
 *(.rodata)
 .rodata        0x0000000000011230       0x35 build/main.o
 *fill*         0x0000000000011265        0x3 
 .rodata        0x0000000000011268       0x4c build/gpio.o
 .rodata        0x00000000000112b4       0x90 build/interrupt.o
 .rodata        0x0000000000011344       0x35 build/user_uart.o
 *(.rodata.*)
 *fill*         0x0000000000011379        0x3 
 .rodata._svfprintf_r.str1.4
                0x000000000001137c       0x42 /usr/local/arm/GNU_Tools_for_ARM/bin/../lib/gcc/arm-none-eabi/11.3.1/../../../../arm-none-eabi/lib/thumb/v7e-m+fp/hard/libc.a(libc_a-svfprintf.o)
 *fill*         0x00000000000113be        0x2 
 .rodata.blanks.1
                0x00000000000113c0       0x10 /usr/local/arm/GNU_Tools_for_ARM/bin/../lib/gcc/arm-none-eabi/11.3.1/../../../../arm-none-eabi/lib/thumb/v7e-m+fp/hard/libc.a(libc_a-svfprintf.o)
 .rodata.zeroes.0
                0x00000000000113d0       0x10 /usr/local/arm/GNU_Tools_for_ARM/bin/../lib/gcc/arm-none-eabi/11.3.1/../../../../arm-none-eabi/lib/thumb/v7e-m+fp/hard/libc.a(libc_a-svfprintf.o)
 .rodata.str1.4
                0x00000000000113e0       0x48 /usr/local/arm/GNU_Tools_for_ARM/bin/../lib/gcc/arm-none-eabi/11.3.1/../../../../arm-none-eabi/lib/thumb/v7e-m+fp/hard/libc.a(libc_a-locale.o)
                                         0x4c (size before relaxing)
 .rodata._dtoa_r.str1.4
                0x0000000000011428       0x7d /usr/local/arm/GNU_Tools_for_ARM/bin/../lib/gcc/arm-none-eabi/11.3.1/../../../../arm-none-eabi/lib/thumb/v7e-m+fp/hard/libc.a(libc_a-dtoa.o)
                                         0x81 (size before relaxing)
 *fill*         0x00000000000114a5        0x3 
 .rodata._ctype_
                0x00000000000114a8      0x101 /usr/local/arm/GNU_Tools_for_ARM/bin/../lib/gcc/arm-none-eabi/11.3.1/../../../../arm-none-eabi/lib/thumb/v7e-m+fp/hard/libc.a(libc_a-ctype_.o)
                0x00000000000114a8                _ctype_
 *fill*         0x00000000000115a9        0x3 
 .rodata.__assert_func.str1.4
                0x00000000000115ac       0x3f /usr/local/arm/GNU_Tools_for_ARM/bin/../lib/gcc/arm-none-eabi/11.3.1/../../../../arm-none-eabi/lib/thumb/v7e-m+fp/hard/libc.a(libc_a-assert.o)
                                         0x43 (size before relaxing)
 *fill*         0x00000000000115eb        0x1 
 .rodata.__multadd.str1.4
                0x00000000000115ec       0x5a /usr/local/arm/GNU_Tools_for_ARM/bin/../lib/gcc/arm-none-eabi/11.3.1/../../../../arm-none-eabi/lib/thumb/v7e-m+fp/hard/libc.a(libc_a-mprec.o)
                                         0x6e (size before relaxing)
 *fill*         0x0000000000011646        0x2 
 .rodata.__mprec_bigtens
                0x0000000000011648       0x28 /usr/local/arm/GNU_Tools_for_ARM/bin/../lib/gcc/arm-none-eabi/11.3.1/../../../../arm-none-eabi/lib/thumb/v7e-m+fp/hard/libc.a(libc_a-mprec.o)
                0x0000000000011648                __mprec_bigtens
 .rodata.__mprec_tens
                0x0000000000011670       0xc8 /usr/local/arm/GNU_Tools_for_ARM/bin/../lib/gcc/arm-none-eabi/11.3.1/../../../../arm-none-eabi/lib/thumb/v7e-m+fp/hard/libc.a(libc_a-mprec.o)
                0x0000000000011670                __mprec_tens
 .rodata.p05.0  0x0000000000011738        0xc /usr/local/arm/GNU_Tools_for_ARM/bin/../lib/gcc/arm-none-eabi/11.3.1/../../../../arm-none-eabi/lib/thumb/v7e-m+fp/hard/libc.a(libc_a-mprec.o)
 .rodata._vfiprintf_r.str1.4
                0x0000000000011744       0x2f /usr/local/arm/GNU_Tools_for_ARM/bin/../lib/gcc/arm-none-eabi/11.3.1/../../../../arm-none-eabi/lib/thumb/v7e-m+fp/hard/libc.a(libc_a-vfiprintf.o)
 .rodata.blanks.1
                0x0000000000011744       0x10 /usr/local/arm/GNU_Tools_for_ARM/bin/../lib/gcc/arm-none-eabi/11.3.1/../../../../arm-none-eabi/lib/thumb/v7e-m+fp/hard/libc.a(libc_a-vfiprintf.o)
 .rodata.zeroes.0
                0x0000000000011754       0x10 /usr/local/arm/GNU_Tools_for_ARM/bin/../lib/gcc/arm-none-eabi/11.3.1/../../../../arm-none-eabi/lib/thumb/v7e-m+fp/hard/libc.a(libc_a-vfiprintf.o)

.eh_frame       0x0000000000011764        0x0
 .eh_frame      0x0000000000011764        0x0 /usr/local/arm/GNU_Tools_for_ARM/bin/../lib/gcc/arm-none-eabi/11.3.1/thumb/v7e-m+fp/hard/crtbegin.o

.ARM.exidx      0x0000000000011764        0x8
                0x0000000000011764                __exidx_start = .
 *(.ARM.exidx* .gnu.linkonce.armexidx.*)
 .ARM.exidx     0x0000000000011764        0x8 /usr/local/arm/GNU_Tools_for_ARM/bin/../lib/gcc/arm-none-eabi/11.3.1/../../../../arm-none-eabi/lib/thumb/v7e-m+fp/hard/crt0.o
                                         0x10 (size before relaxing)
                0x000000000001176c                __exidx_end = .

.ARM.extab      0x000000000001176c        0x0
 *(.ARM.extab* .gnu.linkonce.armextab.*)
 .ARM.extab     0x000000000001176c        0x0 /usr/local/arm/GNU_Tools_for_ARM/bin/../lib/gcc/arm-none-eabi/11.3.1/../../../../arm-none-eabi/lib/thumb/v7e-m+fp/hard/crt0.o
                0x000000000001176c                __etext = .

.rel.dyn        0x000000000001176c        0x0
 .rel.iplt      0x000000000001176c        0x0 /usr/local/arm/GNU_Tools_for_ARM/bin/../lib/gcc/arm-none-eabi/11.3.1/thumb/v7e-m+fp/hard/crtbegin.o

.data           0x0000000020000000      0x720 load address 0x000000000001176c
                0x000000000001176c                __data_load__ = LOADADDR (.data)
                0x0000000020000000                __data_start__ = .
 *(.data)
 .data          0x0000000020000000        0x0 /usr/local/arm/GNU_Tools_for_ARM/bin/../lib/gcc/arm-none-eabi/11.3.1/thumb/v7e-m+fp/hard/crti.o
 .data          0x0000000020000000        0x0 /usr/local/arm/GNU_Tools_for_ARM/bin/../lib/gcc/arm-none-eabi/11.3.1/thumb/v7e-m+fp/hard/crtbegin.o
 .data          0x0000000020000000        0x0 /usr/local/arm/GNU_Tools_for_ARM/bin/../lib/gcc/arm-none-eabi/11.3.1/../../../../arm-none-eabi/lib/thumb/v7e-m+fp/hard/crt0.o
 .data          0x0000000020000000        0x0 build/main.o
 .data          0x0000000020000000        0x0 build/cpu.o
 .data          0x0000000020000000        0x0 build/cs.o
 .data          0x0000000020000000        0x0 build/dma.o
 .data          0x0000000020000000       0x40 build/flash.o
 .data          0x0000000020000040        0x0 build/fpu.o
 .data          0x0000000020000040        0x0 build/gpio.o
 .data          0x0000000020000040        0x0 build/i2c.o
 .data          0x0000000020000040        0x0 build/interrupt.o
 .data          0x0000000020000040        0x0 build/mpu.o
 .data          0x0000000020000040        0x0 build/pcm.o
 .data          0x0000000020000040        0x0 build/pss.o
 .data          0x0000000020000040        0x0 build/ref_a.o
 .data          0x0000000020000040        0x0 build/reset.o
 .data          0x0000000020000040        0x0 build/rtc_c.o
 .data          0x0000000020000040        0x0 build/sysctl.o
 .data          0x0000000020000040        0x0 build/systick.o
 .data          0x0000000020000040        0x0 build/timer32.o
 .data          0x0000000020000040        0x0 build/timer_a.o
 .data          0x0000000020000040        0x0 build/uart.o
 .data          0x0000000020000040        0x0 build/wdt_a.o
 .data          0x0000000020000040        0x0 build/startup_msp432p401r_gcc.o
 .data          0x0000000020000040        0x4 build/system_msp432p401r.o
                0x0000000020000040                SystemCoreClock
 .data          0x0000000020000044        0x0 build/iic_bus.o
 .data          0x0000000020000044        0x4 build/syscalls.o
                0x0000000020000044                environ
 .data          0x0000000020000048        0x0 build/user_uart.o
 .data          0x0000000020000048        0x0 build/user_dma.o
 .data          0x0000000020000048        0x0 /usr/local/arm/GNU_Tools_for_ARM/bin/../lib/gcc/arm-none-eabi/11.3.1/../../../../arm-none-eabi/lib/thumb/v7e-m+fp/hard/libc.a(libc_a-exit.o)
 .data          0x0000000020000048        0x0 /usr/local/arm/GNU_Tools_for_ARM/bin/../lib/gcc/arm-none-eabi/11.3.1/../../../../arm-none-eabi/lib/thumb/v7e-m+fp/hard/libc.a(libc_a-sprintf.o)
 .data          0x0000000020000048        0x0 /usr/local/arm/GNU_Tools_for_ARM/bin/../lib/gcc/arm-none-eabi/11.3.1/../../../../arm-none-eabi/lib/thumb/v7e-m+fp/hard/libc.a(libc_a-errno.o)
 .data          0x0000000020000048        0x0 /usr/local/arm/GNU_Tools_for_ARM/bin/../lib/gcc/arm-none-eabi/11.3.1/../../../../arm-none-eabi/lib/thumb/v7e-m+fp/hard/libc.a(libc_a-svfprintf.o)
 .data          0x0000000020000048        0x0 /usr/local/arm/GNU_Tools_for_ARM/bin/../lib/gcc/arm-none-eabi/11.3.1/../../../../arm-none-eabi/lib/thumb/v7e-m+fp/hard/libc.a(libc_a-mallocr.o)
 .data          0x0000000020000048        0x0 /usr/local/arm/GNU_Tools_for_ARM/bin/../lib/gcc/arm-none-eabi/11.3.1/../../../../arm-none-eabi/lib/thumb/v7e-m+fp/hard/libc.a(libc_a-__call_atexit.o)
 .data          0x0000000020000048        0x0 /usr/local/arm/GNU_Tools_for_ARM/bin/../lib/gcc/arm-none-eabi/11.3.1/../../../../arm-none-eabi/lib/thumb/v7e-m+fp/hard/libc.a(libc_a-memset.o)
 .data          0x0000000020000048        0x0 /usr/local/arm/GNU_Tools_for_ARM/bin/../lib/gcc/arm-none-eabi/11.3.1/../../../../arm-none-eabi/lib/thumb/v7e-m+fp/hard/libc.a(libc_a-wcrtomb.o)
 .data          0x0000000020000048        0x0 /usr/local/arm/GNU_Tools_for_ARM/bin/../lib/gcc/arm-none-eabi/11.3.1/../../../../arm-none-eabi/lib/thumb/v7e-m+fp/hard/libc.a(libc_a-init.o)
 .data          0x0000000020000048        0x0 /usr/local/arm/GNU_Tools_for_ARM/bin/../lib/gcc/arm-none-eabi/11.3.1/../../../../arm-none-eabi/lib/thumb/v7e-m+fp/hard/libc.a(libc_a-fini.o)
 .data          0x0000000020000048        0x0 /usr/local/arm/GNU_Tools_for_ARM/bin/../lib/gcc/arm-none-eabi/11.3.1/../../../../arm-none-eabi/lib/thumb/v7e-m+fp/hard/libc.a(libc_a-lock.o)
 .data          0x0000000020000048        0x0 /usr/local/arm/GNU_Tools_for_ARM/bin/../lib/gcc/arm-none-eabi/11.3.1/../../../../arm-none-eabi/lib/thumb/v7e-m+fp/hard/libc.a(libc_a-locale.o)
 .data          0x0000000020000048        0x0 /usr/local/arm/GNU_Tools_for_ARM/bin/../lib/gcc/arm-none-eabi/11.3.1/../../../../arm-none-eabi/lib/thumb/v7e-m+fp/hard/libc.a(libc_a-localeconv.o)
 .data          0x0000000020000048        0x0 /usr/local/arm/GNU_Tools_for_ARM/bin/../lib/gcc/arm-none-eabi/11.3.1/../../../../arm-none-eabi/lib/thumb/v7e-m+fp/hard/libc.a(libc_a-strcmp.o)
 .data          0x0000000020000048        0x0 /usr/local/arm/GNU_Tools_for_ARM/bin/../lib/gcc/arm-none-eabi/11.3.1/../../../../arm-none-eabi/lib/thumb/v7e-m+fp/hard/libc.a(libc_a-strcpy.o)
 .data          0x0000000020000048        0x0 /usr/local/arm/GNU_Tools_for_ARM/bin/../lib/gcc/arm-none-eabi/11.3.1/../../../../arm-none-eabi/lib/thumb/v7e-m+fp/hard/libc.a(libc_a-mlock.o)
 .data          0x0000000020000048        0x0 /usr/local/arm/GNU_Tools_for_ARM/bin/../lib/gcc/arm-none-eabi/11.3.1/../../../../arm-none-eabi/lib/thumb/v7e-m+fp/hard/libc.a(libc_a-atexit.o)
 .data          0x0000000020000048        0x0 /usr/local/arm/GNU_Tools_for_ARM/bin/../lib/gcc/arm-none-eabi/11.3.1/../../../../arm-none-eabi/lib/thumb/v7e-m+fp/hard/libc.a(libc_a-strchr.o)