Archive member included to satisfy reference by file (symbol)

i:/mcu/gnu_tools_for_arm/11.3_rel1/bin/../lib/gcc/arm-none-eabi/11.3.1/thumb/v7e-m+fp/hard\libc.a(libc_a-exit.o)
                              i:/mcu/gnu_tools_for_arm/11.3_rel1/bin/../lib/gcc/arm-none-eabi/11.3.1/thumb/v7e-m+fp/hard/crt0.o (exit)
i:/mcu/gnu_tools_for_arm/11.3_rel1/bin/../lib/gcc/arm-none-eabi/11.3.1/thumb/v7e-m+fp/hard\libc.a(libc_a-findfp.o)
                              i:/mcu/gnu_tools_for_arm/11.3_rel1/bin/../lib/gcc/arm-none-eabi/11.3.1/thumb/v7e-m+fp/hard\libc.a(libc_a-exit.o) (__stdio_exit_handler)
i:/mcu/gnu_tools_for_arm/11.3_rel1/bin/../lib/gcc/arm-none-eabi/11.3.1/thumb/v7e-m+fp/hard\libc.a(libc_a-fwalk.o)
                              i:/mcu/gnu_tools_for_arm/11.3_rel1/bin/../lib/gcc/arm-none-eabi/11.3.1/thumb/v7e-m+fp/hard\libc.a(libc_a-findfp.o) (_fwalk_sglue)
i:/mcu/gnu_tools_for_arm/11.3_rel1/bin/../lib/gcc/arm-none-eabi/11.3.1/thumb/v7e-m+fp/hard\libc.a(libc_a-stdio.o)
                              i:/mcu/gnu_tools_for_arm/11.3_rel1/bin/../lib/gcc/arm-none-eabi/11.3.1/thumb/v7e-m+fp/hard\libc.a(libc_a-findfp.o) (__sread)
i:/mcu/gnu_tools_for_arm/11.3_rel1/bin/../lib/gcc/arm-none-eabi/11.3.1/thumb/v7e-m+fp/hard\libc.a(libc_a-memset.o)
                              i:/mcu/gnu_tools_for_arm/11.3_rel1/bin/../lib/gcc/arm-none-eabi/11.3.1/thumb/v7e-m+fp/hard/crt0.o (memset)
i:/mcu/gnu_tools_for_arm/11.3_rel1/bin/../lib/gcc/arm-none-eabi/11.3.1/thumb/v7e-m+fp/hard\libc.a(libc_a-closer.o)
                              i:/mcu/gnu_tools_for_arm/11.3_rel1/bin/../lib/gcc/arm-none-eabi/11.3.1/thumb/v7e-m+fp/hard\libc.a(libc_a-stdio.o) (_close_r)
i:/mcu/gnu_tools_for_arm/11.3_rel1/bin/../lib/gcc/arm-none-eabi/11.3.1/thumb/v7e-m+fp/hard\libc.a(libc_a-reent.o)
                              i:/mcu/gnu_tools_for_arm/11.3_rel1/bin/../lib/gcc/arm-none-eabi/11.3.1/thumb/v7e-m+fp/hard\libc.a(libc_a-closer.o) (errno)
i:/mcu/gnu_tools_for_arm/11.3_rel1/bin/../lib/gcc/arm-none-eabi/11.3.1/thumb/v7e-m+fp/hard\libc.a(libc_a-impure.o)
                              i:/mcu/gnu_tools_for_arm/11.3_rel1/bin/../lib/gcc/arm-none-eabi/11.3.1/thumb/v7e-m+fp/hard\libc.a(libc_a-reent.o) (_impure_ptr)
i:/mcu/gnu_tools_for_arm/11.3_rel1/bin/../lib/gcc/arm-none-eabi/11.3.1/thumb/v7e-m+fp/hard\libc.a(libc_a-lseekr.o)
                              i:/mcu/gnu_tools_for_arm/11.3_rel1/bin/../lib/gcc/arm-none-eabi/11.3.1/thumb/v7e-m+fp/hard\libc.a(libc_a-stdio.o) (_lseek_r)
i:/mcu/gnu_tools_for_arm/11.3_rel1/bin/../lib/gcc/arm-none-eabi/11.3.1/thumb/v7e-m+fp/hard\libc.a(libc_a-readr.o)
                              i:/mcu/gnu_tools_for_arm/11.3_rel1/bin/../lib/gcc/arm-none-eabi/11.3.1/thumb/v7e-m+fp/hard\libc.a(libc_a-stdio.o) (_read_r)
i:/mcu/gnu_tools_for_arm/11.3_rel1/bin/../lib/gcc/arm-none-eabi/11.3.1/thumb/v7e-m+fp/hard\libc.a(libc_a-writer.o)
                              i:/mcu/gnu_tools_for_arm/11.3_rel1/bin/../lib/gcc/arm-none-eabi/11.3.1/thumb/v7e-m+fp/hard\libc.a(libc_a-stdio.o) (_write_r)
i:/mcu/gnu_tools_for_arm/11.3_rel1/bin/../lib/gcc/arm-none-eabi/11.3.1/thumb/v7e-m+fp/hard\libc.a(libc_a-errno.o)
                              build/syscalls.o (__errno)
i:/mcu/gnu_tools_for_arm/11.3_rel1/bin/../lib/gcc/arm-none-eabi/11.3.1/thumb/v7e-m+fp/hard\libc.a(libc_a-init.o)
                              i:/mcu/gnu_tools_for_arm/11.3_rel1/bin/../lib/gcc/arm-none-eabi/11.3.1/thumb/v7e-m+fp/hard/crt0.o (__libc_init_array)
i:/mcu/gnu_tools_for_arm/11.3_rel1/bin/../lib/gcc/arm-none-eabi/11.3.1/thumb/v7e-m+fp/hard\libc.a(libc_a-lock.o)
                              i:/mcu/gnu_tools_for_arm/11.3_rel1/bin/../lib/gcc/arm-none-eabi/11.3.1/thumb/v7e-m+fp/hard\libc.a(libc_a-findfp.o) (__retarget_lock_init_recursive)
i:/mcu/gnu_tools_for_arm/11.3_rel1/bin/../lib/gcc/arm-none-eabi/11.3.1/thumb/v7e-m+fp/hard\libc.a(libc_a-__call_atexit.o)
                              i:/mcu/gnu_tools_for_arm/11.3_rel1/bin/../lib/gcc/arm-none-eabi/11.3.1/thumb/v7e-m+fp/hard\libc.a(libc_a-exit.o) (__call_exitprocs)
i:/mcu/gnu_tools_for_arm/11.3_rel1/bin/../lib/gcc/arm-none-eabi/11.3.1/thumb/v7e-m+fp/hard\libc.a(libc_a-atexit.o)
                              i:/mcu/gnu_tools_for_arm/11.3_rel1/bin/../lib/gcc/arm-none-eabi/11.3.1/thumb/v7e-m+fp/hard\libc.a(libc_a-__call_atexit.o) (atexit)
i:/mcu/gnu_tools_for_arm/11.3_rel1/bin/../lib/gcc/arm-none-eabi/11.3.1/thumb/v7e-m+fp/hard\libc.a(libc_a-freer.o)
                              i:/mcu/gnu_tools_for_arm/11.3_rel1/bin/../lib/gcc/arm-none-eabi/11.3.1/thumb/v7e-m+fp/hard\libc.a(libc_a-reent.o) (_free_r)
i:/mcu/gnu_tools_for_arm/11.3_rel1/bin/../lib/gcc/arm-none-eabi/11.3.1/thumb/v7e-m+fp/hard\libc.a(libc_a-mallocr.o)
                              i:/mcu/gnu_tools_for_arm/11.3_rel1/bin/../lib/gcc/arm-none-eabi/11.3.1/thumb/v7e-m+fp/hard\libc.a(libc_a-findfp.o) (_malloc_r)
i:/mcu/gnu_tools_for_arm/11.3_rel1/bin/../lib/gcc/arm-none-eabi/11.3.1/thumb/v7e-m+fp/hard\libc.a(libc_a-mlock.o)
[...]
Memory Configuration

Name             Origin             Length             Attributes
MAIN_FLASH       0x00000000         0x00040000         xr
INFO_FLASH       0x00200000         0x00004000         xr
SRAM_CODE        0x01000000         0x00010000         xrw
SRAM_DATA        0x20000000         0x00010000         rw
*default*        0x00000000         0xffffffff

Linker script and memory map

LOAD i:/mcu/gnu_tools_for_arm/11.3_rel1/bin/../lib/gcc/arm-none-eabi/11.3.1/thumb/v7e-m+fp/hard/crti.o
LOAD i:/mcu/gnu_tools_for_arm/11.3_rel1/bin/../lib/gcc/arm-none-eabi/11.3.1/thumb/v7e-m+fp/hard/crtbegin.o
LOAD i:/mcu/gnu_tools_for_arm/11.3_rel1/bin/../lib/gcc/arm-none-eabi/11.3.1/thumb/v7e-m+fp/hard/crt0.o
LOAD build/main.o
LOAD build/cpu.o
LOAD build/cs.o
LOAD build/dma.o
LOAD build/flash.o
LOAD build/fpu.o
LOAD build/gpio.o
LOAD build/i2c.o
LOAD build/interrupt.o
LOAD build/mpu.o
LOAD build/pcm.o
LOAD build/pss.o
LOAD build/ref_a.o
LOAD build/reset.o
LOAD build/rtc_c.o
LOAD build/sysctl.o
LOAD build/systick.o
LOAD build/timer32.o
LOAD build/timer_a.o
LOAD build/uart.o
LOAD build/wdt_a.o
LOAD build/startup_msp432p401r_gcc.o
LOAD build/system_msp432p401r.o
LOAD build/iic_bus.o
LOAD build/syscalls.o
LOAD build/user_uart.o
LOAD build/user_dma.o
LOAD i:/mcu/gnu_tools_for_arm/11.3_rel1/bin/../lib/gcc/arm-none-eabi/11.3.1/thumb/v7e-m+fp/hard\libc.a
LOAD i:/mcu/gnu_tools_for_arm/11.3_rel1/bin/../lib/gcc/arm-none-eabi/11.3.1/thumb/v7e-m+fp/hard\libm.a
LOAD i:/mcu/gnu_tools_for_arm/11.3_rel1/bin/../lib/gcc/arm-none-eabi/11.3.1/thumb/v7e-m+fp/hard\libnosys.a
START GROUP
LOAD i:/mcu/gnu_tools_for_arm/11.3_rel1/bin/../lib/gcc/arm-none-eabi/11.3.1/thumb/v7e-m+fp/hard\libgcc.a
LOAD i:/mcu/gnu_tools_for_arm/11.3_rel1/bin/../lib/gcc/arm-none-eabi/11.3.1/thumb/v7e-m+fp/hard\libc.a
END GROUP
START GROUP
LOAD i:/mcu/gnu_tools_for_arm/11.3_rel1/bin/../lib/gcc/arm-none-eabi/11.3.1/thumb/v7e-m+fp/hard\libgcc.a
LOAD i:/mcu/gnu_tools_for_arm/11.3_rel1/bin/../lib/gcc/arm-none-eabi/11.3.1/thumb/v7e-m+fp/hard\libc.a
LOAD i:/mcu/gnu_tools_for_arm/11.3_rel1/bin/../lib/gcc/arm-none-eabi/11.3.1/thumb/v7e-m+fp/hard\libnosys.a
END GROUP
LOAD i:/mcu/gnu_tools_for_arm/11.3_rel1/bin/../lib/gcc/arm-none-eabi/11.3.1/thumb/v7e-m+fp/hard/crtend.o
LOAD i:/mcu/gnu_tools_for_arm/11.3_rel1/bin/../lib/gcc/arm-none-eabi/11.3.1/thumb/v7e-m+fp/hard/crtn.o
                0x00000000                PROVIDE (_intvecs_base_address = DEFINED (_intvecs_base_address)?_intvecs_base_address:0x0)

.intvecs        0x00000000       0xe4
 *(.intvecs)
 .intvecs       0x00000000       0xe4 build/startup_msp432p401r_gcc.o
                0x00000000                interruptVectors
                0x00200000                PROVIDE (_mailbox_base_address = 0x200000)

.flashMailbox
 *(.flashMailbox)
                0x00201000                PROVIDE (_tlv_base_address = 0x201000)

.tlvTable
 *(.tlvTable)
                0x00202000                PROVIDE (_bsl_base_address = 0x202000)

.bslArea
 *(.bslArea)
                0x20000000                PROVIDE (_vtable_base_address = DEFINED (_vtable_base_address)?_vtable_base_address:0x20000000)

.vtable
 *(.vtable)

.text           0x000000e4     0x95c0
 CREATE_OBJECT_SYMBOLS
 *(.text)
 .text          0x000000e4        0x0 i:/mcu/gnu_tools_for_arm/11.3_rel1/bin/../lib/gcc/arm-none-eabi/11.3.1/thumb/v7e-m+fp/hard/crti.o
 .text          0x000000e4        0x0 i:/mcu/gnu_tools_for_arm/11.3_rel1/bin/../lib/gcc/arm-none-eabi/11.3.1/thumb/v7e-m+fp/hard/crtbegin.o
 .text          0x000000e4       0x7c i:/mcu/gnu_tools_for_arm/11.3_rel1/bin/../lib/gcc/arm-none-eabi/11.3.1/thumb/v7e-m+fp/hard/crt0.o
                0x000000e4                _stack_init
                0x000000ec                _start
                0x000000ec                _mainCRTStartup
 .text          0x00000160       0xc8 build/main.o
                0x00000160                main
                0x00000188                Clock_Configuration
                0x000001fc                Clock_Information
 .text          0x00000228       0x42 build/cpu.o
                0x00000228                CPU_cpsid
                0x00000236                CPU_primask
                0x00000242                CPU_cpsie
                0x00000250                CPU_wfi
                0x00000256                CPU_basepriSet
                0x0000025e                CPU_basepriGet
 *fill*         0x0000026a        0x2 
 .text          0x0000026c      0xf84 build/cs.o
                0x000005c4                CS_setExternalClockSourceFrequency
                0x000005f0                CS_initClockSignal
                0x0000077c                CS_startHFXT
                0x0000079a                CS_startHFXTWithTimeout
                0x0000088c                CS_startLFXT
                0x000008a6                CS_startLFXTWithTimeout
                0x00000990                CS_enableClockRequest
                0x000009c8                CS_disableClockRequest
                0x00000a00                CS_setReferenceOscillatorFrequency
                0x00000a38                CS_enableDCOExternalResistor
                0x00000a68                CS_setDCOExternalResistorCalibration
                0x00000afc                CS_disableDCOExternalResistor
                0x00000b2c                CS_setDCOCenteredFrequency
                0x00000b68                CS_tuneDCOFrequency
                0x00000bec                CS_getDCOFrequency
                0x00000d04                CS_setDCOFrequency
                0x00000eb8                CS_getBCLK
                0x00000ee4                CS_getHSMCLK
                0x00000f18                CS_getACLK
                0x00000f4c                CS_getSMCLK
                0x00000f80                CS_getMCLK
                0x00000fb4                CS_enableFaultCounter
                0x00000ffc                CS_disableFaultCounter
                0x00001044                CS_resetFaultCounter
                0x0000108c                CS_startFaultCounter
                0x000010e4                CS_enableInterrupt
                0x0000111c                CS_disableInterrupt
                0x00001154                CS_getInterruptStatus
                0x0000116c                CS_getEnabledInterruptStatus
                0x00001184                CS_clearInterruptFlag
                0x000011bc                CS_registerInterrupt
                0x000011da                CS_unregisterInterrupt
 .text          0x000011f0      0xa20 build/dma.o
                0x000011f0                DMA_enableModule
                0x00001208                DMA_disableModule
                0x0000124c                DMA_getErrorStatus
                0x00001264                DMA_clearErrorStatus
                0x0000127c                DMA_enableChannel
                0x000012a4                DMA_disableChannel
                0x000012cc                DMA_isChannelEnabled
                0x00001300                DMA_setControlBase
                0x00001320                DMA_getControlBase
                0x00001338                DMA_getControlAlternateBase
                0x00001350                DMA_requestChannel
                0x00001378                DMA_enableChannelAttribute
                0x000013ec                DMA_disableChannelAttribute
                0x00001460                DMA_getChannelAttribute
                0x000014f0                DMA_setChannelControl
                0x00001538                DMA_setChannelTransfer
                0x0000163c                DMA_setChannelScatterGather
                0x000016d0                DMA_getChannelSize
                0x00001718                DMA_getChannelMode
                0x0000176c                DMA_assignChannel
                0x00001a30                DMA_assignInterrupt
                0x00001aa0                DMA_requestSoftwareTransfer
                0x00001acc                DMA_getInterruptStatus
                0x00001ae4                DMA_clearInterruptFlag
                0x00001b14                DMA_enableInterrupt
                0x00001b74                DMA_disableInterrupt
                0x00001bd4                DMA_registerInterrupt
                0x00001bf4                DMA_unregisterInterrupt
 .text          0x00001c10     0x1af0 build/flash.o
                0x00001f2e                FlashCtl_getMemoryInfo
                0x00002314                FlashCtl_enableReadBuffering
                0x0000238c                FlashCtl_disableReadBuffering
                0x00002404                FlashCtl_unprotectSector
                0x000024a8                FlashCtl_protectSector
                0x00002530                FlashCtl_isSectorProtected
                0x000025c4                FlashCtl_verifyMemory
                0x0000286c                FlashCtl_setReadMode
                0x000028f0                FlashCtl_getReadMode
                0x00002930                FlashCtl_initiateMassErase
                0x0000295c                FlashCtl_performMassErase
                0x00002b34                FlashCtl_eraseSector
                0x00002c88                FlashCtl_initiateSectorErase
                0x00002d28                FlashCtl_programMemory
                0x00002ed0                FlashCtl_setProgramVerification
                0x00002f34                FlashCtl_clearProgramVerification
                0x00002f98                FlashCtl_enableWordProgramming
                0x00002fdc                FlashCtl_disableWordProgramming
                0x00002ff4                FlashCtl_isWordProgrammingEnabled
                0x00003028                FlashCtl_setWaitState
                0x00003074                FlashCtl_getWaitState
                0x000030b4                FlashCtl_enableInterrupt
                0x000030dc                FlashCtl_disableInterrupt
                0x00003108                FlashCtl_getInterruptStatus
                0x00003120                FlashCtl_getEnabledInterruptStatus
                0x0000313c                FlashCtl_clearInterruptFlag
                0x00003164                FlashCtl_registerInterrupt
                0x00003182                FlashCtl_unregisterInterrupt
                0x00003196                __FlashCtl_remaskData8Post
                0x00003228                __FlashCtl_remaskData8Pre
                0x000032c0                __FlashCtl_remaskData32Post
                0x000033a0                __FlashCtl_remaskData32Pre
                0x00003484                __FlashCtl_remaskBurstDataPre
                0x000035c8                __FlashCtl_remaskBurstDataPost
 .text          0x00003700      0x14c build/fpu.o
                0x00003700                FPU_enableModule
                0x00003724                FPU_disableModule
                0x00003748                FPU_enableStacking
                0x0000376c                FPU_enableLazyStacking
                0x0000378c                FPU_disableStacking
                0x000037ac                FPU_setHalfPrecisionMode
                0x000037d4                FPU_setNaNMode
                0x000037fc                FPU_setFlushToZeroMode
                0x00003824                FPU_setRoundingMode
 .text          0x0000384c      0x7e4 build/gpio.o
                0x0000384c                GPIO_setAsOutputPin
                0x000038bc                GPIO_setAsInputPin
                0x00003948                GPIO_setAsPeripheralModuleFunctionOutputPin
                0x00003a30                GPIO_setAsPeripheralModuleFunctionInputPin
                0x00003b1c                GPIO_setOutputHighOnPin
                0x00003b58                GPIO_setOutputLowOnPin
                0x00003b98                GPIO_toggleOutputOnPin
                0x00003bd4                GPIO_setAsInputPinWithPullDownResistor
                0x00003c78                GPIO_setAsInputPinWithPullUpResistor
                0x00003d18                GPIO_getInputPinValue
                0x00003d58                GPIO_enableInterrupt
                0x00003d94                GPIO_disableInterrupt
                0x00003dd4                GPIO_getInterruptStatus
                0x00003e08                GPIO_clearInterruptFlag
                0x00003e48                GPIO_interruptEdgeSelect
                0x00003ea8                GPIO_getEnabledInterruptStatus
                0x00003f58                GPIO_setDriveStrengthHigh
                0x00003f94                GPIO_setDriveStrengthLow
                0x00003fd4                GPIO_registerInterrupt
                0x00004004                GPIO_unregisterInterrupt
 .text          0x00004030      0xdb0 build/i2c.o
                0x00004030                I2C_initMaster
                0x000040b6                I2C_initSlave
                0x00004112                I2C_enableModule
                0x00004136                I2C_disableModule
                0x0000415a                I2C_setSlaveAddress
                0x00004178                I2C_setMode
                0x000041a6                I2C_setTimeout
                0x00004208                I2C_masterReceiveSingleByte
                0x000042a2                I2C_slavePutData
                0x000042c2                I2C_slaveGetData
                0x000042de                I2C_isBusBusy
                0x00004306                I2C_masterSendSingleByte
                0x000043c6                I2C_masterSendSingleByteWithTimeout
                0x000044ac                I2C_masterSendMultiByteStart
                0x0000453c                I2C_masterSendMultiByteStartWithTimeout
                0x000045e8                I2C_masterSendMultiByteNext
                0x0000463a                I2C_masterSendMultiByteNextWithTimeout
                0x000046a6                I2C_masterSendMultiByteFinish
                0x0000475a                I2C_masterSendMultiByteFinishWithTimeout
                0x00004824                I2C_masterSendMultiByteStop
                0x0000487c                I2C_masterSendMultiByteStopWithTimeout
                0x000048ee                I2C_masterReceiveStart
                0x0000491c                I2C_masterReceiveMultiByteNext
                0x00004938                I2C_masterReceiveMultiByteFinish
                0x00004996                I2C_masterReceiveMultiByteFinishWithTimeout
                0x00004a2e                I2C_masterReceiveMultiByteStop
                0x00004a54                I2C_masterReceiveSingle
                0x00004a9e                I2C_getReceiveBufferAddressForDMA
                0x00004ab6                I2C_getTransmitBufferAddressForDMA
                0x00004ace                I2C_masterIsStopSent
                0x00004af4                I2C_masterIsStartSent
                0x00004b24                I2C_masterSendStart
                0x00004b4a                I2C_enableMultiMasterMode
                0x00004b80                I2C_disableMultiMasterMode
                0x00004bb6                I2C_enableInterrupt
                0x00004bde                I2C_disableInterrupt
                0x00004c0a                I2C_clearInterruptFlag
                0x00004c36                I2C_getInterruptStatus
                0x00004c5a                I2C_getEnabledInterruptStatus
                0x00004c7a                I2C_getMode
                0x00004c98                I2C_registerInterrupt
                0x00004d2c                I2C_unregisterInterrupt
                0x00004db8                I2C_slaveSendNAK
 .text          0x00004de0      0x548 build/interrupt.o
                0x00004de6                Interrupt_enableMaster
                0x00004dfe                Interrupt_disableMaster
                0x00004e16                Interrupt_registerInterrupt
                0x00004e7c                Interrupt_unregisterInterrupt
                0x00004ea4                Interrupt_setPriorityGrouping
                0x00004ef4                Interrupt_getPriorityGrouping
                0x00004f40                Interrupt_setPriority
                0x00004fa8                Interrupt_getPriority
                0x00004fdc                Interrupt_enableInterrupt
                0x00005070                Interrupt_disableInterrupt
                0x00005104                Interrupt_isEnabled
                0x000051a4                Interrupt_pendInterrupt
                0x00005220                Interrupt_unpendInterrupt
                0x00005288                Interrupt_setPriorityMask
                0x000052a2                Interrupt_getPriorityMask
                0x000052b2                Interrupt_setVectorTableAddress
                0x000052d0                Interrupt_getVectorTableAddress
                0x000052e8                Interrupt_enableSleepOnIsrExit
                0x00005308                Interrupt_disableSleepOnIsrExit
 .text          0x00005328      0x16c build/mpu.o
                0x00005328                MPU_enableModule
                0x0000534c                MPU_disableModule
                0x0000536c                MPU_getRegionCount
                0x00005388                MPU_enableRegion
                0x000053b4                MPU_disableRegion
                0x000053e0                MPU_setRegion
                0x00005418                MPU_getRegion
                0x00005450                MPU_registerInterrupt
                0x00005468                MPU_unregisterInterrupt
                0x00005476                MPU_enableInterrupt
                0x00005484                MPU_disableInterrupt
 .text          0x00005494      0xb08 build/pcm.o
                0x000055b4                PCM_setCoreVoltageLevel
                0x000055d0                PCM_setCoreVoltageLevelWithTimeout
                0x000055ee                PCM_setCoreVoltageLevelNonBlocking
                0x0000560a                PCM_getPowerMode
                0x0000567a                PCM_getCoreVoltageLevel
                0x0000586c                PCM_setPowerMode
                0x00005888                PCM_setPowerModeNonBlocking
                0x000058a4                PCM_setPowerModeWithTimeout
                0x00005c50                PCM_setPowerState
                0x00005c6c                PCM_setPowerStateWithTimeout
                0x00005c8a                PCM_setPowerStateNonBlocking
                0x00005ca6                PCM_shutdownDevice
                0x00005d0c                PCM_gotoLPM4
                0x00005d22                PCM_gotoLPM4InterruptSafe
                0x00005d46                PCM_gotoLPM0
                0x00005d78                PCM_gotoLPM0InterruptSafe
                0x00005d9c                PCM_gotoLPM3
                0x00005e38                PCM_gotoLPM3InterruptSafe
                0x00005e5c                PCM_getPowerState
                0x00005e7c                PCM_enableRudeMode
                0x00005ea0                PCM_disableRudeMode
                0x00005ec8                PCM_enableInterrupt
                0x00005eec                PCM_disableInterrupt
                0x00005f14                PCM_getInterruptStatus
                0x00005f2c                PCM_getEnabledInterruptStatus
                0x00005f44                PCM_clearInterruptFlag
                0x00005f68                PCM_registerInterrupt
                0x00005f86                PCM_unregisterInterrupt
 .text          0x00005f9c      0x28c build/pss.o
                0x00005fd0                PSS_enableForcedDCDCOperation
                0x00005fec                PSS_disableForcedDCDCOperation
                0x00006008                PSS_enableHighSidePinToggle
                0x00006050                PSS_disableHighSidePinToggle
                0x0000606c                PSS_enableHighSide
                0x00006088                PSS_disableHighSide
                0x000060a4                PSS_setHighSidePerformanceMode
                0x000060d4                PSS_getHighSidePerformanceMode
                0x000060f8                PSS_enableHighSideMonitor
                0x00006114                PSS_disableHighSideMonitor
                0x00006130                PSS_setHighSideVoltageTrigger
                0x0000616c                PSS_getHighSideVoltageTrigger
                0x00006188                PSS_enableInterrupt
                0x000061a4                PSS_disableInterrupt
                0x000061c0                PSS_getInterruptStatus
                0x000061d8                PSS_clearInterruptFlag
                0x000061f4                PSS_registerInterrupt
                0x00006212                PSS_unregisterInterrupt
 .text          0x00006228      0x1c0 build/ref_a.o
                0x00006228                REF_A_setReferenceVoltage
                0x00006258                REF_A_disableTempSensor
                0x00006270                REF_A_enableTempSensor
                0x00006288                REF_A_enableReferenceVoltageOutput
                0x000062a0                REF_A_disableReferenceVoltageOutput
                0x000062b8                REF_A_enableReferenceVoltage
                0x000062d0                REF_A_disableReferenceVoltage
                0x000062e8                REF_A_getBandgapMode
                0x00006304                REF_A_isBandgapActive
                0x00006328                REF_A_isRefGenBusy
                0x0000634c                REF_A_isRefGenActive
                0x00006370                REF_A_getBufferedBandgapVoltageStatus
                0x00006394                REF_A_getVariableReferenceVoltageStatus
                0x000063b8                REF_A_setReferenceVoltageOneTimeTrigger
                0x000063d0                REF_A_setBufferedBandgapVoltageOneTimeTrigger
 .text          0x000063e8      0x180 build/reset.o
                0x000063e8                ResetCtl_initiateSoftReset
                0x0000640c                ResetCtl_initiateSoftResetWithSource
                0x00006430                ResetCtl_getSoftResetSource
                0x00006448                ResetCtl_clearSoftResetSource
                0x0000646c                ResetCtl_initiateHardReset
                0x00006490                ResetCtl_initiateHardResetWithSource
                0x000064b4                ResetCtl_getHardResetSource
                0x000064cc                ResetCtl_clearHardResetSource
                0x000064f0                ResetCtl_getPSSSource
                0x00006508                ResetCtl_clearPSSFlags
                0x0000652c                ResetCtl_getPCMSource
                0x00006544                ResetCtl_clearPCMFlags
 .text          0x00006568      0x7d0 build/rtc_c.o
                0x00006568                RTC_C_startClock
                0x000065ac                RTC_C_holdClock
                0x000065f0                RTC_C_setCalibrationFrequency
                0x00006648                RTC_C_setCalibrationData
                0x00006698                RTC_C_setTemperatureCompensation
                0x000066e8                RTC_C_initCalendar
                0x0000679c                RTC_C_getCalendarTime
                0x0000682c                RTC_C_setCalendarAlarm
                0x00006890                RTC_C_setCalendarEvent
                0x000068e8                RTC_C_definePrescaleEvent
                0x00006958                RTC_C_getPrescaleValue
                0x00006994                RTC_C_setPrescaleValue
                0x00006a14                RTC_C_convertBCDToBinary
                0x00006a3c                RTC_C_convertBinaryToBCD
                0x00006a64                RTC_C_enableInterrupt
                0x00006ae4                RTC_C_disableInterrupt
                0x00006b70                RTC_C_getInterruptStatus
                0x00006bec                RTC_C_getEnabledInterruptStatus
                0x00006c88                RTC_C_clearInterruptFlag
                0x00006d04                RTC_C_registerInterrupt
                0x00006d22                RTC_C_unregisterInterrupt
 .text          0x00006d38      0x40c build/sysctl.o
                0x00006d38                SysCtl_getTLVInfo
                0x00006dcc                SysCtl_getSRAMSize
                0x00006de4                SysCtl_getFlashSize
                0x00006dfc                SysCtl_disableNMISource
                0x00006e24                SysCtl_enableNMISource
                0x00006e48                SysCtl_getNMISourceStatus
                0x00006e64                SysCtl_enableSRAMBank
                0x00006e94                SysCtl_disableSRAMBank
                0x00006f9c                SysCtl_enableSRAMBankRetention
                0x00006fd0                SysCtl_disableSRAMBankRetention
                0x00007004                SysCtl_rebootDevice
                0x00007020                SysCtl_enablePeripheralAtCPUHalt
                0x00007048                SysCtl_disablePeripheralAtCPUHalt
                0x0000706c                SysCtl_setWDTTimeoutResetType
                0x000070a4                SysCtl_setWDTPasswordViolationResetType
                0x000070dc                SysCtl_enableGlitchFilter
                0x000070fc                SysCtl_disableGlitchFilter
                0x0000711c                SysCtl_getTempCalibrationConstant
 .text          0x00007144       0xf4 build/systick.o
                0x00007144                SysTick_enableModule
                0x00007164                SysTick_disableModule
                0x00007184                SysTick_registerInterrupt
                0x0000719c                SysTick_unregisterInterrupt
                0x000071aa                SysTick_enableInterrupt
                0x000071c8                SysTick_disableInterrupt
                0x000071e8                SysTick_setPeriod
                0x00007208                SysTick_getPeriod
                0x00007220                SysTick_getValue
 .text          0x00007238      0x262 build/timer32.o
                0x00007238                Timer32_initModule
                0x000072ce                Timer32_setCount
                0x00007316                Timer32_setCountInBackground
                0x0000735e                Timer32_getValue
                0x00007376                Timer32_startTimer
                0x000073c6                Timer32_haltTimer
                0x000073e6                Timer32_enableInterrupt
                0x00007406                Timer32_disableInterrupt
                0x00007426                Timer32_clearInterruptFlag
                0x00007446                Timer32_getInterruptStatus
                0x0000745e                Timer32_registerInterrupt
                0x0000747e                Timer32_unregisterInterrupt
 *fill*         0x0000749a        0x2 
 .text          0x0000749c      0xaa8 build/timer_a.o
                0x0000764c                Timer_A_startCounter
                0x00007674                Timer_A_configureContinuousMode
                0x000076c6                Timer_A_configureUpMode
                0x0000775e                Timer_A_configureUpDownMode
                0x000077f6                Timer_A_initCapture
                0x00007870                Timer_A_initCompare
                0x000078d8                Timer_A_getCounterValue
                0x00007932                Timer_A_clearTimer
                0x00007958                Timer_A_getSynchronizedCaptureCompareInput
                0x00007996                Timer_A_getOutputForOutputModeOutBitValue
                0x000079da                Timer_A_getCaptureCompareCount
                0x00007a08                Timer_A_setOutputForOutputModeOutBitValue
                0x00007a50                Timer_A_generatePWM
                0x00007af8                Timer_A_stopTimer
                0x00007b1c                Timer_A_setCompareValue
                0x00007b50                Timer_A_clearInterruptFlag
                0x00007b74                Timer_A_clearCaptureCompareInterrupt
                0x00007bac                Timer_A_enableInterrupt
                0x00007bd2                Timer_A_disableInterrupt
                0x00007bf8                Timer_A_getInterruptStatus
                0x00007c16                Timer_A_enableCaptureCompareInterrupt
                0x00007c50                Timer_A_disableCaptureCompareInterrupt
                0x00007c8a                Timer_A_getCaptureCompareInterruptStatus
                0x00007cbe                Timer_A_getEnabledInterruptStatus
                0x00007ce8                Timer_A_getCaptureCompareEnabledInterruptStatus
                0x00007d32                Timer_A_registerInterrupt
                0x00007e44                Timer_A_unregisterInterrupt
 .text          0x00007f44      0x67c build/uart.o
                0x00007f44                UART_initModule
                0x000080d8                UART_transmitData
                0x00008128                UART_receiveData
                0x00008172                UART_enableModule
                0x00008196                UART_disableModule
                0x000081ba                UART_queryStatusFlags
                0x000081dc                UART_setDormant
                0x00008202                UART_resetDormant
                0x00008228                UART_transmitAddress
                0x00008258                UART_transmitBreak
                0x000082ce                UART_getReceiveBufferAddressForDMA
                0x000082e6                UART_getTransmitBufferAddressForDMA
                0x000082fe                UART_selectDeglitchTime
                0x0000832c                UART_enableInterrupt
                0x00008376                UART_disableInterrupt
                0x000083c8                UART_getInterruptStatus
                0x000083ec                UART_getEnabledInterruptStatus
                0x00008472                UART_clearInterruptFlag
                0x0000849e                UART_registerInterrupt
                0x00008534                UART_unregisterInterrupt
 .text          0x000085c0      0x164 build/wdt_a.o
                0x000085c0                WDT_A_holdTimer
                0x000085f4                WDT_A_startTimer
                0x00008628                WDT_A_clearTimer
                0x0000865c                WDT_A_initWatchdogTimer
                0x00008690                WDT_A_initIntervalTimer
                0x000086c4                WDT_A_setPasswordViolationReset
                0x000086da                WDT_A_setTimeoutReset
                0x000086f0                WDT_A_registerInterrupt
                0x0000870e                WDT_A_unregisterInterrupt
 .text          0x00008724       0x4c build/startup_msp432p401r_gcc.o
                0x00008724                Reset_Handler
                0x00008768                DebugMon_Handler
                0x00008768                AES256_IRQHandler
                0x00008768                HardFault_Handler
                0x00008768                SysTick_Handler
                0x00008768                PendSV_Handler
                0x00008768                NMI_Handler
                0x00008768                RTC_C_IRQHandler
                0x00008768                PORT1_IRQHandler
                0x00008768                FPU_IRQHandler
                0x00008768                PORT2_IRQHandler
                0x00008768                TA3_0_IRQHandler
                0x00008768                UsageFault_Handler
                0x00008768                DMA_INT3_IRQHandler
                0x00008768                TA2_0_IRQHandler
                0x00008768                DMA_INT1_IRQHandler
                0x00008768                WDT_A_IRQHandler
                0x00008768                TA2_N_IRQHandler
                0x00008768                TA1_0_IRQHandler
                0x00008768                CS_IRQHandler
                0x00008768                PSS_IRQHandler
                0x00008768                DMA_INT2_IRQHandler
                0x00008768                EUSCIA3_IRQHandler
                0x00008768                DMA_INT0_IRQHandler
                0x00008768                PORT4_IRQHandler
                0x00008768                PORT5_IRQHandler
                0x00008768                EUSCIB0_IRQHandler
                0x00008768                Default_Handler
                0x00008768                T32_INTC_IRQHandler
                0x00008768                TA3_N_IRQHandler
                0x00008768                TA0_0_IRQHandler
                0x00008768                EUSCIA2_IRQHandler
                0x00008768                PORT6_IRQHandler
                0x00008768                PORT3_IRQHandler
                0x00008768                MemManage_Handler
                0x00008768                SVC_Handler
                0x00008768                TA1_N_IRQHandler
                0x00008768                EUSCIA1_IRQHandler
                0x00008768                COMP_E1_IRQHandler
                0x00008768                EUSCIB2_IRQHandler
                0x00008768                FLCTL_IRQHandler
                0x00008768                EUSCIB3_IRQHandler
                0x00008768                T32_INT1_IRQHandler
                0x00008768                DMA_ERR_IRQHandler
                0x00008768                ADC14_IRQHandler
                0x00008768                EUSCIA0_IRQHandler
                0x00008768                BusFault_Handler
                0x00008768                PCM_IRQHandler
                0x00008768                TA0_N_IRQHandler
                0x00008768                COMP_E0_IRQHandler
                0x00008768                EUSCIB1_IRQHandler
                0x00008768                T32_INT2_IRQHandler
 .text          0x00008770      0x394 build/system_msp432p401r.o
                0x00008770                SystemCoreClockUpdate
                0x00008a84                SystemInit
 .text          0x00008b04      0x628 build/iic_bus.o
                0x00008b04                IIC_Init
                0x00008b48                IIC_Adapter_Init
                0x00008bc6                IIC_Adapter_Start
                0x00008c54                IIC_Adapter_Stop
                0x00008cf4                IIC_Adapter_SendByte
                0x00008e34                IIC_Adapter_ReceiveByte
                0x00009010                IIC_Adapter_Write
                0x0000909e                IIC_Adapter_Read
 .text          0x0000912c      0x214 build/syscalls.o
                0x0000912c                initialise_monitor_handles
                0x0000913a                _getpid
                0x0000914a                _kill
                0x0000916a                _exit
                0x0000917e                _read
                0x000091b8                _write
                0x000091f0                _close
                0x00009208                _fstat
                0x00009228                _isatty
                0x0000923e                _lseek
                0x00009258                _open
                0x00009274                _wait
                0x00009292                _unlink
                0x000092b0                _times
                0x000092c8                _stat
                0x000092e8                _link
                0x00009308                _fork
                0x0000931e                _execve
 .text          0x00009340        0x0 build/user_uart.o
 .text          0x00009340        0x0 build/user_dma.o
 .text          0x00009340        0x0 i:/mcu/gnu_tools_for_arm/11.3_rel1/bin/../lib/gcc/arm-none-eabi/11.3.1/thumb/v7e-m+fp/hard\libc.a(libc_a-exit.o)
 .text          0x00009340        0x0 i:/mcu/gnu_tools_for_arm/11.3_rel1/bin/../lib/gcc/arm-none-eabi/11.3.1/thumb/v7e-m+fp/hard\libc.a(libc_a-findfp.o)
 .text          0x00009340        0x0 i:/mcu/gnu_tools_for_arm/11.3_rel1/bin/../lib/gcc/arm-none-eabi/11.3.1/thumb/v7e-m+fp/hard\libc.a(libc_a-fwalk.o)
 .text          0x00009340        0x0 i:/mcu/gnu_tools_for_arm/11.3_rel1/bin/../lib/gcc/arm-none-eabi/11.3.1/thumb/v7e-m+fp/hard\libc.a(libc_a-stdio.o)
 .text          0x00009340        0x0 i:/mcu/gnu_tools_for_arm/11.3_rel1/bin/../lib/gcc/arm-none-eabi/11.3.1/thumb/v7e-m+fp/hard\libc.a(libc_a-memset.o)
 .text          0x00009340        0x0 i:/mcu/gnu_tools_for_arm/11.3_rel1/bin/../lib/gcc/arm-none-eabi/11.3.1/thumb/v7e-m+fp/hard\libc.a(libc_a-closer.o)
 .text          0x00009340        0x0 i:/mcu/gnu_tools_for_arm/11.3_rel1/bin/../lib/gcc/arm-none-eabi/11.3.1/thumb/v7e-m+fp/hard\libc.a(libc_a-reent.o)
 .text          0x00009340        0x0 i:/mcu/gnu_tools_for_arm/11.3_rel1/bin/../lib/gcc/arm-none-eabi/11.3.1/thumb/v7e-m+fp/hard\libc.a(libc_a-impure.o)
 .text          0x00009340        0x0 i:/mcu/gnu_tools_for_arm/11.3_rel1/bin/../lib/gcc/arm-none-eabi/11.3.1/thumb/v7e-m+fp/hard\libc.a(libc_a-lseekr.o)
 .text          0x00009340        0x0 i:/mcu/gnu_tools_for_arm/11.3_rel1/bin/../lib/gcc/arm-none-eabi/11.3.1/thumb/v7e-m+fp/hard\libc.a(libc_a-readr.o)
 .text          0x00009340        0x0 i:/mcu/gnu_tools_for_arm/11.3_rel1/bin/../lib/gcc/arm-none-eabi/11.3.1/thumb/v7e-m+fp/hard\libc.a(libc_a-writer.o)
 .text          0x00009340        0x0 i:/mcu/gnu_tools_for_arm/11.3_rel1/bin/../lib/gcc/arm-none-eabi/11.3.1/thumb/v7e-m+fp/hard\libc.a(libc_a-errno.o)
 .text          0x00009340        0x0 i:/mcu/gnu_tools_for_arm/11.3_rel1/bin/../lib/gcc/arm-none-eabi/11.3.1/thumb/v7e-m+fp/hard\libc.a(libc_a-init.o)
 .text          0x00009340        0x0 i:/mcu/gnu_tools_for_arm/11.3_rel1/bin/../lib/gcc/arm-none-eabi/11.3.1/thumb/v7e-m+fp/hard\libc.a(libc_a-lock.o)
 .text          0x00009340        0x0 i:/mcu/gnu_tools_for_arm/11.3_rel1/bin/../lib/gcc/arm-none-eabi/11.3.1/thumb/v7e-m+fp/hard\libc.a(libc_a-__call_atexit.o)
 .text          0x00009340        0x0 i:/mcu/gnu_tools_for_arm/11.3_rel1/bin/../lib/gcc/arm-none-eabi/11.3.1/thumb/v7e-m+fp/hard\libc.a(libc_a-atexit.o)
 .text          0x00009340        0x0 i:/mcu/gnu_tools_for_arm/11.3_rel1/bin/../lib/gcc/arm-none-eabi/11.3.1/thumb/v7e-m+fp/hard\libc.a(libc_a-freer.o)
 .text          0x00009340        0x0 i:/mcu/gnu_tools_for_arm/11.3_rel1/bin/../lib/gcc/arm-none-eabi/11.3.1/thumb/v7e-m+fp/hard\libc.a(libc_a-mallocr.o)
 .text          0x00009340        0x0 i:/mcu/gnu_tools_for_arm/11.3_rel1/bin/../lib/gcc/arm-none-eabi/11.3.1/thumb/v7e-m+fp/hard\libc.a(libc_a-mlock.o)
 .text          0x00009340        0x0 i:/mcu/gnu_tools_for_arm/11.3_rel1/bin/../lib/gcc/arm-none-eabi/11.3.1/thumb/v7e-m+fp/hard\libc.a(libc_a-fclose.o)
 .text          0x00009340        0x0 i:/mcu/gnu_tools_for_arm/11.3_rel1/bin/../lib/gcc/arm-none-eabi/11.3.1/thumb/v7e-m+fp/hard\libc.a(libc_a-fflush.o)
 .text          0x00009340        0x0 i:/mcu/gnu_tools_for_arm/11.3_rel1/bin/../lib/gcc/arm-none-eabi/11.3.1/thumb/v7e-m+fp/hard\libc.a(libc_a-sbrkr.o)
 .text          0x00009340        0x0 i:/mcu/gnu_tools_for_arm/11.3_rel1/bin/../lib/gcc/arm-none-eabi/11.3.1/thumb/v7e-m+fp/hard\libc.a(libc_a-fini.o)
 .text          0x00009340        0x0 i:/mcu/gnu_tools_for_arm/11.3_rel1/bin/../lib/gcc/arm-none-eabi/11.3.1/thumb/v7e-m+fp/hard\libc.a(libc_a-__atexit.o)
 .text          0x00009340        0x0 i:/mcu/gnu_tools_for_arm/11.3_rel1/bin/../lib/gcc/arm-none-eabi/11.3.1/thumb/v7e-m+fp/hard\libnosys.a(sbrk.o)
 .text          0x00009340        0x0 i:/mcu/gnu_tools_for_arm/11.3_rel1/bin/../lib/gcc/arm-none-eabi/11.3.1/thumb/v7e-m+fp/hard/crtend.o
 .text          0x00009340        0x0 i:/mcu/gnu_tools_for_arm/11.3_rel1/bin/../lib/gcc/arm-none-eabi/11.3.1/thumb/v7e-m+fp/hard/crtn.o
 *(.text.*)
 .text.deregister_tm_clones
                0x00009340       0x1c i:/mcu/gnu_tools_for_arm/11.3_rel1/bin/../lib/gcc/arm-none-eabi/11.3.1/thumb/v7e-m+fp/hard/crtbegin.o
 .text.register_tm_clones
                0x0000935c       0x24 i:/mcu/gnu_tools_for_arm/11.3_rel1/bin/../lib/gcc/arm-none-eabi/11.3.1/thumb/v7e-m+fp/hard/crtbegin.o
 .text.__do_global_dtors_aux
                0x00009380       0x28 i:/mcu/gnu_tools_for_arm/11.3_rel1/bin/../lib/gcc/arm-none-eabi/11.3.1/thumb/v7e-m+fp/hard/crtbegin.o
 .text.frame_dummy
                0x000093a8       0x24 i:/mcu/gnu_tools_for_arm/11.3_rel1/bin/../lib/gcc/arm-none-eabi/11.3.1/thumb/v7e-m+fp/hard/crtbegin.o
 .text.exit     0x000093cc       0x1c i:/mcu/gnu_tools_for_arm/11.3_rel1/bin/../lib/gcc/arm-none-eabi/11.3.1/thumb/v7e-m+fp/hard\libc.a(libc_a-exit.o)
                0x000093cc                exit
 .text.memset   0x000093e8       0xa4 i:/mcu/gnu_tools_for_arm/11.3_rel1/bin/../lib/gcc/arm-none-eabi/11.3.1/thumb/v7e-m+fp/hard\libc.a(libc_a-memset.o)
                0x000093e8                memset
 .text.__errno  0x0000948c        0xc i:/mcu/gnu_tools_for_arm/11.3_rel1/bin/../lib/gcc/arm-none-eabi/11.3.1/thumb/v7e-m+fp/hard\libc.a(libc_a-errno.o)
                0x0000948c                __errno
 .text.__libc_init_array
                0x00009498       0x48 i:/mcu/gnu_tools_for_arm/11.3_rel1/bin/../lib/gcc/arm-none-eabi/11.3.1/thumb/v7e-m+fp/hard\libc.a(libc_a-init.o)
                0x00009498                __libc_init_array
 .text.__retarget_lock_acquire_recursive
                0x000094e0        0x4 i:/mcu/gnu_tools_for_arm/11.3_rel1/bin/../lib/gcc/arm-none-eabi/11.3.1/thumb/v7e-m+fp/hard\libc.a(libc_a-lock.o)
                0x000094e0                __retarget_lock_acquire_recursive
 .text.__retarget_lock_release_recursive
                0x000094e4        0x4 i:/mcu/gnu_tools_for_arm/11.3_rel1/bin/../lib/gcc/arm-none-eabi/11.3.1/thumb/v7e-m+fp/hard\libc.a(libc_a-lock.o)
                0x000094e4                __retarget_lock_release_recursive
 .text.startup.register_fini
                0x000094e8       0x14 i:/mcu/gnu_tools_for_arm/11.3_rel1/bin/../lib/gcc/arm-none-eabi/11.3.1/thumb/v7e-m+fp/hard\libc.a(libc_a-__call_atexit.o)
 .text.__call_exitprocs
                0x000094fc       0xc8 i:/mcu/gnu_tools_for_arm/11.3_rel1/bin/../lib/gcc/arm-none-eabi/11.3.1/thumb/v7e-m+fp/hard\libc.a(libc_a-__call_atexit.o)
                0x000094fc                __call_exitprocs
 .text.atexit   0x000095c4        0xc i:/mcu/gnu_tools_for_arm/11.3_rel1/bin/../lib/gcc/arm-none-eabi/11.3.1/thumb/v7e-m+fp/hard\libc.a(libc_a-atexit.o)
                0x000095c4                atexit
 .text.__libc_fini_array
                0x000095d0       0x28 i:/mcu/gnu_tools_for_arm/11.3_rel1/bin/../lib/gcc/arm-none-eabi/11.3.1/thumb/v7e-m+fp/hard\libc.a(libc_a-fini.o)
                0x000095d0                __libc_fini_array
 .text.__register_exitproc
                0x000095f8       0x88 i:/mcu/gnu_tools_for_arm/11.3_rel1/bin/../lib/gcc/arm-none-eabi/11.3.1/thumb/v7e-m+fp/hard\libc.a(libc_a-__atexit.o)
                0x000095f8                __register_exitproc
                0x00009680                . = ALIGN (0x4)
 *(.ctors)
                0x00009680                . = ALIGN (0x4)
 *(.dtors)
                0x00009680                . = ALIGN (0x4)
                0x00009680                __init_array_start = .
 *(.init_array*)
 .init_array    0x00009680        0x4 i:/mcu/gnu_tools_for_arm/11.3_rel1/bin/../lib/gcc/arm-none-eabi/11.3.1/thumb/v7e-m+fp/hard/crtbegin.o
 .init_array.00000
                0x00009684        0x4 i:/mcu/gnu_tools_for_arm/11.3_rel1/bin/../lib/gcc/arm-none-eabi/11.3.1/thumb/v7e-m+fp/hard\libc.a(libc_a-__call_atexit.o)
                0x00009688                __init_array_end = .
 *(.init)
 .init          0x00009688        0x4 i:/mcu/gnu_tools_for_arm/11.3_rel1/bin/../lib/gcc/arm-none-eabi/11.3.1/thumb/v7e-m+fp/hard/crti.o
                0x00009688                _init
 .init          0x0000968c        0x8 i:/mcu/gnu_tools_for_arm/11.3_rel1/bin/../lib/gcc/arm-none-eabi/11.3.1/thumb/v7e-m+fp/hard/crtn.o
 *(.fini*)
 .fini          0x00009694        0x4 i:/mcu/gnu_tools_for_arm/11.3_rel1/bin/../lib/gcc/arm-none-eabi/11.3.1/thumb/v7e-m+fp/hard/crti.o
                0x00009694                _fini
 .fini_array    0x00009698        0x4 i:/mcu/gnu_tools_for_arm/11.3_rel1/bin/../lib/gcc/arm-none-eabi/11.3.1/thumb/v7e-m+fp/hard/crtbegin.o
 .fini          0x0000969c        0x8 i:/mcu/gnu_tools_for_arm/11.3_rel1/bin/../lib/gcc/arm-none-eabi/11.3.1/thumb/v7e-m+fp/hard/crtn.o

.glue_7         0x000096a4        0x0
 .glue_7        0x000096a4        0x0 linker stubs

.glue_7t        0x000096a4        0x0
 .glue_7t       0x000096a4        0x0 linker stubs

.vfp11_veneer   0x000096a4        0x0
 .vfp11_veneer  0x000096a4        0x0 linker stubs

.v4_bx          0x000096a4        0x0
 .v4_bx         0x000096a4        0x0 linker stubs

.iplt           0x000096a4        0x0
 .iplt          0x000096a4        0x0 i:/mcu/gnu_tools_for_arm/11.3_rel1/bin/../lib/gcc/arm-none-eabi/11.3.1/thumb/v7e-m+fp/hard/crtbegin.o

.rodata         0x000096a4       0xdc
 *(.rodata)
 .rodata        0x000096a4       0x4c build/gpio.o
 .rodata        0x000096f0       0x90 build/interrupt.o
 *(.rodata.*)

.eh_frame       0x00009780        0x0
 .eh_frame      0x00009780        0x0 i:/mcu/gnu_tools_for_arm/11.3_rel1/bin/../lib/gcc/arm-none-eabi/11.3.1/thumb/v7e-m+fp/hard/crtbegin.o

.ARM.exidx      0x00009780        0x8
                0x00009780                __exidx_start = .
 *(.ARM.exidx* .gnu.linkonce.armexidx.*)
 .ARM.exidx     0x00009780        0x8 i:/mcu/gnu_tools_for_arm/11.3_rel1/bin/../lib/gcc/arm-none-eabi/11.3.1/thumb/v7e-m+fp/hard/crt0.o
                                 0x10 (size before relaxing)
                0x00009788                __exidx_end = .

.ARM.extab      0x00009788        0x0
 *(.ARM.extab* .gnu.linkonce.armextab.*)
 .ARM.extab     0x00009788        0x0 i:/mcu/gnu_tools_for_arm/11.3_rel1/bin/../lib/gcc/arm-none-eabi/11.3.1/thumb/v7e-m+fp/hard/crt0.o
                0x00009788                __etext = .

.rel.dyn        0x00009788        0x0
 .rel.iplt      0x00009788        0x0 i:/mcu/gnu_tools_for_arm/11.3_rel1/bin/../lib/gcc/arm-none-eabi/11.3.1/thumb/v7e-m+fp/hard/crtbegin.o

.data           0x20000000      0x5a8 load address 0x00009788
                0x00009788                __data_load__ = LOADADDR (.data)
                0x20000000                __data_start__ = .
 *(.data)
 .data          0x20000000        0x0 i:/mcu/gnu_tools_for_arm/11.3_rel1/bin/../lib/gcc/arm-none-eabi/11.3.1/thumb/v7e-m+fp/hard/crti.o
 .data          0x20000000        0x0 i:/mcu/gnu_tools_for_arm/11.3_rel1/bin/../lib/gcc/arm-none-eabi/11.3.1/thumb/v7e-m+fp/hard/crtbegin.o
 .data          0x20000000        0x0 i:/mcu/gnu_tools_for_arm/11.3_rel1/bin/../lib/gcc/arm-none-eabi/11.3.1/thumb/v7e-m+fp/hard/crt0.o
 .data          0x20000000        0x0 build/main.o
 .data          0x20000000        0x0 build/cpu.o
 .data          0x20000000        0x0 build/cs.o
 .data          0x20000000        0x0 build/dma.o
 .data          0x20000000       0x40 build/flash.o
 .data          0x20000040        0x0 build/fpu.o
 .data          0x20000040        0x0 build/gpio.o
 .data          0x20000040        0x0 build/i2c.o
 .data          0x20000040        0x0 build/interrupt.o
 .data          0x20000040        0x0 build/mpu.o
 .data          0x20000040        0x0 build/pcm.o
 .data          0x20000040        0x0 build/pss.o
 .data          0x20000040        0x0 build/ref_a.o
 .data          0x20000040        0x0 build/reset.o
 .data          0x20000040        0x0 build/rtc_c.o
 .data          0x20000040        0x0 build/sysctl.o
 .data          0x20000040        0x0 build/systick.o
 .data          0x20000040        0x0 build/timer32.o
 .data          0x20000040        0x0 build/timer_a.o
 .data          0x20000040        0x0 build/uart.o
 .data          0x20000040        0x0 build/wdt_a.o
 .data          0x20000040        0x0 build/startup_msp432p401r_gcc.o
 .data          0x20000040        0x4 build/system_msp432p401r.o
                0x20000040                SystemCoreClock
 .data          0x20000044        0x0 build/iic_bus.o
 .data          0x20000044        0x4 build/syscalls.o
                0x20000044                environ
 .data          0x20000048        0x0 build/user_uart.o
 *fill*         0x20000048        0x8 
 .data          0x20000050       0x10 build/user_dma.o
 .data          0x20000060        0x0 i:/mcu/gnu_tools_for_arm/11.3_rel1/bin/../lib/gcc/arm-none-eabi/11.3.1/thumb/v7e-m+fp/hard\libc.a(libc_a-exit.o)
 .data          0x20000060        0x0 i:/mcu/gnu_tools_for_arm/11.3_rel1/bin/../lib/gcc/arm-none-eabi/11.3.1/thumb/v7e-m+fp/hard\libc.a(libc_a-findfp.o)
 .data          0x20000060        0x0 i:/mcu/gnu_tools_for_arm/11.3_rel1/bin/../lib/gcc/arm-none-eabi/11.3.1/thumb/v7e-m+fp/hard\libc.a(libc_a-fwalk.o)
 .data          0x20000060        0x0 i:/mcu/gnu_tools_for_arm/11.3_rel1/bin/../lib/gcc/arm-none-eabi/11.3.1/thumb/v7e-m+fp/hard\libc.a(libc_a-stdio.o)
 .data          0x20000060        0x0 i:/mcu/gnu_tools_for_arm/11.3_rel1/bin/../lib/gcc/arm-none-eabi/11.3.1/thumb/v7e-m+fp/hard\libc.a(libc_a-memset.o)
 .data          0x20000060        0x0 i:/mcu/gnu_tools_for_arm/11.3_rel1/bin/../lib/gcc/arm-none-eabi/11.3.1/thumb/v7e-m+fp/hard\libc.a(libc_a-closer.o)
 .data          0x20000060        0x0 i:/mcu/gnu_tools_for_arm/11.3_rel1/bin/../lib/gcc/arm-none-eabi/11.3.1/thumb/v7e-m+fp/hard\libc.a(libc_a-reent.o)
 .data          0x20000060        0x0 i:/mcu/gnu_tools_for_arm/11.3_rel1/bin/../lib/gcc/arm-none-eabi/11.3.1/thumb/v7e-m+fp/hard\libc.a(libc_a-impure.o)
 .data          0x20000060        0x0 i:/mcu/gnu_tools_for_arm/11.3_rel1/bin/../lib/gcc/arm-none-eabi/11.3.1/thumb/v7e-m+fp/hard\libc.a(libc_a-lseekr.o)
 .data          0x20000060        0x0 i:/mcu/gnu_tools_for_arm/11.3_rel1/bin/../lib/gcc/arm-none-eabi/11.3.1/thumb/v7e-m+fp/hard\libc.a(libc_a-readr.o)
 .data          0x20000060        0x0 i:/mcu/gnu_tools_for_arm/11.3_rel1/bin/../lib/gcc/arm-none-eabi/11.3.1/thumb/v7e-m+fp/hard\libc.a(libc_a-writer.o)
 .data          0x20000060        0x0 i:/mcu/gnu_tools_for_arm/11.3_rel1/bin/../lib/gcc/arm-none-eabi/11.3.1/thumb/v7e-m+fp/hard\libc.a(libc_a-errno.o)
 .data          0x20000060        0x0 i:/mcu/gnu_tools_for_arm/11.3_rel1/bin/../lib/gcc/arm-none-eabi/11.3.1/thumb/v7e-m+fp/hard\libc.a(libc_a-init.o)
 .data          0x20000060        0x0 i:/mcu/gnu_tools_for_arm/11.3_rel1/bin/../lib/gcc/arm-none-eabi/11.3.1/thumb/v7e-m+fp/hard\libc.a(libc_a-lock.o)
 .data          0x20000060        0x0 i:/mcu/gnu_tools_for_arm/11.3_rel1/bin/../lib/gcc/arm-none-eabi/11.3.1/thumb/v7e-m+fp/hard\libc.a(libc_a-__call_atexit.o)
 .data          0x20000060        0x0 i:/mcu/gnu_tools_for_arm/11.3_rel1/bin/../lib/gcc/arm-none-eabi/11.3.1/thumb/v7e-m+fp/hard\libc.a(libc_a-atexit.o)
 .data          0x20000060        0x0 i:/mcu/gnu_tools_for_arm/11.3_rel1/bin/../lib/gcc/arm-none-eabi/11.3.1/thumb/v7e-m+fp/hard\libc.a(libc_a-freer.o)
 .data          0x20000060        0x0 i:/mcu/gnu_tools_for_arm/11.3_rel1/bin/../lib/gcc/arm-none-eabi/11.3.1/thumb/v7e-m+fp/hard\libc.a(libc_a-mallocr.o)
 .data          0x20000060        0x0 i:/mcu/gnu_tools_for_arm/11.3_rel1/bin/../lib/gcc/arm-none-eabi/11.3.1/thumb/v7e-m+fp/hard\libc.a(libc_a-mlock.o)
 .data          0x20000060        0x0 i:/mcu/gnu_tools_for_arm/11.3_rel1/bin/../lib/gcc/arm-none-eabi/11.3.1/thumb/v7e-m+fp/hard\libc.a(libc_a-fclose.o)
 .data          0x20000060        0x0 i:/mcu/gnu_tools_for_arm/11.3_rel1/bin/../lib/gcc/arm-none-eabi/11.3.1/thumb/v7e-m+fp/hard\libc.a(libc_a-fflush.o)
 .data          0x20000060        0x0 i:/mcu/gnu_tools_for_arm/11.3_rel1/bin/../lib/gcc/arm-none-eabi/11.3.1/thumb/v7e-m+fp/hard\libc.a(libc_a-sbrkr.o)
 .data          0x20000060        0x0 i:/mcu/gnu_tools_for_arm/11.3_rel1/bin/../lib/gcc/arm-none-eabi/11.3.1/thumb/v7e-m+fp/hard\libc.a(libc_a-fini.o)
 .data          0x20000060        0x0 i:/mcu/gnu_tools_for_arm/11.3_rel1/bin/../lib/gcc/arm-none-eabi/11.3.1/thumb/v7e-m+fp/hard\libc.a(libc_a-__atexit.o)
 .data          0x20000060        0x0 i:/mcu/gnu_tools_for_arm/11.3_rel1/bin/../lib/gcc/arm-none-eabi/11.3.1/thumb/v7e-m+fp/hard\libnosys.a(sbrk.o)
 .data          0x20000060        0x0 i:/mcu/gnu_tools_for_arm/11.3_rel1/bin/../lib/gcc/arm-none-eabi/11.3.1/thumb/v7e-m+fp/hard/crtend.o
 .data          0x20000060        0x0 i:/mcu/gnu_tools_for_arm/11.3_rel1/bin/../lib/gcc/arm-none-eabi/11.3.1/thumb/v7e-m+fp/hard/crtn.o
 *(.data*)
 .data.__dso_handle
                0x20000060        0x4 i:/mcu/gnu_tools_for_arm/11.3_rel1/bin/../lib/gcc/arm-none-eabi/11.3.1/thumb/v7e-m+fp/hard/crtbegin.o
                0x20000060                __dso_handle
 .data.__sglue  0x20000064        0xc i:/mcu/gnu_tools_for_arm/11.3_rel1/bin/../lib/gcc/arm-none-eabi/11.3.1/thumb/v7e-m+fp/hard\libc.a(libc_a-findfp.o)
                0x20000064                __sglue
 .data._impure_data
                0x20000070      0x120 i:/mcu/gnu_tools_for_arm/11.3_rel1/bin/../lib/gcc/arm-none-eabi/11.3.1/thumb/v7e-m+fp/hard\libc.a(libc_a-impure.o)
                0x20000070                _impure_data
 .data._impure_ptr
                0x20000190        0x4 i:/mcu/gnu_tools_for_arm/11.3_rel1/bin/../lib/gcc/arm-none-eabi/11.3.1/thumb/v7e-m+fp/hard\libc.a(libc_a-impure.o)
                0x20000190                _impure_ptr
 .data.__atexit_recursive_mutex
                0x20000194        0x4 i:/mcu/gnu_tools_for_arm/11.3_rel1/bin/../lib/gcc/arm-none-eabi/11.3.1/thumb/v7e-m+fp/hard\libc.a(libc_a-__call_atexit.o)
                0x20000194                __atexit_recursive_mutex
 .data.__malloc_av_
                0x20000198      0x408 i:/mcu/gnu_tools_for_arm/11.3_rel1/bin/../lib/gcc/arm-none-eabi/11.3.1/thumb/v7e-m+fp/hard\libc.a(libc_a-mallocr.o)
                0x20000198                __malloc_av_
 .data.__malloc_sbrk_base
                0x200005a0        0x4 i:/mcu/gnu_tools_for_arm/11.3_rel1/bin/../lib/gcc/arm-none-eabi/11.3.1/thumb/v7e-m+fp/hard\libc.a(libc_a-mallocr.o)
                0x200005a0                __malloc_sbrk_base
 .data.__malloc_trim_threshold
                0x200005a4        0x4 i:/mcu/gnu_tools_for_arm/11.3_rel1/bin/../lib/gcc/arm-none-eabi/11.3.1/thumb/v7e-m+fp/hard\libc.a(libc_a-mallocr.o)
                0x200005a4                __malloc_trim_threshold
                0x200005a8                . = ALIGN (0x4)
                0x200005a8                __data_end__ = .

.tm_clone_table
                0x200005a8        0x0 load address 0x00009d30
 .tm_clone_table
                0x200005a8        0x0 i:/mcu/gnu_tools_for_arm/11.3_rel1/bin/../lib/gcc/arm-none-eabi/11.3.1/thumb/v7e-m+fp/hard/crtbegin.o
 .tm_clone_table
                0x200005a8        0x0 i:/mcu/gnu_tools_for_arm/11.3_rel1/bin/../lib/gcc/arm-none-eabi/11.3.1/thumb/v7e-m+fp/hard/crtend.o

.igot.plt       0x200005a8        0x0 load address 0x00009d30
 .igot.plt      0x200005a8        0x0 i:/mcu/gnu_tools_for_arm/11.3_rel1/bin/../lib/gcc/arm-none-eabi/11.3.1/thumb/v7e-m+fp/hard/crtbegin.o

vtable          0x20000800       0xe8 load address 0x00009d30
 vtable         0x20000800       0xe8 build/interrupt.o

.bss            0x200008e8      0x2fc
                0x200008e8                __bss_start__ = .
 *(.shbss)
 *(.bss)
 .bss           0x200008e8        0x0 i:/mcu/gnu_tools_for_arm/11.3_rel1/bin/../lib/gcc/arm-none-eabi/11.3.1/thumb/v7e-m+fp/hard/crti.o
 .bss           0x200008e8        0x0 i:/mcu/gnu_tools_for_arm/11.3_rel1/bin/../lib/gcc/arm-none-eabi/11.3.1/thumb/v7e-m+fp/hard/crtbegin.o
 .bss           0x200008e8        0x0 i:/mcu/gnu_tools_for_arm/11.3_rel1/bin/../lib/gcc/arm-none-eabi/11.3.1/thumb/v7e-m+fp/hard/crt0.o
 .bss           0x200008e8        0x0 build/main.o
 .bss           0x200008e8        0x0 build/cpu.o
 .bss           0x200008e8        0x8 build/cs.o
 .bss           0x200008f0        0x0 build/dma.o
 .bss           0x200008f0        0x0 build/flash.o
 .bss           0x200008f0        0x0 build/fpu.o
 .bss           0x200008f0        0x0 build/gpio.o
 .bss           0x200008f0        0x0 build/i2c.o
 .bss           0x200008f0        0x0 build/interrupt.o
 .bss           0x200008f0        0x0 build/mpu.o
 .bss           0x200008f0        0x0 build/pcm.o
 .bss           0x200008f0        0x0 build/pss.o
 .bss           0x200008f0        0x0 build/ref_a.o
 .bss           0x200008f0        0x0 build/reset.o
 .bss           0x200008f0        0x0 build/rtc_c.o
 .bss           0x200008f0        0x0 build/sysctl.o
 .bss           0x200008f0        0x0 build/systick.o
 .bss           0x200008f0        0x0 build/timer32.o
 .bss           0x200008f0        0x0 build/timer_a.o
 .bss           0x200008f0        0x0 build/uart.o
 .bss           0x200008f0        0x0 build/wdt_a.o
 .bss           0x200008f0        0x0 build/startup_msp432p401r_gcc.o
 .bss           0x200008f0        0x0 build/system_msp432p401r.o
 .bss           0x200008f0        0x0 build/iic_bus.o
 .bss           0x200008f0        0x4 build/syscalls.o
                0x200008f0                __env
 .bss           0x200008f4        0x0 build/user_uart.o
 .bss           0x200008f4        0x0 build/user_dma.o
 .bss           0x200008f4        0x0 i:/mcu/gnu_tools_for_arm/11.3_rel1/bin/../lib/gcc/arm-none-eabi/11.3.1/thumb/v7e-m+fp/hard\libc.a(libc_a-exit.o)
 .bss           0x200008f4        0x0 i:/mcu/gnu_tools_for_arm/11.3_rel1/bin/../lib/gcc/arm-none-eabi/11.3.1/thumb/v7e-m+fp/hard\libc.a(libc_a-findfp.o)
 .bss           0x200008f4        0x0 i:/mcu/gnu_tools_for_arm/11.3_rel1/bin/../lib/gcc/arm-none-eabi/11.3.1/thumb/v7e-m+fp/hard\libc.a(libc_a-fwalk.o)
 .bss           0x200008f4        0x0 i:/mcu/gnu_tools_for_arm/11.3_rel1/bin/../lib/gcc/arm-none-eabi/11.3.1/thumb/v7e-m+fp/hard\libc.a(libc_a-stdio.o)
 .bss           0x200008f4        0x0 i:/mcu/gnu_tools_for_arm/11.3_rel1/bin/../lib/gcc/arm-none-eabi/11.3.1/thumb/v7e-m+fp/hard\libc.a(libc_a-memset.o)
 .bss           0x200008f4        0x0 i:/mcu/gnu_tools_for_arm/11.3_rel1/bin/../lib/gcc/arm-none-eabi/11.3.1/thumb/v7e-m+fp/hard\libc.a(libc_a-closer.o)
 .bss           0x200008f4        0x0 i:/mcu/gnu_tools_for_arm/11.3_rel1/bin/../lib/gcc/arm-none-eabi/11.3.1/thumb/v7e-m+fp/hard\libc.a(libc_a-reent.o)
 .bss           0x200008f4        0x0 i:/mcu/gnu_tools_for_arm/11.3_rel1/bin/../lib/gcc/arm-none-eabi/11.3.1/thumb/v7e-m+fp/hard\libc.a(libc_a-impure.o)
 .bss           0x200008f4        0x0 i:/mcu/gnu_tools_for_arm/11.3_rel1/bin/../lib/gcc/arm-none-eabi/11.3.1/thumb/v7e-m+fp/hard\libc.a(libc_a-lseekr.o)
 .bss           0x200008f4        0x0 i:/mcu/gnu_tools_for_arm/11.3_rel1/bin/../lib/gcc/arm-none-eabi/11.3.1/thumb/v7e-m+fp/hard\libc.a(libc_a-readr.o)
 .bss           0x200008f4        0x0 i:/mcu/gnu_tools_for_arm/11.3_rel1/bin/../lib/gcc/arm-none-eabi/11.3.1/thumb/v7e-m+fp/hard\libc.a(libc_a-writer.o)
 .bss           0x200008f4        0x0 i:/mcu/gnu_tools_for_arm/11.3_rel1/bin/../lib/gcc/arm-none-eabi/11.3.1/thumb/v7e-m+fp/hard\libc.a(libc_a-errno.o)
 .bss           0x200008f4        0x0 i:/mcu/gnu_tools_for_arm/11.3_rel1/bin/../lib/gcc/arm-none-eabi/11.3.1/thumb/v7e-m+fp/hard\libc.a(libc_a-init.o)
 .bss           0x200008f4        0x0 i:/mcu/gnu_tools_for_arm/11.3_rel1/bin/../lib/gcc/arm-none-eabi/11.3.1/thumb/v7e-m+fp/hard\libc.a(libc_a-lock.o)
 .bss           0x200008f4        0x0 i:/mcu/gnu_tools_for_arm/11.3_rel1/bin/../lib/gcc/arm-none-eabi/11.3.1/thumb/v7e-m+fp/hard\libc.a(libc_a-__call_atexit.o)
 .bss           0x200008f4        0x0 i:/mcu/gnu_tools_for_arm/11.3_rel1/bin/../lib/gcc/arm-none-eabi/11.3.1/thumb/v7e-m+fp/hard\libc.a(libc_a-atexit.o)
 .bss           0x200008f4        0x0 i:/mcu/gnu_tools_for_arm/11.3_rel1/bin/../lib/gcc/arm-none-eabi/11.3.1/thumb/v7e-m+fp/hard\libc.a(libc_a-freer.o)
 .bss           0x200008f4        0x0 i:/mcu/gnu_tools_for_arm/11.3_rel1/bin/../lib/gcc/arm-none-eabi/11.3.1/thumb/v7e-m+fp/hard\libc.a(libc_a-mallocr.o)
 .bss           0x200008f4        0x0 i:/mcu/gnu_tools_for_arm/11.3_rel1/bin/../lib/gcc/arm-none-eabi/11.3.1/thumb/v7e-m+fp/hard\libc.a(libc_a-mlock.o)
 .bss           0x200008f4        0x0 i:/mcu/gnu_tools_for_arm/11.3_rel1/bin/../lib/gcc/arm-none-eabi/11.3.1/thumb/v7e-m+fp/hard\libc.a(libc_a-fclose.o)
 .bss           0x200008f4        0x0 i:/mcu/gnu_tools_for_arm/11.3_rel1/bin/../lib/gcc/arm-none-eabi/11.3.1/thumb/v7e-m+fp/hard\libc.a(libc_a-fflush.o)
 .bss           0x200008f4        0x0 i:/mcu/gnu_tools_for_arm/11.3_rel1/bin/../lib/gcc/arm-none-eabi/11.3.1/thumb/v7e-m+fp/hard\libc.a(libc_a-sbrkr.o)
 .bss           0x200008f4        0x0 i:/mcu/gnu_tools_for_arm/11.3_rel1/bin/../lib/gcc/arm-none-eabi/11.3.1/thumb/v7e-m+fp/hard\libc.a(libc_a-fini.o)
 .bss           0x200008f4        0x0 i:/mcu/gnu_tools_for_arm/11.3_rel1/bin/../lib/gcc/arm-none-eabi/11.3.1/thumb/v7e-m+fp/hard\libc.a(libc_a-__atexit.o)
 .bss           0x200008f4        0x0 i:/mcu/gnu_tools_for_arm/11.3_rel1/bin/../lib/gcc/arm-none-eabi/11.3.1/thumb/v7e-m+fp/hard\libnosys.a(sbrk.o)
 .bss           0x200008f4        0x0 i:/mcu/gnu_tools_for_arm/11.3_rel1/bin/../lib/gcc/arm-none-eabi/11.3.1/thumb/v7e-m+fp/hard/crtend.o
 .bss           0x200008f4        0x0 i:/mcu/gnu_tools_for_arm/11.3_rel1/bin/../lib/gcc/arm-none-eabi/11.3.1/thumb/v7e-m+fp/hard/crtn.o
 *(.bss.*)
 .bss.completed.1
                0x200008f4        0x1 i:/mcu/gnu_tools_for_arm/11.3_rel1/bin/../lib/gcc/arm-none-eabi/11.3.1/thumb/v7e-m+fp/hard/crtbegin.o
 *fill*         0x200008f5        0x3 
 .bss.object.0  0x200008f8       0x18 i:/mcu/gnu_tools_for_arm/11.3_rel1/bin/../lib/gcc/arm-none-eabi/11.3.1/thumb/v7e-m+fp/hard/crtbegin.o
 .bss.__sf      0x20000910      0x138 i:/mcu/gnu_tools_for_arm/11.3_rel1/bin/../lib/gcc/arm-none-eabi/11.3.1/thumb/v7e-m+fp/hard\libc.a(libc_a-findfp.o)
                0x20000910                __sf
 .bss.__stdio_exit_handler
                0x20000a48        0x4 i:/mcu/gnu_tools_for_arm/11.3_rel1/bin/../lib/gcc/arm-none-eabi/11.3.1/thumb/v7e-m+fp/hard\libc.a(libc_a-findfp.o)
                0x20000a48                __stdio_exit_handler
 .bss.__lock___atexit_recursive_mutex
                0x20000a4c        0x1 i:/mcu/gnu_tools_for_arm/11.3_rel1/bin/../lib/gcc/arm-none-eabi/11.3.1/thumb/v7e-m+fp/hard\libc.a(libc_a-lock.o)
                0x20000a4c                __lock___atexit_recursive_mutex
 *fill*         0x20000a4d        0x3 
 .bss.__atexit  0x20000a50        0x4 i:/mcu/gnu_tools_for_arm/11.3_rel1/bin/../lib/gcc/arm-none-eabi/11.3.1/thumb/v7e-m+fp/hard\libc.a(libc_a-__call_atexit.o)
                0x20000a50                __atexit
 .bss.__atexit0
                0x20000a54      0x190 i:/mcu/gnu_tools_for_arm/11.3_rel1/bin/../lib/gcc/arm-none-eabi/11.3.1/thumb/v7e-m+fp/hard\libc.a(libc_a-__atexit.o)
                0x20000a54                __atexit0
 *(COMMON)
                0x20000be4                . = ALIGN (0x4)
                0x20000be4                __bss_end__ = .

.heap           0x20000be4        0x0
                0x20000be4                __heap_start__ = .
                0x20000be4                end = __heap_start__
                0x20000be4                _end = end
                0x20000be4                __end = end
 *(.heap)
                0x20000be4                __heap_end__ = .
                0x20000be4                __HeapLimit = __heap_end__

.stack          0x20000be8        0x0
                0x20000be8                _stack = .
 *(.stack)
                0x20010000                __StackTop = (ORIGIN (REGION_STACK) + LENGTH (REGION_STACK))
                0x20010000                PROVIDE (__stack = __StackTop)
OUTPUT(build/debug_uart.elf elf32-littlearm)
LOAD linker stubs

.ARM.attributes
                0x00000000       0x30
 .ARM.attributes
                0x00000000       0x1e i:/mcu/gnu_tools_for_arm/11.3_rel1/bin/../lib/gcc/arm-none-eabi/11.3.1/thumb/v7e-m+fp/hard/crti.o
 .ARM.attributes
                0x0000001e       0x34 i:/mcu/gnu_tools_for_arm/11.3_rel1/bin/../lib/gcc/arm-none-eabi/11.3.1/thumb/v7e-m+fp/hard/crtbegin.o
 .ARM.attributes
                0x00000052       0x1c i:/mcu/gnu_tools_for_arm/11.3_rel1/bin/../lib/gcc/arm-none-eabi/11.3.1/thumb/v7e-m+fp/hard/crt0.o
 .ARM.attributes
                0x0000006e       0x34 build/main.o
 .ARM.attributes
                0x000000a2       0x34 build/cpu.o
 .ARM.attributes
                0x000000d6       0x34 build/cs.o
 .ARM.attributes
                0x0000010a       0x34 build/dma.o
 .ARM.attributes
                0x0000013e       0x34 build/flash.o
 .ARM.attributes
                0x00000172       0x34 build/fpu.o
 .ARM.attributes
                0x000001a6       0x34 build/gpio.o
 .ARM.attributes
                0x000001da       0x34 build/i2c.o
 .ARM.attributes
                0x0000020e       0x34 build/interrupt.o
 .ARM.attributes
                0x00000242       0x34 build/mpu.o
 .ARM.attributes
                0x00000276       0x34 build/pcm.o
 .ARM.attributes
                0x000002aa       0x34 build/pss.o
 .ARM.attributes
                0x000002de       0x34 build/ref_a.o
 .ARM.attributes
                0x00000312       0x34 build/reset.o
 .ARM.attributes
                0x00000346       0x34 build/rtc_c.o
 .ARM.attributes
                0x0000037a       0x34 build/sysctl.o
 .ARM.attributes
                0x000003ae       0x34 build/systick.o
 .ARM.attributes
                0x000003e2       0x34 build/timer32.o
 .ARM.attributes
                0x00000416       0x34 build/timer_a.o
 .ARM.attributes
                0x0000044a       0x34 build/uart.o
 .ARM.attributes
                0x0000047e       0x34 build/wdt_a.o
 .ARM.attributes
                0x000004b2       0x34 build/startup_msp432p401r_gcc.o
 .ARM.attributes
                0x000004e6       0x34 build/system_msp432p401r.o
 .ARM.attributes
                0x0000051a       0x34 build/iic_bus.o
 .ARM.attributes
                0x0000054e       0x34 build/syscalls.o
 .ARM.attributes
                0x00000582       0x34 build/user_uart.o
 .ARM.attributes
                0x000005b6       0x34 build/user_dma.o
 .ARM.attributes
                0x000005ea       0x34 i:/mcu/gnu_tools_for_arm/11.3_rel1/bin/../lib/gcc/arm-none-eabi/11.3.1/thumb/v7e-m+fp/hard\libc.a(libc_a-exit.o)
 .ARM.attributes
                0x0000061e       0x34 i:/mcu/gnu_tools_for_arm/11.3_rel1/bin/../lib/gcc/arm-none-eabi/11.3.1/thumb/v7e-m+fp/hard\libc.a(libc_a-findfp.o)
 .ARM.attributes
                0x00000652       0x34 i:/mcu/gnu_tools_for_arm/11.3_rel1/bin/../lib/gcc/arm-none-eabi/11.3.1/thumb/v7e-m+fp/hard\libc.a(libc_a-fwalk.o)
 .ARM.attributes
                0x00000686       0x34 i:/mcu/gnu_tools_for_arm/11.3_rel1/bin/../lib/gcc/arm-none-eabi/11.3.1/thumb/v7e-m+fp/hard\libc.a(libc_a-stdio.o)
 .ARM.attributes
                0x000006ba       0x34 i:/mcu/gnu_tools_for_arm/11.3_rel1/bin/../lib/gcc/arm-none-eabi/11.3.1/thumb/v7e-m+fp/hard\libc.a(libc_a-memset.o)
 .ARM.attributes
                0x000006ee       0x34 i:/mcu/gnu_tools_for_arm/11.3_rel1/bin/../lib/gcc/arm-none-eabi/11.3.1/thumb/v7e-m+fp/hard\libc.a(libc_a-closer.o)
 .ARM.attributes
                0x00000722       0x34 i:/mcu/gnu_tools_for_arm/11.3_rel1/bin/../lib/gcc/arm-none-eabi/11.3.1/thumb/v7e-m+fp/hard\libc.a(libc_a-reent.o)
 .ARM.attributes
                0x00000756       0x34 i:/mcu/gnu_tools_for_arm/11.3_rel1/bin/../lib/gcc/arm-none-eabi/11.3.1/thumb/v7e-m+fp/hard\libc.a(libc_a-impure.o)
 .ARM.attributes
                0x0000078a       0x34 i:/mcu/gnu_tools_for_arm/11.3_rel1/bin/../lib/gcc/arm-none-eabi/11.3.1/thumb/v7e-m+fp/hard\libc.a(libc_a-lseekr.o)
 .ARM.attributes
                0x000007be       0x34 i:/mcu/gnu_tools_for_arm/11.3_rel1/bin/../lib/gcc/arm-none-eabi/11.3.1/thumb/v7e-m+fp/hard\libc.a(libc_a-readr.o)
 .ARM.attributes
                0x000007f2       0x34 i:/mcu/gnu_tools_for_arm/11.3_rel1/bin/../lib/gcc/arm-none-eabi/11.3.1/thumb/v7e-m+fp/hard\libc.a(libc_a-writer.o)
 .ARM.attributes
                0x00000826       0x34 i:/mcu/gnu_tools_for_arm/11.3_rel1/bin/../lib/gcc/arm-none-eabi/11.3.1/thumb/v7e-m+fp/hard\libc.a(libc_a-errno.o)
 .ARM.attributes
                0x0000085a       0x34 i:/mcu/gnu_tools_for_arm/11.3_rel1/bin/../lib/gcc/arm-none-eabi/11.3.1/thumb/v7e-m+fp/hard\libc.a(libc_a-init.o)
 .ARM.attributes
                0x0000088e       0x34 i:/mcu/gnu_tools_for_arm/11.3_rel1/bin/../lib/gcc/arm-none-eabi/11.3.1/thumb/v7e-m+fp/hard\libc.a(libc_a-lock.o)
 .ARM.attributes
                0x000008c2       0x34 i:/mcu/gnu_tools_for_arm/11.3_rel1/bin/../lib/gcc/arm-none-eabi/11.3.1/thumb/v7e-m+fp/hard\libc.a(libc_a-__call_atexit.o)
 .ARM.attributes
                0x000008f6       0x34 i:/mcu/gnu_tools_for_arm/11.3_rel1/bin/../lib/gcc/arm-none-eabi/11.3.1/thumb/v7e-m+fp/hard\libc.a(libc_a-atexit.o)
 .ARM.attributes
                0x0000092a       0x34 i:/mcu/gnu_tools_for_arm/11.3_rel1/bin/../lib/gcc/arm-none-eabi/11.3.1/thumb/v7e-m+fp/hard\libc.a(libc_a-freer.o)
 .ARM.attributes
                0x0000095e       0x34 i:/mcu/gnu_tools_for_arm/11.3_rel1/bin/../lib/gcc/arm-none-eabi/11.3.1/thumb/v7e-m+fp/hard\libc.a(libc_a-mallocr.o)
 .ARM.attributes
                0x00000992       0x34 i:/mcu/gnu_tools_for_arm/11.3_rel1/bin/../lib/gcc/arm-none-eabi/11.3.1/thumb/v7e-m+fp/hard\libc.a(libc_a-mlock.o)
 .ARM.attributes
                0x000009c6       0x34 i:/mcu/gnu_tools_for_arm/11.3_rel1/bin/../lib/gcc/arm-none-eabi/11.3.1/thumb/v7e-m+fp/hard\libc.a(libc_a-fclose.o)
 .ARM.attributes
                0x000009fa       0x34 i:/mcu/gnu_tools_for_arm/11.3_rel1/bin/../lib/gcc/arm-none-eabi/11.3.1/thumb/v7e-m+fp/hard\libc.a(libc_a-fflush.o)
 .ARM.attributes
                0x00000a2e       0x34 i:/mcu/gnu_tools_for_arm/11.3_rel1/bin/../lib/gcc/arm-none-eabi/11.3.1/thumb/v7e-m+fp/hard\libc.a(libc_a-sbrkr.o)
 .ARM.attributes
                0x00000a62       0x34 i:/mcu/gnu_tools_for_arm/11.3_rel1/bin/../lib/gcc/arm-none-eabi/11.3.1/thumb/v7e-m+fp/hard\libc.a(libc_a-fini.o)
 .ARM.attributes
                0x00000a96       0x34 i:/mcu/gnu_tools_for_arm/11.3_rel1/bin/../lib/gcc/arm-none-eabi/11.3.1/thumb/v7e-m+fp/hard\libc.a(libc_a-__atexit.o)
 .ARM.attributes
                0x00000aca       0x34 i:/mcu/gnu_tools_for_arm/11.3_rel1/bin/../lib/gcc/arm-none-eabi/11.3.1/thumb/v7e-m+fp/hard\libnosys.a(sbrk.o)
 .ARM.attributes
                0x00000afe       0x34 i:/mcu/gnu_tools_for_arm/11.3_rel1/bin/../lib/gcc/arm-none-eabi/11.3.1/thumb/v7e-m+fp/hard/crtend.o
 .ARM.attributes
                0x00000b32       0x1e i:/mcu/gnu_tools_for_arm/11.3_rel1/bin/../lib/gcc/arm-none-eabi/11.3.1/thumb/v7e-m+fp/hard/crtn.o

.comment        0x00000000       0x33
 .comment       0x00000000       0x33 i:/mcu/gnu_tools_for_arm/11.3_rel1/bin/../lib/gcc/arm-none-eabi/11.3.1/thumb/v7e-m+fp/hard/crtbegin.o
                                 0x34 (size before relaxing)
 .comment       0x00000033       0x34 build/main.o
 .comment       0x00000033       0x34 build/cpu.o
 .comment       0x00000033       0x34 build/cs.o
 .comment       0x00000033       0x34 build/dma.o
 .comment       0x00000033       0x34 build/flash.o
 .comment       0x00000033       0x34 build/fpu.o
 .comment       0x00000033       0x34 build/gpio.o
 .comment       0x00000033       0x34 build/i2c.o
 .comment       0x00000033       0x34 build/interrupt.o
 .comment       0x00000033       0x34 build/mpu.o
 .comment       0x00000033       0x34 build/pcm.o
 .comment       0x00000033       0x34 build/pss.o
 .comment       0x00000033       0x34 build/ref_a.o
 .comment       0x00000033       0x34 build/reset.o
 .comment       0x00000033       0x34 build/rtc_c.o
 .comment       0x00000033       0x34 build/sysctl.o
 .comment       0x00000033       0x34 build/systick.o
 .comment       0x00000033       0x34 build/timer32.o
 .comment       0x00000033       0x34 build/timer_a.o
 .comment       0x00000033       0x34 build/uart.o
 .comment       0x00000033       0x34 build/wdt_a.o
 .comment       0x00000033       0x34 build/startup_msp432p401r_gcc.o
 .comment       0x00000033       0x34 build/system_msp432p401r.o
 .comment       0x00000033       0x34 build/iic_bus.o
 .comment       0x00000033       0x34 build/syscalls.o
 .comment       0x00000033       0x34 build/user_uart.o
 .comment       0x00000033       0x34 build/user_dma.o
 .comment       0x00000033       0x34 i:/mcu/gnu_tools_for_arm/11.3_rel1/bin/../lib/gcc/arm-none-eabi/11.3.1/thumb/v7e-m+fp/hard\libc.a(libc_a-exit.o)
 .comment       0x00000033       0x34 i:/mcu/gnu_tools_for_arm/11.3_rel1/bin/../lib/gcc/arm-none-eabi/11.3.1/thumb/v7e-m+fp/hard\libc.a(libc_a-findfp.o)
 .comment       0x00000033       0x34 i:/mcu/gnu_tools_for_arm/11.3_rel1/bin/../lib/gcc/arm-none-eabi/11.3.1/thumb/v7e-m+fp/hard\libc.a(libc_a-fwalk.o)
 .comment       0x00000033       0x34 i:/mcu/gnu_tools_for_arm/11.3_rel1/bin/../lib/gcc/arm-none-eabi/11.3.1/thumb/v7e-m+fp/hard\libc.a(libc_a-stdio.o)
 .comment       0x00000033       0x34 i:/mcu/gnu_tools_for_arm/11.3_rel1/bin/../lib/gcc/arm-none-eabi/11.3.1/thumb/v7e-m+fp/hard\libc.a(libc_a-memset.o)
 .comment       0x00000033       0x34 i:/mcu/gnu_tools_for_arm/11.3_rel1/bin/../lib/gcc/arm-none-eabi/11.3.1/thumb/v7e-m+fp/hard\libc.a(libc_a-closer.o)
 .comment       0x00000033       0x34 i:/mcu/gnu_tools_for_arm/11.3_rel1/bin/../lib/gcc/arm-none-eabi/11.3.1/thumb/v7e-m+fp/hard\libc.a(libc_a-reent.o)
 .comment       0x00000033       0x34 i:/mcu/gnu_tools_for_arm/11.3_rel1/bin/../lib/gcc/arm-none-eabi/11.3.1/thumb/v7e-m+fp/hard\libc.a(libc_a-impure.o)
 .comment       0x00000033       0x34 i:/mcu/gnu_tools_for_arm/11.3_rel1/bin/../lib/gcc/arm-none-eabi/11.3.1/thumb/v7e-m+fp/hard\libc.a(libc_a-lseekr.o)
 .comment       0x00000033       0x34 i:/mcu/gnu_tools_for_arm/11.3_rel1/bin/../lib/gcc/arm-none-eabi/11.3.1/thumb/v7e-m+fp/hard\libc.a(libc_a-readr.o)
 .comment       0x00000033       0x34 i:/mcu/gnu_tools_for_arm/11.3_rel1/bin/../lib/gcc/arm-none-eabi/11.3.1/thumb/v7e-m+fp/hard\libc.a(libc_a-writer.o)
 .comment       0x00000033       0x34 i:/mcu/gnu_tools_for_arm/11.3_rel1/bin/../lib/gcc/arm-none-eabi/11.3.1/thumb/v7e-m+fp/hard\libc.a(libc_a-errno.o)
 .comment       0x00000033       0x34 i:/mcu/gnu_tools_for_arm/11.3_rel1/bin/../lib/gcc/arm-none-eabi/11.3.1/thumb/v7e-m+fp/hard\libc.a(libc_a-init.o)
 .comment       0x00000033       0x34 i:/mcu/gnu_tools_for_arm/11.3_rel1/bin/../lib/gcc/arm-none-eabi/11.3.1/thumb/v7e-m+fp/hard\libc.a(libc_a-lock.o)
 .comment       0x00000033       0x34 i:/mcu/gnu_tools_for_arm/11.3_rel1/bin/../lib/gcc/arm-none-eabi/11.3.1/thumb/v7e-m+fp/hard\libc.a(libc_a-__call_atexit.o)
 .comment       0x00000033       0x34 i:/mcu/gnu_tools_for_arm/11.3_rel1/bin/../lib/gcc/arm-none-eabi/11.3.1/thumb/v7e-m+fp/hard\libc.a(libc_a-atexit.o)
 .comment       0x00000033       0x34 i:/mcu/gnu_tools_for_arm/11.3_rel1/bin/../lib/gcc/arm-none-eabi/11.3.1/thumb/v7e-m+fp/hard\libc.a(libc_a-freer.o)
 .comment       0x00000033       0x34 i:/mcu/gnu_tools_for_arm/11.3_rel1/bin/../lib/gcc/arm-none-eabi/11.3.1/thumb/v7e-m+fp/hard\libc.a(libc_a-mallocr.o)
 .comment       0x00000033       0x34 i:/mcu/gnu_tools_for_arm/11.3_rel1/bin/../lib/gcc/arm-none-eabi/11.3.1/thumb/v7e-m+fp/hard\libc.a(libc_a-mlock.o)
 .comment       0x00000033       0x34 i:/mcu/gnu_tools_for_arm/11.3_rel1/bin/../lib/gcc/arm-none-eabi/11.3.1/thumb/v7e-m+fp/hard\libc.a(libc_a-fclose.o)
 .comment       0x00000033       0x34 i:/mcu/gnu_tools_for_arm/11.3_rel1/bin/../lib/gcc/arm-none-eabi/11.3.1/thumb/v7e-m+fp/hard\libc.a(libc_a-fflush.o)
 .comment       0x00000033       0x34 i:/mcu/gnu_tools_for_arm/11.3_rel1/bin/../lib/gcc/arm-none-eabi/11.3.1/thumb/v7e-m+fp/hard\libc.a(libc_a-sbrkr.o)
 .comment       0x00000033       0x34 i:/mcu/gnu_tools_for_arm/11.3_rel1/bin/../lib/gcc/arm-none-eabi/11.3.1/thumb/v7e-m+fp/hard\libc.a(libc_a-fini.o)
 .comment       0x00000033       0x34 i:/mcu/gnu_tools_for_arm/11.3_rel1/bin/../lib/gcc/arm-none-eabi/11.3.1/thumb/v7e-m+fp/hard\libc.a(libc_a-__atexit.o)
 .comment       0x00000033       0x34 i:/mcu/gnu_tools_for_arm/11.3_rel1/bin/../lib/gcc/arm-none-eabi/11.3.1/thumb/v7e-m+fp/hard\libnosys.a(sbrk.o)
 .comment       0x00000033       0x34 i:/mcu/gnu_tools_for_arm/11.3_rel1/bin/../lib/gcc/arm-none-eabi/11.3.1/thumb/v7e-m+fp/hard/crtend.o

.debug_line     0x00000000     0x9fdb
 .debug_line    0x00000000       0x76 i:/mcu/gnu_tools_for_arm/11.3_rel1/bin/../lib/gcc/arm-none-eabi/11.3.1/thumb/v7e-m+fp/hard/crt0.o
 .debug_line    0x00000076      0x1a4 build/main.o
 .debug_line    0x0000021a      0x127 build/cpu.o
 .debug_line    0x00000341      0x918 build/cs.o
 .debug_line    0x00000c59      0x52d build/dma.o
 .debug_line    0x00001186      0xe65 build/flash.o
 .debug_line    0x00001feb      0x18b build/fpu.o
 .debug_line    0x00002176      0x2a8 build/gpio.o
 .debug_line    0x0000241e      0x6fc build/i2c.o
 .debug_line    0x00002b1a      0x391 build/interrupt.o
 .debug_line    0x00002eab      0x1aa build/mpu.o
 .debug_line    0x00003055      0x5df build/pcm.o
 .debug_line    0x00003634      0x272 build/pss.o
 .debug_line    0x000038a6      0x1d5 build/ref_a.o
 .debug_line    0x00003a7b      0x151 build/reset.o
 .debug_line    0x00003bcc      0x519 build/rtc_c.o
 .debug_line    0x000040e5      0x2e4 build/sysctl.o
 .debug_line    0x000043c9      0x163 build/systick.o
 .debug_line    0x0000452c      0x1da build/timer32.o
 .debug_line    0x00004706      0x577 build/timer_a.o
 .debug_line    0x00004c7d      0x3d4 build/uart.o
 .debug_line    0x00005051      0x1e8 build/wdt_a.o
 .debug_line    0x00005239      0x11f build/startup_msp432p401r_gcc.o
 .debug_line    0x00005358      0x31b build/system_msp432p401r.o
 .debug_line    0x00005673      0x43a build/iic_bus.o
 .debug_line    0x00005aad      0x225 build/syscalls.o
 .debug_line    0x00005cd2       0x1d build/user_uart.o
 .debug_line    0x00005cef       0xd3 build/user_dma.o
 .debug_line    0x00005dc2      0x18e i:/mcu/gnu_tools_for_arm/11.3_rel1/bin/../lib/gcc/arm-none-eabi/11.3.1/thumb/v7e-m+fp/hard\libc.a(libc_a-exit.o)
 .debug_line    0x00005f50      0x6ad i:/mcu/gnu_tools_for_arm/11.3_rel1/bin/../lib/gcc/arm-none-eabi/11.3.1/thumb/v7e-m+fp/hard\libc.a(libc_a-findfp.o)
 .debug_line    0x000065fd      0x252 i:/mcu/gnu_tools_for_arm/11.3_rel1/bin/../lib/gcc/arm-none-eabi/11.3.1/thumb/v7e-m+fp/hard\libc.a(libc_a-fwalk.o)
 .debug_line    0x0000684f      0x2e4 i:/mcu/gnu_tools_for_arm/11.3_rel1/bin/../lib/gcc/arm-none-eabi/11.3.1/thumb/v7e-m+fp/hard\libc.a(libc_a-stdio.o)
 .debug_line    0x00006b33      0x23d i:/mcu/gnu_tools_for_arm/11.3_rel1/bin/../lib/gcc/arm-none-eabi/11.3.1/thumb/v7e-m+fp/hard\libc.a(libc_a-memset.o)
 .debug_line    0x00006d70      0x217 i:/mcu/gnu_tools_for_arm/11.3_rel1/bin/../lib/gcc/arm-none-eabi/11.3.1/thumb/v7e-m+fp/hard\libc.a(libc_a-closer.o)
 .debug_line    0x00006f87      0x25b i:/mcu/gnu_tools_for_arm/11.3_rel1/bin/../lib/gcc/arm-none-eabi/11.3.1/thumb/v7e-m+fp/hard\libc.a(libc_a-reent.o)
 .debug_line    0x000071e2       0xfe i:/mcu/gnu_tools_for_arm/11.3_rel1/bin/../lib/gcc/arm-none-eabi/11.3.1/thumb/v7e-m+fp/hard\libc.a(libc_a-impure.o)
 .debug_line    0x000072e0      0x21d i:/mcu/gnu_tools_for_arm/11.3_rel1/bin/../lib/gcc/arm-none-eabi/11.3.1/thumb/v7e-m+fp/hard\libc.a(libc_a-lseekr.o)
 .debug_line    0x000074fd      0x21c i:/mcu/gnu_tools_for_arm/11.3_rel1/bin/../lib/gcc/arm-none-eabi/11.3.1/thumb/v7e-m+fp/hard\libc.a(libc_a-readr.o)
 .debug_line    0x00007719      0x21d i:/mcu/gnu_tools_for_arm/11.3_rel1/bin/../lib/gcc/arm-none-eabi/11.3.1/thumb/v7e-m+fp/hard\libc.a(libc_a-writer.o)
 .debug_line    0x00007936      0x180 i:/mcu/gnu_tools_for_arm/11.3_rel1/bin/../lib/gcc/arm-none-eabi/11.3.1/thumb/v7e-m+fp/hard\libc.a(libc_a-errno.o)
 .debug_line    0x00007ab6      0x17e i:/mcu/gnu_tools_for_arm/11.3_rel1/bin/../lib/gcc/arm-none-eabi/11.3.1/thumb/v7e-m+fp/hard\libc.a(libc_a-init.o)
 .debug_line    0x00007c34      0x105 i:/mcu/gnu_tools_for_arm/11.3_rel1/bin/../lib/gcc/arm-none-eabi/11.3.1/thumb/v7e-m+fp/hard\libc.a(libc_a-lock.o)
 .debug_line    0x00007d39      0x2ae i:/mcu/gnu_tools_for_arm/11.3_rel1/bin/../lib/gcc/arm-none-eabi/11.3.1/thumb/v7e-m+fp/hard\libc.a(libc_a-__call_atexit.o)
 .debug_line    0x00007fe7      0x104 i:/mcu/gnu_tools_for_arm/11.3_rel1/bin/../lib/gcc/arm-none-eabi/11.3.1/thumb/v7e-m+fp/hard\libc.a(libc_a-atexit.o)
 .debug_line    0x000080eb      0x595 i:/mcu/gnu_tools_for_arm/11.3_rel1/bin/../lib/gcc/arm-none-eabi/11.3.1/thumb/v7e-m+fp/hard\libc.a(libc_a-freer.o)
 .debug_line    0x00008680      0x949 i:/mcu/gnu_tools_for_arm/11.3_rel1/bin/../lib/gcc/arm-none-eabi/11.3.1/thumb/v7e-m+fp/hard\libc.a(libc_a-mallocr.o)
 .debug_line    0x00008fc9      0x1e6 i:/mcu/gnu_tools_for_arm/11.3_rel1/bin/../lib/gcc/arm-none-eabi/11.3.1/thumb/v7e-m+fp/hard\libc.a(libc_a-mlock.o)
 .debug_line    0x000091af      0x357 i:/mcu/gnu_tools_for_arm/11.3_rel1/bin/../lib/gcc/arm-none-eabi/11.3.1/thumb/v7e-m+fp/hard\libc.a(libc_a-fclose.o)
 .debug_line    0x00009506      0x52f i:/mcu/gnu_tools_for_arm/11.3_rel1/bin/../lib/gcc/arm-none-eabi/11.3.1/thumb/v7e-m+fp/hard\libc.a(libc_a-fflush.o)
 .debug_line    0x00009a35      0x217 i:/mcu/gnu_tools_for_arm/11.3_rel1/bin/../lib/gcc/arm-none-eabi/11.3.1/thumb/v7e-m+fp/hard\libc.a(libc_a-sbrkr.o)
 .debug_line    0x00009c4c      0x136 i:/mcu/gnu_tools_for_arm/11.3_rel1/bin/../lib/gcc/arm-none-eabi/11.3.1/thumb/v7e-m+fp/hard\libc.a(libc_a-fini.o)
 .debug_line    0x00009d82      0x1b6 i:/mcu/gnu_tools_for_arm/11.3_rel1/bin/../lib/gcc/arm-none-eabi/11.3.1/thumb/v7e-m+fp/hard\libc.a(libc_a-__atexit.o)
 .debug_line    0x00009f38       0xa3 i:/mcu/gnu_tools_for_arm/11.3_rel1/bin/../lib/gcc/arm-none-eabi/11.3.1/thumb/v7e-m+fp/hard\libnosys.a(sbrk.o)

.debug_line_str
                0x00000000       0xe3
 .debug_line_str
                0x00000000       0xe3 i:/mcu/gnu_tools_for_arm/11.3_rel1/bin/../lib/gcc/arm-none-eabi/11.3.1/thumb/v7e-m+fp/hard/crt0.o
                                 0xea (size before relaxing)

.debug_info     0x00000000    0x13cb9
 .debug_info    0x00000000       0x24 i:/mcu/gnu_tools_for_arm/11.3_rel1/bin/../lib/gcc/arm-none-eabi/11.3.1/thumb/v7e-m+fp/hard/crt0.o
 .debug_info    0x00000024      0x285 build/main.o
 .debug_info    0x000002a9      0x157 build/cpu.o
 .debug_info    0x00000400      0xac7 build/cs.o
 .debug_info    0x00000ec7      0x81b build/dma.o
 .debug_info    0x000016e2     0x1158 build/flash.o
 .debug_info    0x0000283a      0x383 build/fpu.o
 .debug_info    0x00002bbd      0xa55 build/gpio.o
 .debug_info    0x00003612      0xb6e build/i2c.o
 .debug_info    0x00004180      0x673 build/interrupt.o
 .debug_info    0x000047f3      0x2e1 build/mpu.o
 .debug_info    0x00004ad4      0x89c build/pcm.o
 .debug_info    0x00005370      0x312 build/pss.o
 .debug_info    0x00005682      0x213 build/ref_a.o
 .debug_info    0x00005895      0x2b6 build/reset.o
 .debug_info    0x00005b4b      0x5de build/rtc_c.o
 .debug_info    0x00006129      0x416 build/sysctl.o
 .debug_info    0x0000653f      0x1c9 build/systick.o
 .debug_info    0x00006708      0x374 build/timer32.o
 .debug_info    0x00006a7c      0xaa7 build/timer_a.o
 .debug_info    0x00007523      0x776 build/uart.o
 .debug_info    0x00007c99      0x2bf build/wdt_a.o
 .debug_info    0x00007f58      0x14f build/startup_msp432p401r_gcc.o
 .debug_info    0x000080a7      0xd7d build/system_msp432p401r.o
 .debug_info    0x00008e24      0x70b build/iic_bus.o
 .debug_info    0x0000952f      0x69f build/syscalls.o
 .debug_info    0x00009bce       0x65 build/user_uart.o
 .debug_info    0x00009c33       0xa6 build/user_dma.o
 .debug_info    0x00009cd9      0x10a i:/mcu/gnu_tools_for_arm/11.3_rel1/bin/../lib/gcc/arm-none-eabi/11.3.1/thumb/v7e-m+fp/hard\libc.a(libc_a-exit.o)
 .debug_info    0x00009de3     0x10a2 i:/mcu/gnu_tools_for_arm/11.3_rel1/bin/../lib/gcc/arm-none-eabi/11.3.1/thumb/v7e-m+fp/hard\libc.a(libc_a-findfp.o)
 .debug_info    0x0000ae85      0x7ed i:/mcu/gnu_tools_for_arm/11.3_rel1/bin/../lib/gcc/arm-none-eabi/11.3.1/thumb/v7e-m+fp/hard\libc.a(libc_a-fwalk.o)
 .debug_info    0x0000b672      0xa6b i:/mcu/gnu_tools_for_arm/11.3_rel1/bin/../lib/gcc/arm-none-eabi/11.3.1/thumb/v7e-m+fp/hard\libc.a(libc_a-stdio.o)
 .debug_info    0x0000c0dd      0x135 i:/mcu/gnu_tools_for_arm/11.3_rel1/bin/../lib/gcc/arm-none-eabi/11.3.1/thumb/v7e-m+fp/hard\libc.a(libc_a-memset.o)
 .debug_info    0x0000c212      0x773 i:/mcu/gnu_tools_for_arm/11.3_rel1/bin/../lib/gcc/arm-none-eabi/11.3.1/thumb/v7e-m+fp/hard\libc.a(libc_a-closer.o)
 .debug_info    0x0000c985      0x7ee i:/mcu/gnu_tools_for_arm/11.3_rel1/bin/../lib/gcc/arm-none-eabi/11.3.1/thumb/v7e-m+fp/hard\libc.a(libc_a-reent.o)
 .debug_info    0x0000d173      0x732 i:/mcu/gnu_tools_for_arm/11.3_rel1/bin/../lib/gcc/arm-none-eabi/11.3.1/thumb/v7e-m+fp/hard\libc.a(libc_a-impure.o)
 .debug_info    0x0000d8a5      0x7b3 i:/mcu/gnu_tools_for_arm/11.3_rel1/bin/../lib/gcc/arm-none-eabi/11.3.1/thumb/v7e-m+fp/hard\libc.a(libc_a-lseekr.o)
 .debug_info    0x0000e058      0x7ca i:/mcu/gnu_tools_for_arm/11.3_rel1/bin/../lib/gcc/arm-none-eabi/11.3.1/thumb/v7e-m+fp/hard\libc.a(libc_a-readr.o)
 .debug_info    0x0000e822      0x7d0 i:/mcu/gnu_tools_for_arm/11.3_rel1/bin/../lib/gcc/arm-none-eabi/11.3.1/thumb/v7e-m+fp/hard\libc.a(libc_a-writer.o)
 .debug_info    0x0000eff2      0x718 i:/mcu/gnu_tools_for_arm/11.3_rel1/bin/../lib/gcc/arm-none-eabi/11.3.1/thumb/v7e-m+fp/hard\libc.a(libc_a-errno.o)
 .debug_info    0x0000f70a      0x10b i:/mcu/gnu_tools_for_arm/11.3_rel1/bin/../lib/gcc/arm-none-eabi/11.3.1/thumb/v7e-m+fp/hard\libc.a(libc_a-init.o)
 .debug_info    0x0000f815      0x20a i:/mcu/gnu_tools_for_arm/11.3_rel1/bin/../lib/gcc/arm-none-eabi/11.3.1/thumb/v7e-m+fp/hard\libc.a(libc_a-lock.o)
 .debug_info    0x0000fa1f      0x2dd i:/mcu/gnu_tools_for_arm/11.3_rel1/bin/../lib/gcc/arm-none-eabi/11.3.1/thumb/v7e-m+fp/hard\libc.a(libc_a-__call_atexit.o)
 .debug_info    0x0000fcfc      0x118 i:/mcu/gnu_tools_for_arm/11.3_rel1/bin/../lib/gcc/arm-none-eabi/11.3.1/thumb/v7e-m+fp/hard\libc.a(libc_a-atexit.o)
 .debug_info    0x0000fe14      0xb39 i:/mcu/gnu_tools_for_arm/11.3_rel1/bin/../lib/gcc/arm-none-eabi/11.3.1/thumb/v7e-m+fp/hard\libc.a(libc_a-freer.o)
 .debug_info    0x0001094d      0xcbd i:/mcu/gnu_tools_for_arm/11.3_rel1/bin/../lib/gcc/arm-none-eabi/11.3.1/thumb/v7e-m+fp/hard\libc.a(libc_a-mallocr.o)
 .debug_info    0x0001160a      0x788 i:/mcu/gnu_tools_for_arm/11.3_rel1/bin/../lib/gcc/arm-none-eabi/11.3.1/thumb/v7e-m+fp/hard\libc.a(libc_a-mlock.o)
 .debug_info    0x00011d92      0x8e4 i:/mcu/gnu_tools_for_arm/11.3_rel1/bin/../lib/gcc/arm-none-eabi/11.3.1/thumb/v7e-m+fp/hard\libc.a(libc_a-fclose.o)
 .debug_info    0x00012676      0xab6 i:/mcu/gnu_tools_for_arm/11.3_rel1/bin/../lib/gcc/arm-none-eabi/11.3.1/thumb/v7e-m+fp/hard\libc.a(libc_a-fflush.o)
 .debug_info    0x0001312c      0x799 i:/mcu/gnu_tools_for_arm/11.3_rel1/bin/../lib/gcc/arm-none-eabi/11.3.1/thumb/v7e-m+fp/hard\libc.a(libc_a-sbrkr.o)
 .debug_info    0x000138c5       0xf7 i:/mcu/gnu_tools_for_arm/11.3_rel1/bin/../lib/gcc/arm-none-eabi/11.3.1/thumb/v7e-m+fp/hard\libc.a(libc_a-fini.o)
 .debug_info    0x000139bc      0x25f i:/mcu/gnu_tools_for_arm/11.3_rel1/bin/../lib/gcc/arm-none-eabi/11.3.1/thumb/v7e-m+fp/hard\libc.a(libc_a-__atexit.o)
 .debug_info    0x00013c1b       0x9e i:/mcu/gnu_tools_for_arm/11.3_rel1/bin/../lib/gcc/arm-none-eabi/11.3.1/thumb/v7e-m+fp/hard\libnosys.a(sbrk.o)

.debug_abbrev   0x00000000     0x58fd
 .debug_abbrev  0x00000000       0x14 i:/mcu/gnu_tools_for_arm/11.3_rel1/bin/../lib/gcc/arm-none-eabi/11.3.1/thumb/v7e-m+fp/hard/crt0.o
 .debug_abbrev  0x00000014      0x156 build/main.o
 .debug_abbrev  0x0000016a       0xf9 build/cpu.o
 .debug_abbrev  0x00000263      0x290 build/cs.o
 .debug_abbrev  0x000004f3      0x260 build/dma.o
 .debug_abbrev  0x00000753      0x32b build/flash.o
 .debug_abbrev  0x00000a7e       0xeb build/fpu.o
 .debug_abbrev  0x00000b69      0x219 build/gpio.o
 .debug_abbrev  0x00000d82      0x1fd build/i2c.o
 .debug_abbrev  0x00000f7f      0x256 build/interrupt.o
 .debug_abbrev  0x000011d5      0x181 build/mpu.o
 .debug_abbrev  0x00001356      0x283 build/pcm.o
 .debug_abbrev  0x000015d9      0x15f build/pss.o
 .debug_abbrev  0x00001738       0xd0 build/ref_a.o
 .debug_abbrev  0x00001808      0x104 build/reset.o
 .debug_abbrev  0x0000190c      0x1fe build/rtc_c.o
 .debug_abbrev  0x00001b0a      0x17f build/sysctl.o
 .debug_abbrev  0x00001c89      0x150 build/systick.o
 .debug_abbrev  0x00001dd9      0x154 build/timer32.o
 .debug_abbrev  0x00001f2d      0x21a build/timer_a.o
 .debug_abbrev  0x00002147      0x202 build/uart.o
 .debug_abbrev  0x00002349      0x167 build/wdt_a.o
 .debug_abbrev  0x000024b0       0xfe build/startup_msp432p401r_gcc.o
 .debug_abbrev  0x000025ae      0x127 build/system_msp432p401r.o
 .debug_abbrev  0x000026d5      0x1d8 build/iic_bus.o
 .debug_abbrev  0x000028ad      0x1b4 build/syscalls.o
 .debug_abbrev  0x00002a61       0x26 build/user_uart.o
 .debug_abbrev  0x00002a87       0x5b build/user_dma.o
 .debug_abbrev  0x00002ae2       0xd5 i:/mcu/gnu_tools_for_arm/11.3_rel1/bin/../lib/gcc/arm-none-eabi/11.3.1/thumb/v7e-m+fp/hard\libc.a(libc_a-exit.o)
 .debug_abbrev  0x00002bb7      0x462 i:/mcu/gnu_tools_for_arm/11.3_rel1/bin/../lib/gcc/arm-none-eabi/11.3.1/thumb/v7e-m+fp/hard\libc.a(libc_a-findfp.o)
 .debug_abbrev  0x00003019      0x1d9 i:/mcu/gnu_tools_for_arm/11.3_rel1/bin/../lib/gcc/arm-none-eabi/11.3.1/thumb/v7e-m+fp/hard\libc.a(libc_a-fwalk.o)
 .debug_abbrev  0x000031f2      0x260 i:/mcu/gnu_tools_for_arm/11.3_rel1/bin/../lib/gcc/arm-none-eabi/11.3.1/thumb/v7e-m+fp/hard\libc.a(libc_a-stdio.o)
 .debug_abbrev  0x00003452       0xb7 i:/mcu/gnu_tools_for_arm/11.3_rel1/bin/../lib/gcc/arm-none-eabi/11.3.1/thumb/v7e-m+fp/hard\libc.a(libc_a-memset.o)
 .debug_abbrev  0x00003509      0x1ec i:/mcu/gnu_tools_for_arm/11.3_rel1/bin/../lib/gcc/arm-none-eabi/11.3.1/thumb/v7e-m+fp/hard\libc.a(libc_a-closer.o)
 .debug_abbrev  0x000036f5      0x22b i:/mcu/gnu_tools_for_arm/11.3_rel1/bin/../lib/gcc/arm-none-eabi/11.3.1/thumb/v7e-m+fp/hard\libc.a(libc_a-reent.o)
 .debug_abbrev  0x00003920      0x185 i:/mcu/gnu_tools_for_arm/11.3_rel1/bin/../lib/gcc/arm-none-eabi/11.3.1/thumb/v7e-m+fp/hard\libc.a(libc_a-impure.o)
 .debug_abbrev  0x00003aa5      0x200 i:/mcu/gnu_tools_for_arm/11.3_rel1/bin/../lib/gcc/arm-none-eabi/11.3.1/thumb/v7e-m+fp/hard\libc.a(libc_a-lseekr.o)
 .debug_abbrev  0x00003ca5      0x1ec i:/mcu/gnu_tools_for_arm/11.3_rel1/bin/../lib/gcc/arm-none-eabi/11.3.1/thumb/v7e-m+fp/hard\libc.a(libc_a-readr.o)
 .debug_abbrev  0x00003e91      0x1f1 i:/mcu/gnu_tools_for_arm/11.3_rel1/bin/../lib/gcc/arm-none-eabi/11.3.1/thumb/v7e-m+fp/hard\libc.a(libc_a-writer.o)
 .debug_abbrev  0x00004082      0x19a i:/mcu/gnu_tools_for_arm/11.3_rel1/bin/../lib/gcc/arm-none-eabi/11.3.1/thumb/v7e-m+fp/hard\libc.a(libc_a-errno.o)
 .debug_abbrev  0x0000421c       0xc9 i:/mcu/gnu_tools_for_arm/11.3_rel1/bin/../lib/gcc/arm-none-eabi/11.3.1/thumb/v7e-m+fp/hard\libc.a(libc_a-init.o)
 .debug_abbrev  0x000042e5      0x115 i:/mcu/gnu_tools_for_arm/11.3_rel1/bin/../lib/gcc/arm-none-eabi/11.3.1/thumb/v7e-m+fp/hard\libc.a(libc_a-lock.o)
 .debug_abbrev  0x000043fa      0x20c i:/mcu/gnu_tools_for_arm/11.3_rel1/bin/../lib/gcc/arm-none-eabi/11.3.1/thumb/v7e-m+fp/hard\libc.a(libc_a-__call_atexit.o)
 .debug_abbrev  0x00004606       0xc1 i:/mcu/gnu_tools_for_arm/11.3_rel1/bin/../lib/gcc/arm-none-eabi/11.3.1/thumb/v7e-m+fp/hard\libc.a(libc_a-atexit.o)
 .debug_abbrev  0x000046c7      0x290 i:/mcu/gnu_tools_for_arm/11.3_rel1/bin/../lib/gcc/arm-none-eabi/11.3.1/thumb/v7e-m+fp/hard\libc.a(libc_a-freer.o)
 .debug_abbrev  0x00004957      0x2d7 i:/mcu/gnu_tools_for_arm/11.3_rel1/bin/../lib/gcc/arm-none-eabi/11.3.1/thumb/v7e-m+fp/hard\libc.a(libc_a-mallocr.o)
 .debug_abbrev  0x00004c2e      0x1fb i:/mcu/gnu_tools_for_arm/11.3_rel1/bin/../lib/gcc/arm-none-eabi/11.3.1/thumb/v7e-m+fp/hard\libc.a(libc_a-mlock.o)
 .debug_abbrev  0x00004e29      0x2a2 i:/mcu/gnu_tools_for_arm/11.3_rel1/bin/../lib/gcc/arm-none-eabi/11.3.1/thumb/v7e-m+fp/hard\libc.a(libc_a-fclose.o)
 .debug_abbrev  0x000050cb      0x326 i:/mcu/gnu_tools_for_arm/11.3_rel1/bin/../lib/gcc/arm-none-eabi/11.3.1/thumb/v7e-m+fp/hard\libc.a(libc_a-fflush.o)
 .debug_abbrev  0x000053f1      0x216 i:/mcu/gnu_tools_for_arm/11.3_rel1/bin/../lib/gcc/arm-none-eabi/11.3.1/thumb/v7e-m+fp/hard\libc.a(libc_a-sbrkr.o)
 .debug_abbrev  0x00005607       0xcc i:/mcu/gnu_tools_for_arm/11.3_rel1/bin/../lib/gcc/arm-none-eabi/11.3.1/thumb/v7e-m+fp/hard\libc.a(libc_a-fini.o)
 .debug_abbrev  0x000056d3      0x189 i:/mcu/gnu_tools_for_arm/11.3_rel1/bin/../lib/gcc/arm-none-eabi/11.3.1/thumb/v7e-m+fp/hard\libc.a(libc_a-__atexit.o)
 .debug_abbrev  0x0000585c       0xa1 i:/mcu/gnu_tools_for_arm/11.3_rel1/bin/../lib/gcc/arm-none-eabi/11.3.1/thumb/v7e-m+fp/hard\libnosys.a(sbrk.o)

.debug_aranges  0x00000000      0x730
 .debug_aranges
                0x00000000       0x20 i:/mcu/gnu_tools_for_arm/11.3_rel1/bin/../lib/gcc/arm-none-eabi/11.3.1/thumb/v7e-m+fp/hard/crt0.o
 .debug_aranges
                0x00000020       0x20 build/main.o
 .debug_aranges
                0x00000040       0x20 build/cpu.o
 .debug_aranges
                0x00000060       0x20 build/cs.o
 .debug_aranges
                0x00000080       0x20 build/dma.o
 .debug_aranges
                0x000000a0       0x20 build/flash.o
 .debug_aranges
                0x000000c0       0x20 build/fpu.o
 .debug_aranges
                0x000000e0       0x20 build/gpio.o
 .debug_aranges
                0x00000100       0x20 build/i2c.o
 .debug_aranges
                0x00000120       0x20 build/interrupt.o
 .debug_aranges
                0x00000140       0x20 build/mpu.o
 .debug_aranges
                0x00000160       0x20 build/pcm.o
 .debug_aranges
                0x00000180       0x20 build/pss.o
 .debug_aranges
                0x000001a0       0x20 build/ref_a.o
 .debug_aranges
                0x000001c0       0x20 build/reset.o
 .debug_aranges
                0x000001e0       0x20 build/rtc_c.o
 .debug_aranges
                0x00000200       0x20 build/sysctl.o
 .debug_aranges
                0x00000220       0x20 build/systick.o
 .debug_aranges
                0x00000240       0x20 build/timer32.o
 .debug_aranges
                0x00000260       0x20 build/timer_a.o
 .debug_aranges
                0x00000280       0x20 build/uart.o
 .debug_aranges
                0x000002a0       0x20 build/wdt_a.o
 .debug_aranges
                0x000002c0       0x20 build/startup_msp432p401r_gcc.o
 .debug_aranges
                0x000002e0       0x20 build/system_msp432p401r.o
 .debug_aranges