Archive member included to satisfy reference by file (symbol)

/usr/local/arm/GNU_Tools_for_ARM/bin/../lib/gcc/arm-none-eabi/11.3.1/../../../../arm-none-eabi/lib/thumb/v7e-m+fp/hard/libc.a(libc_a-exit.o)
                              /usr/local/arm/GNU_Tools_for_ARM/bin/../lib/gcc/arm-none-eabi/11.3.1/../../../../arm-none-eabi/lib/thumb/v7e-m+fp/hard/crt0.o (exit)
/usr/local/arm/GNU_Tools_for_ARM/bin/../lib/gcc/arm-none-eabi/11.3.1/../../../../arm-none-eabi/lib/thumb/v7e-m+fp/hard/libc.a(libc_a-sprintf.o)
                              build/user_uart.o (sprintf)
/usr/local/arm/GNU_Tools_for_ARM/bin/../lib/gcc/arm-none-eabi/11.3.1/../../../../arm-none-eabi/lib/thumb/v7e-m+fp/hard/libc.a(libc_a-errno.o)
                              build/syscalls.o (__errno)
/usr/local/arm/GNU_Tools_for_ARM/bin/../lib/gcc/arm-none-eabi/11.3.1/../../../../arm-none-eabi/lib/thumb/v7e-m+fp/hard/libc.a(libc_a-svfprintf.o)
                              /usr/local/arm/GNU_Tools_for_ARM/bin/../lib/gcc/arm-none-eabi/11.3.1/../../../../arm-none-eabi/lib/thumb/v7e-m+fp/hard/libc.a(libc_a-sprintf.o) (_svfprintf_r)
/usr/local/arm/GNU_Tools_for_ARM/bin/../lib/gcc/arm-none-eabi/11.3.1/../../../../arm-none-eabi/lib/thumb/v7e-m+fp/hard/libc.a(libc_a-mallocr.o)
                              /usr/local/arm/GNU_Tools_for_ARM/bin/../lib/gcc/arm-none-eabi/11.3.1/../../../../arm-none-eabi/lib/thumb/v7e-m+fp/hard/libc.a(libc_a-svfprintf.o) (_malloc_r)
/usr/local/arm/GNU_Tools_for_ARM/bin/../lib/gcc/arm-none-eabi/11.3.1/../../../../arm-none-eabi/lib/thumb/v7e-m+fp/hard/libc.a(libc_a-__call_atexit.o)
                              /usr/local/arm/GNU_Tools_for_ARM/bin/../lib/gcc/arm-none-eabi/11.3.1/../../../../arm-none-eabi/lib/thumb/v7e-m+fp/hard/libc.a(libc_a-exit.o) (__call_exitprocs)
/usr/local/arm/GNU_Tools_for_ARM/bin/../lib/gcc/arm-none-eabi/11.3.1/../../../../arm-none-eabi/lib/thumb/v7e-m+fp/hard/libc.a(libc_a-memset.o)
                              /usr/local/arm/GNU_Tools_for_ARM/bin/../lib/gcc/arm-none-eabi/11.3.1/../../../../arm-none-eabi/lib/thumb/v7e-m+fp/hard/crt0.o (memset)
/usr/local/arm/GNU_Tools_for_ARM/bin/../lib/gcc/arm-none-eabi/11.3.1/../../../../arm-none-eabi/lib/thumb/v7e-m+fp/hard/libc.a(libc_a-wcrtomb.o)
                              /usr/local/arm/GNU_Tools_for_ARM/bin/../lib/gcc/arm-none-eabi/11.3.1/../../../../arm-none-eabi/lib/thumb/v7e-m+fp/hard/libc.a(libc_a-svfprintf.o) (_wcrtomb_r)
/usr/local/arm/GNU_Tools_for_ARM/bin/../lib/gcc/arm-none-eabi/11.3.1/../../../../arm-none-eabi/lib/thumb/v7e-m+fp/hard/libc.a(libc_a-init.o)
                              /usr/local/arm/GNU_Tools_for_ARM/bin/../lib/gcc/arm-none-eabi/11.3.1/../../../../arm-none-eabi/lib/thumb/v7e-m+fp/hard/crt0.o (__libc_init_array)
/usr/local/arm/GNU_Tools_for_ARM/bin/../lib/gcc/arm-none-eabi/11.3.1/../../../../arm-none-eabi/lib/thumb/v7e-m+fp/hard/libc.a(libc_a-fini.o)
                              /usr/local/arm/GNU_Tools_for_ARM/bin/../lib/gcc/arm-none-eabi/11.3.1/../../../../arm-none-eabi/lib/thumb/v7e-m+fp/hard/libc.a(libc_a-__call_atexit.o) (__libc_fini_array)
/usr/local/arm/GNU_Tools_for_ARM/bin/../lib/gcc/arm-none-eabi/11.3.1/../../../../arm-none-eabi/lib/thumb/v7e-m+fp/hard/libc.a(libc_a-lock.o)
                              /usr/local/arm/GNU_Tools_for_ARM/bin/../lib/gcc/arm-none-eabi/11.3.1/../../../../arm-none-eabi/lib/thumb/v7e-m+fp/hard/libc.a(libc_a-__call_atexit.o) (__retarget_lock_acquire_recursive)
/usr/local/arm/GNU_Tools_for_ARM/bin/../lib/gcc/arm-none-eabi/11.3.1/../../../../arm-none-eabi/lib/thumb/v7e-m+fp/hard/libc.a(libc_a-locale.o)
                              /usr/local/arm/GNU_Tools_for_ARM/bin/../lib/gcc/arm-none-eabi/11.3.1/../../../../arm-none-eabi/lib/thumb/v7e-m+fp/hard/libc.a(libc_a-svfprintf.o) (__locale_mb_cur_max)
/usr/local/arm/GNU_Tools_for_ARM/bin/../lib/gcc/arm-none-eabi/11.3.1/../../../../arm-none-eabi/lib/thumb/v7e-m+fp/hard/libc.a(libc_a-localeconv.o)
                              /usr/local/arm/GNU_Tools_for_ARM/bin/../lib/gcc/arm-none-eabi/11.3.1/../../../../arm-none-eabi/lib/thumb/v7e-m+fp/hard/libc.a(libc_a-svfprintf.o) (_localeconv_r)
/usr/local/arm/GNU_Tools_for_ARM/bin/../lib/gcc/arm-none-eabi/11.3.1/../../../../arm-none-eabi/lib/thumb/v7e-m+fp/hard/libc.a(libc_a-strcmp.o)
                              /usr/local/arm/GNU_Tools_for_ARM/bin/../lib/gcc/arm-none-eabi/11.3.1/../../../../arm-none-eabi/lib/thumb/v7e-m+fp/hard/libc.a(libc_a-locale.o) (strcmp)
/usr/local/arm/GNU_Tools_for_ARM/bin/../lib/gcc/arm-none-eabi/11.3.1/../../../../arm-none-eabi/lib/thumb/v7e-m+fp/hard/libc.a(libc_a-strcpy.o)
                              /usr/local/arm/GNU_Tools_for_ARM/bin/../lib/gcc/arm-none-eabi/11.3.1/../../../../arm-none-eabi/lib/thumb/v7e-m+fp/hard/libc.a(libc_a-locale.o) (strcpy)
/usr/local/arm/GNU_Tools_for_ARM/bin/../lib/gcc/arm-none-eabi/11.3.1/../../../../arm-none-eabi/lib/thumb/v7e-m+fp/hard/libc.a(libc_a-mlock.o)
[...]
Memory Configuration

Name             Origin             Length             Attributes
MAIN_FLASH       0x0000000000000000 0x0000000000040000 xr
INFO_FLASH       0x0000000000200000 0x0000000000004000 xr
SRAM_CODE        0x0000000001000000 0x0000000000010000 xrw
SRAM_DATA        0x0000000020000000 0x0000000000010000 rw
*default*        0x0000000000000000 0xffffffffffffffff

Linker script and memory map

LOAD /usr/local/arm/GNU_Tools_for_ARM/bin/../lib/gcc/arm-none-eabi/11.3.1/thumb/v7e-m+fp/hard/crti.o
LOAD /usr/local/arm/GNU_Tools_for_ARM/bin/../lib/gcc/arm-none-eabi/11.3.1/thumb/v7e-m+fp/hard/crtbegin.o
LOAD /usr/local/arm/GNU_Tools_for_ARM/bin/../lib/gcc/arm-none-eabi/11.3.1/../../../../arm-none-eabi/lib/thumb/v7e-m+fp/hard/crt0.o
LOAD build/main.o
LOAD build/cpu.o
LOAD build/cs.o
LOAD build/dma.o
LOAD build/flash.o
LOAD build/fpu.o
LOAD build/gpio.o
LOAD build/i2c.o
LOAD build/interrupt.o
LOAD build/mpu.o
LOAD build/pcm.o
LOAD build/pss.o
LOAD build/ref_a.o
LOAD build/reset.o
LOAD build/rtc_c.o
LOAD build/sysctl.o
LOAD build/systick.o
LOAD build/timer32.o
LOAD build/timer_a.o
LOAD build/uart.o
LOAD build/wdt_a.o
LOAD build/startup_msp432p401r_gcc.o
LOAD build/system_msp432p401r.o
LOAD build/iic_bus.o
LOAD build/syscalls.o
LOAD build/user_uart.o
LOAD build/user_dma.o
LOAD /usr/local/arm/GNU_Tools_for_ARM/bin/../lib/gcc/arm-none-eabi/11.3.1/../../../../arm-none-eabi/lib/thumb/v7e-m+fp/hard/libc.a
LOAD /usr/local/arm/GNU_Tools_for_ARM/bin/../lib/gcc/arm-none-eabi/11.3.1/../../../../arm-none-eabi/lib/thumb/v7e-m+fp/hard/libm.a
LOAD /usr/local/arm/GNU_Tools_for_ARM/bin/../lib/gcc/arm-none-eabi/11.3.1/../../../../arm-none-eabi/lib/thumb/v7e-m+fp/hard/libnosys.a
START GROUP
LOAD /usr/local/arm/GNU_Tools_for_ARM/bin/../lib/gcc/arm-none-eabi/11.3.1/thumb/v7e-m+fp/hard/libgcc.a
LOAD /usr/local/arm/GNU_Tools_for_ARM/bin/../lib/gcc/arm-none-eabi/11.3.1/../../../../arm-none-eabi/lib/thumb/v7e-m+fp/hard/libc.a
END GROUP
START GROUP
LOAD /usr/local/arm/GNU_Tools_for_ARM/bin/../lib/gcc/arm-none-eabi/11.3.1/thumb/v7e-m+fp/hard/libgcc.a
LOAD /usr/local/arm/GNU_Tools_for_ARM/bin/../lib/gcc/arm-none-eabi/11.3.1/../../../../arm-none-eabi/lib/thumb/v7e-m+fp/hard/libc.a
LOAD /usr/local/arm/GNU_Tools_for_ARM/bin/../lib/gcc/arm-none-eabi/11.3.1/../../../../arm-none-eabi/lib/thumb/v7e-m+fp/hard/libnosys.a
END GROUP
LOAD /usr/local/arm/GNU_Tools_for_ARM/bin/../lib/gcc/arm-none-eabi/11.3.1/thumb/v7e-m+fp/hard/crtend.o
LOAD /usr/local/arm/GNU_Tools_for_ARM/bin/../lib/gcc/arm-none-eabi/11.3.1/thumb/v7e-m+fp/hard/crtn.o
                0x0000000000000000                PROVIDE (_intvecs_base_address = DEFINED (_intvecs_base_address)?_intvecs_base_address:0x0)

.intvecs        0x0000000000000000       0xe4
 *(.intvecs)
 .intvecs       0x0000000000000000       0xe4 build/startup_msp432p401r_gcc.o
                0x0000000000000000                interruptVectors
                0x0000000000200000                PROVIDE (_mailbox_base_address = 0x200000)

.flashMailbox
 *(.flashMailbox)
                0x0000000000201000                PROVIDE (_tlv_base_address = 0x201000)

.tlvTable
 *(.tlvTable)
                0x0000000000202000                PROVIDE (_bsl_base_address = 0x202000)

.bslArea
 *(.bslArea)
                0x0000000020000000                PROVIDE (_vtable_base_address = DEFINED (_vtable_base_address)?_vtable_base_address:0x20000000)

.vtable
 *(.vtable)

.text           0x0000000000000100    0x10cec
 CREATE_OBJECT_SYMBOLS
 *(.text)
 .text          0x0000000000000100        0x0 /usr/local/arm/GNU_Tools_for_ARM/bin/../lib/gcc/arm-none-eabi/11.3.1/thumb/v7e-m+fp/hard/crti.o
 .text          0x0000000000000100        0x0 /usr/local/arm/GNU_Tools_for_ARM/bin/../lib/gcc/arm-none-eabi/11.3.1/thumb/v7e-m+fp/hard/crtbegin.o
 .text          0x0000000000000100       0x7c /usr/local/arm/GNU_Tools_for_ARM/bin/../lib/gcc/arm-none-eabi/11.3.1/../../../../arm-none-eabi/lib/thumb/v7e-m+fp/hard/crt0.o
                0x0000000000000100                _stack_init
                0x0000000000000108                _mainCRTStartup
                0x0000000000000108                _start
 .text          0x000000000000017c       0xd4 build/main.o
                0x000000000000017c                main
                0x00000000000001b0                Clock_Configuration
                0x0000000000000224                Clock_Information
 .text          0x0000000000000250       0x42 build/cpu.o
                0x0000000000000250                CPU_cpsid
                0x000000000000025e                CPU_primask
                0x000000000000026a                CPU_cpsie
                0x0000000000000278                CPU_wfi
                0x000000000000027e                CPU_basepriSet
                0x0000000000000286                CPU_basepriGet
 *fill*         0x0000000000000292        0x2 
 .text          0x0000000000000294      0xf84 build/cs.o
                0x00000000000005ec                CS_setExternalClockSourceFrequency
                0x0000000000000618                CS_initClockSignal
                0x00000000000007a4                CS_startHFXT
                0x00000000000007c2                CS_startHFXTWithTimeout
                0x00000000000008b4                CS_startLFXT
                0x00000000000008ce                CS_startLFXTWithTimeout
                0x00000000000009b8                CS_enableClockRequest
                0x00000000000009f0                CS_disableClockRequest
                0x0000000000000a28                CS_setReferenceOscillatorFrequency
                0x0000000000000a60                CS_enableDCOExternalResistor
                0x0000000000000a90                CS_setDCOExternalResistorCalibration
                0x0000000000000b24                CS_disableDCOExternalResistor
                0x0000000000000b54                CS_setDCOCenteredFrequency
                0x0000000000000b90                CS_tuneDCOFrequency
                0x0000000000000c14                CS_getDCOFrequency
                0x0000000000000d2c                CS_setDCOFrequency
                0x0000000000000ee0                CS_getBCLK
                0x0000000000000f0c                CS_getHSMCLK
                0x0000000000000f40                CS_getACLK
                0x0000000000000f74                CS_getSMCLK
                0x0000000000000fa8                CS_getMCLK
                0x0000000000000fdc                CS_enableFaultCounter
                0x0000000000001024                CS_disableFaultCounter
                0x000000000000106c                CS_resetFaultCounter
                0x00000000000010b4                CS_startFaultCounter
                0x000000000000110c                CS_enableInterrupt
                0x0000000000001144                CS_disableInterrupt
                0x000000000000117c                CS_getInterruptStatus
                0x0000000000001194                CS_getEnabledInterruptStatus
                0x00000000000011ac                CS_clearInterruptFlag
                0x00000000000011e4                CS_registerInterrupt
                0x0000000000001202                CS_unregisterInterrupt
 .text          0x0000000000001218      0xa20 build/dma.o
                0x0000000000001218                DMA_enableModule
                0x0000000000001230                DMA_disableModule
                0x0000000000001274                DMA_getErrorStatus
                0x000000000000128c                DMA_clearErrorStatus
                0x00000000000012a4                DMA_enableChannel
                0x00000000000012cc                DMA_disableChannel
                0x00000000000012f4                DMA_isChannelEnabled
                0x0000000000001328                DMA_setControlBase
                0x0000000000001348                DMA_getControlBase
                0x0000000000001360                DMA_getControlAlternateBase
                0x0000000000001378                DMA_requestChannel
                0x00000000000013a0                DMA_enableChannelAttribute
                0x0000000000001414                DMA_disableChannelAttribute
                0x0000000000001488                DMA_getChannelAttribute
                0x0000000000001518                DMA_setChannelControl
                0x0000000000001560                DMA_setChannelTransfer
                0x0000000000001664                DMA_setChannelScatterGather
                0x00000000000016f8                DMA_getChannelSize
                0x0000000000001740                DMA_getChannelMode
                0x0000000000001794                DMA_assignChannel
                0x0000000000001a58                DMA_assignInterrupt
                0x0000000000001ac8                DMA_requestSoftwareTransfer
                0x0000000000001af4                DMA_getInterruptStatus
                0x0000000000001b0c                DMA_clearInterruptFlag
                0x0000000000001b3c                DMA_enableInterrupt
                0x0000000000001b9c                DMA_disableInterrupt
                0x0000000000001bfc                DMA_registerInterrupt
                0x0000000000001c1c                DMA_unregisterInterrupt
 .text          0x0000000000001c38     0x1af0 build/flash.o
                0x0000000000001f56                FlashCtl_getMemoryInfo
                0x000000000000233c                FlashCtl_enableReadBuffering
                0x00000000000023b4                FlashCtl_disableReadBuffering
                0x000000000000242c                FlashCtl_unprotectSector
                0x00000000000024d0                FlashCtl_protectSector
                0x0000000000002558                FlashCtl_isSectorProtected
                0x00000000000025ec                FlashCtl_verifyMemory
                0x0000000000002894                FlashCtl_setReadMode
                0x0000000000002918                FlashCtl_getReadMode
                0x0000000000002958                FlashCtl_initiateMassErase
                0x0000000000002984                FlashCtl_performMassErase
                0x0000000000002b5c                FlashCtl_eraseSector
                0x0000000000002cb0                FlashCtl_initiateSectorErase
                0x0000000000002d50                FlashCtl_programMemory
                0x0000000000002ef8                FlashCtl_setProgramVerification
                0x0000000000002f5c                FlashCtl_clearProgramVerification
                0x0000000000002fc0                FlashCtl_enableWordProgramming
                0x0000000000003004                FlashCtl_disableWordProgramming
                0x000000000000301c                FlashCtl_isWordProgrammingEnabled
                0x0000000000003050                FlashCtl_setWaitState
                0x000000000000309c                FlashCtl_getWaitState
                0x00000000000030dc                FlashCtl_enableInterrupt
                0x0000000000003104                FlashCtl_disableInterrupt
                0x0000000000003130                FlashCtl_getInterruptStatus
                0x0000000000003148                FlashCtl_getEnabledInterruptStatus
                0x0000000000003164                FlashCtl_clearInterruptFlag
                0x000000000000318c                FlashCtl_registerInterrupt
                0x00000000000031aa                FlashCtl_unregisterInterrupt
                0x00000000000031be                __FlashCtl_remaskData8Post
                0x0000000000003250                __FlashCtl_remaskData8Pre
                0x00000000000032e8                __FlashCtl_remaskData32Post
                0x00000000000033c8                __FlashCtl_remaskData32Pre
                0x00000000000034ac                __FlashCtl_remaskBurstDataPre
                0x00000000000035f0                __FlashCtl_remaskBurstDataPost
 .text          0x0000000000003728      0x14c build/fpu.o
                0x0000000000003728                FPU_enableModule
                0x000000000000374c                FPU_disableModule
                0x0000000000003770                FPU_enableStacking
                0x0000000000003794                FPU_enableLazyStacking
                0x00000000000037b4                FPU_disableStacking
                0x00000000000037d4                FPU_setHalfPrecisionMode
                0x00000000000037fc                FPU_setNaNMode
                0x0000000000003824                FPU_setFlushToZeroMode
                0x000000000000384c                FPU_setRoundingMode
 .text          0x0000000000003874      0x7e4 build/gpio.o
                0x0000000000003874                GPIO_setAsOutputPin
                0x00000000000038e4                GPIO_setAsInputPin
                0x0000000000003970                GPIO_setAsPeripheralModuleFunctionOutputPin
                0x0000000000003a58                GPIO_setAsPeripheralModuleFunctionInputPin
                0x0000000000003b44                GPIO_setOutputHighOnPin
                0x0000000000003b80                GPIO_setOutputLowOnPin
                0x0000000000003bc0                GPIO_toggleOutputOnPin
                0x0000000000003bfc                GPIO_setAsInputPinWithPullDownResistor
                0x0000000000003ca0                GPIO_setAsInputPinWithPullUpResistor
                0x0000000000003d40                GPIO_getInputPinValue
                0x0000000000003d80                GPIO_enableInterrupt
                0x0000000000003dbc                GPIO_disableInterrupt
                0x0000000000003dfc                GPIO_getInterruptStatus
                0x0000000000003e30                GPIO_clearInterruptFlag
                0x0000000000003e70                GPIO_interruptEdgeSelect
                0x0000000000003ed0                GPIO_getEnabledInterruptStatus
                0x0000000000003f80                GPIO_setDriveStrengthHigh
                0x0000000000003fbc                GPIO_setDriveStrengthLow
                0x0000000000003ffc                GPIO_registerInterrupt
                0x000000000000402c                GPIO_unregisterInterrupt
 .text          0x0000000000004058      0xdb0 build/i2c.o
                0x0000000000004058                I2C_initMaster
                0x00000000000040de                I2C_initSlave
                0x000000000000413a                I2C_enableModule
                0x000000000000415e                I2C_disableModule
                0x0000000000004182                I2C_setSlaveAddress
                0x00000000000041a0                I2C_setMode
                0x00000000000041ce                I2C_setTimeout
                0x0000000000004230                I2C_masterReceiveSingleByte
                0x00000000000042ca                I2C_slavePutData
                0x00000000000042ea                I2C_slaveGetData
                0x0000000000004306                I2C_isBusBusy
                0x000000000000432e                I2C_masterSendSingleByte
                0x00000000000043ee                I2C_masterSendSingleByteWithTimeout
                0x00000000000044d4                I2C_masterSendMultiByteStart
                0x0000000000004564                I2C_masterSendMultiByteStartWithTimeout
                0x0000000000004610                I2C_masterSendMultiByteNext
                0x0000000000004662                I2C_masterSendMultiByteNextWithTimeout
                0x00000000000046ce                I2C_masterSendMultiByteFinish
                0x0000000000004782                I2C_masterSendMultiByteFinishWithTimeout
                0x000000000000484c                I2C_masterSendMultiByteStop
                0x00000000000048a4                I2C_masterSendMultiByteStopWithTimeout
                0x0000000000004916                I2C_masterReceiveStart
                0x0000000000004944                I2C_masterReceiveMultiByteNext
                0x0000000000004960                I2C_masterReceiveMultiByteFinish
                0x00000000000049be                I2C_masterReceiveMultiByteFinishWithTimeout
                0x0000000000004a56                I2C_masterReceiveMultiByteStop
                0x0000000000004a7c                I2C_masterReceiveSingle
                0x0000000000004ac6                I2C_getReceiveBufferAddressForDMA
                0x0000000000004ade                I2C_getTransmitBufferAddressForDMA
                0x0000000000004af6                I2C_masterIsStopSent
                0x0000000000004b1c                I2C_masterIsStartSent
                0x0000000000004b4c                I2C_masterSendStart
                0x0000000000004b72                I2C_enableMultiMasterMode
                0x0000000000004ba8                I2C_disableMultiMasterMode
                0x0000000000004bde                I2C_enableInterrupt
                0x0000000000004c06                I2C_disableInterrupt
                0x0000000000004c32                I2C_clearInterruptFlag
                0x0000000000004c5e                I2C_getInterruptStatus
                0x0000000000004c82                I2C_getEnabledInterruptStatus
                0x0000000000004ca2                I2C_getMode
                0x0000000000004cc0                I2C_registerInterrupt
                0x0000000000004d54                I2C_unregisterInterrupt
                0x0000000000004de0                I2C_slaveSendNAK
 .text          0x0000000000004e08      0x548 build/interrupt.o
                0x0000000000004e0e                Interrupt_enableMaster
                0x0000000000004e26                Interrupt_disableMaster
                0x0000000000004e3e                Interrupt_registerInterrupt
                0x0000000000004ea4                Interrupt_unregisterInterrupt
                0x0000000000004ecc                Interrupt_setPriorityGrouping
                0x0000000000004f1c                Interrupt_getPriorityGrouping
                0x0000000000004f68                Interrupt_setPriority
                0x0000000000004fd0                Interrupt_getPriority
                0x0000000000005004                Interrupt_enableInterrupt
                0x0000000000005098                Interrupt_disableInterrupt
                0x000000000000512c                Interrupt_isEnabled
                0x00000000000051cc                Interrupt_pendInterrupt
                0x0000000000005248                Interrupt_unpendInterrupt
                0x00000000000052b0                Interrupt_setPriorityMask
                0x00000000000052ca                Interrupt_getPriorityMask
                0x00000000000052da                Interrupt_setVectorTableAddress
                0x00000000000052f8                Interrupt_getVectorTableAddress
                0x0000000000005310                Interrupt_enableSleepOnIsrExit
                0x0000000000005330                Interrupt_disableSleepOnIsrExit
 .text          0x0000000000005350      0x16c build/mpu.o
                0x0000000000005350                MPU_enableModule
                0x0000000000005374                MPU_disableModule
                0x0000000000005394                MPU_getRegionCount
                0x00000000000053b0                MPU_enableRegion
                0x00000000000053dc                MPU_disableRegion
                0x0000000000005408                MPU_setRegion
                0x0000000000005440                MPU_getRegion
                0x0000000000005478                MPU_registerInterrupt
                0x0000000000005490                MPU_unregisterInterrupt
                0x000000000000549e                MPU_enableInterrupt
                0x00000000000054ac                MPU_disableInterrupt
 .text          0x00000000000054bc      0xb08 build/pcm.o
                0x00000000000055dc                PCM_setCoreVoltageLevel
                0x00000000000055f8                PCM_setCoreVoltageLevelWithTimeout
                0x0000000000005616                PCM_setCoreVoltageLevelNonBlocking
                0x0000000000005632                PCM_getPowerMode
                0x00000000000056a2                PCM_getCoreVoltageLevel
                0x0000000000005894                PCM_setPowerMode
                0x00000000000058b0                PCM_setPowerModeNonBlocking
                0x00000000000058cc                PCM_setPowerModeWithTimeout
                0x0000000000005c78                PCM_setPowerState
                0x0000000000005c94                PCM_setPowerStateWithTimeout
                0x0000000000005cb2                PCM_setPowerStateNonBlocking
                0x0000000000005cce                PCM_shutdownDevice
                0x0000000000005d34                PCM_gotoLPM4
                0x0000000000005d4a                PCM_gotoLPM4InterruptSafe
                0x0000000000005d6e                PCM_gotoLPM0
                0x0000000000005da0                PCM_gotoLPM0InterruptSafe
                0x0000000000005dc4                PCM_gotoLPM3
                0x0000000000005e60                PCM_gotoLPM3InterruptSafe
                0x0000000000005e84                PCM_getPowerState
                0x0000000000005ea4                PCM_enableRudeMode
                0x0000000000005ec8                PCM_disableRudeMode
                0x0000000000005ef0                PCM_enableInterrupt
                0x0000000000005f14                PCM_disableInterrupt
                0x0000000000005f3c                PCM_getInterruptStatus
                0x0000000000005f54                PCM_getEnabledInterruptStatus
                0x0000000000005f6c                PCM_clearInterruptFlag
                0x0000000000005f90                PCM_registerInterrupt
                0x0000000000005fae                PCM_unregisterInterrupt
 .text          0x0000000000005fc4      0x28c build/pss.o
                0x0000000000005ff8                PSS_enableForcedDCDCOperation
                0x0000000000006014                PSS_disableForcedDCDCOperation
                0x0000000000006030                PSS_enableHighSidePinToggle
                0x0000000000006078                PSS_disableHighSidePinToggle
                0x0000000000006094                PSS_enableHighSide
                0x00000000000060b0                PSS_disableHighSide
                0x00000000000060cc                PSS_setHighSidePerformanceMode
                0x00000000000060fc                PSS_getHighSidePerformanceMode
                0x0000000000006120                PSS_enableHighSideMonitor
                0x000000000000613c                PSS_disableHighSideMonitor
                0x0000000000006158                PSS_setHighSideVoltageTrigger
                0x0000000000006194                PSS_getHighSideVoltageTrigger
                0x00000000000061b0                PSS_enableInterrupt
                0x00000000000061cc                PSS_disableInterrupt
                0x00000000000061e8                PSS_getInterruptStatus
                0x0000000000006200                PSS_clearInterruptFlag
                0x000000000000621c                PSS_registerInterrupt
                0x000000000000623a                PSS_unregisterInterrupt
 .text          0x0000000000006250      0x1c0 build/ref_a.o
                0x0000000000006250                REF_A_setReferenceVoltage
                0x0000000000006280                REF_A_disableTempSensor
                0x0000000000006298                REF_A_enableTempSensor
                0x00000000000062b0                REF_A_enableReferenceVoltageOutput
                0x00000000000062c8                REF_A_disableReferenceVoltageOutput
                0x00000000000062e0                REF_A_enableReferenceVoltage
                0x00000000000062f8                REF_A_disableReferenceVoltage
                0x0000000000006310                REF_A_getBandgapMode
                0x000000000000632c                REF_A_isBandgapActive
                0x0000000000006350                REF_A_isRefGenBusy
                0x0000000000006374                REF_A_isRefGenActive
                0x0000000000006398                REF_A_getBufferedBandgapVoltageStatus
                0x00000000000063bc                REF_A_getVariableReferenceVoltageStatus
                0x00000000000063e0                REF_A_setReferenceVoltageOneTimeTrigger
                0x00000000000063f8                REF_A_setBufferedBandgapVoltageOneTimeTrigger
 .text          0x0000000000006410      0x180 build/reset.o
                0x0000000000006410                ResetCtl_initiateSoftReset
                0x0000000000006434                ResetCtl_initiateSoftResetWithSource
                0x0000000000006458                ResetCtl_getSoftResetSource
                0x0000000000006470                ResetCtl_clearSoftResetSource
                0x0000000000006494                ResetCtl_initiateHardReset
                0x00000000000064b8                ResetCtl_initiateHardResetWithSource
                0x00000000000064dc                ResetCtl_getHardResetSource
                0x00000000000064f4                ResetCtl_clearHardResetSource
                0x0000000000006518                ResetCtl_getPSSSource
                0x0000000000006530                ResetCtl_clearPSSFlags
                0x0000000000006554                ResetCtl_getPCMSource
                0x000000000000656c                ResetCtl_clearPCMFlags
 .text          0x0000000000006590      0x7d0 build/rtc_c.o
                0x0000000000006590                RTC_C_startClock
                0x00000000000065d4                RTC_C_holdClock
                0x0000000000006618                RTC_C_setCalibrationFrequency
                0x0000000000006670                RTC_C_setCalibrationData
                0x00000000000066c0                RTC_C_setTemperatureCompensation
                0x0000000000006710                RTC_C_initCalendar
                0x00000000000067c4                RTC_C_getCalendarTime
                0x0000000000006854                RTC_C_setCalendarAlarm
                0x00000000000068b8                RTC_C_setCalendarEvent
                0x0000000000006910                RTC_C_definePrescaleEvent
                0x0000000000006980                RTC_C_getPrescaleValue
                0x00000000000069bc                RTC_C_setPrescaleValue
                0x0000000000006a3c                RTC_C_convertBCDToBinary
                0x0000000000006a64                RTC_C_convertBinaryToBCD
                0x0000000000006a8c                RTC_C_enableInterrupt
                0x0000000000006b0c                RTC_C_disableInterrupt
                0x0000000000006b98                RTC_C_getInterruptStatus
                0x0000000000006c14                RTC_C_getEnabledInterruptStatus
                0x0000000000006cb0                RTC_C_clearInterruptFlag
                0x0000000000006d2c                RTC_C_registerInterrupt
                0x0000000000006d4a                RTC_C_unregisterInterrupt
 .text          0x0000000000006d60      0x40c build/sysctl.o
                0x0000000000006d60                SysCtl_getTLVInfo
                0x0000000000006df4                SysCtl_getSRAMSize
                0x0000000000006e0c                SysCtl_getFlashSize
                0x0000000000006e24                SysCtl_disableNMISource
                0x0000000000006e4c                SysCtl_enableNMISource
                0x0000000000006e70                SysCtl_getNMISourceStatus
                0x0000000000006e8c                SysCtl_enableSRAMBank
                0x0000000000006ebc                SysCtl_disableSRAMBank
                0x0000000000006fc4                SysCtl_enableSRAMBankRetention
                0x0000000000006ff8                SysCtl_disableSRAMBankRetention
                0x000000000000702c                SysCtl_rebootDevice
                0x0000000000007048                SysCtl_enablePeripheralAtCPUHalt
                0x0000000000007070                SysCtl_disablePeripheralAtCPUHalt
                0x0000000000007094                SysCtl_setWDTTimeoutResetType
                0x00000000000070cc                SysCtl_setWDTPasswordViolationResetType
                0x0000000000007104                SysCtl_enableGlitchFilter
                0x0000000000007124                SysCtl_disableGlitchFilter
                0x0000000000007144                SysCtl_getTempCalibrationConstant
 .text          0x000000000000716c       0xf4 build/systick.o
                0x000000000000716c                SysTick_enableModule
                0x000000000000718c                SysTick_disableModule
                0x00000000000071ac                SysTick_registerInterrupt
                0x00000000000071c4                SysTick_unregisterInterrupt
                0x00000000000071d2                SysTick_enableInterrupt
                0x00000000000071f0                SysTick_disableInterrupt
                0x0000000000007210                SysTick_setPeriod
                0x0000000000007230                SysTick_getPeriod
                0x0000000000007248                SysTick_getValue
 .text          0x0000000000007260      0x262 build/timer32.o
                0x0000000000007260                Timer32_initModule
                0x00000000000072f6                Timer32_setCount
                0x000000000000733e                Timer32_setCountInBackground
                0x0000000000007386                Timer32_getValue
                0x000000000000739e                Timer32_startTimer
                0x00000000000073ee                Timer32_haltTimer
                0x000000000000740e                Timer32_enableInterrupt
                0x000000000000742e                Timer32_disableInterrupt
                0x000000000000744e                Timer32_clearInterruptFlag
                0x000000000000746e                Timer32_getInterruptStatus
                0x0000000000007486                Timer32_registerInterrupt
                0x00000000000074a6                Timer32_unregisterInterrupt
 *fill*         0x00000000000074c2        0x2 
 .text          0x00000000000074c4      0xaa8 build/timer_a.o
                0x0000000000007674                Timer_A_startCounter
                0x000000000000769c                Timer_A_configureContinuousMode
                0x00000000000076ee                Timer_A_configureUpMode
                0x0000000000007786                Timer_A_configureUpDownMode
                0x000000000000781e                Timer_A_initCapture
                0x0000000000007898                Timer_A_initCompare
                0x0000000000007900                Timer_A_getCounterValue
                0x000000000000795a                Timer_A_clearTimer
                0x0000000000007980                Timer_A_getSynchronizedCaptureCompareInput
                0x00000000000079be                Timer_A_getOutputForOutputModeOutBitValue
                0x0000000000007a02                Timer_A_getCaptureCompareCount
                0x0000000000007a30                Timer_A_setOutputForOutputModeOutBitValue
                0x0000000000007a78                Timer_A_generatePWM
                0x0000000000007b20                Timer_A_stopTimer
                0x0000000000007b44                Timer_A_setCompareValue
                0x0000000000007b78                Timer_A_clearInterruptFlag
                0x0000000000007b9c                Timer_A_clearCaptureCompareInterrupt
                0x0000000000007bd4                Timer_A_enableInterrupt
                0x0000000000007bfa                Timer_A_disableInterrupt
                0x0000000000007c20                Timer_A_getInterruptStatus
                0x0000000000007c3e                Timer_A_enableCaptureCompareInterrupt
                0x0000000000007c78                Timer_A_disableCaptureCompareInterrupt
                0x0000000000007cb2                Timer_A_getCaptureCompareInterruptStatus
                0x0000000000007ce6                Timer_A_getEnabledInterruptStatus
                0x0000000000007d10                Timer_A_getCaptureCompareEnabledInterruptStatus
                0x0000000000007d5a                Timer_A_registerInterrupt
                0x0000000000007e6c                Timer_A_unregisterInterrupt
 .text          0x0000000000007f6c      0x67c build/uart.o
                0x0000000000007f6c                UART_initModule
                0x0000000000008100                UART_transmitData
                0x0000000000008150                UART_receiveData
                0x000000000000819a                UART_enableModule
                0x00000000000081be                UART_disableModule
                0x00000000000081e2                UART_queryStatusFlags
                0x0000000000008204                UART_setDormant
                0x000000000000822a                UART_resetDormant
                0x0000000000008250                UART_transmitAddress
                0x0000000000008280                UART_transmitBreak
                0x00000000000082f6                UART_getReceiveBufferAddressForDMA
                0x000000000000830e                UART_getTransmitBufferAddressForDMA
                0x0000000000008326                UART_selectDeglitchTime
                0x0000000000008354                UART_enableInterrupt
                0x000000000000839e                UART_disableInterrupt
                0x00000000000083f0                UART_getInterruptStatus
                0x0000000000008414                UART_getEnabledInterruptStatus
                0x000000000000849a                UART_clearInterruptFlag
                0x00000000000084c6                UART_registerInterrupt
                0x000000000000855c                UART_unregisterInterrupt
 .text          0x00000000000085e8      0x164 build/wdt_a.o
                0x00000000000085e8                WDT_A_holdTimer
                0x000000000000861c                WDT_A_startTimer
                0x0000000000008650                WDT_A_clearTimer
                0x0000000000008684                WDT_A_initWatchdogTimer
                0x00000000000086b8                WDT_A_initIntervalTimer
                0x00000000000086ec                WDT_A_setPasswordViolationReset
                0x0000000000008702                WDT_A_setTimeoutReset
                0x0000000000008718                WDT_A_registerInterrupt
                0x0000000000008736                WDT_A_unregisterInterrupt
 .text          0x000000000000874c       0x4c build/startup_msp432p401r_gcc.o
                0x000000000000874c                Reset_Handler
                0x0000000000008790                CS_IRQHandler
                0x0000000000008790                DebugMon_Handler
                0x0000000000008790                AES256_IRQHandler
                0x0000000000008790                HardFault_Handler
                0x0000000000008790                SysTick_Handler
                0x0000000000008790                PendSV_Handler
                0x0000000000008790                NMI_Handler
                0x0000000000008790                RTC_C_IRQHandler
                0x0000000000008790                PORT1_IRQHandler
                0x0000000000008790                FPU_IRQHandler
                0x0000000000008790                PORT2_IRQHandler
                0x0000000000008790                TA3_0_IRQHandler
                0x0000000000008790                UsageFault_Handler
                0x0000000000008790                DMA_INT3_IRQHandler
                0x0000000000008790                TA2_0_IRQHandler
                0x0000000000008790                DMA_INT1_IRQHandler
                0x0000000000008790                WDT_A_IRQHandler
                0x0000000000008790                TA2_N_IRQHandler
                0x0000000000008790                TA1_0_IRQHandler
                0x0000000000008790                PSS_IRQHandler
                0x0000000000008790                DMA_INT2_IRQHandler
                0x0000000000008790                EUSCIA3_IRQHandler
                0x0000000000008790                DMA_INT0_IRQHandler
                0x0000000000008790                PORT4_IRQHandler
                0x0000000000008790                PORT5_IRQHandler
                0x0000000000008790                EUSCIB0_IRQHandler
                0x0000000000008790                Default_Handler
                0x0000000000008790                T32_INTC_IRQHandler
                0x0000000000008790                TA3_N_IRQHandler
                0x0000000000008790                TA0_0_IRQHandler
                0x0000000000008790                EUSCIA2_IRQHandler
                0x0000000000008790                PORT6_IRQHandler
                0x0000000000008790                PORT3_IRQHandler
                0x0000000000008790                MemManage_Handler
                0x0000000000008790                SVC_Handler
                0x0000000000008790                TA1_N_IRQHandler
                0x0000000000008790                EUSCIA1_IRQHandler
                0x0000000000008790                COMP_E1_IRQHandler
                0x0000000000008790                EUSCIB2_IRQHandler
                0x0000000000008790                FLCTL_IRQHandler
                0x0000000000008790                EUSCIB3_IRQHandler
                0x0000000000008790                T32_INT1_IRQHandler
                0x0000000000008790                DMA_ERR_IRQHandler
                0x0000000000008790                ADC14_IRQHandler
                0x0000000000008790                EUSCIA0_IRQHandler
                0x0000000000008790                BusFault_Handler
                0x0000000000008790                PCM_IRQHandler
                0x0000000000008790                TA0_N_IRQHandler
                0x0000000000008790                COMP_E0_IRQHandler
                0x0000000000008790                EUSCIB1_IRQHandler
                0x0000000000008790                T32_INT2_IRQHandler
 .text          0x0000000000008798      0x394 build/system_msp432p401r.o
                0x0000000000008798                SystemCoreClockUpdate
                0x0000000000008aac                SystemInit
 .text          0x0000000000008b2c      0x628 build/iic_bus.o
                0x0000000000008b2c                IIC_Init
                0x0000000000008b70                IIC_Adapter_Init
                0x0000000000008bee                IIC_Adapter_Start
                0x0000000000008c7c                IIC_Adapter_Stop
                0x0000000000008d1c                IIC_Adapter_SendByte
                0x0000000000008e5c                IIC_Adapter_ReceiveByte
                0x0000000000009038                IIC_Adapter_Write
                0x00000000000090c6                IIC_Adapter_Read
 .text          0x0000000000009154      0x214 build/syscalls.o
                0x0000000000009154                initialise_monitor_handles
                0x0000000000009162                _getpid
                0x0000000000009172                _kill
                0x0000000000009192                _exit
                0x00000000000091a6                _read
                0x00000000000091e0                _write
                0x0000000000009218                _close
                0x0000000000009230                _fstat
                0x0000000000009250                _isatty
                0x0000000000009266                _lseek
                0x0000000000009280                _open
                0x000000000000929c                _wait
                0x00000000000092ba                _unlink
                0x00000000000092d8                _times
                0x00000000000092f0                _stat
                0x0000000000009310                _link
                0x0000000000009330                _fork
                0x0000000000009346                _execve
 .text          0x0000000000009368      0x2c8 build/user_uart.o
                0x0000000000009368                UART_PreInit
                0x00000000000093d8                Send_Nchar
                0x000000000000942c                Send_String
                0x0000000000009474                Printf
                0x0000000000009618                Receive
 .text          0x0000000000009630       0x3c build/user_dma.o
                0x0000000000009630                DMA_PreInit
 .text          0x000000000000966c        0x0 /usr/local/arm/GNU_Tools_for_ARM/bin/../lib/gcc/arm-none-eabi/11.3.1/../../../../arm-none-eabi/lib/thumb/v7e-m+fp/hard/libc.a(libc_a-exit.o)
 .text          0x000000000000966c        0x0 /usr/local/arm/GNU_Tools_for_ARM/bin/../lib/gcc/arm-none-eabi/11.3.1/../../../../arm-none-eabi/lib/thumb/v7e-m+fp/hard/libc.a(libc_a-sprintf.o)
 .text          0x000000000000966c        0x0 /usr/local/arm/GNU_Tools_for_ARM/bin/../lib/gcc/arm-none-eabi/11.3.1/../../../../arm-none-eabi/lib/thumb/v7e-m+fp/hard/libc.a(libc_a-errno.o)
 .text          0x000000000000966c        0x0 /usr/local/arm/GNU_Tools_for_ARM/bin/../lib/gcc/arm-none-eabi/11.3.1/../../../../arm-none-eabi/lib/thumb/v7e-m+fp/hard/libc.a(libc_a-svfprintf.o)
 .text          0x000000000000966c        0x0 /usr/local/arm/GNU_Tools_for_ARM/bin/../lib/gcc/arm-none-eabi/11.3.1/../../../../arm-none-eabi/lib/thumb/v7e-m+fp/hard/libc.a(libc_a-mallocr.o)
 .text          0x000000000000966c        0x0 /usr/local/arm/GNU_Tools_for_ARM/bin/../lib/gcc/arm-none-eabi/11.3.1/../../../../arm-none-eabi/lib/thumb/v7e-m+fp/hard/libc.a(libc_a-__call_atexit.o)
 .text          0x000000000000966c        0x0 /usr/local/arm/GNU_Tools_for_ARM/bin/../lib/gcc/arm-none-eabi/11.3.1/../../../../arm-none-eabi/lib/thumb/v7e-m+fp/hard/libc.a(libc_a-memset.o)
 .text          0x000000000000966c        0x0 /usr/local/arm/GNU_Tools_for_ARM/bin/../lib/gcc/arm-none-eabi/11.3.1/../../../../arm-none-eabi/lib/thumb/v7e-m+fp/hard/libc.a(libc_a-wcrtomb.o)
 .text          0x000000000000966c        0x0 /usr/local/arm/GNU_Tools_for_ARM/bin/../lib/gcc/arm-none-eabi/11.3.1/../../../../arm-none-eabi/lib/thumb/v7e-m+fp/hard/libc.a(libc_a-init.o)
 .text          0x000000000000966c        0x0 /usr/local/arm/GNU_Tools_for_ARM/bin/../lib/gcc/arm-none-eabi/11.3.1/../../../../arm-none-eabi/lib/thumb/v7e-m+fp/hard/libc.a(libc_a-fini.o)
 .text          0x000000000000966c        0x0 /usr/local/arm/GNU_Tools_for_ARM/bin/../lib/gcc/arm-none-eabi/11.3.1/../../../../arm-none-eabi/lib/thumb/v7e-m+fp/hard/libc.a(libc_a-lock.o)
 .text          0x000000000000966c        0x0 /usr/local/arm/GNU_Tools_for_ARM/bin/../lib/gcc/arm-none-eabi/11.3.1/../../../../arm-none-eabi/lib/thumb/v7e-m+fp/hard/libc.a(libc_a-locale.o)
 .text          0x000000000000966c        0x0 /usr/local/arm/GNU_Tools_for_ARM/bin/../lib/gcc/arm-none-eabi/11.3.1/../../../../arm-none-eabi/lib/thumb/v7e-m+fp/hard/libc.a(libc_a-localeconv.o)
 *fill*         0x000000000000966c       0x14 
 .text          0x0000000000009680      0x2dc /usr/local/arm/GNU_Tools_for_ARM/bin/../lib/gcc/arm-none-eabi/11.3.1/../../../../arm-none-eabi/lib/thumb/v7e-m+fp/hard/libc.a(libc_a-strcmp.o)
                0x0000000000009688                strcmp
 .text          0x000000000000995c        0x0 /usr/local/arm/GNU_Tools_for_ARM/bin/../lib/gcc/arm-none-eabi/11.3.1/../../../../arm-none-eabi/lib/thumb/v7e-m+fp/hard/libc.a(libc_a-strcpy.o)
 .text          0x000000000000995c        0x0 /usr/local/arm/GNU_Tools_for_ARM/bin/../lib/gcc/arm-none-eabi/11.3.1/../../../../arm-none-eabi/lib/thumb/v7e-m+fp/hard/libc.a(libc_a-mlock.o)
 .text          0x000000000000995c        0x0 /usr/local/arm/GNU_Tools_for_ARM/bin/../lib/gcc/arm-none-eabi/11.3.1/../../../../arm-none-eabi/lib/thumb/v7e-m+fp/hard/libc.a(libc_a-atexit.o)
 .text          0x000000000000995c        0x0 /usr/local/arm/GNU_Tools_for_ARM/bin/../lib/gcc/arm-none-eabi/11.3.1/../../../../arm-none-eabi/lib/thumb/v7e-m+fp/hard/libc.a(libc_a-strchr.o)
 .text          0x000000000000995c        0x0 /usr/local/arm/GNU_Tools_for_ARM/bin/../lib/gcc/arm-none-eabi/11.3.1/../../../../arm-none-eabi/lib/thumb/v7e-m+fp/hard/libc.a(libc_a-wcsrtombs.o)
 .text          0x000000000000995c        0x0 /usr/local/arm/GNU_Tools_for_ARM/bin/../lib/gcc/arm-none-eabi/11.3.1/../../../../arm-none-eabi/lib/thumb/v7e-m+fp/hard/libc.a(libc_a-dtoa.o)
 .text          0x000000000000995c        0x0 /usr/local/arm/GNU_Tools_for_ARM/bin/../lib/gcc/arm-none-eabi/11.3.1/../../../../arm-none-eabi/lib/thumb/v7e-m+fp/hard/libc.a(libc_a-ctype_.o)
 .text          0x000000000000995c        0x0 /usr/local/arm/GNU_Tools_for_ARM/bin/../lib/gcc/arm-none-eabi/11.3.1/../../../../arm-none-eabi/lib/thumb/v7e-m+fp/hard/libc.a(libc_a-impure.o)
 .text          0x000000000000995c        0x0 /usr/local/arm/GNU_Tools_for_ARM/bin/../lib/gcc/arm-none-eabi/11.3.1/../../../../arm-none-eabi/lib/thumb/v7e-m+fp/hard/libc.a(libc_a-findfp.o)
 *fill*         0x000000000000995c        0x4 
 .text          0x0000000000009960       0xa0 /usr/local/arm/GNU_Tools_for_ARM/bin/../lib/gcc/arm-none-eabi/11.3.1/../../../../arm-none-eabi/lib/thumb/v7e-m+fp/hard/libc.a(libc_a-memchr.o)
                0x0000000000009960                memchr
 .text          0x0000000000009a00      0x134 /usr/local/arm/GNU_Tools_for_ARM/bin/../lib/gcc/arm-none-eabi/11.3.1/../../../../arm-none-eabi/lib/thumb/v7e-m+fp/hard/libc.a(libc_a-memcpy.o)
                0x0000000000009a00                memcpy
 *fill*         0x0000000000009b34        0xc 
 .text          0x0000000000009b40       0xdc /usr/local/arm/GNU_Tools_for_ARM/bin/../lib/gcc/arm-none-eabi/11.3.1/../../../../arm-none-eabi/lib/thumb/v7e-m+fp/hard/libc.a(libc_a-strlen.o)
                0x0000000000009b40                strlen
 .text          0x0000000000009c1c        0x0 /usr/local/arm/GNU_Tools_for_ARM/bin/../lib/gcc/arm-none-eabi/11.3.1/../../../../arm-none-eabi/lib/thumb/v7e-m+fp/hard/libc.a(libm_a-s_frexp.o)
 .text          0x0000000000009c1c        0x0 /usr/local/arm/GNU_Tools_for_ARM/bin/../lib/gcc/arm-none-eabi/11.3.1/../../../../arm-none-eabi/lib/thumb/v7e-m+fp/hard/libc.a(libc_a-strlcpy.o)
 .text          0x0000000000009c1c        0x0 /usr/local/arm/GNU_Tools_for_ARM/bin/../lib/gcc/arm-none-eabi/11.3.1/../../../../arm-none-eabi/lib/thumb/v7e-m+fp/hard/libc.a(libc_a-freer.o)
 .text          0x0000000000009c1c        0x0 /usr/local/arm/GNU_Tools_for_ARM/bin/../lib/gcc/arm-none-eabi/11.3.1/../../../../arm-none-eabi/lib/thumb/v7e-m+fp/hard/libc.a(libc_a-strtol.o)
 .text          0x0000000000009c1c        0x0 /usr/local/arm/GNU_Tools_for_ARM/bin/../lib/gcc/arm-none-eabi/11.3.1/../../../../arm-none-eabi/lib/thumb/v7e-m+fp/hard/libc.a(libc_a-strncasecmp.o)
 .text          0x0000000000009c1c        0x0 /usr/local/arm/GNU_Tools_for_ARM/bin/../lib/gcc/arm-none-eabi/11.3.1/../../../../arm-none-eabi/lib/thumb/v7e-m+fp/hard/libc.a(libc_a-getenv_r.o)
 .text          0x0000000000009c1c        0x0 /usr/local/arm/GNU_Tools_for_ARM/bin/../lib/gcc/arm-none-eabi/11.3.1/../../../../arm-none-eabi/lib/thumb/v7e-m+fp/hard/libc.a(libc_a-strncpy.o)
 .text          0x0000000000009c1c        0x0 /usr/local/arm/GNU_Tools_for_ARM/bin/../lib/gcc/arm-none-eabi/11.3.1/../../../../arm-none-eabi/lib/thumb/v7e-m+fp/hard/libc.a(libc_a-stdio.o)
 .text          0x0000000000009c1c        0x0 /usr/local/arm/GNU_Tools_for_ARM/bin/../lib/gcc/arm-none-eabi/11.3.1/../../../../arm-none-eabi/lib/thumb/v7e-m+fp/hard/libc.a(libc_a-wctomb_r.o)
 .text          0x0000000000009c1c        0x0 /usr/local/arm/GNU_Tools_for_ARM/bin/../lib/gcc/arm-none-eabi/11.3.1/../../../../arm-none-eabi/lib/thumb/v7e-m+fp/hard/libc.a(libc_a-sbrkr.o)
 .text          0x0000000000009c1c        0x0 /usr/local/arm/GNU_Tools_for_ARM/bin/../lib/gcc/arm-none-eabi/11.3.1/../../../../arm-none-eabi/lib/thumb/v7e-m+fp/hard/libc.a(libc_a-fwalk.o)
 .text          0x0000000000009c1c        0x0 /usr/local/arm/GNU_Tools_for_ARM/bin/../lib/gcc/arm-none-eabi/11.3.1/../../../../arm-none-eabi/lib/thumb/v7e-m+fp/hard/libc.a(libc_a-writer.o)
 .text          0x0000000000009c1c        0x0 /usr/local/arm/GNU_Tools_for_ARM/bin/../lib/gcc/arm-none-eabi/11.3.1/../../../../arm-none-eabi/lib/thumb/v7e-m+fp/hard/libc.a(libc_a-svfiprintf.o)
 .text          0x0000000000009c1c        0x0 /usr/local/arm/GNU_Tools_for_ARM/bin/../lib/gcc/arm-none-eabi/11.3.1/../../../../arm-none-eabi/lib/thumb/v7e-m+fp/hard/libc.a(libc_a-__atexit.o)
 .text          0x0000000000009c1c        0x0 /usr/local/arm/GNU_Tools_for_ARM/bin/../lib/gcc/arm-none-eabi/11.3.1/../../../../arm-none-eabi/lib/thumb/v7e-m+fp/hard/libc.a(libc_a-mbtowc_r.o)
 .text          0x0000000000009c1c        0x0 /usr/local/arm/GNU_Tools_for_ARM/bin/../lib/gcc/arm-none-eabi/11.3.1/../../../../arm-none-eabi/lib/thumb/v7e-m+fp/hard/libc.a(libc_a-memmove.o)
 .text          0x0000000000009c1c        0x0 /usr/local/arm/GNU_Tools_for_ARM/bin/../lib/gcc/arm-none-eabi/11.3.1/../../../../arm-none-eabi/lib/thumb/v7e-m+fp/hard/libc.a(libc_a-assert.o)
 .text          0x0000000000009c1c        0x0 /usr/local/arm/GNU_Tools_for_ARM/bin/../lib/gcc/arm-none-eabi/11.3.1/../../../../arm-none-eabi/lib/thumb/v7e-m+fp/hard/libc.a(libc_a-strcasecmp.o)
 .text          0x0000000000009c1c        0x0 /usr/local/arm/GNU_Tools_for_ARM/bin/../lib/gcc/arm-none-eabi/11.3.1/../../../../arm-none-eabi/lib/thumb/v7e-m+fp/hard/libc.a(libc_a-strcat.o)
 .text          0x0000000000009c1c        0x0 /usr/local/arm/GNU_Tools_for_ARM/bin/../lib/gcc/arm-none-eabi/11.3.1/../../../../arm-none-eabi/lib/thumb/v7e-m+fp/hard/libc.a(libc_a-fclose.o)
 .text          0x0000000000009c1c        0x0 /usr/local/arm/GNU_Tools_for_ARM/bin/../lib/gcc/arm-none-eabi/11.3.1/../../../../arm-none-eabi/lib/thumb/v7e-m+fp/hard/libc.a(libc_a-mprec.o)
 .text          0x0000000000009c1c        0x0 /usr/local/arm/GNU_Tools_for_ARM/bin/../lib/gcc/arm-none-eabi/11.3.1/../../../../arm-none-eabi/lib/thumb/v7e-m+fp/hard/libc.a(libc_a-callocr.o)
 .text          0x0000000000009c1c        0x0 /usr/local/arm/GNU_Tools_for_ARM/bin/../lib/gcc/arm-none-eabi/11.3.1/../../../../arm-none-eabi/lib/thumb/v7e-m+fp/hard/libc.a(libc_a-wcsnrtombs.o)
 .text          0x0000000000009c1c        0x0 /usr/local/arm/GNU_Tools_for_ARM/bin/../lib/gcc/arm-none-eabi/11.3.1/../../../../arm-none-eabi/lib/thumb/v7e-m+fp/hard/libc.a(libc_a-closer.o)
 .text          0x0000000000009c1c        0x0 /usr/local/arm/GNU_Tools_for_ARM/bin/../lib/gcc/arm-none-eabi/11.3.1/../../../../arm-none-eabi/lib/thumb/v7e-m+fp/hard/libc.a(libc_a-reent.o)
 .text          0x0000000000009c1c        0x0 /usr/local/arm/GNU_Tools_for_ARM/bin/../lib/gcc/arm-none-eabi/11.3.1/../../../../arm-none-eabi/lib/thumb/v7e-m+fp/hard/libc.a(libc_a-fflush.o)
 .text          0x0000000000009c1c        0x0 /usr/local/arm/GNU_Tools_for_ARM/bin/../lib/gcc/arm-none-eabi/11.3.1/../../../../arm-none-eabi/lib/thumb/v7e-m+fp/hard/libc.a(libc_a-reallocr.o)
 .text          0x0000000000009c1c        0x0 /usr/local/arm/GNU_Tools_for_ARM/bin/../lib/gcc/arm-none-eabi/11.3.1/../../../../arm-none-eabi/lib/thumb/v7e-m+fp/hard/libc.a(libc_a-envlock.o)
 .text          0x0000000000009c1c        0x0 /usr/local/arm/GNU_Tools_for_ARM/bin/../lib/gcc/arm-none-eabi/11.3.1/../../../../arm-none-eabi/lib/thumb/v7e-m+fp/hard/libc.a(libc_a-strncmp.o)
 .text          0x0000000000009c1c        0x0 /usr/local/arm/GNU_Tools_for_ARM/bin/../lib/gcc/arm-none-eabi/11.3.1/../../../../arm-none-eabi/lib/thumb/v7e-m+fp/hard/libc.a(libc_a-lseekr.o)
 .text          0x0000000000009c1c        0x0 /usr/local/arm/GNU_Tools_for_ARM/bin/../lib/gcc/arm-none-eabi/11.3.1/../../../../arm-none-eabi/lib/thumb/v7e-m+fp/hard/libc.a(libc_a-readr.o)
 .text          0x0000000000009c1c        0x0 /usr/local/arm/GNU_Tools_for_ARM/bin/../lib/gcc/arm-none-eabi/11.3.1/../../../../arm-none-eabi/lib/thumb/v7e-m+fp/hard/libc.a(libc_a-fiprintf.o)
 .text          0x0000000000009c1c        0x0 /usr/local/arm/GNU_Tools_for_ARM/bin/../lib/gcc/arm-none-eabi/11.3.1/../../../../arm-none-eabi/lib/thumb/v7e-m+fp/hard/libc.a(libc_a-vfiprintf.o)
 .text          0x0000000000009c1c        0x0 /usr/local/arm/GNU_Tools_for_ARM/bin/../lib/gcc/arm-none-eabi/11.3.1/../../../../arm-none-eabi/lib/thumb/v7e-m+fp/hard/libc.a(libc_a-abort.o)
 .text          0x0000000000009c1c        0x0 /usr/local/arm/GNU_Tools_for_ARM/bin/../lib/gcc/arm-none-eabi/11.3.1/../../../../arm-none-eabi/lib/thumb/v7e-m+fp/hard/libc.a(libc_a-wsetup.o)
 .text          0x0000000000009c1c        0x0 /usr/local/arm/GNU_Tools_for_ARM/bin/../lib/gcc/arm-none-eabi/11.3.1/../../../../arm-none-eabi/lib/thumb/v7e-m+fp/hard/libc.a(libc_a-makebuf.o)
 .text          0x0000000000009c1c        0x0 /usr/local/arm/GNU_Tools_for_ARM/bin/../lib/gcc/arm-none-eabi/11.3.1/../../../../arm-none-eabi/lib/thumb/v7e-m+fp/hard/libc.a(libc_a-fstatr.o)
 .text          0x0000000000009c1c        0x0 /usr/local/arm/GNU_Tools_for_ARM/bin/../lib/gcc/arm-none-eabi/11.3.1/../../../../arm-none-eabi/lib/thumb/v7e-m+fp/hard/libc.a(libc_a-signal.o)
 .text          0x0000000000009c1c        0x0 /usr/local/arm/GNU_Tools_for_ARM/bin/../lib/gcc/arm-none-eabi/11.3.1/../../../../arm-none-eabi/lib/thumb/v7e-m+fp/hard/libc.a(libc_a-isattyr.o)
 .text          0x0000000000009c1c        0x0 /usr/local/arm/GNU_Tools_for_ARM/bin/../lib/gcc/arm-none-eabi/11.3.1/../../../../arm-none-eabi/lib/thumb/v7e-m+fp/hard/libc.a(libc_a-fputwc.o)
 .text          0x0000000000009c1c        0x0 /usr/local/arm/GNU_Tools_for_ARM/bin/../lib/gcc/arm-none-eabi/11.3.1/../../../../arm-none-eabi/lib/thumb/v7e-m+fp/hard/libc.a(libc_a-signalr.o)
 .text          0x0000000000009c1c        0x0 /usr/local/arm/GNU_Tools_for_ARM/bin/../lib/gcc/arm-none-eabi/11.3.1/../../../../arm-none-eabi/lib/thumb/v7e-m+fp/hard/libc.a(libc_a-fvwrite.o)
 .text          0x0000000000009c1c        0x0 /usr/local/arm/GNU_Tools_for_ARM/bin/../lib/gcc/arm-none-eabi/11.3.1/../../../../arm-none-eabi/lib/thumb/v7e-m+fp/hard/libc.a(libc_a-wbuf.o)
 .text          0x0000000000009c1c        0x0 /usr/local/arm/GNU_Tools_for_ARM/bin/../lib/gcc/arm-none-eabi/11.3.1/../../../../arm-none-eabi/lib/thumb/v7e-m+fp/hard/libnosys.a(sbrk.o)
 .text          0x0000000000009c1c      0x254 /usr/local/arm/GNU_Tools_for_ARM/bin/../lib/gcc/arm-none-eabi/11.3.1/thumb/v7e-m+fp/hard/libgcc.a(_arm_muldf3.o)
 .text          0x0000000000009e70      0x378 /usr/local/arm/GNU_Tools_for_ARM/bin/../lib/gcc/arm-none-eabi/11.3.1/thumb/v7e-m+fp/hard/libgcc.a(_arm_addsubdf3.o)
                0x0000000000009e70                __aeabi_drsub
                0x0000000000009e78                __aeabi_dsub
                0x0000000000009e78                __subdf3
                0x0000000000009e7c                __adddf3
                0x0000000000009e7c                __aeabi_dadd
                0x000000000000a0f4                __aeabi_ui2d
                0x000000000000a0f4                __floatunsidf
                0x000000000000a114                __floatsidf
                0x000000000000a114                __aeabi_i2d
                0x000000000000a138                __extendsfdf2
                0x000000000000a138                __aeabi_f2d
                0x000000000000a17c                __aeabi_ul2d
                0x000000000000a17c                __floatundidf
                0x000000000000a18c                __floatdidf
                0x000000000000a18c                __aeabi_l2d
 .text          0x000000000000a1e8      0x424 /usr/local/arm/GNU_Tools_for_ARM/bin/../lib/gcc/arm-none-eabi/11.3.1/thumb/v7e-m+fp/hard/libgcc.a(_arm_muldivdf3.o)
                0x000000000000a1e8                __aeabi_dmul
                0x000000000000a1e8                __muldf3
                0x000000000000a43c                __aeabi_ddiv
                0x000000000000a43c                __divdf3
 .text          0x000000000000a60c      0x110 /usr/local/arm/GNU_Tools_for_ARM/bin/../lib/gcc/arm-none-eabi/11.3.1/thumb/v7e-m+fp/hard/libgcc.a(_arm_cmpdf2.o)
                0x000000000000a60c                __gtdf2
                0x000000000000a60c                __gedf2
                0x000000000000a614                __ltdf2
                0x000000000000a614                __ledf2
                0x000000000000a61c                __cmpdf2
                0x000000000000a61c                __eqdf2
                0x000000000000a61c                __nedf2
                0x000000000000a698                __aeabi_cdrcmple
                0x000000000000a6a8                __aeabi_cdcmple
                0x000000000000a6a8                __aeabi_cdcmpeq
                0x000000000000a6b8                __aeabi_dcmpeq
                0x000000000000a6cc                __aeabi_dcmplt
                0x000000000000a6e0                __aeabi_dcmple
                0x000000000000a6f4                __aeabi_dcmpge
                0x000000000000a708                __aeabi_dcmpgt
 .text          0x000000000000a71c       0x2c /usr/local/arm/GNU_Tools_for_ARM/bin/../lib/gcc/arm-none-eabi/11.3.1/thumb/v7e-m+fp/hard/libgcc.a(_arm_unorddf2.o)
                0x000000000000a71c                __aeabi_dcmpun
                0x000000000000a71c                __unorddf2
 .text          0x000000000000a748       0x50 /usr/local/arm/GNU_Tools_for_ARM/bin/../lib/gcc/arm-none-eabi/11.3.1/thumb/v7e-m+fp/hard/libgcc.a(_arm_fixdfsi.o)
                0x000000000000a748                __fixdfsi
                0x000000000000a748                __aeabi_d2iz
 .text          0x000000000000a798        0x0 /usr/local/arm/GNU_Tools_for_ARM/bin/../lib/gcc/arm-none-eabi/11.3.1/thumb/v7e-m+fp/hard/crtend.o
 .text          0x000000000000a798        0x0 /usr/local/arm/GNU_Tools_for_ARM/bin/../lib/gcc/arm-none-eabi/11.3.1/thumb/v7e-m+fp/hard/crtn.o
 *(.text.*)
 .text.deregister_tm_clones
                0x000000000000a798       0x1c /usr/local/arm/GNU_Tools_for_ARM/bin/../lib/gcc/arm-none-eabi/11.3.1/thumb/v7e-m+fp/hard/crtbegin.o
 .text.register_tm_clones
                0x000000000000a7b4       0x24 /usr/local/arm/GNU_Tools_for_ARM/bin/../lib/gcc/arm-none-eabi/11.3.1/thumb/v7e-m+fp/hard/crtbegin.o
 .text.__do_global_dtors_aux
                0x000000000000a7d8       0x28 /usr/local/arm/GNU_Tools_for_ARM/bin/../lib/gcc/arm-none-eabi/11.3.1/thumb/v7e-m+fp/hard/crtbegin.o
 .text.frame_dummy
                0x000000000000a800       0x24 /usr/local/arm/GNU_Tools_for_ARM/bin/../lib/gcc/arm-none-eabi/11.3.1/thumb/v7e-m+fp/hard/crtbegin.o
 .text.exit     0x000000000000a824       0x1c /usr/local/arm/GNU_Tools_for_ARM/bin/../lib/gcc/arm-none-eabi/11.3.1/../../../../arm-none-eabi/lib/thumb/v7e-m+fp/hard/libc.a(libc_a-exit.o)
                0x000000000000a824                exit
 .text.sprintf  0x000000000000a840       0x40 /usr/local/arm/GNU_Tools_for_ARM/bin/../lib/gcc/arm-none-eabi/11.3.1/../../../../arm-none-eabi/lib/thumb/v7e-m+fp/hard/libc.a(libc_a-sprintf.o)
                0x000000000000a840                sprintf
 .text.__errno  0x000000000000a880        0xc /usr/local/arm/GNU_Tools_for_ARM/bin/../lib/gcc/arm-none-eabi/11.3.1/../../../../arm-none-eabi/lib/thumb/v7e-m+fp/hard/libc.a(libc_a-errno.o)
                0x000000000000a880                __errno
 *fill*         0x000000000000a88c        0x4 
 .text._svfprintf_r
                0x000000000000a890     0x1be0 /usr/local/arm/GNU_Tools_for_ARM/bin/../lib/gcc/arm-none-eabi/11.3.1/../../../../arm-none-eabi/lib/thumb/v7e-m+fp/hard/libc.a(libc_a-svfprintf.o)
                0x000000000000a890                _svfprintf_r
 .text._malloc_r
                0x000000000000c470      0x560 /usr/local/arm/GNU_Tools_for_ARM/bin/../lib/gcc/arm-none-eabi/11.3.1/../../../../arm-none-eabi/lib/thumb/v7e-m+fp/hard/libc.a(libc_a-mallocr.o)
                0x000000000000c470                _malloc_r
 .text.startup.register_fini
                0x000000000000c9d0       0x14 /usr/local/arm/GNU_Tools_for_ARM/bin/../lib/gcc/arm-none-eabi/11.3.1/../../../../arm-none-eabi/lib/thumb/v7e-m+fp/hard/libc.a(libc_a-__call_atexit.o)
 .text.__call_exitprocs
                0x000000000000c9e4       0xc8 /usr/local/arm/GNU_Tools_for_ARM/bin/../lib/gcc/arm-none-eabi/11.3.1/../../../../arm-none-eabi/lib/thumb/v7e-m+fp/hard/libc.a(libc_a-__call_atexit.o)
                0x000000000000c9e4                __call_exitprocs
 .text.memset   0x000000000000caac       0xa4 /usr/local/arm/GNU_Tools_for_ARM/bin/../lib/gcc/arm-none-eabi/11.3.1/../../../../arm-none-eabi/lib/thumb/v7e-m+fp/hard/libc.a(libc_a-memset.o)
                0x000000000000caac                memset
 .text._wcrtomb_r
                0x000000000000cb50       0x4c /usr/local/arm/GNU_Tools_for_ARM/bin/../lib/gcc/arm-none-eabi/11.3.1/../../../../arm-none-eabi/lib/thumb/v7e-m+fp/hard/libc.a(libc_a-wcrtomb.o)
                0x000000000000cb50                _wcrtomb_r
 .text.__libc_init_array
                0x000000000000cb9c       0x48 /usr/local/arm/GNU_Tools_for_ARM/bin/../lib/gcc/arm-none-eabi/11.3.1/../../../../arm-none-eabi/lib/thumb/v7e-m+fp/hard/libc.a(libc_a-init.o)
                0x000000000000cb9c                __libc_init_array
 .text.__libc_fini_array
                0x000000000000cbe4       0x28 /usr/local/arm/GNU_Tools_for_ARM/bin/../lib/gcc/arm-none-eabi/11.3.1/../../../../arm-none-eabi/lib/thumb/v7e-m+fp/hard/libc.a(libc_a-fini.o)
                0x000000000000cbe4                __libc_fini_array
 .text.__retarget_lock_init_recursive
                0x000000000000cc0c        0x4 /usr/local/arm/GNU_Tools_for_ARM/bin/../lib/gcc/arm-none-eabi/11.3.1/../../../../arm-none-eabi/lib/thumb/v7e-m+fp/hard/libc.a(libc_a-lock.o)
                0x000000000000cc0c                __retarget_lock_init_recursive
 .text.__retarget_lock_close_recursive
                0x000000000000cc10        0x4 /usr/local/arm/GNU_Tools_for_ARM/bin/../lib/gcc/arm-none-eabi/11.3.1/../../../../arm-none-eabi/lib/thumb/v7e-m+fp/hard/libc.a(libc_a-lock.o)
                0x000000000000cc10                __retarget_lock_close_recursive
 .text.__retarget_lock_acquire_recursive
                0x000000000000cc14        0x4 /usr/local/arm/GNU_Tools_for_ARM/bin/../lib/gcc/arm-none-eabi/11.3.1/../../../../arm-none-eabi/lib/thumb/v7e-m+fp/hard/libc.a(libc_a-lock.o)
                0x000000000000cc14                __retarget_lock_acquire_recursive
 .text.__retarget_lock_release_recursive
                0x000000000000cc18        0x4 /usr/local/arm/GNU_Tools_for_ARM/bin/../lib/gcc/arm-none-eabi/11.3.1/../../../../arm-none-eabi/lib/thumb/v7e-m+fp/hard/libc.a(libc_a-lock.o)
                0x000000000000cc18                __retarget_lock_release_recursive
 .text.__locale_mb_cur_max
                0x000000000000cc1c        0xc /usr/local/arm/GNU_Tools_for_ARM/bin/../lib/gcc/arm-none-eabi/11.3.1/../../../../arm-none-eabi/lib/thumb/v7e-m+fp/hard/libc.a(libc_a-locale.o)
                0x000000000000cc1c                __locale_mb_cur_max
 .text._localeconv_r
                0x000000000000cc28        0x8 /usr/local/arm/GNU_Tools_for_ARM/bin/../lib/gcc/arm-none-eabi/11.3.1/../../../../arm-none-eabi/lib/thumb/v7e-m+fp/hard/libc.a(libc_a-localeconv.o)
                0x000000000000cc28                _localeconv_r
 .text.__malloc_lock
                0x000000000000cc30        0xc /usr/local/arm/GNU_Tools_for_ARM/bin/../lib/gcc/arm-none-eabi/11.3.1/../../../../arm-none-eabi/lib/thumb/v7e-m+fp/hard/libc.a(libc_a-mlock.o)
                0x000000000000cc30                __malloc_lock
 .text.__malloc_unlock
                0x000000000000cc3c        0xc /usr/local/arm/GNU_Tools_for_ARM/bin/../lib/gcc/arm-none-eabi/11.3.1/../../../../arm-none-eabi/lib/thumb/v7e-m+fp/hard/libc.a(libc_a-mlock.o)
                0x000000000000cc3c                __malloc_unlock
 .text.atexit   0x000000000000cc48        0xc /usr/local/arm/GNU_Tools_for_ARM/bin/../lib/gcc/arm-none-eabi/11.3.1/../../../../arm-none-eabi/lib/thumb/v7e-m+fp/hard/libc.a(libc_a-atexit.o)
                0x000000000000cc48                atexit
 .text._wcsrtombs_r
                0x000000000000cc54       0x18 /usr/local/arm/GNU_Tools_for_ARM/bin/../lib/gcc/arm-none-eabi/11.3.1/../../../../arm-none-eabi/lib/thumb/v7e-m+fp/hard/libc.a(libc_a-wcsrtombs.o)
                0x000000000000cc54                _wcsrtombs_r
 .text.quorem   0x000000000000cc6c      0x128 /usr/local/arm/GNU_Tools_for_ARM/bin/../lib/gcc/arm-none-eabi/11.3.1/../../../../arm-none-eabi/lib/thumb/v7e-m+fp/hard/libc.a(libc_a-dtoa.o)
 *fill*         0x000000000000cd94        0x4 
 .text._dtoa_r  0x000000000000cd98      0xf3c /usr/local/arm/GNU_Tools_for_ARM/bin/../lib/gcc/arm-none-eabi/11.3.1/../../../../arm-none-eabi/lib/thumb/v7e-m+fp/hard/libc.a(libc_a-dtoa.o)
                0x000000000000cd98                _dtoa_r
 .text.stdio_exit_handler
                0x000000000000dcd4       0x18 /usr/local/arm/GNU_Tools_for_ARM/bin/../lib/gcc/arm-none-eabi/11.3.1/../../../../arm-none-eabi/lib/thumb/v7e-m+fp/hard/libc.a(libc_a-findfp.o)
 .text.cleanup_stdio
                0x000000000000dcec       0x40 /usr/local/arm/GNU_Tools_for_ARM/bin/../lib/gcc/arm-none-eabi/11.3.1/../../../../arm-none-eabi/lib/thumb/v7e-m+fp/hard/libc.a(libc_a-findfp.o)
 .text.global_stdio_init.part.0
                0x000000000000dd2c       0xd4 /usr/local/arm/GNU_Tools_for_ARM/bin/../lib/gcc/arm-none-eabi/11.3.1/../../../../arm-none-eabi/lib/thumb/v7e-m+fp/hard/libc.a(libc_a-findfp.o)
 .text.__sinit  0x000000000000de00       0x3c /usr/local/arm/GNU_Tools_for_ARM/bin/../lib/gcc/arm-none-eabi/11.3.1/../../../../arm-none-eabi/lib/thumb/v7e-m+fp/hard/libc.a(libc_a-findfp.o)
                0x000000000000de00                __sinit
 .text.__sfp_lock_acquire
                0x000000000000de3c        0xc /usr/local/arm/GNU_Tools_for_ARM/bin/../lib/gcc/arm-none-eabi/11.3.1/../../../../arm-none-eabi/lib/thumb/v7e-m+fp/hard/libc.a(libc_a-findfp.o)
                0x000000000000de3c                __sfp_lock_acquire
 .text.__sfp_lock_release
                0x000000000000de48        0xc /usr/local/arm/GNU_Tools_for_ARM/bin/../lib/gcc/arm-none-eabi/11.3.1/../../../../arm-none-eabi/lib/thumb/v7e-m+fp/hard/libc.a(libc_a-findfp.o)
                0x000000000000de48                __sfp_lock_release
 .text.frexp    0x000000000000de54       0x6c /usr/local/arm/GNU_Tools_for_ARM/bin/../lib/gcc/arm-none-eabi/11.3.1/../../../../arm-none-eabi/lib/thumb/v7e-m+fp/hard/libc.a(libm_a-s_frexp.o)
                0x000000000000de54                frexp
 .text._malloc_trim_r
                0x000000000000dec0       0xa0 /usr/local/arm/GNU_Tools_for_ARM/bin/../lib/gcc/arm-none-eabi/11.3.1/../../../../arm-none-eabi/lib/thumb/v7e-m+fp/hard/libc.a(libc_a-freer.o)
                0x000000000000dec0                _malloc_trim_r
 .text._free_r  0x000000000000df60      0x20c /usr/local/arm/GNU_Tools_for_ARM/bin/../lib/gcc/arm-none-eabi/11.3.1/../../../../arm-none-eabi/lib/thumb/v7e-m+fp/hard/libc.a(libc_a-freer.o)
                0x000000000000df60                _free_r
 .text.strncpy  0x000000000000e16c       0x64 /usr/local/arm/GNU_Tools_for_ARM/bin/../lib/gcc/arm-none-eabi/11.3.1/../../../../arm-none-eabi/lib/thumb/v7e-m+fp/hard/libc.a(libc_a-strncpy.o)
                0x000000000000e16c                strncpy
 .text.__sread  0x000000000000e1d0       0x24 /usr/local/arm/GNU_Tools_for_ARM/bin/../lib/gcc/arm-none-eabi/11.3.1/../../../../arm-none-eabi/lib/thumb/v7e-m+fp/hard/libc.a(libc_a-stdio.o)
                0x000000000000e1d0                __sread
 .text.__swrite
                0x000000000000e1f4       0x40 /usr/local/arm/GNU_Tools_for_ARM/bin/../lib/gcc/arm-none-eabi/11.3.1/../../../../arm-none-eabi/lib/thumb/v7e-m+fp/hard/libc.a(libc_a-stdio.o)
                0x000000000000e1f4                __swrite
 .text.__sseek  0x000000000000e234       0x20 /usr/local/arm/GNU_Tools_for_ARM/bin/../lib/gcc/arm-none-eabi/11.3.1/../../../../arm-none-eabi/lib/thumb/v7e-m+fp/hard/libc.a(libc_a-stdio.o)
                0x000000000000e234                __sseek
 .text.__sclose
                0x000000000000e254        0x8 /usr/local/arm/GNU_Tools_for_ARM/bin/../lib/gcc/arm-none-eabi/11.3.1/../../../../arm-none-eabi/lib/thumb/v7e-m+fp/hard/libc.a(libc_a-stdio.o)
                0x000000000000e254                __sclose
 .text.__ascii_wctomb
                0x000000000000e25c       0x1c /usr/local/arm/GNU_Tools_for_ARM/bin/../lib/gcc/arm-none-eabi/11.3.1/../../../../arm-none-eabi/lib/thumb/v7e-m+fp/hard/libc.a(libc_a-wctomb_r.o)
                0x000000000000e25c                __ascii_wctomb
 .text._sbrk_r  0x000000000000e278       0x24 /usr/local/arm/GNU_Tools_for_ARM/bin/../lib/gcc/arm-none-eabi/11.3.1/../../../../arm-none-eabi/lib/thumb/v7e-m+fp/hard/libc.a(libc_a-sbrkr.o)
                0x000000000000e278                _sbrk_r
 .text._fwalk_sglue
                0x000000000000e29c       0x48 /usr/local/arm/GNU_Tools_for_ARM/bin/../lib/gcc/arm-none-eabi/11.3.1/../../../../arm-none-eabi/lib/thumb/v7e-m+fp/hard/libc.a(libc_a-fwalk.o)
                0x000000000000e29c                _fwalk_sglue
 .text._write_r
                0x000000000000e2e4       0x2c /usr/local/arm/GNU_Tools_for_ARM/bin/../lib/gcc/arm-none-eabi/11.3.1/../../../../arm-none-eabi/lib/thumb/v7e-m+fp/hard/libc.a(libc_a-writer.o)
                0x000000000000e2e4                _write_r
 .text.__ssprint_r
                0x000000000000e310      0x100 /usr/local/arm/GNU_Tools_for_ARM/bin/../lib/gcc/arm-none-eabi/11.3.1/../../../../arm-none-eabi/lib/thumb/v7e-m+fp/hard/libc.a(libc_a-svfiprintf.o)
                0x000000000000e310                __ssprint_r
 .text.__register_exitproc
                0x000000000000e410       0x88 /usr/local/arm/GNU_Tools_for_ARM/bin/../lib/gcc/arm-none-eabi/11.3.1/../../../../arm-none-eabi/lib/thumb/v7e-m+fp/hard/libc.a(libc_a-__atexit.o)
                0x000000000000e410                __register_exitproc
 .text.__ascii_mbtowc
                0x000000000000e498       0x2c /usr/local/arm/GNU_Tools_for_ARM/bin/../lib/gcc/arm-none-eabi/11.3.1/../../../../arm-none-eabi/lib/thumb/v7e-m+fp/hard/libc.a(libc_a-mbtowc_r.o)
                0x000000000000e498                __ascii_mbtowc
 .text.memmove  0x000000000000e4c4       0xf8 /usr/local/arm/GNU_Tools_for_ARM/bin/../lib/gcc/arm-none-eabi/11.3.1/../../../../arm-none-eabi/lib/thumb/v7e-m+fp/hard/libc.a(libc_a-memmove.o)
                0x000000000000e4c4                memmove
 .text.__assert_func
                0x000000000000e5bc       0x40 /usr/local/arm/GNU_Tools_for_ARM/bin/../lib/gcc/arm-none-eabi/11.3.1/../../../../arm-none-eabi/lib/thumb/v7e-m+fp/hard/libc.a(libc_a-assert.o)
                0x000000000000e5bc                __assert_func
 .text._fclose_r
                0x000000000000e5fc       0xc8 /usr/local/arm/GNU_Tools_for_ARM/bin/../lib/gcc/arm-none-eabi/11.3.1/../../../../arm-none-eabi/lib/thumb/v7e-m+fp/hard/libc.a(libc_a-fclose.o)
                0x000000000000e5fc                _fclose_r
 .text._Balloc  0x000000000000e6c4       0x4c /usr/local/arm/GNU_Tools_for_ARM/bin/../lib/gcc/arm-none-eabi/11.3.1/../../../../arm-none-eabi/lib/thumb/v7e-m+fp/hard/libc.a(libc_a-mprec.o)
                0x000000000000e6c4                _Balloc
 .text._Bfree   0x000000000000e710       0x14 /usr/local/arm/GNU_Tools_for_ARM/bin/../lib/gcc/arm-none-eabi/11.3.1/../../../../arm-none-eabi/lib/thumb/v7e-m+fp/hard/libc.a(libc_a-mprec.o)
                0x000000000000e710                _Bfree
 .text.__multadd
                0x000000000000e724       0xa4 /usr/local/arm/GNU_Tools_for_ARM/bin/../lib/gcc/arm-none-eabi/11.3.1/../../../../arm-none-eabi/lib/thumb/v7e-m+fp/hard/libc.a(libc_a-mprec.o)
                0x000000000000e724                __multadd
 .text.__hi0bits
                0x000000000000e7c8       0x40 /usr/local/arm/GNU_Tools_for_ARM/bin/../lib/gcc/arm-none-eabi/11.3.1/../../../../arm-none-eabi/lib/thumb/v7e-m+fp/hard/libc.a(libc_a-mprec.o)
                0x000000000000e7c8                __hi0bits
 .text.__lo0bits
                0x000000000000e808       0x60 /usr/local/arm/GNU_Tools_for_ARM/bin/../lib/gcc/arm-none-eabi/11.3.1/../../../../arm-none-eabi/lib/thumb/v7e-m+fp/hard/libc.a(libc_a-mprec.o)
                0x000000000000e808                __lo0bits
 .text.__i2b    0x000000000000e868       0x5c /usr/local/arm/GNU_Tools_for_ARM/bin/../lib/gcc/arm-none-eabi/11.3.1/../../../../arm-none-eabi/lib/thumb/v7e-m+fp/hard/libc.a(libc_a-mprec.o)
                0x000000000000e868                __i2b
 .text.__multiply
                0x000000000000e8c4      0x15c /usr/local/arm/GNU_Tools_for_ARM/bin/../lib/gcc/arm-none-eabi/11.3.1/../../../../arm-none-eabi/lib/thumb/v7e-m+fp/hard/libc.a(libc_a-mprec.o)
                0x000000000000e8c4                __multiply
 .text.__pow5mult
                0x000000000000ea20       0xc0 /usr/local/arm/GNU_Tools_for_ARM/bin/../lib/gcc/arm-none-eabi/11.3.1/../../../../arm-none-eabi/lib/thumb/v7e-m+fp/hard/libc.a(libc_a-mprec.o)
                0x000000000000ea20                __pow5mult
 .text.__lshift
                0x000000000000eae0       0xf0 /usr/local/arm/GNU_Tools_for_ARM/bin/../lib/gcc/arm-none-eabi/11.3.1/../../../../arm-none-eabi/lib/thumb/v7e-m+fp/hard/libc.a(libc_a-mprec.o)
                0x000000000000eae0                __lshift
 .text.__mcmp   0x000000000000ebd0       0x44 /usr/local/arm/GNU_Tools_for_ARM/bin/../lib/gcc/arm-none-eabi/11.3.1/../../../../arm-none-eabi/lib/thumb/v7e-m+fp/hard/libc.a(libc_a-mprec.o)
                0x000000000000ebd0                __mcmp
 .text.__mdiff  0x000000000000ec14      0x154 /usr/local/arm/GNU_Tools_for_ARM/bin/../lib/gcc/arm-none-eabi/11.3.1/../../../../arm-none-eabi/lib/thumb/v7e-m+fp/hard/libc.a(libc_a-mprec.o)
                0x000000000000ec14                __mdiff
 .text.__d2b    0x000000000000ed68       0xd4 /usr/local/arm/GNU_Tools_for_ARM/bin/../lib/gcc/arm-none-eabi/11.3.1/../../../../arm-none-eabi/lib/thumb/v7e-m+fp/hard/libc.a(libc_a-mprec.o)
                0x000000000000ed68                __d2b
 .text._calloc_r
                0x000000000000ee3c       0x78 /usr/local/arm/GNU_Tools_for_ARM/bin/../lib/gcc/arm-none-eabi/11.3.1/../../../../arm-none-eabi/lib/thumb/v7e-m+fp/hard/libc.a(libc_a-callocr.o)
                0x000000000000ee3c                _calloc_r
 .text._wcsnrtombs_l
                0x000000000000eeb4      0x108 /usr/local/arm/GNU_Tools_for_ARM/bin/../lib/gcc/arm-none-eabi/11.3.1/../../../../arm-none-eabi/lib/thumb/v7e-m+fp/hard/libc.a(libc_a-wcsnrtombs.o)
                0x000000000000eeb4                _wcsnrtombs_l
 .text._wcsnrtombs_r
                0x000000000000efbc       0x24 /usr/local/arm/GNU_Tools_for_ARM/bin/../lib/gcc/arm-none-eabi/11.3.1/../../../../arm-none-eabi/lib/thumb/v7e-m+fp/hard/libc.a(libc_a-wcsnrtombs.o)
                0x000000000000efbc                _wcsnrtombs_r
 .text._close_r
                0x000000000000efe0       0x24 /usr/local/arm/GNU_Tools_for_ARM/bin/../lib/gcc/arm-none-eabi/11.3.1/../../../../arm-none-eabi/lib/thumb/v7e-m+fp/hard/libc.a(libc_a-closer.o)
                0x000000000000efe0                _close_r
 .text.__sflush_r
                0x000000000000f004      0x130 /usr/local/arm/GNU_Tools_for_ARM/bin/../lib/gcc/arm-none-eabi/11.3.1/../../../../arm-none-eabi/lib/thumb/v7e-m+fp/hard/libc.a(libc_a-fflush.o)
                0x000000000000f004                __sflush_r
 .text._fflush_r
                0x000000000000f134       0x54 /usr/local/arm/GNU_Tools_for_ARM/bin/../lib/gcc/arm-none-eabi/11.3.1/../../../../arm-none-eabi/lib/thumb/v7e-m+fp/hard/libc.a(libc_a-fflush.o)
                0x000000000000f134                _fflush_r
 .text._realloc_r
                0x000000000000f188      0x3d8 /usr/local/arm/GNU_Tools_for_ARM/bin/../lib/gcc/arm-none-eabi/11.3.1/../../../../arm-none-eabi/lib/thumb/v7e-m+fp/hard/libc.a(libc_a-reallocr.o)
                0x000000000000f188                _realloc_r
 .text._lseek_r
                0x000000000000f560       0x2c /usr/local/arm/GNU_Tools_for_ARM/bin/../lib/gcc/arm-none-eabi/11.3.1/../../../../arm-none-eabi/lib/thumb/v7e-m+fp/hard/libc.a(libc_a-lseekr.o)
                0x000000000000f560                _lseek_r
 .text._read_r  0x000000000000f58c       0x2c /usr/local/arm/GNU_Tools_for_ARM/bin/../lib/gcc/arm-none-eabi/11.3.1/../../../../arm-none-eabi/lib/thumb/v7e-m+fp/hard/libc.a(libc_a-readr.o)
                0x000000000000f58c                _read_r
 .text.fiprintf
                0x000000000000f5b8       0x28 /usr/local/arm/GNU_Tools_for_ARM/bin/../lib/gcc/arm-none-eabi/11.3.1/../../../../arm-none-eabi/lib/thumb/v7e-m+fp/hard/libc.a(libc_a-fiprintf.o)
                0x000000000000f5b8                fiprintf
 .text.__sprint_r.part.0
                0x000000000000f5e0       0x78 /usr/local/arm/GNU_Tools_for_ARM/bin/../lib/gcc/arm-none-eabi/11.3.1/../../../../arm-none-eabi/lib/thumb/v7e-m+fp/hard/libc.a(libc_a-vfiprintf.o)
 .text._vfiprintf_r
                0x000000000000f658      0xf8c /usr/local/arm/GNU_Tools_for_ARM/bin/../lib/gcc/arm-none-eabi/11.3.1/../../../../arm-none-eabi/lib/thumb/v7e-m+fp/hard/libc.a(libc_a-vfiprintf.o)
                0x000000000000f658                _vfiprintf_r
 .text.__sbprintf
                0x00000000000105e4       0x80 /usr/local/arm/GNU_Tools_for_ARM/bin/../lib/gcc/arm-none-eabi/11.3.1/../../../../arm-none-eabi/lib/thumb/v7e-m+fp/hard/libc.a(libc_a-vfiprintf.o)
 .text.abort    0x0000000000010664       0x10 /usr/local/arm/GNU_Tools_for_ARM/bin/../lib/gcc/arm-none-eabi/11.3.1/../../../../arm-none-eabi/lib/thumb/v7e-m+fp/hard/libc.a(libc_a-abort.o)
                0x0000000000010664                abort
 .text.__swsetup_r
                0x0000000000010674       0xcc /usr/local/arm/GNU_Tools_for_ARM/bin/../lib/gcc/arm-none-eabi/11.3.1/../../../../arm-none-eabi/lib/thumb/v7e-m+fp/hard/libc.a(libc_a-wsetup.o)
                0x0000000000010674                __swsetup_r
 .text.__smakebuf_r
                0x0000000000010740       0xd8 /usr/local/arm/GNU_Tools_for_ARM/bin/../lib/gcc/arm-none-eabi/11.3.1/../../../../arm-none-eabi/lib/thumb/v7e-m+fp/hard/libc.a(libc_a-makebuf.o)
                0x0000000000010740                __smakebuf_r
 .text._fstat_r
                0x0000000000010818       0x2c /usr/local/arm/GNU_Tools_for_ARM/bin/../lib/gcc/arm-none-eabi/11.3.1/../../../../arm-none-eabi/lib/thumb/v7e-m+fp/hard/libc.a(libc_a-fstatr.o)
                0x0000000000010818                _fstat_r
 .text.raise    0x0000000000010844       0x5c /usr/local/arm/GNU_Tools_for_ARM/bin/../lib/gcc/arm-none-eabi/11.3.1/../../../../arm-none-eabi/lib/thumb/v7e-m+fp/hard/libc.a(libc_a-signal.o)
                0x0000000000010844                raise
 .text._isatty_r
                0x00000000000108a0       0x24 /usr/local/arm/GNU_Tools_for_ARM/bin/../lib/gcc/arm-none-eabi/11.3.1/../../../../arm-none-eabi/lib/thumb/v7e-m+fp/hard/libc.a(libc_a-isattyr.o)
                0x00000000000108a0                _isatty_r
 .text.__fputwc
                0x00000000000108c4       0xac /usr/local/arm/GNU_Tools_for_ARM/bin/../lib/gcc/arm-none-eabi/11.3.1/../../../../arm-none-eabi/lib/thumb/v7e-m+fp/hard/libc.a(libc_a-fputwc.o)
                0x00000000000108c4                __fputwc
 .text._fputwc_r
                0x0000000000010970       0x68 /usr/local/arm/GNU_Tools_for_ARM/bin/../lib/gcc/arm-none-eabi/11.3.1/../../../../arm-none-eabi/lib/thumb/v7e-m+fp/hard/libc.a(libc_a-fputwc.o)
                0x0000000000010970                _fputwc_r
 .text._kill_r  0x00000000000109d8       0x2c /usr/local/arm/GNU_Tools_for_ARM/bin/../lib/gcc/arm-none-eabi/11.3.1/../../../../arm-none-eabi/lib/thumb/v7e-m+fp/hard/libc.a(libc_a-signalr.o)
                0x00000000000109d8                _kill_r
 .text._getpid_r
                0x0000000000010a04        0x4 /usr/local/arm/GNU_Tools_for_ARM/bin/../lib/gcc/arm-none-eabi/11.3.1/../../../../arm-none-eabi/lib/thumb/v7e-m+fp/hard/libc.a(libc_a-signalr.o)
                0x0000000000010a04                _getpid_r
 .text.__sfvwrite_r
                0x0000000000010a08      0x2f4 /usr/local/arm/GNU_Tools_for_ARM/bin/../lib/gcc/arm-none-eabi/11.3.1/../../../../arm-none-eabi/lib/thumb/v7e-m+fp/hard/libc.a(libc_a-fvwrite.o)
                0x0000000000010a08                __sfvwrite_r
 .text.__swbuf_r
                0x0000000000010cfc       0xb0 /usr/local/arm/GNU_Tools_for_ARM/bin/../lib/gcc/arm-none-eabi/11.3.1/../../../../arm-none-eabi/lib/thumb/v7e-m+fp/hard/libc.a(libc_a-wbuf.o)
                0x0000000000010cfc                __swbuf_r
 .text._sbrk    0x0000000000010dac       0x1c /usr/local/arm/GNU_Tools_for_ARM/bin/../lib/gcc/arm-none-eabi/11.3.1/../../../../arm-none-eabi/lib/thumb/v7e-m+fp/hard/libnosys.a(sbrk.o)
                0x0000000000010dac                _sbrk
                0x0000000000010dc8                . = ALIGN (0x4)
 *(.ctors)
                0x0000000000010dc8                . = ALIGN (0x4)
 *(.dtors)
                0x0000000000010dc8                . = ALIGN (0x4)
                0x0000000000010dc8                __init_array_start = .
 *(.init_array*)
 .init_array    0x0000000000010dc8        0x4 /usr/local/arm/GNU_Tools_for_ARM/bin/../lib/gcc/arm-none-eabi/11.3.1/thumb/v7e-m+fp/hard/crtbegin.o
 .init_array.00000
                0x0000000000010dcc        0x4 /usr/local/arm/GNU_Tools_for_ARM/bin/../lib/gcc/arm-none-eabi/11.3.1/../../../../arm-none-eabi/lib/thumb/v7e-m+fp/hard/libc.a(libc_a-__call_atexit.o)
                0x0000000000010dd0                __init_array_end = .
 *(.init)
 .init          0x0000000000010dd0        0x4 /usr/local/arm/GNU_Tools_for_ARM/bin/../lib/gcc/arm-none-eabi/11.3.1/thumb/v7e-m+fp/hard/crti.o
                0x0000000000010dd0                _init
 .init          0x0000000000010dd4        0x8 /usr/local/arm/GNU_Tools_for_ARM/bin/../lib/gcc/arm-none-eabi/11.3.1/thumb/v7e-m+fp/hard/crtn.o
 *(.fini*)
 .fini          0x0000000000010ddc        0x4 /usr/local/arm/GNU_Tools_for_ARM/bin/../lib/gcc/arm-none-eabi/11.3.1/thumb/v7e-m+fp/hard/crti.o
                0x0000000000010ddc                _fini
 .fini_array    0x0000000000010de0        0x4 /usr/local/arm/GNU_Tools_for_ARM/bin/../lib/gcc/arm-none-eabi/11.3.1/thumb/v7e-m+fp/hard/crtbegin.o
 .fini          0x0000000000010de4        0x8 /usr/local/arm/GNU_Tools_for_ARM/bin/../lib/gcc/arm-none-eabi/11.3.1/thumb/v7e-m+fp/hard/crtn.o

.glue_7         0x0000000000010dec        0x0
 .glue_7        0x0000000000010dec        0x0 linker stubs

.glue_7t        0x0000000000010dec        0x0
 .glue_7t       0x0000000000010dec        0x0 linker stubs

.vfp11_veneer   0x0000000000010dec        0x0
 .vfp11_veneer  0x0000000000010dec        0x0 linker stubs

.v4_bx          0x0000000000010dec        0x0
 .v4_bx         0x0000000000010dec        0x0 linker stubs

.iplt           0x0000000000010dec        0x0
 .iplt          0x0000000000010dec        0x0 /usr/local/arm/GNU_Tools_for_ARM/bin/../lib/gcc/arm-none-eabi/11.3.1/thumb/v7e-m+fp/hard/crtbegin.o

.rodata         0x0000000000010df0      0x504
 *(.rodata)
 .rodata        0x0000000000010df0        0x8 build/main.o
 .rodata        0x0000000000010df8       0x4c build/gpio.o
 .rodata        0x0000000000010e44       0x90 build/interrupt.o
 .rodata        0x0000000000010ed4       0x35 build/user_uart.o
 *(.rodata.*)
 *fill*         0x0000000000010f09        0x3 
 .rodata._svfprintf_r.str1.4
                0x0000000000010f0c       0x42 /usr/local/arm/GNU_Tools_for_ARM/bin/../lib/gcc/arm-none-eabi/11.3.1/../../../../arm-none-eabi/lib/thumb/v7e-m+fp/hard/libc.a(libc_a-svfprintf.o)
 *fill*         0x0000000000010f4e        0x2 
 .rodata.blanks.1
                0x0000000000010f50       0x10 /usr/local/arm/GNU_Tools_for_ARM/bin/../lib/gcc/arm-none-eabi/11.3.1/../../../../arm-none-eabi/lib/thumb/v7e-m+fp/hard/libc.a(libc_a-svfprintf.o)
 .rodata.zeroes.0
                0x0000000000010f60       0x10 /usr/local/arm/GNU_Tools_for_ARM/bin/../lib/gcc/arm-none-eabi/11.3.1/../../../../arm-none-eabi/lib/thumb/v7e-m+fp/hard/libc.a(libc_a-svfprintf.o)
 .rodata.str1.4
                0x0000000000010f70       0x48 /usr/local/arm/GNU_Tools_for_ARM/bin/../lib/gcc/arm-none-eabi/11.3.1/../../../../arm-none-eabi/lib/thumb/v7e-m+fp/hard/libc.a(libc_a-locale.o)
                                         0x4c (size before relaxing)
 .rodata._dtoa_r.str1.4
                0x0000000000010fb8       0x7d /usr/local/arm/GNU_Tools_for_ARM/bin/../lib/gcc/arm-none-eabi/11.3.1/../../../../arm-none-eabi/lib/thumb/v7e-m+fp/hard/libc.a(libc_a-dtoa.o)
                                         0x81 (size before relaxing)
 *fill*         0x0000000000011035        0x3 
 .rodata._ctype_
                0x0000000000011038      0x101 /usr/local/arm/GNU_Tools_for_ARM/bin/../lib/gcc/arm-none-eabi/11.3.1/../../../../arm-none-eabi/lib/thumb/v7e-m+fp/hard/libc.a(libc_a-ctype_.o)
                0x0000000000011038                _ctype_
 *fill*         0x0000000000011139        0x3 
 .rodata.__assert_func.str1.4
                0x000000000001113c       0x3f /usr/local/arm/GNU_Tools_for_ARM/bin/../lib/gcc/arm-none-eabi/11.3.1/../../../../arm-none-eabi/lib/thumb/v7e-m+fp/hard/libc.a(libc_a-assert.o)
                                         0x43 (size before relaxing)
 *fill*         0x000000000001117b        0x1 
 .rodata.__multadd.str1.4
                0x000000000001117c       0x5a /usr/local/arm/GNU_Tools_for_ARM/bin/../lib/gcc/arm-none-eabi/11.3.1/../../../../arm-none-eabi/lib/thumb/v7e-m+fp/hard/libc.a(libc_a-mprec.o)
                                         0x6e (size before relaxing)
 *fill*         0x00000000000111d6        0x2 
 .rodata.__mprec_bigtens
                0x00000000000111d8       0x28 /usr/local/arm/GNU_Tools_for_ARM/bin/../lib/gcc/arm-none-eabi/11.3.1/../../../../arm-none-eabi/lib/thumb/v7e-m+fp/hard/libc.a(libc_a-mprec.o)
                0x00000000000111d8                __mprec_bigtens
 .rodata.__mprec_tens
                0x0000000000011200       0xc8 /usr/local/arm/GNU_Tools_for_ARM/bin/../lib/gcc/arm-none-eabi/11.3.1/../../../../arm-none-eabi/lib/thumb/v7e-m+fp/hard/libc.a(libc_a-mprec.o)
                0x0000000000011200                __mprec_tens
 .rodata.p05.0  0x00000000000112c8        0xc /usr/local/arm/GNU_Tools_for_ARM/bin/../lib/gcc/arm-none-eabi/11.3.1/../../../../arm-none-eabi/lib/thumb/v7e-m+fp/hard/libc.a(libc_a-mprec.o)
 .rodata._vfiprintf_r.str1.4
                0x00000000000112d4       0x2f /usr/local/arm/GNU_Tools_for_ARM/bin/../lib/gcc/arm-none-eabi/11.3.1/../../../../arm-none-eabi/lib/thumb/v7e-m+fp/hard/libc.a(libc_a-vfiprintf.o)
 .rodata.blanks.1
                0x00000000000112d4       0x10 /usr/local/arm/GNU_Tools_for_ARM/bin/../lib/gcc/arm-none-eabi/11.3.1/../../../../arm-none-eabi/lib/thumb/v7e-m+fp/hard/libc.a(libc_a-vfiprintf.o)
 .rodata.zeroes.0
                0x00000000000112e4       0x10 /usr/local/arm/GNU_Tools_for_ARM/bin/../lib/gcc/arm-none-eabi/11.3.1/../../../../arm-none-eabi/lib/thumb/v7e-m+fp/hard/libc.a(libc_a-vfiprintf.o)

.eh_frame       0x00000000000112f4        0x0
 .eh_frame      0x00000000000112f4        0x0 /usr/local/arm/GNU_Tools_for_ARM/bin/../lib/gcc/arm-none-eabi/11.3.1/thumb/v7e-m+fp/hard/crtbegin.o

.ARM.exidx      0x00000000000112f4        0x8
                0x00000000000112f4                __exidx_start = .
 *(.ARM.exidx* .gnu.linkonce.armexidx.*)
 .ARM.exidx     0x00000000000112f4        0x8 /usr/local/arm/GNU_Tools_for_ARM/bin/../lib/gcc/arm-none-eabi/11.3.1/../../../../arm-none-eabi/lib/thumb/v7e-m+fp/hard/crt0.o
                                         0x10 (size before relaxing)
                0x00000000000112fc                __exidx_end = .

.ARM.extab      0x00000000000112fc        0x0
 *(.ARM.extab* .gnu.linkonce.armextab.*)
 .ARM.extab     0x00000000000112fc        0x0 /usr/local/arm/GNU_Tools_for_ARM/bin/../lib/gcc/arm-none-eabi/11.3.1/../../../../arm-none-eabi/lib/thumb/v7e-m+fp/hard/crt0.o
                0x00000000000112fc                __etext = .

.rel.dyn        0x00000000000112fc        0x0
 .rel.iplt      0x00000000000112fc        0x0 /usr/local/arm/GNU_Tools_for_ARM/bin/../lib/gcc/arm-none-eabi/11.3.1/thumb/v7e-m+fp/hard/crtbegin.o

.data           0x0000000020000000      0x720 load address 0x00000000000112fc
                0x00000000000112fc                __data_load__ = LOADADDR (.data)
                0x0000000020000000                __data_start__ = .
 *(.data)
 .data          0x0000000020000000        0x0 /usr/local/arm/GNU_Tools_for_ARM/bin/../lib/gcc/arm-none-eabi/11.3.1/thumb/v7e-m+fp/hard/crti.o
 .data          0x0000000020000000        0x0 /usr/local/arm/GNU_Tools_for_ARM/bin/../lib/gcc/arm-none-eabi/11.3.1/thumb/v7e-m+fp/hard/crtbegin.o
 .data          0x0000000020000000        0x0 /usr/local/arm/GNU_Tools_for_ARM/bin/../lib/gcc/arm-none-eabi/11.3.1/../../../../arm-none-eabi/lib/thumb/v7e-m+fp/hard/crt0.o
 .data          0x0000000020000000        0x0 build/main.o
 .data          0x0000000020000000        0x0 build/cpu.o
 .data          0x0000000020000000        0x0 build/cs.o
 .data          0x0000000020000000        0x0 build/dma.o
 .data          0x0000000020000000       0x40 build/flash.o
 .data          0x0000000020000040        0x0 build/fpu.o
 .data          0x0000000020000040        0x0 build/gpio.o
 .data          0x0000000020000040        0x0 build/i2c.o
 .data          0x0000000020000040        0x0 build/interrupt.o
 .data          0x0000000020000040        0x0 build/mpu.o
 .data          0x0000000020000040        0x0 build/pcm.o
 .data          0x0000000020000040        0x0 build/pss.o
 .data          0x0000000020000040        0x0 build/ref_a.o
 .data          0x0000000020000040        0x0 build/reset.o
 .data          0x0000000020000040        0x0 build/rtc_c.o
 .data          0x0000000020000040        0x0 build/sysctl.o
 .data          0x0000000020000040        0x0 build/systick.o
 .data          0x0000000020000040        0x0 build/timer32.o
 .data          0x0000000020000040        0x0 build/timer_a.o
 .data          0x0000000020000040        0x0 build/uart.o
 .data          0x0000000020000040        0x0 build/wdt_a.o
 .data          0x0000000020000040        0x0 build/startup_msp432p401r_gcc.o
 .data          0x0000000020000040        0x4 build/system_msp432p401r.o
                0x0000000020000040                SystemCoreClock
 .data          0x0000000020000044        0x0 build/iic_bus.o
 .data          0x0000000020000044        0x4 build/syscalls.o
                0x0000000020000044                environ
 .data          0x0000000020000048        0x0 build/user_uart.o
 .data          0x0000000020000048        0x0 build/user_dma.o
 .data          0x0000000020000048        0x0 /usr/local/arm/GNU_Tools_for_ARM/bin/../lib/gcc/arm-none-eabi/11.3.1/../../../../arm-none-eabi/lib/thumb/v7e-m+fp/hard/libc.a(libc_a-exit.o)
 .data          0x0000000020000048        0x0 /usr/local/arm/GNU_Tools_for_ARM/bin/../lib/gcc/arm-none-eabi/11.3.1/../../../../arm-none-eabi/lib/thumb/v7e-m+fp/hard/libc.a(libc_a-sprintf.o)
 .data          0x0000000020000048        0x0 /usr/local/arm/GNU_Tools_for_ARM/bin/../lib/gcc/arm-none-eabi/11.3.1/../../../../arm-none-eabi/lib/thumb/v7e-m+fp/hard/libc.a(libc_a-errno.o)
 .data          0x0000000020000048        0x0 /usr/local/arm/GNU_Tools_for_ARM/bin/../lib/gcc/arm-none-eabi/11.3.1/../../../../arm-none-eabi/lib/thumb/v7e-m+fp/hard/libc.a(libc_a-svfprintf.o)
 .data          0x0000000020000048        0x0 /usr/local/arm/GNU_Tools_for_ARM/bin/../lib/gcc/arm-none-eabi/11.3.1/../../../../arm-none-eabi/lib/thumb/v7e-m+fp/hard/libc.a(libc_a-mallocr.o)
 .data          0x0000000020000048        0x0 /usr/local/arm/GNU_Tools_for_ARM/bin/../lib/gcc/arm-none-eabi/11.3.1/../../../../arm-none-eabi/lib/thumb/v7e-m+fp/hard/libc.a(libc_a-__call_atexit.o)
 .data          0x0000000020000048        0x0 /usr/local/arm/GNU_Tools_for_ARM/bin/../lib/gcc/arm-none-eabi/11.3.1/../../../../arm-none-eabi/lib/thumb/v7e-m+fp/hard/libc.a(libc_a-memset.o)
 .data          0x0000000020000048        0x0 /usr/local/arm/GNU_Tools_for_ARM/bin/../lib/gcc/arm-none-eabi/11.3.1/../../../../arm-none-eabi/lib/thumb/v7e-m+fp/hard/libc.a(libc_a-wcrtomb.o)
 .data          0x0000000020000048        0x0 /usr/local/arm/GNU_Tools_for_ARM/bin/../lib/gcc/arm-none-eabi/11.3.1/../../../../arm-none-eabi/lib/thumb/v7e-m+fp/hard/libc.a(libc_a-init.o)
 .data          0x0000000020000048        0x0 /usr/local/arm/GNU_Tools_for_ARM/bin/../lib/gcc/arm-none-eabi/11.3.1/../../../../arm-none-eabi/lib/thumb/v7e-m+fp/hard/libc.a(libc_a-fini.o)
 .data          0x0000000020000048        0x0 /usr/local/arm/GNU_Tools_for_ARM/bin/../lib/gcc/arm-none-eabi/11.3.1/../../../../arm-none-eabi/lib/thumb/v7e-m+fp/hard/libc.a(libc_a-lock.o)
 .data          0x0000000020000048        0x0 /usr/local/arm/GNU_Tools_for_ARM/bin/../lib/gcc/arm-none-eabi/11.3.1/../../../../arm-none-eabi/lib/thumb/v7e-m+fp/hard/libc.a(libc_a-locale.o)
 .data          0x0000000020000048        0x0 /usr/local/arm/GNU_Tools_for_ARM/bin/../lib/gcc/arm-none-eabi/11.3.1/../../../../arm-none-eabi/lib/thumb/v7e-m+fp/hard/libc.a(libc_a-localeconv.o)
 .data          0x0000000020000048        0x0 /usr/local/arm/GNU_Tools_for_ARM/bin/../lib/gcc/arm-none-eabi/11.3.1/../../../../arm-none-eabi/lib/thumb/v7e-m+fp/hard/libc.a(libc_a-strcmp.o)
 .data          0x0000000020000048        0x0 /usr/local/arm/GNU_Tools_for_ARM/bin/../lib/gcc/arm-none-eabi/11.3.1/../../../../arm-none-eabi/lib/thumb/v7e-m+fp/hard/libc.a(libc_a-strcpy.o)
 .data          0x0000000020000048        0x0 /usr/local/arm/GNU_Tools_for_ARM/bin/../lib/gcc/arm-none-eabi/11.3.1/../../../../arm-none-eabi/lib/thumb/v7e-m+fp/hard/libc.a(libc_a-mlock.o)
 .data          0x0000000020000048        0x0 /usr/local/arm/GNU_Tools_for_ARM/bin/../lib/gcc/arm-none-eabi/11.3.1/../../../../arm-none-eabi/lib/thumb/v7e-m+fp/hard/libc.a(libc_a-atexit.o)
 .data          0x0000000020000048        0x0 /usr/local/arm/GNU_Tools_for_ARM/bin/../lib/gcc/arm-none-eabi/11.3.1/../../../../arm-none-eabi/lib/thumb/v7e-m+fp/hard/libc.a(libc_a-strchr.o)
 .data          0x0000000020000048        0x0 /usr/local/arm/GNU_Tools_for_ARM/bin/../lib/gcc/arm-none-eabi/11.3.1/../../../../arm-none-eabi/lib/thumb/v7e-m+fp/hard/libc.a(libc_a-wcsrtombs.o)
 .data          0x0000000020000048        0x0 /usr/local/arm/GNU_Tools_for_ARM/bin/../lib/gcc/arm-none-eabi/11.3.1/../../../../arm-none-eabi/lib/thumb/v7e-m+fp/hard/libc.a(libc_a-dtoa.o)
 .data          0x0000000020000048        0x0 /usr/local/arm/GNU_Tools_for_ARM/bin/../lib/gcc/arm-none-eabi/11.3.1/../../../../arm-none-eabi/lib/thumb/v7e-m+fp/hard/libc.a(libc_a-ctype_.o)