Archive member included to satisfy reference by file (symbol)

/usr/local/arm/GNU_Tools_for_ARM/bin/../lib/gcc/arm-none-eabi/11.3.1/../../../../arm-none-eabi/lib/thumb/v7e-m+fp/hard/libc.a(libc_a-exit.o)
                              /usr/local/arm/GNU_Tools_for_ARM/bin/../lib/gcc/arm-none-eabi/11.3.1/../../../../arm-none-eabi/lib/thumb/v7e-m+fp/hard/crt0.o (exit)
/usr/local/arm/GNU_Tools_for_ARM/bin/../lib/gcc/arm-none-eabi/11.3.1/../../../../arm-none-eabi/lib/thumb/v7e-m+fp/hard/libc.a(libc_a-sprintf.o)
                              build/user_uart.o (sprintf)
/usr/local/arm/GNU_Tools_for_ARM/bin/../lib/gcc/arm-none-eabi/11.3.1/../../../../arm-none-eabi/lib/thumb/v7e-m+fp/hard/libc.a(libc_a-errno.o)
                              build/syscalls.o (__errno)
/usr/local/arm/GNU_Tools_for_ARM/bin/../lib/gcc/arm-none-eabi/11.3.1/../../../../arm-none-eabi/lib/thumb/v7e-m+fp/hard/libc.a(libc_a-svfprintf.o)
                              /usr/local/arm/GNU_Tools_for_ARM/bin/../lib/gcc/arm-none-eabi/11.3.1/../../../../arm-none-eabi/lib/thumb/v7e-m+fp/hard/libc.a(libc_a-sprintf.o) (_svfprintf_r)
/usr/local/arm/GNU_Tools_for_ARM/bin/../lib/gcc/arm-none-eabi/11.3.1/../../../../arm-none-eabi/lib/thumb/v7e-m+fp/hard/libc.a(libc_a-malloc.o)
                              build/user_nvic.o (malloc)
/usr/local/arm/GNU_Tools_for_ARM/bin/../lib/gcc/arm-none-eabi/11.3.1/../../../../arm-none-eabi/lib/thumb/v7e-m+fp/hard/libc.a(libc_a-mallocr.o)
                              /usr/local/arm/GNU_Tools_for_ARM/bin/../lib/gcc/arm-none-eabi/11.3.1/../../../../arm-none-eabi/lib/thumb/v7e-m+fp/hard/libc.a(libc_a-svfprintf.o) (_malloc_r)
/usr/local/arm/GNU_Tools_for_ARM/bin/../lib/gcc/arm-none-eabi/11.3.1/../../../../arm-none-eabi/lib/thumb/v7e-m+fp/hard/libc.a(libc_a-__call_atexit.o)
                              /usr/local/arm/GNU_Tools_for_ARM/bin/../lib/gcc/arm-none-eabi/11.3.1/../../../../arm-none-eabi/lib/thumb/v7e-m+fp/hard/libc.a(libc_a-exit.o) (__call_exitprocs)
/usr/local/arm/GNU_Tools_for_ARM/bin/../lib/gcc/arm-none-eabi/11.3.1/../../../../arm-none-eabi/lib/thumb/v7e-m+fp/hard/libc.a(libc_a-memset.o)
                              /usr/local/arm/GNU_Tools_for_ARM/bin/../lib/gcc/arm-none-eabi/11.3.1/../../../../arm-none-eabi/lib/thumb/v7e-m+fp/hard/crt0.o (memset)
/usr/local/arm/GNU_Tools_for_ARM/bin/../lib/gcc/arm-none-eabi/11.3.1/../../../../arm-none-eabi/lib/thumb/v7e-m+fp/hard/libc.a(libc_a-wcrtomb.o)
                              /usr/local/arm/GNU_Tools_for_ARM/bin/../lib/gcc/arm-none-eabi/11.3.1/../../../../arm-none-eabi/lib/thumb/v7e-m+fp/hard/libc.a(libc_a-svfprintf.o) (_wcrtomb_r)
/usr/local/arm/GNU_Tools_for_ARM/bin/../lib/gcc/arm-none-eabi/11.3.1/../../../../arm-none-eabi/lib/thumb/v7e-m+fp/hard/libc.a(libc_a-init.o)
                              /usr/local/arm/GNU_Tools_for_ARM/bin/../lib/gcc/arm-none-eabi/11.3.1/../../../../arm-none-eabi/lib/thumb/v7e-m+fp/hard/crt0.o (__libc_init_array)
/usr/local/arm/GNU_Tools_for_ARM/bin/../lib/gcc/arm-none-eabi/11.3.1/../../../../arm-none-eabi/lib/thumb/v7e-m+fp/hard/libc.a(libc_a-fini.o)
                              /usr/local/arm/GNU_Tools_for_ARM/bin/../lib/gcc/arm-none-eabi/11.3.1/../../../../arm-none-eabi/lib/thumb/v7e-m+fp/hard/libc.a(libc_a-__call_atexit.o) (__libc_fini_array)
/usr/local/arm/GNU_Tools_for_ARM/bin/../lib/gcc/arm-none-eabi/11.3.1/../../../../arm-none-eabi/lib/thumb/v7e-m+fp/hard/libc.a(libc_a-lock.o)
                              /usr/local/arm/GNU_Tools_for_ARM/bin/../lib/gcc/arm-none-eabi/11.3.1/../../../../arm-none-eabi/lib/thumb/v7e-m+fp/hard/libc.a(libc_a-__call_atexit.o) (__retarget_lock_acquire_recursive)
/usr/local/arm/GNU_Tools_for_ARM/bin/../lib/gcc/arm-none-eabi/11.3.1/../../../../arm-none-eabi/lib/thumb/v7e-m+fp/hard/libc.a(libc_a-locale.o)
                              /usr/local/arm/GNU_Tools_for_ARM/bin/../lib/gcc/arm-none-eabi/11.3.1/../../../../arm-none-eabi/lib/thumb/v7e-m+fp/hard/libc.a(libc_a-svfprintf.o) (__locale_mb_cur_max)
/usr/local/arm/GNU_Tools_for_ARM/bin/../lib/gcc/arm-none-eabi/11.3.1/../../../../arm-none-eabi/lib/thumb/v7e-m+fp/hard/libc.a(libc_a-localeconv.o)
                              /usr/local/arm/GNU_Tools_for_ARM/bin/../lib/gcc/arm-none-eabi/11.3.1/../../../../arm-none-eabi/lib/thumb/v7e-m+fp/hard/libc.a(libc_a-svfprintf.o) (_localeconv_r)
/usr/local/arm/GNU_Tools_for_ARM/bin/../lib/gcc/arm-none-eabi/11.3.1/../../../../arm-none-eabi/lib/thumb/v7e-m+fp/hard/libc.a(libc_a-aeabi_atexit.o)
                              build/main.o (__aeabi_atexit)
/usr/local/arm/GNU_Tools_for_ARM/bin/../lib/gcc/arm-none-eabi/11.3.1/../../../../arm-none-eabi/lib/thumb/v7e-m+fp/hard/libc.a(libc_a-strcmp.o)
                              /usr/local/arm/GNU_Tools_for_ARM/bin/../lib/gcc/arm-none-eabi/11.3.1/../../../../arm-none-eabi/lib/thumb/v7e-m+fp/hard/libc.a(libc_a-locale.o) (strcmp)
/usr/local/arm/GNU_Tools_for_ARM/bin/../lib/gcc/arm-none-eabi/11.3.1/../../../../arm-none-eabi/lib/thumb/v7e-m+fp/hard/libc.a(libc_a-strcpy.o)
[...]
Memory Configuration

Name             Origin             Length             Attributes
MAIN_FLASH       0x0000000000000000 0x0000000000040000 xr
INFO_FLASH       0x0000000000200000 0x0000000000004000 xr
SRAM_CODE        0x0000000001000000 0x0000000000010000 xrw
SRAM_DATA        0x0000000020000000 0x0000000000010000 rw
*default*        0x0000000000000000 0xffffffffffffffff

Linker script and memory map

LOAD /usr/local/arm/GNU_Tools_for_ARM/bin/../lib/gcc/arm-none-eabi/11.3.1/thumb/v7e-m+fp/hard/crti.o
LOAD /usr/local/arm/GNU_Tools_for_ARM/bin/../lib/gcc/arm-none-eabi/11.3.1/thumb/v7e-m+fp/hard/crtbegin.o
LOAD /usr/local/arm/GNU_Tools_for_ARM/bin/../lib/gcc/arm-none-eabi/11.3.1/../../../../arm-none-eabi/lib/thumb/v7e-m+fp/hard/crt0.o
LOAD build/adc14.o
LOAD build/aes256.o
LOAD build/comp_e.o
LOAD build/cpu.o
LOAD build/crc32.o
LOAD build/cs.o
LOAD build/dma.o
LOAD build/flash.o
LOAD build/fpu.o
LOAD build/gpio.o
LOAD build/i2c.o
LOAD build/interrupt.o
LOAD build/mpu.o
LOAD build/pcm.o
LOAD build/pmap.o
LOAD build/pss.o
LOAD build/ref_a.o
LOAD build/reset.o
LOAD build/rtc_c.o
LOAD build/spi.o
LOAD build/sysctl.o
LOAD build/systick.o
LOAD build/timer32.o
LOAD build/timer_a.o
LOAD build/uart.o
LOAD build/wdt_a.o
LOAD build/startup_msp432p401r_gcc.o
LOAD build/system_msp432p401r.o
LOAD build/syscalls.o
LOAD build/main.o
LOAD build/user_uart.o
LOAD build/user_tick.o
LOAD build/user_nvic.o
LOAD /usr/local/arm/GNU_Tools_for_ARM/bin/../lib/gcc/arm-none-eabi/11.3.1/../../../../arm-none-eabi/lib/thumb/v7e-m+fp/hard/libc.a
LOAD /usr/local/arm/GNU_Tools_for_ARM/bin/../lib/gcc/arm-none-eabi/11.3.1/../../../../arm-none-eabi/lib/thumb/v7e-m+fp/hard/libm.a
LOAD /usr/local/arm/GNU_Tools_for_ARM/bin/../lib/gcc/arm-none-eabi/11.3.1/../../../../arm-none-eabi/lib/thumb/v7e-m+fp/hard/libnosys.a
START GROUP
LOAD /usr/local/arm/GNU_Tools_for_ARM/bin/../lib/gcc/arm-none-eabi/11.3.1/thumb/v7e-m+fp/hard/libgcc.a
LOAD /usr/local/arm/GNU_Tools_for_ARM/bin/../lib/gcc/arm-none-eabi/11.3.1/../../../../arm-none-eabi/lib/thumb/v7e-m+fp/hard/libc.a
END GROUP
START GROUP
LOAD /usr/local/arm/GNU_Tools_for_ARM/bin/../lib/gcc/arm-none-eabi/11.3.1/thumb/v7e-m+fp/hard/libgcc.a
LOAD /usr/local/arm/GNU_Tools_for_ARM/bin/../lib/gcc/arm-none-eabi/11.3.1/../../../../arm-none-eabi/lib/thumb/v7e-m+fp/hard/libc.a
LOAD /usr/local/arm/GNU_Tools_for_ARM/bin/../lib/gcc/arm-none-eabi/11.3.1/../../../../arm-none-eabi/lib/thumb/v7e-m+fp/hard/libnosys.a
END GROUP
LOAD /usr/local/arm/GNU_Tools_for_ARM/bin/../lib/gcc/arm-none-eabi/11.3.1/thumb/v7e-m+fp/hard/crtend.o
LOAD /usr/local/arm/GNU_Tools_for_ARM/bin/../lib/gcc/arm-none-eabi/11.3.1/thumb/v7e-m+fp/hard/crtn.o
                0x0000000000000000                PROVIDE (_intvecs_base_address = DEFINED (_intvecs_base_address)?_intvecs_base_address:0x0)

.intvecs        0x0000000000000000       0xe4
 *(.intvecs)
 .intvecs       0x0000000000000000       0xe4 build/startup_msp432p401r_gcc.o
                0x0000000000000000                interruptVectors
                0x0000000000200000                PROVIDE (_mailbox_base_address = 0x200000)

.flashMailbox
 *(.flashMailbox)
                0x0000000000201000                PROVIDE (_tlv_base_address = 0x201000)

.tlvTable
 *(.tlvTable)
                0x0000000000202000                PROVIDE (_bsl_base_address = 0x202000)

.bslArea
 *(.bslArea)
                0x0000000020000000                PROVIDE (_vtable_base_address = DEFINED (_vtable_base_address)?_vtable_base_address:0x20000000)

.vtable
 *(.vtable)

.text           0x0000000000000100    0x1480c
 CREATE_OBJECT_SYMBOLS
 *(.text)
 .text          0x0000000000000100        0x0 /usr/local/arm/GNU_Tools_for_ARM/bin/../lib/gcc/arm-none-eabi/11.3.1/thumb/v7e-m+fp/hard/crti.o
 .text          0x0000000000000100        0x0 /usr/local/arm/GNU_Tools_for_ARM/bin/../lib/gcc/arm-none-eabi/11.3.1/thumb/v7e-m+fp/hard/crtbegin.o
 .text          0x0000000000000100       0x7c /usr/local/arm/GNU_Tools_for_ARM/bin/../lib/gcc/arm-none-eabi/11.3.1/../../../../arm-none-eabi/lib/thumb/v7e-m+fp/hard/crt0.o
                0x0000000000000100                _stack_init
                0x0000000000000108                _mainCRTStartup
                0x0000000000000108                _start
 .text          0x000000000000017c      0xd8c build/adc14.o
                0x00000000000004c4                ADC14_enableModule
                0x00000000000004dc                ADC14_disableModule
                0x0000000000000500                ADC14_enableSampleTimer
                0x0000000000000544                ADC14_disableSampleTimer
                0x0000000000000568                ADC14_initModule
                0x00000000000005c0                ADC14_setResolution
                0x00000000000005e8                ADC14_getResolution
                0x0000000000000604                ADC14_setSampleHoldTrigger
                0x0000000000000658                ADC14_setSampleHoldTime
                0x0000000000000694                ADC14_configureMultiSequenceMode
                0x0000000000000758                ADC14_configureSingleSampleMode
                0x00000000000007c4                ADC14_enableConversion
                0x00000000000007fc                ADC14_toggleConversionTrigger
                0x000000000000083c                ADC14_disableConversion
                0x000000000000085c                ADC14_isBusy
                0x0000000000000880                ADC14_configureConversionMemory
                0x000000000000093c                ADC14_enableComparatorWindow
                0x00000000000009e4                ADC14_disableComparatorWindow
                0x0000000000000a58                ADC14_setComparatorWindowValue
                0x0000000000000b04                ADC14_setResultFormat
                0x0000000000000b44                ADC14_getResult
                0x0000000000000b78                ADC14_getMultiSequenceResult
                0x0000000000000bdc                ADC14_getResultArray
                0x0000000000000c78                ADC14_enableReferenceBurst
                0x0000000000000c9c                ADC14_disableReferenceBurst
                0x0000000000000cc0                ADC14_setPowerMode
                0x0000000000000d18                ADC14_enableInterrupt
                0x0000000000000d6c                ADC14_disableInterrupt
                0x0000000000000dc4                ADC14_getInterruptStatus
                0x0000000000000e1c                ADC14_getEnabledInterruptStatus
                0x0000000000000e80                ADC14_clearInterruptFlag
                0x0000000000000ed4                ADC14_registerInterrupt
                0x0000000000000ef2                ADC14_unregisterInterrupt
 .text          0x0000000000000f08      0x708 build/aes256.o
                0x0000000000000f08                AES256_setCipherKey
                0x0000000000000fda                AES256_encryptData
                0x00000000000010a8                AES256_decryptData
                0x0000000000001174                AES256_setDecipherKey
                0x0000000000001258                AES256_clearInterruptFlag
                0x0000000000001280                AES256_getInterruptFlagStatus
                0x00000000000012a8                AES256_enableInterrupt
                0x00000000000012ce                AES256_disableInterrupt
                0x00000000000012f4                AES256_reset
                0x000000000000131a                AES256_startEncryptData
                0x0000000000001392                AES256_startDecryptData
                0x0000000000001408                AES256_startSetDecipherKey
                0x00000000000014d4                AES256_getDataOut
                0x0000000000001540                AES256_isBusy
                0x0000000000001570                AES256_clearErrorFlag
                0x0000000000001596                AES256_getErrorFlagStatus
                0x00000000000015bc                AES256_registerInterrupt
                0x00000000000015dc                AES256_unregisterInterrupt
                0x00000000000015f8                AES256_getInterruptStatus
 .text          0x0000000000001610      0x6cc build/comp_e.o
                0x00000000000017be                COMP_E_initModule
                0x00000000000018be                COMP_E_setReferenceVoltage
                0x000000000000196a                COMP_E_setReferenceAccuracy
                0x00000000000019b0                COMP_E_setPowerMode
                0x00000000000019de                COMP_E_enableModule
                0x0000000000001a06                COMP_E_disableModule
                0x0000000000001a2e                COMP_E_shortInputs
                0x0000000000001a56                COMP_E_unshortInputs
                0x0000000000001a7e                COMP_E_disableInputBuffer
                0x0000000000001aa6                COMP_E_enableInputBuffer
                0x0000000000001ad2                COMP_E_swapIO
                0x0000000000001af6                COMP_E_outputValue
                0x0000000000001b18                COMP_E_enableInterrupt
                0x0000000000001b40                COMP_E_getEnabledInterruptStatus
                0x0000000000001b60                COMP_E_disableInterrupt
                0x0000000000001b8c                COMP_E_clearInterruptFlag
                0x0000000000001bb8                COMP_E_getInterruptStatus
                0x0000000000001bd6                COMP_E_setInterruptEdgeDirection
                0x0000000000001c22                COMP_E_toggleInterruptEdgeDirection
                0x0000000000001c46                COMP_E_registerInterrupt
                0x0000000000001c94                COMP_E_unregisterInterrupt
 .text          0x0000000000001cdc       0x42 build/cpu.o
                0x0000000000001cdc                CPU_cpsid
                0x0000000000001cea                CPU_primask
                0x0000000000001cf6                CPU_cpsie
                0x0000000000001d04                CPU_wfi
                0x0000000000001d0a                CPU_basepriSet
                0x0000000000001d12                CPU_basepriGet
 *fill*         0x0000000000001d1e        0x2 
 .text          0x0000000000001d20      0x1e8 build/crc32.o
                0x0000000000001d20                CRC32_setSeed
                0x0000000000001d5e                CRC32_set8BitData
                0x0000000000001d90                CRC32_set16BitData
                0x0000000000001dc0                CRC32_set32BitData
                0x0000000000001dea                CRC32_set8BitDataReversed
                0x0000000000001e20                CRC32_set16BitDataReversed
                0x0000000000001e50                CRC32_set32BitDataReversed
                0x0000000000001e7c                CRC32_getResult
                0x0000000000001ec2                CRC32_getResultReversed
 .text          0x0000000000001f08      0xf84 build/cs.o
                0x0000000000002260                CS_setExternalClockSourceFrequency
                0x000000000000228c                CS_initClockSignal
                0x0000000000002418                CS_startHFXT
                0x0000000000002436                CS_startHFXTWithTimeout
                0x0000000000002528                CS_startLFXT
                0x0000000000002542                CS_startLFXTWithTimeout
                0x000000000000262c                CS_enableClockRequest
                0x0000000000002664                CS_disableClockRequest
                0x000000000000269c                CS_setReferenceOscillatorFrequency
                0x00000000000026d4                CS_enableDCOExternalResistor
                0x0000000000002704                CS_setDCOExternalResistorCalibration
                0x0000000000002798                CS_disableDCOExternalResistor
                0x00000000000027c8                CS_setDCOCenteredFrequency
                0x0000000000002804                CS_tuneDCOFrequency
                0x0000000000002888                CS_getDCOFrequency
                0x00000000000029a0                CS_setDCOFrequency
                0x0000000000002b54                CS_getBCLK
                0x0000000000002b80                CS_getHSMCLK
                0x0000000000002bb4                CS_getACLK
                0x0000000000002be8                CS_getSMCLK
                0x0000000000002c1c                CS_getMCLK
                0x0000000000002c50                CS_enableFaultCounter
                0x0000000000002c98                CS_disableFaultCounter
                0x0000000000002ce0                CS_resetFaultCounter
                0x0000000000002d28                CS_startFaultCounter
                0x0000000000002d80                CS_enableInterrupt
                0x0000000000002db8                CS_disableInterrupt
                0x0000000000002df0                CS_getInterruptStatus
                0x0000000000002e08                CS_getEnabledInterruptStatus
                0x0000000000002e20                CS_clearInterruptFlag
                0x0000000000002e58                CS_registerInterrupt
                0x0000000000002e76                CS_unregisterInterrupt
 .text          0x0000000000002e8c      0xa20 build/dma.o
                0x0000000000002e8c                DMA_enableModule
                0x0000000000002ea4                DMA_disableModule
                0x0000000000002ee8                DMA_getErrorStatus
                0x0000000000002f00                DMA_clearErrorStatus
                0x0000000000002f18                DMA_enableChannel
                0x0000000000002f40                DMA_disableChannel
                0x0000000000002f68                DMA_isChannelEnabled
                0x0000000000002f9c                DMA_setControlBase
                0x0000000000002fbc                DMA_getControlBase
                0x0000000000002fd4                DMA_getControlAlternateBase
                0x0000000000002fec                DMA_requestChannel
                0x0000000000003014                DMA_enableChannelAttribute
                0x0000000000003088                DMA_disableChannelAttribute
                0x00000000000030fc                DMA_getChannelAttribute
                0x000000000000318c                DMA_setChannelControl
                0x00000000000031d4                DMA_setChannelTransfer
                0x00000000000032d8                DMA_setChannelScatterGather
                0x000000000000336c                DMA_getChannelSize
                0x00000000000033b4                DMA_getChannelMode
                0x0000000000003408                DMA_assignChannel
                0x00000000000036cc                DMA_assignInterrupt
                0x000000000000373c                DMA_requestSoftwareTransfer
                0x0000000000003768                DMA_getInterruptStatus
                0x0000000000003780                DMA_clearInterruptFlag
                0x00000000000037b0                DMA_enableInterrupt
                0x0000000000003810                DMA_disableInterrupt
                0x0000000000003870                DMA_registerInterrupt
                0x0000000000003890                DMA_unregisterInterrupt
 .text          0x00000000000038ac     0x1af0 build/flash.o
                0x0000000000003bca                FlashCtl_getMemoryInfo
                0x0000000000003fb0                FlashCtl_enableReadBuffering
                0x0000000000004028                FlashCtl_disableReadBuffering
                0x00000000000040a0                FlashCtl_unprotectSector
                0x0000000000004144                FlashCtl_protectSector
                0x00000000000041cc                FlashCtl_isSectorProtected
                0x0000000000004260                FlashCtl_verifyMemory
                0x0000000000004508                FlashCtl_setReadMode
                0x000000000000458c                FlashCtl_getReadMode
                0x00000000000045cc                FlashCtl_initiateMassErase
                0x00000000000045f8                FlashCtl_performMassErase
                0x00000000000047d0                FlashCtl_eraseSector
                0x0000000000004924                FlashCtl_initiateSectorErase
                0x00000000000049c4                FlashCtl_programMemory
                0x0000000000004b6c                FlashCtl_setProgramVerification
                0x0000000000004bd0                FlashCtl_clearProgramVerification
                0x0000000000004c34                FlashCtl_enableWordProgramming
                0x0000000000004c78                FlashCtl_disableWordProgramming
                0x0000000000004c90                FlashCtl_isWordProgrammingEnabled
                0x0000000000004cc4                FlashCtl_setWaitState
                0x0000000000004d10                FlashCtl_getWaitState
                0x0000000000004d50                FlashCtl_enableInterrupt
                0x0000000000004d78                FlashCtl_disableInterrupt
                0x0000000000004da4                FlashCtl_getInterruptStatus
                0x0000000000004dbc                FlashCtl_getEnabledInterruptStatus
                0x0000000000004dd8                FlashCtl_clearInterruptFlag
                0x0000000000004e00                FlashCtl_registerInterrupt
                0x0000000000004e1e                FlashCtl_unregisterInterrupt
                0x0000000000004e32                __FlashCtl_remaskData8Post
                0x0000000000004ec4                __FlashCtl_remaskData8Pre
                0x0000000000004f5c                __FlashCtl_remaskData32Post
                0x000000000000503c                __FlashCtl_remaskData32Pre
                0x0000000000005120                __FlashCtl_remaskBurstDataPre
                0x0000000000005264                __FlashCtl_remaskBurstDataPost
 .text          0x000000000000539c      0x14c build/fpu.o
                0x000000000000539c                FPU_enableModule
                0x00000000000053c0                FPU_disableModule
                0x00000000000053e4                FPU_enableStacking
                0x0000000000005408                FPU_enableLazyStacking
                0x0000000000005428                FPU_disableStacking
                0x0000000000005448                FPU_setHalfPrecisionMode
                0x0000000000005470                FPU_setNaNMode
                0x0000000000005498                FPU_setFlushToZeroMode
                0x00000000000054c0                FPU_setRoundingMode
 .text          0x00000000000054e8      0x7e4 build/gpio.o
                0x00000000000054e8                GPIO_setAsOutputPin
                0x0000000000005558                GPIO_setAsInputPin
                0x00000000000055e4                GPIO_setAsPeripheralModuleFunctionOutputPin
                0x00000000000056cc                GPIO_setAsPeripheralModuleFunctionInputPin
                0x00000000000057b8                GPIO_setOutputHighOnPin
                0x00000000000057f4                GPIO_setOutputLowOnPin
                0x0000000000005834                GPIO_toggleOutputOnPin
                0x0000000000005870                GPIO_setAsInputPinWithPullDownResistor
                0x0000000000005914                GPIO_setAsInputPinWithPullUpResistor
                0x00000000000059b4                GPIO_getInputPinValue
                0x00000000000059f4                GPIO_enableInterrupt
                0x0000000000005a30                GPIO_disableInterrupt
                0x0000000000005a70                GPIO_getInterruptStatus
                0x0000000000005aa4                GPIO_clearInterruptFlag
                0x0000000000005ae4                GPIO_interruptEdgeSelect
                0x0000000000005b44                GPIO_getEnabledInterruptStatus
                0x0000000000005bf4                GPIO_setDriveStrengthHigh
                0x0000000000005c30                GPIO_setDriveStrengthLow
                0x0000000000005c70                GPIO_registerInterrupt
                0x0000000000005ca0                GPIO_unregisterInterrupt
 .text          0x0000000000005ccc      0xdb0 build/i2c.o
                0x0000000000005ccc                I2C_initMaster
                0x0000000000005d52                I2C_initSlave
                0x0000000000005dae                I2C_enableModule
                0x0000000000005dd2                I2C_disableModule
                0x0000000000005df6                I2C_setSlaveAddress
                0x0000000000005e14                I2C_setMode
                0x0000000000005e42                I2C_setTimeout
                0x0000000000005ea4                I2C_masterReceiveSingleByte
                0x0000000000005f3e                I2C_slavePutData
                0x0000000000005f5e                I2C_slaveGetData
                0x0000000000005f7a                I2C_isBusBusy
                0x0000000000005fa2                I2C_masterSendSingleByte
                0x0000000000006062                I2C_masterSendSingleByteWithTimeout
                0x0000000000006148                I2C_masterSendMultiByteStart
                0x00000000000061d8                I2C_masterSendMultiByteStartWithTimeout
                0x0000000000006284                I2C_masterSendMultiByteNext
                0x00000000000062d6                I2C_masterSendMultiByteNextWithTimeout
                0x0000000000006342                I2C_masterSendMultiByteFinish
                0x00000000000063f6                I2C_masterSendMultiByteFinishWithTimeout
                0x00000000000064c0                I2C_masterSendMultiByteStop
                0x0000000000006518                I2C_masterSendMultiByteStopWithTimeout
                0x000000000000658a                I2C_masterReceiveStart
                0x00000000000065b8                I2C_masterReceiveMultiByteNext
                0x00000000000065d4                I2C_masterReceiveMultiByteFinish
                0x0000000000006632                I2C_masterReceiveMultiByteFinishWithTimeout
                0x00000000000066ca                I2C_masterReceiveMultiByteStop
                0x00000000000066f0                I2C_masterReceiveSingle
                0x000000000000673a                I2C_getReceiveBufferAddressForDMA
                0x0000000000006752                I2C_getTransmitBufferAddressForDMA
                0x000000000000676a                I2C_masterIsStopSent
                0x0000000000006790                I2C_masterIsStartSent
                0x00000000000067c0                I2C_masterSendStart
                0x00000000000067e6                I2C_enableMultiMasterMode
                0x000000000000681c                I2C_disableMultiMasterMode
                0x0000000000006852                I2C_enableInterrupt
                0x000000000000687a                I2C_disableInterrupt
                0x00000000000068a6                I2C_clearInterruptFlag
                0x00000000000068d2                I2C_getInterruptStatus
                0x00000000000068f6                I2C_getEnabledInterruptStatus
                0x0000000000006916                I2C_getMode
                0x0000000000006934                I2C_registerInterrupt
                0x00000000000069c8                I2C_unregisterInterrupt
                0x0000000000006a54                I2C_slaveSendNAK
 .text          0x0000000000006a7c      0x548 build/interrupt.o
                0x0000000000006a82                Interrupt_enableMaster
                0x0000000000006a9a                Interrupt_disableMaster
                0x0000000000006ab2                Interrupt_registerInterrupt
                0x0000000000006b18                Interrupt_unregisterInterrupt
                0x0000000000006b40                Interrupt_setPriorityGrouping
                0x0000000000006b90                Interrupt_getPriorityGrouping
                0x0000000000006bdc                Interrupt_setPriority
                0x0000000000006c44                Interrupt_getPriority
                0x0000000000006c78                Interrupt_enableInterrupt
                0x0000000000006d0c                Interrupt_disableInterrupt
                0x0000000000006da0                Interrupt_isEnabled
                0x0000000000006e40                Interrupt_pendInterrupt
                0x0000000000006ebc                Interrupt_unpendInterrupt
                0x0000000000006f24                Interrupt_setPriorityMask
                0x0000000000006f3e                Interrupt_getPriorityMask
                0x0000000000006f4e                Interrupt_setVectorTableAddress
                0x0000000000006f6c                Interrupt_getVectorTableAddress
                0x0000000000006f84                Interrupt_enableSleepOnIsrExit
                0x0000000000006fa4                Interrupt_disableSleepOnIsrExit
 .text          0x0000000000006fc4      0x16c build/mpu.o
                0x0000000000006fc4                MPU_enableModule
                0x0000000000006fe8                MPU_disableModule
                0x0000000000007008                MPU_getRegionCount
                0x0000000000007024                MPU_enableRegion
                0x0000000000007050                MPU_disableRegion
                0x000000000000707c                MPU_setRegion
                0x00000000000070b4                MPU_getRegion
                0x00000000000070ec                MPU_registerInterrupt
                0x0000000000007104                MPU_unregisterInterrupt
                0x0000000000007112                MPU_enableInterrupt
                0x0000000000007120                MPU_disableInterrupt
 .text          0x0000000000007130      0xb08 build/pcm.o
                0x0000000000007250                PCM_setCoreVoltageLevel
                0x000000000000726c                PCM_setCoreVoltageLevelWithTimeout
                0x000000000000728a                PCM_setCoreVoltageLevelNonBlocking
                0x00000000000072a6                PCM_getPowerMode
                0x0000000000007316                PCM_getCoreVoltageLevel
                0x0000000000007508                PCM_setPowerMode
                0x0000000000007524                PCM_setPowerModeNonBlocking
                0x0000000000007540                PCM_setPowerModeWithTimeout
                0x00000000000078ec                PCM_setPowerState
                0x0000000000007908                PCM_setPowerStateWithTimeout
                0x0000000000007926                PCM_setPowerStateNonBlocking
                0x0000000000007942                PCM_shutdownDevice
                0x00000000000079a8                PCM_gotoLPM4
                0x00000000000079be                PCM_gotoLPM4InterruptSafe
                0x00000000000079e2                PCM_gotoLPM0
                0x0000000000007a14                PCM_gotoLPM0InterruptSafe
                0x0000000000007a38                PCM_gotoLPM3
                0x0000000000007ad4                PCM_gotoLPM3InterruptSafe
                0x0000000000007af8                PCM_getPowerState
                0x0000000000007b18                PCM_enableRudeMode
                0x0000000000007b3c                PCM_disableRudeMode
                0x0000000000007b64                PCM_enableInterrupt
                0x0000000000007b88                PCM_disableInterrupt
                0x0000000000007bb0                PCM_getInterruptStatus
                0x0000000000007bc8                PCM_getEnabledInterruptStatus
                0x0000000000007be0                PCM_clearInterruptFlag
                0x0000000000007c04                PCM_registerInterrupt
                0x0000000000007c22                PCM_unregisterInterrupt
 .text          0x0000000000007c38       0x84 build/pmap.o
                0x0000000000007c38                PMAP_configurePorts
 .text          0x0000000000007cbc      0x28c build/pss.o
                0x0000000000007cf0                PSS_enableForcedDCDCOperation
                0x0000000000007d0c                PSS_disableForcedDCDCOperation
                0x0000000000007d28                PSS_enableHighSidePinToggle
                0x0000000000007d70                PSS_disableHighSidePinToggle
                0x0000000000007d8c                PSS_enableHighSide
                0x0000000000007da8                PSS_disableHighSide
                0x0000000000007dc4                PSS_setHighSidePerformanceMode
                0x0000000000007df4                PSS_getHighSidePerformanceMode
                0x0000000000007e18                PSS_enableHighSideMonitor
                0x0000000000007e34                PSS_disableHighSideMonitor
                0x0000000000007e50                PSS_setHighSideVoltageTrigger
                0x0000000000007e8c                PSS_getHighSideVoltageTrigger
                0x0000000000007ea8                PSS_enableInterrupt
                0x0000000000007ec4                PSS_disableInterrupt
                0x0000000000007ee0                PSS_getInterruptStatus
                0x0000000000007ef8                PSS_clearInterruptFlag
                0x0000000000007f14                PSS_registerInterrupt
                0x0000000000007f32                PSS_unregisterInterrupt
 .text          0x0000000000007f48      0x1c0 build/ref_a.o
                0x0000000000007f48                REF_A_setReferenceVoltage
                0x0000000000007f78                REF_A_disableTempSensor
                0x0000000000007f90                REF_A_enableTempSensor
                0x0000000000007fa8                REF_A_enableReferenceVoltageOutput
                0x0000000000007fc0                REF_A_disableReferenceVoltageOutput
                0x0000000000007fd8                REF_A_enableReferenceVoltage
                0x0000000000007ff0                REF_A_disableReferenceVoltage
                0x0000000000008008                REF_A_getBandgapMode
                0x0000000000008024                REF_A_isBandgapActive
                0x0000000000008048                REF_A_isRefGenBusy
                0x000000000000806c                REF_A_isRefGenActive
                0x0000000000008090                REF_A_getBufferedBandgapVoltageStatus
                0x00000000000080b4                REF_A_getVariableReferenceVoltageStatus
                0x00000000000080d8                REF_A_setReferenceVoltageOneTimeTrigger
                0x00000000000080f0                REF_A_setBufferedBandgapVoltageOneTimeTrigger
 .text          0x0000000000008108      0x180 build/reset.o
                0x0000000000008108                ResetCtl_initiateSoftReset
                0x000000000000812c                ResetCtl_initiateSoftResetWithSource
                0x0000000000008150                ResetCtl_getSoftResetSource
                0x0000000000008168                ResetCtl_clearSoftResetSource
                0x000000000000818c                ResetCtl_initiateHardReset
                0x00000000000081b0                ResetCtl_initiateHardResetWithSource
                0x00000000000081d4                ResetCtl_getHardResetSource
                0x00000000000081ec                ResetCtl_clearHardResetSource
                0x0000000000008210                ResetCtl_getPSSSource
                0x0000000000008228                ResetCtl_clearPSSFlags
                0x000000000000824c                ResetCtl_getPCMSource
                0x0000000000008264                ResetCtl_clearPCMFlags
 .text          0x0000000000008288      0x7d0 build/rtc_c.o
                0x0000000000008288                RTC_C_startClock
                0x00000000000082cc                RTC_C_holdClock
                0x0000000000008310                RTC_C_setCalibrationFrequency
                0x0000000000008368                RTC_C_setCalibrationData
                0x00000000000083b8                RTC_C_setTemperatureCompensation
                0x0000000000008408                RTC_C_initCalendar
                0x00000000000084bc                RTC_C_getCalendarTime
                0x000000000000854c                RTC_C_setCalendarAlarm
                0x00000000000085b0                RTC_C_setCalendarEvent
                0x0000000000008608                RTC_C_definePrescaleEvent
                0x0000000000008678                RTC_C_getPrescaleValue
                0x00000000000086b4                RTC_C_setPrescaleValue
                0x0000000000008734                RTC_C_convertBCDToBinary
                0x000000000000875c                RTC_C_convertBinaryToBCD
                0x0000000000008784                RTC_C_enableInterrupt
                0x0000000000008804                RTC_C_disableInterrupt
                0x0000000000008890                RTC_C_getInterruptStatus
                0x000000000000890c                RTC_C_getEnabledInterruptStatus
                0x00000000000089a8                RTC_C_clearInterruptFlag
                0x0000000000008a24                RTC_C_registerInterrupt
                0x0000000000008a42                RTC_C_unregisterInterrupt
 .text          0x0000000000008a58      0xd14 build/spi.o
                0x0000000000008aa4                SPI_initMaster
                0x0000000000008ba2                SPI_selectFourPinFunctionality
                0x0000000000008bda                SPI_changeMasterClock
                0x0000000000008c10                SPI_initSlave
                0x0000000000008cd0                SPI_changeClockPhasePolarity
                0x0000000000008d12                SPI_transmitData
                0x0000000000008d4a                SPI_receiveData
                0x0000000000008d78                SPI_enableModule
                0x0000000000008da2                SPI_disableModule
                0x0000000000008dcc                SPI_getReceiveBufferAddressForDMA
                0x0000000000008dfa                SPI_getTransmitBufferAddressForDMA
                0x0000000000008e28                SPI_isBusy
                0x0000000000008e56                SPI_enableInterrupt
                0x0000000000008e8e                SPI_disableInterrupt
                0x0000000000008ec6                SPI_getInterruptStatus
                0x0000000000008f04                SPI_getEnabledInterruptStatus
                0x0000000000008f46                SPI_clearInterruptFlag
                0x0000000000008f7e                SPI_registerInterrupt
                0x00000000000090a4                SPI_unregisterInterrupt
                0x00000000000091b8                EUSCI_B_SPI_select4PinFunctionality
                0x00000000000091ec                EUSCI_B_SPI_masterChangeClock
                0x0000000000009232                EUSCI_B_SPI_slaveInit
                0x000000000000929e                EUSCI_B_SPI_changeClockPhasePolarity
                0x00000000000092fc                EUSCI_B_SPI_transmitData
                0x000000000000931c                EUSCI_B_SPI_receiveData
                0x0000000000009338                EUSCI_B_SPI_enableInterrupt
                0x0000000000009360                EUSCI_B_SPI_disableInterrupt
                0x0000000000009392                EUSCI_B_SPI_getInterruptStatus
                0x00000000000093b8                EUSCI_B_SPI_clearInterruptFlag
                0x00000000000093ea                EUSCI_B_SPI_enable
                0x000000000000940e                EUSCI_B_SPI_disable
                0x0000000000009432                EUSCI_B_SPI_getReceiveBufferAddressForDMA
                0x000000000000944a                EUSCI_B_SPI_getTransmitBufferAddressForDMA
                0x0000000000009462                EUSCI_B_SPI_isBusy
                0x0000000000009492                EUSCI_A_SPI_select4PinFunctionality
                0x00000000000094c6                EUSCI_A_SPI_masterChangeClock
                0x000000000000950c                EUSCI_A_SPI_slaveInit
                0x0000000000009578                EUSCI_A_SPI_changeClockPhasePolarity
                0x00000000000095d6                EUSCI_A_SPI_transmitData
                0x00000000000095f6                EUSCI_A_SPI_receiveData
                0x0000000000009612                EUSCI_A_SPI_enableInterrupt
                0x000000000000963a                EUSCI_A_SPI_disableInterrupt
                0x000000000000966c                EUSCI_A_SPI_getInterruptStatus
                0x0000000000009692                EUSCI_A_SPI_clearInterruptFlag
                0x00000000000096c4                EUSCI_A_SPI_enable
                0x00000000000096e8                EUSCI_A_SPI_disable
                0x000000000000970c                EUSCI_A_SPI_getReceiveBufferAddressForDMA
                0x0000000000009724                EUSCI_A_SPI_getTransmitBufferAddressForDMA
                0x000000000000973c                EUSCI_A_SPI_isBusy
 .text          0x000000000000976c      0x40c build/sysctl.o
                0x000000000000976c                SysCtl_getTLVInfo
                0x0000000000009800                SysCtl_getSRAMSize
                0x0000000000009818                SysCtl_getFlashSize
                0x0000000000009830                SysCtl_disableNMISource
                0x0000000000009858                SysCtl_enableNMISource
                0x000000000000987c                SysCtl_getNMISourceStatus
                0x0000000000009898                SysCtl_enableSRAMBank
                0x00000000000098c8                SysCtl_disableSRAMBank
                0x00000000000099d0                SysCtl_enableSRAMBankRetention
                0x0000000000009a04                SysCtl_disableSRAMBankRetention
                0x0000000000009a38                SysCtl_rebootDevice
                0x0000000000009a54                SysCtl_enablePeripheralAtCPUHalt
                0x0000000000009a7c                SysCtl_disablePeripheralAtCPUHalt
                0x0000000000009aa0                SysCtl_setWDTTimeoutResetType
                0x0000000000009ad8                SysCtl_setWDTPasswordViolationResetType
                0x0000000000009b10                SysCtl_enableGlitchFilter
                0x0000000000009b30                SysCtl_disableGlitchFilter
                0x0000000000009b50                SysCtl_getTempCalibrationConstant
 .text          0x0000000000009b78       0xf4 build/systick.o
                0x0000000000009b78                SysTick_enableModule
                0x0000000000009b98                SysTick_disableModule
                0x0000000000009bb8                SysTick_registerInterrupt
                0x0000000000009bd0                SysTick_unregisterInterrupt
                0x0000000000009bde                SysTick_enableInterrupt
                0x0000000000009bfc                SysTick_disableInterrupt
                0x0000000000009c1c                SysTick_setPeriod
                0x0000000000009c3c                SysTick_getPeriod
                0x0000000000009c54                SysTick_getValue
 .text          0x0000000000009c6c      0x262 build/timer32.o
                0x0000000000009c6c                Timer32_initModule
                0x0000000000009d02                Timer32_setCount
                0x0000000000009d4a                Timer32_setCountInBackground
                0x0000000000009d92                Timer32_getValue
                0x0000000000009daa                Timer32_startTimer
                0x0000000000009dfa                Timer32_haltTimer
                0x0000000000009e1a                Timer32_enableInterrupt
                0x0000000000009e3a                Timer32_disableInterrupt
                0x0000000000009e5a                Timer32_clearInterruptFlag
                0x0000000000009e7a                Timer32_getInterruptStatus
                0x0000000000009e92                Timer32_registerInterrupt
                0x0000000000009eb2                Timer32_unregisterInterrupt
 *fill*         0x0000000000009ece        0x2 
 .text          0x0000000000009ed0      0xaa8 build/timer_a.o
                0x000000000000a080                Timer_A_startCounter
                0x000000000000a0a8                Timer_A_configureContinuousMode
                0x000000000000a0fa                Timer_A_configureUpMode
                0x000000000000a192                Timer_A_configureUpDownMode
                0x000000000000a22a                Timer_A_initCapture
                0x000000000000a2a4                Timer_A_initCompare
                0x000000000000a30c                Timer_A_getCounterValue
                0x000000000000a366                Timer_A_clearTimer
                0x000000000000a38c                Timer_A_getSynchronizedCaptureCompareInput
                0x000000000000a3ca                Timer_A_getOutputForOutputModeOutBitValue
                0x000000000000a40e                Timer_A_getCaptureCompareCount
                0x000000000000a43c                Timer_A_setOutputForOutputModeOutBitValue
                0x000000000000a484                Timer_A_generatePWM
                0x000000000000a52c                Timer_A_stopTimer
                0x000000000000a550                Timer_A_setCompareValue
                0x000000000000a584                Timer_A_clearInterruptFlag
                0x000000000000a5a8                Timer_A_clearCaptureCompareInterrupt
                0x000000000000a5e0                Timer_A_enableInterrupt
                0x000000000000a606                Timer_A_disableInterrupt
                0x000000000000a62c                Timer_A_getInterruptStatus
                0x000000000000a64a                Timer_A_enableCaptureCompareInterrupt
                0x000000000000a684                Timer_A_disableCaptureCompareInterrupt
                0x000000000000a6be                Timer_A_getCaptureCompareInterruptStatus
                0x000000000000a6f2                Timer_A_getEnabledInterruptStatus
                0x000000000000a71c                Timer_A_getCaptureCompareEnabledInterruptStatus
                0x000000000000a766                Timer_A_registerInterrupt
                0x000000000000a878                Timer_A_unregisterInterrupt
 .text          0x000000000000a978      0x67c build/uart.o
                0x000000000000a978                UART_initModule
                0x000000000000ab0c                UART_transmitData
                0x000000000000ab5c                UART_receiveData
                0x000000000000aba6                UART_enableModule
                0x000000000000abca                UART_disableModule
                0x000000000000abee                UART_queryStatusFlags
                0x000000000000ac10                UART_setDormant
                0x000000000000ac36                UART_resetDormant
                0x000000000000ac5c                UART_transmitAddress
                0x000000000000ac8c                UART_transmitBreak
                0x000000000000ad02                UART_getReceiveBufferAddressForDMA
                0x000000000000ad1a                UART_getTransmitBufferAddressForDMA
                0x000000000000ad32                UART_selectDeglitchTime
                0x000000000000ad60                UART_enableInterrupt
                0x000000000000adaa                UART_disableInterrupt
                0x000000000000adfc                UART_getInterruptStatus
                0x000000000000ae20                UART_getEnabledInterruptStatus
                0x000000000000aea6                UART_clearInterruptFlag
                0x000000000000aed2                UART_registerInterrupt
                0x000000000000af68                UART_unregisterInterrupt
 .text          0x000000000000aff4      0x164 build/wdt_a.o
                0x000000000000aff4                WDT_A_holdTimer
                0x000000000000b028                WDT_A_startTimer
                0x000000000000b05c                WDT_A_clearTimer
                0x000000000000b090                WDT_A_initWatchdogTimer
                0x000000000000b0c4                WDT_A_initIntervalTimer
                0x000000000000b0f8                WDT_A_setPasswordViolationReset
                0x000000000000b10e                WDT_A_setTimeoutReset
                0x000000000000b124                WDT_A_registerInterrupt
                0x000000000000b142                WDT_A_unregisterInterrupt
 .text          0x000000000000b158       0x4c build/startup_msp432p401r_gcc.o
                0x000000000000b158                Reset_Handler
                0x000000000000b19c                CS_IRQHandler
                0x000000000000b19c                DebugMon_Handler
                0x000000000000b19c                AES256_IRQHandler
                0x000000000000b19c                HardFault_Handler
                0x000000000000b19c                PendSV_Handler
                0x000000000000b19c                NMI_Handler
                0x000000000000b19c                RTC_C_IRQHandler
                0x000000000000b19c                PORT1_IRQHandler
                0x000000000000b19c                FPU_IRQHandler
                0x000000000000b19c                PORT2_IRQHandler
                0x000000000000b19c                TA3_0_IRQHandler
                0x000000000000b19c                UsageFault_Handler
                0x000000000000b19c                DMA_INT3_IRQHandler
                0x000000000000b19c                TA2_0_IRQHandler
                0x000000000000b19c                DMA_INT1_IRQHandler
                0x000000000000b19c                WDT_A_IRQHandler
                0x000000000000b19c                TA2_N_IRQHandler
                0x000000000000b19c                TA1_0_IRQHandler
                0x000000000000b19c                PSS_IRQHandler
                0x000000000000b19c                DMA_INT2_IRQHandler
                0x000000000000b19c                EUSCIA3_IRQHandler
                0x000000000000b19c                DMA_INT0_IRQHandler
                0x000000000000b19c                PORT4_IRQHandler
                0x000000000000b19c                PORT5_IRQHandler
                0x000000000000b19c                EUSCIB0_IRQHandler
                0x000000000000b19c                Default_Handler
                0x000000000000b19c                T32_INTC_IRQHandler
                0x000000000000b19c                TA3_N_IRQHandler
                0x000000000000b19c                TA0_0_IRQHandler
                0x000000000000b19c                EUSCIA2_IRQHandler
                0x000000000000b19c                PORT6_IRQHandler
                0x000000000000b19c                PORT3_IRQHandler
                0x000000000000b19c                MemManage_Handler
                0x000000000000b19c                SVC_Handler
                0x000000000000b19c                TA1_N_IRQHandler
                0x000000000000b19c                EUSCIA1_IRQHandler
                0x000000000000b19c                COMP_E1_IRQHandler
                0x000000000000b19c                EUSCIB2_IRQHandler
                0x000000000000b19c                FLCTL_IRQHandler
                0x000000000000b19c                EUSCIB3_IRQHandler
                0x000000000000b19c                T32_INT1_IRQHandler
                0x000000000000b19c                DMA_ERR_IRQHandler
                0x000000000000b19c                ADC14_IRQHandler
                0x000000000000b19c                EUSCIA0_IRQHandler
                0x000000000000b19c                BusFault_Handler
                0x000000000000b19c                PCM_IRQHandler
                0x000000000000b19c                TA0_N_IRQHandler
                0x000000000000b19c                COMP_E0_IRQHandler
                0x000000000000b19c                EUSCIB1_IRQHandler
                0x000000000000b19c                T32_INT2_IRQHandler
 .text          0x000000000000b1a4      0x394 build/system_msp432p401r.o
                0x000000000000b1a4                SystemCoreClockUpdate
                0x000000000000b4b8                SystemInit
 .text          0x000000000000b538      0x214 build/syscalls.o
                0x000000000000b538                initialise_monitor_handles
                0x000000000000b546                _getpid
                0x000000000000b556                _kill
                0x000000000000b576                _exit
                0x000000000000b58a                _read
                0x000000000000b5c4                _write
                0x000000000000b5fc                _close
                0x000000000000b614                _fstat
                0x000000000000b634                _isatty
                0x000000000000b64a                _lseek
                0x000000000000b664                _open
                0x000000000000b680                _wait
                0x000000000000b69e                _unlink
                0x000000000000b6bc                _times
                0x000000000000b6d4                _stat
                0x000000000000b6f4                _link
                0x000000000000b714                _fork
                0x000000000000b72a                _execve
 *fill*         0x000000000000b74c        0x4 
 .text          0x000000000000b750      0x1b0 build/main.o
                0x000000000000b750                main
                0x000000000000b83c                Clock_Configuration()
 .text          0x000000000000b900      0x4c4 build/user_uart.o
                0x000000000000b900                User_Uart_T::m_send_Nchar(unsigned char*, unsigned long)
                0x000000000000b960                User_Uart_T::User_Uart_T(EUSCI_A_Type*, unsigned long)
                0x000000000000b960                User_Uart_T::User_Uart_T(EUSCI_A_Type*, unsigned long)
                0x000000000000b986                User_Uart_T::~User_Uart_T()
                0x000000000000b986                User_Uart_T::~User_Uart_T()
                0x000000000000b99c                User_Uart_T::init(EUSCI_A_Type*, unsigned long)
                0x000000000000baf6                User_Uart_T::send_string(char const*)
                0x000000000000bb4a                User_Uart_T::send_string(unsigned char*)
                0x000000000000bb9e                User_Uart_T::receive_string(unsigned char*)
                0x000000000000bc0a                User_Uart_T::printf(char const*, ...)
 .text          0x000000000000bdc4      0x1e0 build/user_tick.o
                0x000000000000bdc4                User_Systick_T::User_Systick_T()
                0x000000000000bdc4                User_Systick_T::User_Systick_T()
                0x000000000000bde4                User_Systick_T::~User_Systick_T()
                0x000000000000bde4                User_Systick_T::~User_Systick_T()
                0x000000000000bdfa                User_Systick_T::init()
                0x000000000000be1e                User_Systick_T::start()
                0x000000000000be9c                User_Systick_T::stop()
                0x000000000000bec0                User_Systick_T::set_period(unsigned long)
                0x000000000000bee2                User_Systick_T::set_interrupt(unsigned long, bool)
                0x000000000000bf0c                User_Systick_T::handler()
                0x000000000000bf42                SysTick_Handler
 .text          0x000000000000bfa4      0x334 build/user_nvic.o
                0x000000000000c0c4                User_Nvic_T::grouping(unsigned long)
                0x000000000000c100                User_Nvic_T::set_up_IRQn(IRQn, unsigned short, bool)
                0x000000000000c260                User_Nvic_T::show_enable_irqs()
 .text          0x000000000000c2d8        0x0 /usr/local/arm/GNU_Tools_for_ARM/bin/../lib/gcc/arm-none-eabi/11.3.1/../../../../arm-none-eabi/lib/thumb/v7e-m+fp/hard/libc.a(libc_a-exit.o)
 .text          0x000000000000c2d8        0x0 /usr/local/arm/GNU_Tools_for_ARM/bin/../lib/gcc/arm-none-eabi/11.3.1/../../../../arm-none-eabi/lib/thumb/v7e-m+fp/hard/libc.a(libc_a-sprintf.o)
 .text          0x000000000000c2d8        0x0 /usr/local/arm/GNU_Tools_for_ARM/bin/../lib/gcc/arm-none-eabi/11.3.1/../../../../arm-none-eabi/lib/thumb/v7e-m+fp/hard/libc.a(libc_a-errno.o)
 .text          0x000000000000c2d8        0x0 /usr/local/arm/GNU_Tools_for_ARM/bin/../lib/gcc/arm-none-eabi/11.3.1/../../../../arm-none-eabi/lib/thumb/v7e-m+fp/hard/libc.a(libc_a-svfprintf.o)
 .text          0x000000000000c2d8        0x0 /usr/local/arm/GNU_Tools_for_ARM/bin/../lib/gcc/arm-none-eabi/11.3.1/../../../../arm-none-eabi/lib/thumb/v7e-m+fp/hard/libc.a(libc_a-malloc.o)
 .text          0x000000000000c2d8        0x0 /usr/local/arm/GNU_Tools_for_ARM/bin/../lib/gcc/arm-none-eabi/11.3.1/../../../../arm-none-eabi/lib/thumb/v7e-m+fp/hard/libc.a(libc_a-mallocr.o)
 .text          0x000000000000c2d8        0x0 /usr/local/arm/GNU_Tools_for_ARM/bin/../lib/gcc/arm-none-eabi/11.3.1/../../../../arm-none-eabi/lib/thumb/v7e-m+fp/hard/libc.a(libc_a-__call_atexit.o)
 .text          0x000000000000c2d8        0x0 /usr/local/arm/GNU_Tools_for_ARM/bin/../lib/gcc/arm-none-eabi/11.3.1/../../../../arm-none-eabi/lib/thumb/v7e-m+fp/hard/libc.a(libc_a-memset.o)
 .text          0x000000000000c2d8        0x0 /usr/local/arm/GNU_Tools_for_ARM/bin/../lib/gcc/arm-none-eabi/11.3.1/../../../../arm-none-eabi/lib/thumb/v7e-m+fp/hard/libc.a(libc_a-wcrtomb.o)
 .text          0x000000000000c2d8        0x0 /usr/local/arm/GNU_Tools_for_ARM/bin/../lib/gcc/arm-none-eabi/11.3.1/../../../../arm-none-eabi/lib/thumb/v7e-m+fp/hard/libc.a(libc_a-init.o)
 .text          0x000000000000c2d8        0x0 /usr/local/arm/GNU_Tools_for_ARM/bin/../lib/gcc/arm-none-eabi/11.3.1/../../../../arm-none-eabi/lib/thumb/v7e-m+fp/hard/libc.a(libc_a-fini.o)
 .text          0x000000000000c2d8        0x0 /usr/local/arm/GNU_Tools_for_ARM/bin/../lib/gcc/arm-none-eabi/11.3.1/../../../../arm-none-eabi/lib/thumb/v7e-m+fp/hard/libc.a(libc_a-lock.o)
 .text          0x000000000000c2d8        0x0 /usr/local/arm/GNU_Tools_for_ARM/bin/../lib/gcc/arm-none-eabi/11.3.1/../../../../arm-none-eabi/lib/thumb/v7e-m+fp/hard/libc.a(libc_a-locale.o)
 .text          0x000000000000c2d8        0x0 /usr/local/arm/GNU_Tools_for_ARM/bin/../lib/gcc/arm-none-eabi/11.3.1/../../../../arm-none-eabi/lib/thumb/v7e-m+fp/hard/libc.a(libc_a-localeconv.o)
 .text          0x000000000000c2d8        0x0 /usr/local/arm/GNU_Tools_for_ARM/bin/../lib/gcc/arm-none-eabi/11.3.1/../../../../arm-none-eabi/lib/thumb/v7e-m+fp/hard/libc.a(libc_a-aeabi_atexit.o)
 *fill*         0x000000000000c2d8        0x8 
 .text          0x000000000000c2e0      0x2dc /usr/local/arm/GNU_Tools_for_ARM/bin/../lib/gcc/arm-none-eabi/11.3.1/../../../../arm-none-eabi/lib/thumb/v7e-m+fp/hard/libc.a(libc_a-strcmp.o)
                0x000000000000c2e8                strcmp
 .text          0x000000000000c5bc        0x0 /usr/local/arm/GNU_Tools_for_ARM/bin/../lib/gcc/arm-none-eabi/11.3.1/../../../../arm-none-eabi/lib/thumb/v7e-m+fp/hard/libc.a(libc_a-strcpy.o)
 .text          0x000000000000c5bc        0x0 /usr/local/arm/GNU_Tools_for_ARM/bin/../lib/gcc/arm-none-eabi/11.3.1/../../../../arm-none-eabi/lib/thumb/v7e-m+fp/hard/libc.a(libc_a-mlock.o)
 .text          0x000000000000c5bc        0x0 /usr/local/arm/GNU_Tools_for_ARM/bin/../lib/gcc/arm-none-eabi/11.3.1/../../../../arm-none-eabi/lib/thumb/v7e-m+fp/hard/libc.a(libc_a-atexit.o)
 .text          0x000000000000c5bc        0x0 /usr/local/arm/GNU_Tools_for_ARM/bin/../lib/gcc/arm-none-eabi/11.3.1/../../../../arm-none-eabi/lib/thumb/v7e-m+fp/hard/libc.a(libc_a-strchr.o)
 .text          0x000000000000c5bc        0x0 /usr/local/arm/GNU_Tools_for_ARM/bin/../lib/gcc/arm-none-eabi/11.3.1/../../../../arm-none-eabi/lib/thumb/v7e-m+fp/hard/libc.a(libc_a-wcsrtombs.o)
 .text          0x000000000000c5bc        0x0 /usr/local/arm/GNU_Tools_for_ARM/bin/../lib/gcc/arm-none-eabi/11.3.1/../../../../arm-none-eabi/lib/thumb/v7e-m+fp/hard/libc.a(libc_a-dtoa.o)
 .text          0x000000000000c5bc        0x0 /usr/local/arm/GNU_Tools_for_ARM/bin/../lib/gcc/arm-none-eabi/11.3.1/../../../../arm-none-eabi/lib/thumb/v7e-m+fp/hard/libc.a(libc_a-ctype_.o)
 .text          0x000000000000c5bc        0x0 /usr/local/arm/GNU_Tools_for_ARM/bin/../lib/gcc/arm-none-eabi/11.3.1/../../../../arm-none-eabi/lib/thumb/v7e-m+fp/hard/libc.a(libc_a-impure.o)
 .text          0x000000000000c5bc        0x0 /usr/local/arm/GNU_Tools_for_ARM/bin/../lib/gcc/arm-none-eabi/11.3.1/../../../../arm-none-eabi/lib/thumb/v7e-m+fp/hard/libc.a(libc_a-findfp.o)
 *fill*         0x000000000000c5bc        0x4 
 .text          0x000000000000c5c0       0xa0 /usr/local/arm/GNU_Tools_for_ARM/bin/../lib/gcc/arm-none-eabi/11.3.1/../../../../arm-none-eabi/lib/thumb/v7e-m+fp/hard/libc.a(libc_a-memchr.o)
                0x000000000000c5c0                memchr
 .text          0x000000000000c660      0x134 /usr/local/arm/GNU_Tools_for_ARM/bin/../lib/gcc/arm-none-eabi/11.3.1/../../../../arm-none-eabi/lib/thumb/v7e-m+fp/hard/libc.a(libc_a-memcpy.o)
                0x000000000000c660                memcpy
 *fill*         0x000000000000c794       0x2c 
 .text          0x000000000000c7c0       0xdc /usr/local/arm/GNU_Tools_for_ARM/bin/../lib/gcc/arm-none-eabi/11.3.1/../../../../arm-none-eabi/lib/thumb/v7e-m+fp/hard/libc.a(libc_a-strlen.o)
                0x000000000000c7c0                strlen
 .text          0x000000000000c89c        0x0 /usr/local/arm/GNU_Tools_for_ARM/bin/../lib/gcc/arm-none-eabi/11.3.1/../../../../arm-none-eabi/lib/thumb/v7e-m+fp/hard/libc.a(libm_a-s_frexp.o)
 .text          0x000000000000c89c        0x0 /usr/local/arm/GNU_Tools_for_ARM/bin/../lib/gcc/arm-none-eabi/11.3.1/../../../../arm-none-eabi/lib/thumb/v7e-m+fp/hard/libc.a(libc_a-strlcpy.o)
 .text          0x000000000000c89c        0x0 /usr/local/arm/GNU_Tools_for_ARM/bin/../lib/gcc/arm-none-eabi/11.3.1/../../../../arm-none-eabi/lib/thumb/v7e-m+fp/hard/libc.a(libc_a-freer.o)
 .text          0x000000000000c89c        0x0 /usr/local/arm/GNU_Tools_for_ARM/bin/../lib/gcc/arm-none-eabi/11.3.1/../../../../arm-none-eabi/lib/thumb/v7e-m+fp/hard/libc.a(libc_a-strtol.o)
 .text          0x000000000000c89c        0x0 /usr/local/arm/GNU_Tools_for_ARM/bin/../lib/gcc/arm-none-eabi/11.3.1/../../../../arm-none-eabi/lib/thumb/v7e-m+fp/hard/libc.a(libc_a-strncasecmp.o)
 .text          0x000000000000c89c        0x0 /usr/local/arm/GNU_Tools_for_ARM/bin/../lib/gcc/arm-none-eabi/11.3.1/../../../../arm-none-eabi/lib/thumb/v7e-m+fp/hard/libc.a(libc_a-getenv_r.o)
 .text          0x000000000000c89c        0x0 /usr/local/arm/GNU_Tools_for_ARM/bin/../lib/gcc/arm-none-eabi/11.3.1/../../../../arm-none-eabi/lib/thumb/v7e-m+fp/hard/libc.a(libc_a-strncpy.o)
 .text          0x000000000000c89c        0x0 /usr/local/arm/GNU_Tools_for_ARM/bin/../lib/gcc/arm-none-eabi/11.3.1/../../../../arm-none-eabi/lib/thumb/v7e-m+fp/hard/libc.a(libc_a-stdio.o)
 .text          0x000000000000c89c        0x0 /usr/local/arm/GNU_Tools_for_ARM/bin/../lib/gcc/arm-none-eabi/11.3.1/../../../../arm-none-eabi/lib/thumb/v7e-m+fp/hard/libc.a(libc_a-wctomb_r.o)
 .text          0x000000000000c89c        0x0 /usr/local/arm/GNU_Tools_for_ARM/bin/../lib/gcc/arm-none-eabi/11.3.1/../../../../arm-none-eabi/lib/thumb/v7e-m+fp/hard/libc.a(libc_a-sbrkr.o)
 .text          0x000000000000c89c        0x0 /usr/local/arm/GNU_Tools_for_ARM/bin/../lib/gcc/arm-none-eabi/11.3.1/../../../../arm-none-eabi/lib/thumb/v7e-m+fp/hard/libc.a(libc_a-fwalk.o)
 .text          0x000000000000c89c        0x0 /usr/local/arm/GNU_Tools_for_ARM/bin/../lib/gcc/arm-none-eabi/11.3.1/../../../../arm-none-eabi/lib/thumb/v7e-m+fp/hard/libc.a(libc_a-writer.o)
 .text          0x000000000000c89c        0x0 /usr/local/arm/GNU_Tools_for_ARM/bin/../lib/gcc/arm-none-eabi/11.3.1/../../../../arm-none-eabi/lib/thumb/v7e-m+fp/hard/libc.a(libc_a-svfiprintf.o)
 .text          0x000000000000c89c        0x0 /usr/local/arm/GNU_Tools_for_ARM/bin/../lib/gcc/arm-none-eabi/11.3.1/../../../../arm-none-eabi/lib/thumb/v7e-m+fp/hard/libc.a(libc_a-__atexit.o)
 .text          0x000000000000c89c        0x0 /usr/local/arm/GNU_Tools_for_ARM/bin/../lib/gcc/arm-none-eabi/11.3.1/../../../../arm-none-eabi/lib/thumb/v7e-m+fp/hard/libc.a(libc_a-mbtowc_r.o)
 .text          0x000000000000c89c        0x0 /usr/local/arm/GNU_Tools_for_ARM/bin/../lib/gcc/arm-none-eabi/11.3.1/../../../../arm-none-eabi/lib/thumb/v7e-m+fp/hard/libc.a(libc_a-memmove.o)
 .text          0x000000000000c89c        0x0 /usr/local/arm/GNU_Tools_for_ARM/bin/../lib/gcc/arm-none-eabi/11.3.1/../../../../arm-none-eabi/lib/thumb/v7e-m+fp/hard/libc.a(libc_a-assert.o)
 .text          0x000000000000c89c        0x0 /usr/local/arm/GNU_Tools_for_ARM/bin/../lib/gcc/arm-none-eabi/11.3.1/../../../../arm-none-eabi/lib/thumb/v7e-m+fp/hard/libc.a(libc_a-strcasecmp.o)
 .text          0x000000000000c89c        0x0 /usr/local/arm/GNU_Tools_for_ARM/bin/../lib/gcc/arm-none-eabi/11.3.1/../../../../arm-none-eabi/lib/thumb/v7e-m+fp/hard/libc.a(libc_a-strcat.o)
 .text          0x000000000000c89c        0x0 /usr/local/arm/GNU_Tools_for_ARM/bin/../lib/gcc/arm-none-eabi/11.3.1/../../../../arm-none-eabi/lib/thumb/v7e-m+fp/hard/libc.a(libc_a-cxa_atexit.o)
 .text          0x000000000000c89c        0x0 /usr/local/arm/GNU_Tools_for_ARM/bin/../lib/gcc/arm-none-eabi/11.3.1/../../../../arm-none-eabi/lib/thumb/v7e-m+fp/hard/libc.a(libc_a-fclose.o)
 .text          0x000000000000c89c        0x0 /usr/local/arm/GNU_Tools_for_ARM/bin/../lib/gcc/arm-none-eabi/11.3.1/../../../../arm-none-eabi/lib/thumb/v7e-m+fp/hard/libc.a(libc_a-mprec.o)
 .text          0x000000000000c89c        0x0 /usr/local/arm/GNU_Tools_for_ARM/bin/../lib/gcc/arm-none-eabi/11.3.1/../../../../arm-none-eabi/lib/thumb/v7e-m+fp/hard/libc.a(libc_a-callocr.o)
 .text          0x000000000000c89c        0x0 /usr/local/arm/GNU_Tools_for_ARM/bin/../lib/gcc/arm-none-eabi/11.3.1/../../../../arm-none-eabi/lib/thumb/v7e-m+fp/hard/libc.a(libc_a-wcsnrtombs.o)
 .text          0x000000000000c89c        0x0 /usr/local/arm/GNU_Tools_for_ARM/bin/../lib/gcc/arm-none-eabi/11.3.1/../../../../arm-none-eabi/lib/thumb/v7e-m+fp/hard/libc.a(libc_a-closer.o)
 .text          0x000000000000c89c        0x0 /usr/local/arm/GNU_Tools_for_ARM/bin/../lib/gcc/arm-none-eabi/11.3.1/../../../../arm-none-eabi/lib/thumb/v7e-m+fp/hard/libc.a(libc_a-reent.o)
 .text          0x000000000000c89c        0x0 /usr/local/arm/GNU_Tools_for_ARM/bin/../lib/gcc/arm-none-eabi/11.3.1/../../../../arm-none-eabi/lib/thumb/v7e-m+fp/hard/libc.a(libc_a-fflush.o)
 .text          0x000000000000c89c        0x0 /usr/local/arm/GNU_Tools_for_ARM/bin/../lib/gcc/arm-none-eabi/11.3.1/../../../../arm-none-eabi/lib/thumb/v7e-m+fp/hard/libc.a(libc_a-reallocr.o)
 .text          0x000000000000c89c        0x0 /usr/local/arm/GNU_Tools_for_ARM/bin/../lib/gcc/arm-none-eabi/11.3.1/../../../../arm-none-eabi/lib/thumb/v7e-m+fp/hard/libc.a(libc_a-envlock.o)
 .text          0x000000000000c89c        0x0 /usr/local/arm/GNU_Tools_for_ARM/bin/../lib/gcc/arm-none-eabi/11.3.1/../../../../arm-none-eabi/lib/thumb/v7e-m+fp/hard/libc.a(libc_a-strncmp.o)
 .text          0x000000000000c89c        0x0 /usr/local/arm/GNU_Tools_for_ARM/bin/../lib/gcc/arm-none-eabi/11.3.1/../../../../arm-none-eabi/lib/thumb/v7e-m+fp/hard/libc.a(libc_a-lseekr.o)
 .text          0x000000000000c89c        0x0 /usr/local/arm/GNU_Tools_for_ARM/bin/../lib/gcc/arm-none-eabi/11.3.1/../../../../arm-none-eabi/lib/thumb/v7e-m+fp/hard/libc.a(libc_a-readr.o)
 .text          0x000000000000c89c        0x0 /usr/local/arm/GNU_Tools_for_ARM/bin/../lib/gcc/arm-none-eabi/11.3.1/../../../../arm-none-eabi/lib/thumb/v7e-m+fp/hard/libc.a(libc_a-fiprintf.o)
 .text          0x000000000000c89c        0x0 /usr/local/arm/GNU_Tools_for_ARM/bin/../lib/gcc/arm-none-eabi/11.3.1/../../../../arm-none-eabi/lib/thumb/v7e-m+fp/hard/libc.a(libc_a-vfiprintf.o)
 .text          0x000000000000c89c        0x0 /usr/local/arm/GNU_Tools_for_ARM/bin/../lib/gcc/arm-none-eabi/11.3.1/../../../../arm-none-eabi/lib/thumb/v7e-m+fp/hard/libc.a(libc_a-abort.o)
 .text          0x000000000000c89c        0x0 /usr/local/arm/GNU_Tools_for_ARM/bin/../lib/gcc/arm-none-eabi/11.3.1/../../../../arm-none-eabi/lib/thumb/v7e-m+fp/hard/libc.a(libc_a-wsetup.o)
 .text          0x000000000000c89c        0x0 /usr/local/arm/GNU_Tools_for_ARM/bin/../lib/gcc/arm-none-eabi/11.3.1/../../../../arm-none-eabi/lib/thumb/v7e-m+fp/hard/libc.a(libc_a-makebuf.o)
 .text          0x000000000000c89c        0x0 /usr/local/arm/GNU_Tools_for_ARM/bin/../lib/gcc/arm-none-eabi/11.3.1/../../../../arm-none-eabi/lib/thumb/v7e-m+fp/hard/libc.a(libc_a-fstatr.o)
 .text          0x000000000000c89c        0x0 /usr/local/arm/GNU_Tools_for_ARM/bin/../lib/gcc/arm-none-eabi/11.3.1/../../../../arm-none-eabi/lib/thumb/v7e-m+fp/hard/libc.a(libc_a-signal.o)
 .text          0x000000000000c89c        0x0 /usr/local/arm/GNU_Tools_for_ARM/bin/../lib/gcc/arm-none-eabi/11.3.1/../../../../arm-none-eabi/lib/thumb/v7e-m+fp/hard/libc.a(libc_a-isattyr.o)
 .text          0x000000000000c89c        0x0 /usr/local/arm/GNU_Tools_for_ARM/bin/../lib/gcc/arm-none-eabi/11.3.1/../../../../arm-none-eabi/lib/thumb/v7e-m+fp/hard/libc.a(libc_a-fputwc.o)
 .text          0x000000000000c89c        0x0 /usr/local/arm/GNU_Tools_for_ARM/bin/../lib/gcc/arm-none-eabi/11.3.1/../../../../arm-none-eabi/lib/thumb/v7e-m+fp/hard/libc.a(libc_a-signalr.o)
 .text          0x000000000000c89c        0x0 /usr/local/arm/GNU_Tools_for_ARM/bin/../lib/gcc/arm-none-eabi/11.3.1/../../../../arm-none-eabi/lib/thumb/v7e-m+fp/hard/libc.a(libc_a-fvwrite.o)
 .text          0x000000000000c89c        0x0 /usr/local/arm/GNU_Tools_for_ARM/bin/../lib/gcc/arm-none-eabi/11.3.1/../../../../arm-none-eabi/lib/thumb/v7e-m+fp/hard/libc.a(libc_a-wbuf.o)
 .text          0x000000000000c89c        0x0 /usr/local/arm/GNU_Tools_for_ARM/bin/../lib/gcc/arm-none-eabi/11.3.1/../../../../arm-none-eabi/lib/thumb/v7e-m+fp/hard/libnosys.a(sbrk.o)
 .text          0x000000000000c89c      0x254 /usr/local/arm/GNU_Tools_for_ARM/bin/../lib/gcc/arm-none-eabi/11.3.1/thumb/v7e-m+fp/hard/libgcc.a(_arm_muldf3.o)
 .text          0x000000000000caf0      0x378 /usr/local/arm/GNU_Tools_for_ARM/bin/../lib/gcc/arm-none-eabi/11.3.1/thumb/v7e-m+fp/hard/libgcc.a(_arm_addsubdf3.o)
                0x000000000000caf0                __aeabi_drsub
                0x000000000000caf8                __aeabi_dsub
                0x000000000000caf8                __subdf3
                0x000000000000cafc                __adddf3
                0x000000000000cafc                __aeabi_dadd
                0x000000000000cd74                __aeabi_ui2d
                0x000000000000cd74                __floatunsidf
                0x000000000000cd94                __floatsidf
                0x000000000000cd94                __aeabi_i2d
                0x000000000000cdb8                __extendsfdf2
                0x000000000000cdb8                __aeabi_f2d
                0x000000000000cdfc                __aeabi_ul2d
                0x000000000000cdfc                __floatundidf
                0x000000000000ce0c                __floatdidf
                0x000000000000ce0c                __aeabi_l2d
 .text          0x000000000000ce68      0x424 /usr/local/arm/GNU_Tools_for_ARM/bin/../lib/gcc/arm-none-eabi/11.3.1/thumb/v7e-m+fp/hard/libgcc.a(_arm_muldivdf3.o)
                0x000000000000ce68                __aeabi_dmul
                0x000000000000ce68                __muldf3
                0x000000000000d0bc                __aeabi_ddiv
                0x000000000000d0bc                __divdf3
 .text          0x000000000000d28c      0x110 /usr/local/arm/GNU_Tools_for_ARM/bin/../lib/gcc/arm-none-eabi/11.3.1/thumb/v7e-m+fp/hard/libgcc.a(_arm_cmpdf2.o)
                0x000000000000d28c                __gtdf2
                0x000000000000d28c                __gedf2
                0x000000000000d294                __ltdf2
                0x000000000000d294                __ledf2
                0x000000000000d29c                __cmpdf2
                0x000000000000d29c                __eqdf2
                0x000000000000d29c                __nedf2
                0x000000000000d318                __aeabi_cdrcmple
                0x000000000000d328                __aeabi_cdcmple
                0x000000000000d328                __aeabi_cdcmpeq
                0x000000000000d338                __aeabi_dcmpeq
                0x000000000000d34c                __aeabi_dcmplt
                0x000000000000d360                __aeabi_dcmple
                0x000000000000d374                __aeabi_dcmpge
                0x000000000000d388                __aeabi_dcmpgt
 .text          0x000000000000d39c       0x2c /usr/local/arm/GNU_Tools_for_ARM/bin/../lib/gcc/arm-none-eabi/11.3.1/thumb/v7e-m+fp/hard/libgcc.a(_arm_unorddf2.o)
                0x000000000000d39c                __aeabi_dcmpun
                0x000000000000d39c                __unorddf2
 .text          0x000000000000d3c8       0x50 /usr/local/arm/GNU_Tools_for_ARM/bin/../lib/gcc/arm-none-eabi/11.3.1/thumb/v7e-m+fp/hard/libgcc.a(_arm_fixdfsi.o)
                0x000000000000d3c8                __fixdfsi
                0x000000000000d3c8                __aeabi_d2iz
 .text          0x000000000000d418        0x0 /usr/local/arm/GNU_Tools_for_ARM/bin/../lib/gcc/arm-none-eabi/11.3.1/thumb/v7e-m+fp/hard/libgcc.a(unwind-arm.o)
 .text          0x000000000000d418      0x1ac /usr/local/arm/GNU_Tools_for_ARM/bin/../lib/gcc/arm-none-eabi/11.3.1/thumb/v7e-m+fp/hard/libgcc.a(libunwind.o)
                0x000000000000d418                __restore_core_regs
                0x000000000000d418                restore_core_regs
                0x000000000000d430                __gnu_Unwind_Restore_VFP
                0x000000000000d438                __gnu_Unwind_Save_VFP
                0x000000000000d440                __gnu_Unwind_Restore_VFP_D
                0x000000000000d448                __gnu_Unwind_Save_VFP_D
                0x000000000000d450                __gnu_Unwind_Restore_VFP_D_16_to_31
                0x000000000000d458                __gnu_Unwind_Save_VFP_D_16_to_31
                0x000000000000d460                __gnu_Unwind_Restore_WMMXD
                0x000000000000d4a4                __gnu_Unwind_Save_WMMXD
                0x000000000000d4e8                __gnu_Unwind_Restore_WMMXC
                0x000000000000d4fc                __gnu_Unwind_Save_WMMXC
                0x000000000000d510                ___Unwind_RaiseException
                0x000000000000d510                _Unwind_RaiseException
                0x000000000000d534                ___Unwind_Resume
                0x000000000000d534                _Unwind_Resume
                0x000000000000d558                _Unwind_Resume_or_Rethrow
                0x000000000000d558                ___Unwind_Resume_or_Rethrow
                0x000000000000d57c                ___Unwind_ForcedUnwind
                0x000000000000d57c                _Unwind_ForcedUnwind
                0x000000000000d5a0                _Unwind_Backtrace
                0x000000000000d5a0                ___Unwind_Backtrace
 .text          0x000000000000d5c4        0x0 /usr/local/arm/GNU_Tools_for_ARM/bin/../lib/gcc/arm-none-eabi/11.3.1/thumb/v7e-m+fp/hard/libgcc.a(pr-support.o)
 .text          0x000000000000d5c4        0x0 /usr/local/arm/GNU_Tools_for_ARM/bin/../lib/gcc/arm-none-eabi/11.3.1/thumb/v7e-m+fp/hard/crtend.o
 .text          0x000000000000d5c4        0x0 /usr/local/arm/GNU_Tools_for_ARM/bin/../lib/gcc/arm-none-eabi/11.3.1/thumb/v7e-m+fp/hard/crtn.o
 *(.text.*)
 .text.deregister_tm_clones
                0x000000000000d5c4       0x1c /usr/local/arm/GNU_Tools_for_ARM/bin/../lib/gcc/arm-none-eabi/11.3.1/thumb/v7e-m+fp/hard/crtbegin.o
 .text.register_tm_clones
                0x000000000000d5e0       0x24 /usr/local/arm/GNU_Tools_for_ARM/bin/../lib/gcc/arm-none-eabi/11.3.1/thumb/v7e-m+fp/hard/crtbegin.o
 .text.__do_global_dtors_aux
                0x000000000000d604       0x28 /usr/local/arm/GNU_Tools_for_ARM/bin/../lib/gcc/arm-none-eabi/11.3.1/thumb/v7e-m+fp/hard/crtbegin.o
 .text.frame_dummy
                0x000000000000d62c       0x24 /usr/local/arm/GNU_Tools_for_ARM/bin/../lib/gcc/arm-none-eabi/11.3.1/thumb/v7e-m+fp/hard/crtbegin.o
 .text.exit     0x000000000000d650       0x1c /usr/local/arm/GNU_Tools_for_ARM/bin/../lib/gcc/arm-none-eabi/11.3.1/../../../../arm-none-eabi/lib/thumb/v7e-m+fp/hard/libc.a(libc_a-exit.o)
                0x000000000000d650                exit
 .text.sprintf  0x000000000000d66c       0x40 /usr/local/arm/GNU_Tools_for_ARM/bin/../lib/gcc/arm-none-eabi/11.3.1/../../../../arm-none-eabi/lib/thumb/v7e-m+fp/hard/libc.a(libc_a-sprintf.o)
                0x000000000000d66c                sprintf
 .text.__errno  0x000000000000d6ac        0xc /usr/local/arm/GNU_Tools_for_ARM/bin/../lib/gcc/arm-none-eabi/11.3.1/../../../../arm-none-eabi/lib/thumb/v7e-m+fp/hard/libc.a(libc_a-errno.o)
                0x000000000000d6ac                __errno
 .text._svfprintf_r
                0x000000000000d6b8     0x1be0 /usr/local/arm/GNU_Tools_for_ARM/bin/../lib/gcc/arm-none-eabi/11.3.1/../../../../arm-none-eabi/lib/thumb/v7e-m+fp/hard/libc.a(libc_a-svfprintf.o)
                0x000000000000d6b8                _svfprintf_r
 .text.malloc   0x000000000000f298       0x10 /usr/local/arm/GNU_Tools_for_ARM/bin/../lib/gcc/arm-none-eabi/11.3.1/../../../../arm-none-eabi/lib/thumb/v7e-m+fp/hard/libc.a(libc_a-malloc.o)
                0x000000000000f298                malloc
 .text.free     0x000000000000f2a8       0x10 /usr/local/arm/GNU_Tools_for_ARM/bin/../lib/gcc/arm-none-eabi/11.3.1/../../../../arm-none-eabi/lib/thumb/v7e-m+fp/hard/libc.a(libc_a-malloc.o)
                0x000000000000f2a8                free
 .text._malloc_r
                0x000000000000f2b8      0x560 /usr/local/arm/GNU_Tools_for_ARM/bin/../lib/gcc/arm-none-eabi/11.3.1/../../../../arm-none-eabi/lib/thumb/v7e-m+fp/hard/libc.a(libc_a-mallocr.o)
                0x000000000000f2b8                _malloc_r
 .text.startup.register_fini
                0x000000000000f818       0x14 /usr/local/arm/GNU_Tools_for_ARM/bin/../lib/gcc/arm-none-eabi/11.3.1/../../../../arm-none-eabi/lib/thumb/v7e-m+fp/hard/libc.a(libc_a-__call_atexit.o)
 .text.__call_exitprocs
                0x000000000000f82c       0xc8 /usr/local/arm/GNU_Tools_for_ARM/bin/../lib/gcc/arm-none-eabi/11.3.1/../../../../arm-none-eabi/lib/thumb/v7e-m+fp/hard/libc.a(libc_a-__call_atexit.o)
                0x000000000000f82c                __call_exitprocs
 .text.memset   0x000000000000f8f4       0xa4 /usr/local/arm/GNU_Tools_for_ARM/bin/../lib/gcc/arm-none-eabi/11.3.1/../../../../arm-none-eabi/lib/thumb/v7e-m+fp/hard/libc.a(libc_a-memset.o)
                0x000000000000f8f4                memset
 .text._wcrtomb_r
                0x000000000000f998       0x4c /usr/local/arm/GNU_Tools_for_ARM/bin/../lib/gcc/arm-none-eabi/11.3.1/../../../../arm-none-eabi/lib/thumb/v7e-m+fp/hard/libc.a(libc_a-wcrtomb.o)
                0x000000000000f998                _wcrtomb_r
 .text.__libc_init_array
                0x000000000000f9e4       0x48 /usr/local/arm/GNU_Tools_for_ARM/bin/../lib/gcc/arm-none-eabi/11.3.1/../../../../arm-none-eabi/lib/thumb/v7e-m+fp/hard/libc.a(libc_a-init.o)
                0x000000000000f9e4                __libc_init_array
 .text.__libc_fini_array
                0x000000000000fa2c       0x28 /usr/local/arm/GNU_Tools_for_ARM/bin/../lib/gcc/arm-none-eabi/11.3.1/../../../../arm-none-eabi/lib/thumb/v7e-m+fp/hard/libc.a(libc_a-fini.o)
                0x000000000000fa2c                __libc_fini_array
 .text.__retarget_lock_init_recursive
                0x000000000000fa54        0x4 /usr/local/arm/GNU_Tools_for_ARM/bin/../lib/gcc/arm-none-eabi/11.3.1/../../../../arm-none-eabi/lib/thumb/v7e-m+fp/hard/libc.a(libc_a-lock.o)
                0x000000000000fa54                __retarget_lock_init_recursive
 .text.__retarget_lock_close_recursive
                0x000000000000fa58        0x4 /usr/local/arm/GNU_Tools_for_ARM/bin/../lib/gcc/arm-none-eabi/11.3.1/../../../../arm-none-eabi/lib/thumb/v7e-m+fp/hard/libc.a(libc_a-lock.o)
                0x000000000000fa58                __retarget_lock_close_recursive
 .text.__retarget_lock_acquire_recursive
                0x000000000000fa5c        0x4 /usr/local/arm/GNU_Tools_for_ARM/bin/../lib/gcc/arm-none-eabi/11.3.1/../../../../arm-none-eabi/lib/thumb/v7e-m+fp/hard/libc.a(libc_a-lock.o)
                0x000000000000fa5c                __retarget_lock_acquire_recursive
 .text.__retarget_lock_release_recursive
                0x000000000000fa60        0x4 /usr/local/arm/GNU_Tools_for_ARM/bin/../lib/gcc/arm-none-eabi/11.3.1/../../../../arm-none-eabi/lib/thumb/v7e-m+fp/hard/libc.a(libc_a-lock.o)
                0x000000000000fa60                __retarget_lock_release_recursive
 .text.__locale_mb_cur_max
                0x000000000000fa64        0xc /usr/local/arm/GNU_Tools_for_ARM/bin/../lib/gcc/arm-none-eabi/11.3.1/../../../../arm-none-eabi/lib/thumb/v7e-m+fp/hard/libc.a(libc_a-locale.o)
                0x000000000000fa64                __locale_mb_cur_max
 .text._localeconv_r
                0x000000000000fa70        0x8 /usr/local/arm/GNU_Tools_for_ARM/bin/../lib/gcc/arm-none-eabi/11.3.1/../../../../arm-none-eabi/lib/thumb/v7e-m+fp/hard/libc.a(libc_a-localeconv.o)
                0x000000000000fa70                _localeconv_r
 .text.__aeabi_atexit
                0x000000000000fa78        0xc /usr/local/arm/GNU_Tools_for_ARM/bin/../lib/gcc/arm-none-eabi/11.3.1/../../../../arm-none-eabi/lib/thumb/v7e-m+fp/hard/libc.a(libc_a-aeabi_atexit.o)
                0x000000000000fa78                __aeabi_atexit
 .text.__malloc_lock
                0x000000000000fa84        0xc /usr/local/arm/GNU_Tools_for_ARM/bin/../lib/gcc/arm-none-eabi/11.3.1/../../../../arm-none-eabi/lib/thumb/v7e-m+fp/hard/libc.a(libc_a-mlock.o)
                0x000000000000fa84                __malloc_lock
 .text.__malloc_unlock
                0x000000000000fa90        0xc /usr/local/arm/GNU_Tools_for_ARM/bin/../lib/gcc/arm-none-eabi/11.3.1/../../../../arm-none-eabi/lib/thumb/v7e-m+fp/hard/libc.a(libc_a-mlock.o)
                0x000000000000fa90                __malloc_unlock
 .text.atexit   0x000000000000fa9c        0xc /usr/local/arm/GNU_Tools_for_ARM/bin/../lib/gcc/arm-none-eabi/11.3.1/../../../../arm-none-eabi/lib/thumb/v7e-m+fp/hard/libc.a(libc_a-atexit.o)
                0x000000000000fa9c                atexit
 .text._wcsrtombs_r
                0x000000000000faa8       0x18 /usr/local/arm/GNU_Tools_for_ARM/bin/../lib/gcc/arm-none-eabi/11.3.1/../../../../arm-none-eabi/lib/thumb/v7e-m+fp/hard/libc.a(libc_a-wcsrtombs.o)
                0x000000000000faa8                _wcsrtombs_r
 .text.quorem   0x000000000000fac0      0x128 /usr/local/arm/GNU_Tools_for_ARM/bin/../lib/gcc/arm-none-eabi/11.3.1/../../../../arm-none-eabi/lib/thumb/v7e-m+fp/hard/libc.a(libc_a-dtoa.o)
 .text._dtoa_r  0x000000000000fbe8      0xf3c /usr/local/arm/GNU_Tools_for_ARM/bin/../lib/gcc/arm-none-eabi/11.3.1/../../../../arm-none-eabi/lib/thumb/v7e-m+fp/hard/libc.a(libc_a-dtoa.o)
                0x000000000000fbe8                _dtoa_r
 .text.stdio_exit_handler
                0x0000000000010b24       0x18 /usr/local/arm/GNU_Tools_for_ARM/bin/../lib/gcc/arm-none-eabi/11.3.1/../../../../arm-none-eabi/lib/thumb/v7e-m+fp/hard/libc.a(libc_a-findfp.o)
 .text.cleanup_stdio
                0x0000000000010b3c       0x40 /usr/local/arm/GNU_Tools_for_ARM/bin/../lib/gcc/arm-none-eabi/11.3.1/../../../../arm-none-eabi/lib/thumb/v7e-m+fp/hard/libc.a(libc_a-findfp.o)
 .text.global_stdio_init.part.0
                0x0000000000010b7c       0xd4 /usr/local/arm/GNU_Tools_for_ARM/bin/../lib/gcc/arm-none-eabi/11.3.1/../../../../arm-none-eabi/lib/thumb/v7e-m+fp/hard/libc.a(libc_a-findfp.o)
 .text.__sinit  0x0000000000010c50       0x3c /usr/local/arm/GNU_Tools_for_ARM/bin/../lib/gcc/arm-none-eabi/11.3.1/../../../../arm-none-eabi/lib/thumb/v7e-m+fp/hard/libc.a(libc_a-findfp.o)
                0x0000000000010c50                __sinit
 .text.__sfp_lock_acquire
                0x0000000000010c8c        0xc /usr/local/arm/GNU_Tools_for_ARM/bin/../lib/gcc/arm-none-eabi/11.3.1/../../../../arm-none-eabi/lib/thumb/v7e-m+fp/hard/libc.a(libc_a-findfp.o)
                0x0000000000010c8c                __sfp_lock_acquire
 .text.__sfp_lock_release
                0x0000000000010c98        0xc /usr/local/arm/GNU_Tools_for_ARM/bin/../lib/gcc/arm-none-eabi/11.3.1/../../../../arm-none-eabi/lib/thumb/v7e-m+fp/hard/libc.a(libc_a-findfp.o)
                0x0000000000010c98                __sfp_lock_release
 .text.frexp    0x0000000000010ca4       0x6c /usr/local/arm/GNU_Tools_for_ARM/bin/../lib/gcc/arm-none-eabi/11.3.1/../../../../arm-none-eabi/lib/thumb/v7e-m+fp/hard/libc.a(libm_a-s_frexp.o)
                0x0000000000010ca4                frexp
 .text._malloc_trim_r
                0x0000000000010d10       0xa0 /usr/local/arm/GNU_Tools_for_ARM/bin/../lib/gcc/arm-none-eabi/11.3.1/../../../../arm-none-eabi/lib/thumb/v7e-m+fp/hard/libc.a(libc_a-freer.o)
                0x0000000000010d10                _malloc_trim_r
 .text._free_r  0x0000000000010db0      0x20c /usr/local/arm/GNU_Tools_for_ARM/bin/../lib/gcc/arm-none-eabi/11.3.1/../../../../arm-none-eabi/lib/thumb/v7e-m+fp/hard/libc.a(libc_a-freer.o)
                0x0000000000010db0                _free_r
 .text.strncpy  0x0000000000010fbc       0x64 /usr/local/arm/GNU_Tools_for_ARM/bin/../lib/gcc/arm-none-eabi/11.3.1/../../../../arm-none-eabi/lib/thumb/v7e-m+fp/hard/libc.a(libc_a-strncpy.o)
                0x0000000000010fbc                strncpy
 .text.__sread  0x0000000000011020       0x24 /usr/local/arm/GNU_Tools_for_ARM/bin/../lib/gcc/arm-none-eabi/11.3.1/../../../../arm-none-eabi/lib/thumb/v7e-m+fp/hard/libc.a(libc_a-stdio.o)
                0x0000000000011020                __sread
 .text.__swrite
                0x0000000000011044       0x40 /usr/local/arm/GNU_Tools_for_ARM/bin/../lib/gcc/arm-none-eabi/11.3.1/../../../../arm-none-eabi/lib/thumb/v7e-m+fp/hard/libc.a(libc_a-stdio.o)
                0x0000000000011044                __swrite
 .text.__sseek  0x0000000000011084       0x20 /usr/local/arm/GNU_Tools_for_ARM/bin/../lib/gcc/arm-none-eabi/11.3.1/../../../../arm-none-eabi/lib/thumb/v7e-m+fp/hard/libc.a(libc_a-stdio.o)
                0x0000000000011084                __sseek
 .text.__sclose
                0x00000000000110a4        0x8 /usr/local/arm/GNU_Tools_for_ARM/bin/../lib/gcc/arm-none-eabi/11.3.1/../../../../arm-none-eabi/lib/thumb/v7e-m+fp/hard/libc.a(libc_a-stdio.o)
                0x00000000000110a4                __sclose
 .text.__ascii_wctomb
                0x00000000000110ac       0x1c /usr/local/arm/GNU_Tools_for_ARM/bin/../lib/gcc/arm-none-eabi/11.3.1/../../../../arm-none-eabi/lib/thumb/v7e-m+fp/hard/libc.a(libc_a-wctomb_r.o)
                0x00000000000110ac                __ascii_wctomb
 .text._sbrk_r  0x00000000000110c8       0x24 /usr/local/arm/GNU_Tools_for_ARM/bin/../lib/gcc/arm-none-eabi/11.3.1/../../../../arm-none-eabi/lib/thumb/v7e-m+fp/hard/libc.a(libc_a-sbrkr.o)
                0x00000000000110c8                _sbrk_r
 .text._fwalk_sglue
                0x00000000000110ec       0x48 /usr/local/arm/GNU_Tools_for_ARM/bin/../lib/gcc/arm-none-eabi/11.3.1/../../../../arm-none-eabi/lib/thumb/v7e-m+fp/hard/libc.a(libc_a-fwalk.o)
                0x00000000000110ec                _fwalk_sglue
 .text._write_r
                0x0000000000011134       0x2c /usr/local/arm/GNU_Tools_for_ARM/bin/../lib/gcc/arm-none-eabi/11.3.1/../../../../arm-none-eabi/lib/thumb/v7e-m+fp/hard/libc.a(libc_a-writer.o)
                0x0000000000011134                _write_r
 .text.__ssprint_r
                0x0000000000011160      0x100 /usr/local/arm/GNU_Tools_for_ARM/bin/../lib/gcc/arm-none-eabi/11.3.1/../../../../arm-none-eabi/lib/thumb/v7e-m+fp/hard/libc.a(libc_a-svfiprintf.o)
                0x0000000000011160                __ssprint_r
 .text.__register_exitproc
                0x0000000000011260       0x88 /usr/local/arm/GNU_Tools_for_ARM/bin/../lib/gcc/arm-none-eabi/11.3.1/../../../../arm-none-eabi/lib/thumb/v7e-m+fp/hard/libc.a(libc_a-__atexit.o)
                0x0000000000011260                __register_exitproc
 .text.__ascii_mbtowc
                0x00000000000112e8       0x2c /usr/local/arm/GNU_Tools_for_ARM/bin/../lib/gcc/arm-none-eabi/11.3.1/../../../../arm-none-eabi/lib/thumb/v7e-m+fp/hard/libc.a(libc_a-mbtowc_r.o)
                0x00000000000112e8                __ascii_mbtowc
 .text.memmove  0x0000000000011314       0xf8 /usr/local/arm/GNU_Tools_for_ARM/bin/../lib/gcc/arm-none-eabi/11.3.1/../../../../arm-none-eabi/lib/thumb/v7e-m+fp/hard/libc.a(libc_a-memmove.o)
                0x0000000000011314                memmove
 .text.__assert_func
                0x000000000001140c       0x40 /usr/local/arm/GNU_Tools_for_ARM/bin/../lib/gcc/arm-none-eabi/11.3.1/../../../../arm-none-eabi/lib/thumb/v7e-m+fp/hard/libc.a(libc_a-assert.o)
                0x000000000001140c                __assert_func
 .text.__cxa_atexit
                0x000000000001144c        0xc /usr/local/arm/GNU_Tools_for_ARM/bin/../lib/gcc/arm-none-eabi/11.3.1/../../../../arm-none-eabi/lib/thumb/v7e-m+fp/hard/libc.a(libc_a-cxa_atexit.o)
                0x000000000001144c                __cxa_atexit
 .text._fclose_r
                0x0000000000011458       0xc8 /usr/local/arm/GNU_Tools_for_ARM/bin/../lib/gcc/arm-none-eabi/11.3.1/../../../../arm-none-eabi/lib/thumb/v7e-m+fp/hard/libc.a(libc_a-fclose.o)
                0x0000000000011458                _fclose_r
 .text._Balloc  0x0000000000011520       0x4c /usr/local/arm/GNU_Tools_for_ARM/bin/../lib/gcc/arm-none-eabi/11.3.1/../../../../arm-none-eabi/lib/thumb/v7e-m+fp/hard/libc.a(libc_a-mprec.o)
                0x0000000000011520                _Balloc
 .text._Bfree   0x000000000001156c       0x14 /usr/local/arm/GNU_Tools_for_ARM/bin/../lib/gcc/arm-none-eabi/11.3.1/../../../../arm-none-eabi/lib/thumb/v7e-m+fp/hard/libc.a(libc_a-mprec.o)
                0x000000000001156c                _Bfree
 .text.__multadd
                0x0000000000011580       0xa4 /usr/local/arm/GNU_Tools_for_ARM/bin/../lib/gcc/arm-none-eabi/11.3.1/../../../../arm-none-eabi/lib/thumb/v7e-m+fp/hard/libc.a(libc_a-mprec.o)
                0x0000000000011580                __multadd
 .text.__hi0bits
                0x0000000000011624       0x40 /usr/local/arm/GNU_Tools_for_ARM/bin/../lib/gcc/arm-none-eabi/11.3.1/../../../../arm-none-eabi/lib/thumb/v7e-m+fp/hard/libc.a(libc_a-mprec.o)
                0x0000000000011624                __hi0bits
 .text.__lo0bits
                0x0000000000011664       0x60 /usr/local/arm/GNU_Tools_for_ARM/bin/../lib/gcc/arm-none-eabi/11.3.1/../../../../arm-none-eabi/lib/thumb/v7e-m+fp/hard/libc.a(libc_a-mprec.o)
                0x0000000000011664                __lo0bits
 .text.__i2b    0x00000000000116c4       0x5c /usr/local/arm/GNU_Tools_for_ARM/bin/../lib/gcc/arm-none-eabi/11.3.1/../../../../arm-none-eabi/lib/thumb/v7e-m+fp/hard/libc.a(libc_a-mprec.o)
                0x00000000000116c4                __i2b
 .text.__multiply
                0x0000000000011720      0x15c /usr/local/arm/GNU_Tools_for_ARM/bin/../lib/gcc/arm-none-eabi/11.3.1/../../../../arm-none-eabi/lib/thumb/v7e-m+fp/hard/libc.a(libc_a-mprec.o)
                0x0000000000011720                __multiply
 .text.__pow5mult
                0x000000000001187c       0xc0 /usr/local/arm/GNU_Tools_for_ARM/bin/../lib/gcc/arm-none-eabi/11.3.1/../../../../arm-none-eabi/lib/thumb/v7e-m+fp/hard/libc.a(libc_a-mprec.o)
                0x000000000001187c                __pow5mult
 .text.__lshift
                0x000000000001193c       0xf0 /usr/local/arm/GNU_Tools_for_ARM/bin/../lib/gcc/arm-none-eabi/11.3.1/../../../../arm-none-eabi/lib/thumb/v7e-m+fp/hard/libc.a(libc_a-mprec.o)
                0x000000000001193c                __lshift
 .text.__mcmp   0x0000000000011a2c       0x44 /usr/local/arm/GNU_Tools_for_ARM/bin/../lib/gcc/arm-none-eabi/11.3.1/../../../../arm-none-eabi/lib/thumb/v7e-m+fp/hard/libc.a(libc_a-mprec.o)
                0x0000000000011a2c                __mcmp
 .text.__mdiff  0x0000000000011a70      0x154 /usr/local/arm/GNU_Tools_for_ARM/bin/../lib/gcc/arm-none-eabi/11.3.1/../../../../arm-none-eabi/lib/thumb/v7e-m+fp/hard/libc.a(libc_a-mprec.o)
                0x0000000000011a70                __mdiff
 .text.__d2b    0x0000000000011bc4       0xd4 /usr/local/arm/GNU_Tools_for_ARM/bin/../lib/gcc/arm-none-eabi/11.3.1/../../../../arm-none-eabi/lib/thumb/v7e-m+fp/hard/libc.a(libc_a-mprec.o)
                0x0000000000011bc4                __d2b
 .text._calloc_r
                0x0000000000011c98       0x78 /usr/local/arm/GNU_Tools_for_ARM/bin/../lib/gcc/arm-none-eabi/11.3.1/../../../../arm-none-eabi/lib/thumb/v7e-m+fp/hard/libc.a(libc_a-callocr.o)
                0x0000000000011c98                _calloc_r
 .text._wcsnrtombs_l
                0x0000000000011d10      0x108 /usr/local/arm/GNU_Tools_for_ARM/bin/../lib/gcc/arm-none-eabi/11.3.1/../../../../arm-none-eabi/lib/thumb/v7e-m+fp/hard/libc.a(libc_a-wcsnrtombs.o)
                0x0000000000011d10                _wcsnrtombs_l
 .text._wcsnrtombs_r
                0x0000000000011e18       0x24 /usr/local/arm/GNU_Tools_for_ARM/bin/../lib/gcc/arm-none-eabi/11.3.1/../../../../arm-none-eabi/lib/thumb/v7e-m+fp/hard/libc.a(libc_a-wcsnrtombs.o)
                0x0000000000011e18                _wcsnrtombs_r
 .text._close_r
                0x0000000000011e3c       0x24 /usr/local/arm/GNU_Tools_for_ARM/bin/../lib/gcc/arm-none-eabi/11.3.1/../../../../arm-none-eabi/lib/thumb/v7e-m+fp/hard/libc.a(libc_a-closer.o)
                0x0000000000011e3c                _close_r
 .text.__sflush_r
                0x0000000000011e60      0x130 /usr/local/arm/GNU_Tools_for_ARM/bin/../lib/gcc/arm-none-eabi/11.3.1/../../../../arm-none-eabi/lib/thumb/v7e-m+fp/hard/libc.a(libc_a-fflush.o)
                0x0000000000011e60                __sflush_r
 .text._fflush_r
                0x0000000000011f90       0x54 /usr/local/arm/GNU_Tools_for_ARM/bin/../lib/gcc/arm-none-eabi/11.3.1/../../../../arm-none-eabi/lib/thumb/v7e-m+fp/hard/libc.a(libc_a-fflush.o)
                0x0000000000011f90                _fflush_r
 .text._realloc_r
                0x0000000000011fe4      0x3d8 /usr/local/arm/GNU_Tools_for_ARM/bin/../lib/gcc/arm-none-eabi/11.3.1/../../../../arm-none-eabi/lib/thumb/v7e-m+fp/hard/libc.a(libc_a-reallocr.o)
                0x0000000000011fe4                _realloc_r
 .text._lseek_r
                0x00000000000123bc       0x2c /usr/local/arm/GNU_Tools_for_ARM/bin/../lib/gcc/arm-none-eabi/11.3.1/../../../../arm-none-eabi/lib/thumb/v7e-m+fp/hard/libc.a(libc_a-lseekr.o)
                0x00000000000123bc                _lseek_r
 .text._read_r  0x00000000000123e8       0x2c /usr/local/arm/GNU_Tools_for_ARM/bin/../lib/gcc/arm-none-eabi/11.3.1/../../../../arm-none-eabi/lib/thumb/v7e-m+fp/hard/libc.a(libc_a-readr.o)
                0x00000000000123e8                _read_r
 .text.fiprintf
                0x0000000000012414       0x28 /usr/local/arm/GNU_Tools_for_ARM/bin/../lib/gcc/arm-none-eabi/11.3.1/../../../../arm-none-eabi/lib/thumb/v7e-m+fp/hard/libc.a(libc_a-fiprintf.o)
                0x0000000000012414                fiprintf
 .text.__sprint_r.part.0
                0x000000000001243c       0x78 /usr/local/arm/GNU_Tools_for_ARM/bin/../lib/gcc/arm-none-eabi/11.3.1/../../../../arm-none-eabi/lib/thumb/v7e-m+fp/hard/libc.a(libc_a-vfiprintf.o)
 .text._vfiprintf_r
                0x00000000000124b4      0xf8c /usr/local/arm/GNU_Tools_for_ARM/bin/../lib/gcc/arm-none-eabi/11.3.1/../../../../arm-none-eabi/lib/thumb/v7e-m+fp/hard/libc.a(libc_a-vfiprintf.o)
                0x00000000000124b4                _vfiprintf_r
 .text.__sbprintf
                0x0000000000013440       0x80 /usr/local/arm/GNU_Tools_for_ARM/bin/../lib/gcc/arm-none-eabi/11.3.1/../../../../arm-none-eabi/lib/thumb/v7e-m+fp/hard/libc.a(libc_a-vfiprintf.o)
 .text.abort    0x00000000000134c0       0x10 /usr/local/arm/GNU_Tools_for_ARM/bin/../lib/gcc/arm-none-eabi/11.3.1/../../../../arm-none-eabi/lib/thumb/v7e-m+fp/hard/libc.a(libc_a-abort.o)
                0x00000000000134c0                abort
 .text.__swsetup_r
                0x00000000000134d0       0xcc /usr/local/arm/GNU_Tools_for_ARM/bin/../lib/gcc/arm-none-eabi/11.3.1/../../../../arm-none-eabi/lib/thumb/v7e-m+fp/hard/libc.a(libc_a-wsetup.o)
                0x00000000000134d0                __swsetup_r
 .text.__smakebuf_r
                0x000000000001359c       0xd8 /usr/local/arm/GNU_Tools_for_ARM/bin/../lib/gcc/arm-none-eabi/11.3.1/../../../../arm-none-eabi/lib/thumb/v7e-m+fp/hard/libc.a(libc_a-makebuf.o)
                0x000000000001359c                __smakebuf_r
 .text._fstat_r
                0x0000000000013674       0x2c /usr/local/arm/GNU_Tools_for_ARM/bin/../lib/gcc/arm-none-eabi/11.3.1/../../../../arm-none-eabi/lib/thumb/v7e-m+fp/hard/libc.a(libc_a-fstatr.o)
                0x0000000000013674                _fstat_r
 .text.raise    0x00000000000136a0       0x5c /usr/local/arm/GNU_Tools_for_ARM/bin/../lib/gcc/arm-none-eabi/11.3.1/../../../../arm-none-eabi/lib/thumb/v7e-m+fp/hard/libc.a(libc_a-signal.o)
                0x00000000000136a0                raise
 .text._isatty_r
                0x00000000000136fc       0x24 /usr/local/arm/GNU_Tools_for_ARM/bin/../lib/gcc/arm-none-eabi/11.3.1/../../../../arm-none-eabi/lib/thumb/v7e-m+fp/hard/libc.a(libc_a-isattyr.o)
                0x00000000000136fc                _isatty_r
 .text.__fputwc
                0x0000000000013720       0xac /usr/local/arm/GNU_Tools_for_ARM/bin/../lib/gcc/arm-none-eabi/11.3.1/../../../../arm-none-eabi/lib/thumb/v7e-m+fp/hard/libc.a(libc_a-fputwc.o)
                0x0000000000013720                __fputwc
 .text._fputwc_r
                0x00000000000137cc       0x68 /usr/local/arm/GNU_Tools_for_ARM/bin/../lib/gcc/arm-none-eabi/11.3.1/../../../../arm-none-eabi/lib/thumb/v7e-m+fp/hard/libc.a(libc_a-fputwc.o)
                0x00000000000137cc                _fputwc_r
 .text._kill_r  0x0000000000013834       0x2c /usr/local/arm/GNU_Tools_for_ARM/bin/../lib/gcc/arm-none-eabi/11.3.1/../../../../arm-none-eabi/lib/thumb/v7e-m+fp/hard/libc.a(libc_a-signalr.o)