Archive member included to satisfy reference by file (symbol)

i:/mcu/gnu_tools_arm/bin/../lib/gcc/arm-none-eabi/5.4.1/../../../../arm-none-eabi/lib/armv7e-m/fpu\libc.a(lib_a-aeabi_atexit.o)
                              build/main.o (__aeabi_atexit)
i:/mcu/gnu_tools_arm/bin/../lib/gcc/arm-none-eabi/5.4.1/../../../../arm-none-eabi/lib/armv7e-m/fpu\libc.a(lib_a-cxa_atexit.o)
                              i:/mcu/gnu_tools_arm/bin/../lib/gcc/arm-none-eabi/5.4.1/../../../../arm-none-eabi/lib/armv7e-m/fpu\libc.a(lib_a-aeabi_atexit.o) (__cxa_atexit)
i:/mcu/gnu_tools_arm/bin/../lib/gcc/arm-none-eabi/5.4.1/../../../../arm-none-eabi/lib/armv7e-m/fpu\libc.a(lib_a-exit.o)
                              i:/mcu/gnu_tools_arm/bin/../lib/gcc/arm-none-eabi/5.4.1/../../../../arm-none-eabi/lib/armv7e-m/fpu/crt0.o (exit)
i:/mcu/gnu_tools_arm/bin/../lib/gcc/arm-none-eabi/5.4.1/../../../../arm-none-eabi/lib/armv7e-m/fpu\libc.a(lib_a-impure.o)
                              i:/mcu/gnu_tools_arm/bin/../lib/gcc/arm-none-eabi/5.4.1/../../../../arm-none-eabi/lib/armv7e-m/fpu\libc.a(lib_a-exit.o) (_global_impure_ptr)
i:/mcu/gnu_tools_arm/bin/../lib/gcc/arm-none-eabi/5.4.1/../../../../arm-none-eabi/lib/armv7e-m/fpu\libc.a(lib_a-init.o)
                              i:/mcu/gnu_tools_arm/bin/../lib/gcc/arm-none-eabi/5.4.1/../../../../arm-none-eabi/lib/armv7e-m/fpu/crt0.o (__libc_init_array)
i:/mcu/gnu_tools_arm/bin/../lib/gcc/arm-none-eabi/5.4.1/../../../../arm-none-eabi/lib/armv7e-m/fpu\libc.a(lib_a-malloc.o)
                              build/user_nvic.o (malloc)
i:/mcu/gnu_tools_arm/bin/../lib/gcc/arm-none-eabi/5.4.1/../../../../arm-none-eabi/lib/armv7e-m/fpu\libc.a(lib_a-mallocr.o)
                              i:/mcu/gnu_tools_arm/bin/../lib/gcc/arm-none-eabi/5.4.1/../../../../arm-none-eabi/lib/armv7e-m/fpu\libc.a(lib_a-malloc.o) (_malloc_r)
i:/mcu/gnu_tools_arm/bin/../lib/gcc/arm-none-eabi/5.4.1/../../../../arm-none-eabi/lib/armv7e-m/fpu\libc.a(lib_a-memset.o)
                              i:/mcu/gnu_tools_arm/bin/../lib/gcc/arm-none-eabi/5.4.1/../../../../arm-none-eabi/lib/armv7e-m/fpu/crt0.o (memset)
i:/mcu/gnu_tools_arm/bin/../lib/gcc/arm-none-eabi/5.4.1/../../../../arm-none-eabi/lib/armv7e-m/fpu\libc.a(lib_a-mlock.o)
                              i:/mcu/gnu_tools_arm/bin/../lib/gcc/arm-none-eabi/5.4.1/../../../../arm-none-eabi/lib/armv7e-m/fpu\libc.a(lib_a-mallocr.o) (__malloc_lock)
i:/mcu/gnu_tools_arm/bin/../lib/gcc/arm-none-eabi/5.4.1/../../../../arm-none-eabi/lib/armv7e-m/fpu\libc.a(lib_a-sbrkr.o)
                              i:/mcu/gnu_tools_arm/bin/../lib/gcc/arm-none-eabi/5.4.1/../../../../arm-none-eabi/lib/armv7e-m/fpu\libc.a(lib_a-mallocr.o) (_sbrk_r)
i:/mcu/gnu_tools_arm/bin/../lib/gcc/arm-none-eabi/5.4.1/../../../../arm-none-eabi/lib/armv7e-m/fpu\libc.a(lib_a-sprintf.o)
                              build/user_nvic.o (sprintf)
i:/mcu/gnu_tools_arm/bin/../lib/gcc/arm-none-eabi/5.4.1/../../../../arm-none-eabi/lib/armv7e-m/fpu\libc.a(lib_a-svfprintf.o)
                              i:/mcu/gnu_tools_arm/bin/../lib/gcc/arm-none-eabi/5.4.1/../../../../arm-none-eabi/lib/armv7e-m/fpu\libc.a(lib_a-sprintf.o) (_svfprintf_r)
i:/mcu/gnu_tools_arm/bin/../lib/gcc/arm-none-eabi/5.4.1/../../../../arm-none-eabi/lib/armv7e-m/fpu\libc.a(lib_a-__atexit.o)
                              i:/mcu/gnu_tools_arm/bin/../lib/gcc/arm-none-eabi/5.4.1/../../../../arm-none-eabi/lib/armv7e-m/fpu\libc.a(lib_a-cxa_atexit.o) (__register_exitproc)
i:/mcu/gnu_tools_arm/bin/../lib/gcc/arm-none-eabi/5.4.1/../../../../arm-none-eabi/lib/armv7e-m/fpu\libc.a(lib_a-__call_atexit.o)
                              i:/mcu/gnu_tools_arm/bin/../lib/gcc/arm-none-eabi/5.4.1/../../../../arm-none-eabi/lib/armv7e-m/fpu\libc.a(lib_a-exit.o) (__call_exitprocs)
i:/mcu/gnu_tools_arm/bin/../lib/gcc/arm-none-eabi/5.4.1/../../../../arm-none-eabi/lib/armv7e-m/fpu\libc.a(lib_a-atexit.o)
                              i:/mcu/gnu_tools_arm/bin/../lib/gcc/arm-none-eabi/5.4.1/../../../../arm-none-eabi/lib/armv7e-m/fpu\libc.a(lib_a-__call_atexit.o) (atexit)
i:/mcu/gnu_tools_arm/bin/../lib/gcc/arm-none-eabi/5.4.1/../../../../arm-none-eabi/lib/armv7e-m/fpu\libc.a(lib_a-dtoa.o)
                              i:/mcu/gnu_tools_arm/bin/../lib/gcc/arm-none-eabi/5.4.1/../../../../arm-none-eabi/lib/armv7e-m/fpu\libc.a(lib_a-svfprintf.o) (_dtoa_r)
i:/mcu/gnu_tools_arm/bin/../lib/gcc/arm-none-eabi/5.4.1/../../../../arm-none-eabi/lib/armv7e-m/fpu\libc.a(lib_a-fini.o)
                              i:/mcu/gnu_tools_arm/bin/../lib/gcc/arm-none-eabi/5.4.1/../../../../arm-none-eabi/lib/armv7e-m/fpu\libc.a(lib_a-__call_atexit.o) (__libc_fini_array)
i:/mcu/gnu_tools_arm/bin/../lib/gcc/arm-none-eabi/5.4.1/../../../../arm-none-eabi/lib/armv7e-m/fpu\libc.a(lib_a-freer.o)
                              i:/mcu/gnu_tools_arm/bin/../lib/gcc/arm-none-eabi/5.4.1/../../../../arm-none-eabi/lib/armv7e-m/fpu\libc.a(lib_a-malloc.o) (_free_r)
[...]
Memory Configuration

Name             Origin             Length             Attributes
MAIN_FLASH       0x00000000         0x00040000         xr
INFO_FLASH       0x00200000         0x00004000         xr
SRAM_CODE        0x01000000         0x00010000         xrw
SRAM_DATA        0x20000000         0x00010000         rw
*default*        0x00000000         0xffffffff

Linker script and memory map

LOAD i:/mcu/gnu_tools_arm/bin/../lib/gcc/arm-none-eabi/5.4.1/armv7e-m/fpu/crti.o
LOAD i:/mcu/gnu_tools_arm/bin/../lib/gcc/arm-none-eabi/5.4.1/armv7e-m/fpu/crtbegin.o
LOAD i:/mcu/gnu_tools_arm/bin/../lib/gcc/arm-none-eabi/5.4.1/../../../../arm-none-eabi/lib/armv7e-m/fpu/crt0.o
LOAD build/adc14.o
LOAD build/aes256.o
LOAD build/comp_e.o
LOAD build/cpu.o
LOAD build/crc32.o
LOAD build/cs.o
LOAD build/dma.o
LOAD build/flash.o
LOAD build/fpu.o
LOAD build/gpio.o
LOAD build/i2c.o
LOAD build/interrupt.o
LOAD build/mpu.o
LOAD build/pcm.o
LOAD build/pmap.o
LOAD build/pss.o
LOAD build/ref_a.o
LOAD build/reset.o
LOAD build/rtc_c.o
LOAD build/spi.o
LOAD build/sysctl.o
LOAD build/systick.o
LOAD build/timer32.o
LOAD build/timer_a.o
LOAD build/uart.o
LOAD build/wdt_a.o
LOAD build/startup_msp432p401r_gcc.o
LOAD build/system_msp432p401r.o
LOAD build/main.o
LOAD build/user_uart.o
LOAD build/user_tick.o
LOAD build/user_nvic.o
LOAD i:/mcu/gnu_tools_arm/bin/../lib/gcc/arm-none-eabi/5.4.1/../../../../arm-none-eabi/lib/armv7e-m/fpu\libc.a
LOAD i:/mcu/gnu_tools_arm/bin/../lib/gcc/arm-none-eabi/5.4.1/../../../../arm-none-eabi/lib/armv7e-m/fpu\libm.a
LOAD i:/mcu/gnu_tools_arm/bin/../lib/gcc/arm-none-eabi/5.4.1/../../../../arm-none-eabi/lib/armv7e-m/fpu\libnosys.a
START GROUP
LOAD i:/mcu/gnu_tools_arm/bin/../lib/gcc/arm-none-eabi/5.4.1/armv7e-m/fpu\libgcc.a
LOAD i:/mcu/gnu_tools_arm/bin/../lib/gcc/arm-none-eabi/5.4.1/../../../../arm-none-eabi/lib/armv7e-m/fpu\libc.a
END GROUP
START GROUP
LOAD i:/mcu/gnu_tools_arm/bin/../lib/gcc/arm-none-eabi/5.4.1/armv7e-m/fpu\libgcc.a
LOAD i:/mcu/gnu_tools_arm/bin/../lib/gcc/arm-none-eabi/5.4.1/../../../../arm-none-eabi/lib/armv7e-m/fpu\libc.a
LOAD i:/mcu/gnu_tools_arm/bin/../lib/gcc/arm-none-eabi/5.4.1/../../../../arm-none-eabi/lib/armv7e-m/fpu\libnosys.a
END GROUP
LOAD i:/mcu/gnu_tools_arm/bin/../lib/gcc/arm-none-eabi/5.4.1/armv7e-m/fpu/crtend.o
LOAD i:/mcu/gnu_tools_arm/bin/../lib/gcc/arm-none-eabi/5.4.1/armv7e-m/fpu/crtn.o
                0x00000000                PROVIDE (_intvecs_base_address, DEFINED (_intvecs_base_address)?_intvecs_base_address:0x0)

.intvecs        0x00000000       0xe4
 *(.intvecs)
 .intvecs       0x00000000       0xe4 build/startup_msp432p401r_gcc.o
                0x00000000                interruptVectors
                0x00200000                PROVIDE (_mailbox_base_address, 0x200000)

.flashMailbox
 *(.flashMailbox)
                0x00201000                PROVIDE (_tlv_base_address, 0x201000)

.tlvTable
 *(.tlvTable)
                0x00202000                PROVIDE (_bsl_base_address, 0x202000)

.bslArea
 *(.bslArea)
                0x20000000                PROVIDE (_vtable_base_address, DEFINED (_vtable_base_address)?_vtable_base_address:0x20000000)

.vtable
 *(.vtable)

.text           0x00000100    0x11610
 CREATE_OBJECT_SYMBOLS
 *(.text)
 .text          0x00000100        0x0 i:/mcu/gnu_tools_arm/bin/../lib/gcc/arm-none-eabi/5.4.1/armv7e-m/fpu/crti.o
 .text          0x00000100       0x5c i:/mcu/gnu_tools_arm/bin/../lib/gcc/arm-none-eabi/5.4.1/armv7e-m/fpu/crtbegin.o
 .text          0x0000015c       0x74 i:/mcu/gnu_tools_arm/bin/../lib/gcc/arm-none-eabi/5.4.1/../../../../arm-none-eabi/lib/armv7e-m/fpu/crt0.o
                0x0000015c                _start
                0x0000015c                _mainCRTStartup
 .text          0x000001d0      0xb9c build/adc14.o
                0x0000037c                ADC14_enableModule
                0x00000394                ADC14_disableModule
                0x000003b8                ADC14_enableSampleTimer
                0x000003fc                ADC14_disableSampleTimer
                0x00000420                ADC14_initModule
                0x00000478                ADC14_setResolution
                0x000004a0                ADC14_getResolution
                0x000004bc                ADC14_setSampleHoldTrigger
                0x00000510                ADC14_setSampleHoldTime
                0x0000054c                ADC14_configureMultiSequenceMode
                0x00000608                ADC14_configureSingleSampleMode
                0x00000674                ADC14_enableConversion
                0x000006ac                ADC14_toggleConversionTrigger
                0x000006ec                ADC14_disableConversion
                0x0000070c                ADC14_isBusy
                0x00000730                ADC14_configureConversionMemory
                0x000007ec                ADC14_enableComparatorWindow
                0x00000894                ADC14_disableComparatorWindow
                0x00000908                ADC14_setComparatorWindowValue
                0x000009b4                ADC14_setResultFormat
                0x000009f4                ADC14_getResult
                0x00000a28                ADC14_getMultiSequenceResult
                0x00000a8c                ADC14_getResultArray
                0x00000b28                ADC14_enableReferenceBurst
                0x00000b4c                ADC14_disableReferenceBurst
                0x00000b70                ADC14_setPowerMode
                0x00000bc4                ADC14_enableInterrupt
                0x00000c0c                ADC14_disableInterrupt
                0x00000c58                ADC14_getInterruptStatus
                0x00000c9c                ADC14_getEnabledInterruptStatus
                0x00000cf0                ADC14_clearInterruptFlag
                0x00000d38                ADC14_registerInterrupt
                0x00000d58                ADC14_unregisterInterrupt
 .text          0x00000d6c      0x6a8 build/aes256.o
                0x00000d6c                AES256_setCipherKey
                0x00000e2c                AES256_encryptData
                0x00000ef0                AES256_decryptData
                0x00000fb4                AES256_setDecipherKey
                0x00001088                AES256_clearInterruptFlag
                0x000010ac                AES256_getInterruptFlagStatus
                0x000010d0                AES256_enableInterrupt
                0x000010f4                AES256_disableInterrupt
                0x00001118                AES256_reset
                0x0000113c                AES256_startEncryptData
                0x000011b0                AES256_startDecryptData
                0x00001224                AES256_startSetDecipherKey
                0x000012e4                AES256_getDataOut
                0x0000134c                AES256_isBusy
                0x00001378                AES256_clearErrorFlag
                0x0000139c                AES256_getErrorFlagStatus
                0x000013c0                AES256_registerInterrupt
                0x000013e0                AES256_unregisterInterrupt
                0x000013fc                AES256_getInterruptStatus
 .text          0x00001414      0x5c8 build/comp_e.o
                0x000014e8                COMP_E_initModule
                0x000015e0                COMP_E_setReferenceVoltage
                0x00001688                COMP_E_setReferenceAccuracy
                0x000016c8                COMP_E_setPowerMode
                0x000016f8                COMP_E_enableModule
                0x0000171c                COMP_E_disableModule
                0x00001740                COMP_E_shortInputs
                0x00001764                COMP_E_unshortInputs
                0x00001788                COMP_E_disableInputBuffer
                0x000017b0                COMP_E_enableInputBuffer
                0x000017dc                COMP_E_swapIO
                0x00001800                COMP_E_outputValue
                0x00001824                COMP_E_enableInterrupt
                0x0000184c                COMP_E_getEnabledInterruptStatus
                0x0000186c                COMP_E_disableInterrupt
                0x00001898                COMP_E_clearInterruptFlag
                0x000018c4                COMP_E_getInterruptStatus
                0x000018e4                COMP_E_setInterruptEdgeDirection
                0x00001928                COMP_E_toggleInterruptEdgeDirection
                0x0000194c                COMP_E_registerInterrupt
                0x00001998                COMP_E_unregisterInterrupt
 .text          0x000019dc       0x48 build/cpu.o
                0x000019dc                CPU_cpsid
                0x000019ec                CPU_primask
                0x000019f8                CPU_cpsie
                0x00001a08                CPU_wfi
                0x00001a10                CPU_basepriSet
                0x00001a18                CPU_basepriGet
 .text          0x00001a24      0x1f0 build/crc32.o
                0x00001a24                CRC32_setSeed
                0x00001a64                CRC32_set8BitData
                0x00001a98                CRC32_set16BitData
                0x00001ac8                CRC32_set32BitData
                0x00001af4                CRC32_set8BitDataReversed
                0x00001b28                CRC32_set16BitDataReversed
                0x00001b58                CRC32_set32BitDataReversed
                0x00001b84                CRC32_getResult
                0x00001bcc                CRC32_getResultReversed
 .text          0x00001c14      0xf28 build/cs.o
                0x00001f30                CS_setExternalClockSourceFrequency
                0x00001f5c                CS_initClockSignal
                0x000020c0                CS_startHFXT
                0x000020e0                CS_startHFXTWithTimeout
                0x000021d4                CS_startLFXT
                0x000021f0                CS_startLFXTWithTimeout
                0x000022dc                CS_enableClockRequest
                0x00002314                CS_disableClockRequest
                0x0000234c                CS_setReferenceOscillatorFrequency
                0x00002384                CS_enableDCOExternalResistor
                0x000023b4                CS_setDCOExternalResistorCalibration
                0x00002448                CS_disableDCOExternalResistor
                0x00002478                CS_setDCOCenteredFrequency
                0x000024b4                CS_tuneDCOFrequency
                0x00002538                CS_getDCOFrequency
                0x00002650                CS_setDCOFrequency
                0x00002804                CS_getBCLK
                0x00002830                CS_getHSMCLK
                0x00002864                CS_getACLK
                0x00002898                CS_getSMCLK
                0x000028cc                CS_getMCLK
                0x00002900                CS_enableFaultCounter
                0x00002948                CS_disableFaultCounter
                0x00002990                CS_resetFaultCounter
                0x000029d8                CS_startFaultCounter
                0x00002a30                CS_enableInterrupt
                0x00002a68                CS_disableInterrupt
                0x00002aa0                CS_getInterruptStatus
                0x00002ab8                CS_getEnabledInterruptStatus
                0x00002ad0                CS_clearInterruptFlag
                0x00002b08                CS_registerInterrupt
                0x00002b28                CS_unregisterInterrupt
 .text          0x00002b3c      0xa5c build/dma.o
                0x00002b3c                DMA_enableModule
                0x00002b54                DMA_disableModule
                0x00002b94                DMA_getErrorStatus
                0x00002bac                DMA_clearErrorStatus
                0x00002bc4                DMA_enableChannel
                0x00002bec                DMA_disableChannel
                0x00002c14                DMA_isChannelEnabled
                0x00002c48                DMA_setControlBase
                0x00002c68                DMA_getControlBase
                0x00002c80                DMA_getControlAlternateBase
                0x00002c98                DMA_requestChannel
                0x00002cc0                DMA_enableChannelAttribute
                0x00002d3c                DMA_disableChannelAttribute
                0x00002db8                DMA_getChannelAttribute
                0x00002e48                DMA_setChannelControl
                0x00002e90                DMA_setChannelTransfer
                0x00002f94                DMA_setChannelScatterGather
                0x0000302c                DMA_getChannelSize
                0x00003074                DMA_getChannelMode
                0x000030c8                DMA_assignChannel
                0x000033b8                DMA_assignInterrupt
                0x00003428                DMA_requestSoftwareTransfer
                0x00003454                DMA_getInterruptStatus
                0x0000346c                DMA_clearInterruptFlag
                0x0000349c                DMA_enableInterrupt
                0x000034fc                DMA_disableInterrupt
                0x0000355c                DMA_registerInterrupt
                0x0000357c                DMA_unregisterInterrupt
 .text          0x00003598     0x19b4 build/flash.o
                0x00003774                FlashCtl_getMemoryInfo
                0x00003b5c                FlashCtl_enableReadBuffering
                0x00003bd4                FlashCtl_disableReadBuffering
                0x00003c4c                FlashCtl_unprotectSector
                0x00003cf0                FlashCtl_protectSector
                0x00003d78                FlashCtl_isSectorProtected
                0x00003e0c                FlashCtl_verifyMemory
                0x000040b0                FlashCtl_setReadMode
                0x00004134                FlashCtl_getReadMode
                0x00004174                FlashCtl_initiateMassErase
                0x000041a0                FlashCtl_performMassErase
                0x00004378                FlashCtl_eraseSector
                0x000044cc                FlashCtl_initiateSectorErase
                0x0000456c                FlashCtl_programMemory
                0x00004714                FlashCtl_setProgramVerification
                0x00004778                FlashCtl_clearProgramVerification
                0x000047dc                FlashCtl_enableWordProgramming
                0x00004820                FlashCtl_disableWordProgramming
                0x00004838                FlashCtl_isWordProgrammingEnabled
                0x0000486c                FlashCtl_setWaitState
                0x000048b8                FlashCtl_getWaitState
                0x000048f8                FlashCtl_enableInterrupt
                0x00004920                FlashCtl_disableInterrupt
                0x0000494c                FlashCtl_getInterruptStatus
                0x00004964                FlashCtl_getEnabledInterruptStatus
                0x00004980                FlashCtl_clearInterruptFlag
                0x000049a8                FlashCtl_registerInterrupt
                0x000049c8                FlashCtl_unregisterInterrupt
                0x000049dc                __FlashCtl_remaskData8Post
                0x00004a74                __FlashCtl_remaskData8Pre
                0x00004b0c                __FlashCtl_remaskData32Post
                0x00004bec                __FlashCtl_remaskData32Pre
                0x00004cd0                __FlashCtl_remaskBurstDataPre
                0x00004e14                __FlashCtl_remaskBurstDataPost
 .text          0x00004f4c      0x14c build/fpu.o
                0x00004f4c                FPU_enableModule
                0x00004f70                FPU_disableModule
                0x00004f94                FPU_enableStacking
                0x00004fb8                FPU_enableLazyStacking
                0x00004fd8                FPU_disableStacking
                0x00004ff8                FPU_setHalfPrecisionMode
                0x00005020                FPU_setNaNMode
                0x00005048                FPU_setFlushToZeroMode
                0x00005070                FPU_setRoundingMode
 .text          0x00005098      0x7f4 build/gpio.o
                0x00005098                GPIO_setAsOutputPin
                0x0000510c                GPIO_setAsInputPin
                0x000051a0                GPIO_setAsPeripheralModuleFunctionOutputPin
                0x0000528c                GPIO_setAsPeripheralModuleFunctionInputPin
                0x0000537c                GPIO_setOutputHighOnPin
                0x000053b8                GPIO_setOutputLowOnPin
                0x000053f8                GPIO_toggleOutputOnPin
                0x00005434                GPIO_setAsInputPinWithPullDownResistor
                0x000054e0                GPIO_setAsInputPinWithPullUpResistor
                0x00005588                GPIO_getInputPinValue
                0x000055c8                GPIO_enableInterrupt
                0x00005604                GPIO_disableInterrupt
                0x00005644                GPIO_getInterruptStatus
                0x00005678                GPIO_clearInterruptFlag
                0x000056b8                GPIO_interruptEdgeSelect
                0x0000571c                GPIO_getEnabledInterruptStatus
                0x000057b4                GPIO_setDriveStrengthHigh
                0x000057f0                GPIO_setDriveStrengthLow
                0x00005830                GPIO_registerInterrupt
                0x00005860                GPIO_unregisterInterrupt
 .text          0x0000588c      0xcc0 build/i2c.o
                0x0000588c                I2C_initMaster
                0x00005910                I2C_initSlave
                0x0000596c                I2C_enableModule
                0x0000598c                I2C_disableModule
                0x000059ac                I2C_setSlaveAddress
                0x000059cc                I2C_setMode
                0x000059fc                I2C_setTimeout
                0x00005a54                I2C_masterReceiveSingleByte
                0x00005ae0                I2C_slavePutData
                0x00005b00                I2C_slaveGetData
                0x00005b1c                I2C_isBusBusy
                0x00005b40                I2C_masterSendSingleByte
                0x00005bf4                I2C_masterSendSingleByteWithTimeout
                0x00005ccc                I2C_masterSendMultiByteStart
                0x00005d50                I2C_masterSendMultiByteStartWithTimeout
                0x00005df0                I2C_masterSendMultiByteNext
                0x00005e3c                I2C_masterSendMultiByteNextWithTimeout
                0x00005ea0                I2C_masterSendMultiByteFinish
                0x00005f3c                I2C_masterSendMultiByteFinishWithTimeout
                0x00005ff4                I2C_masterSendMultiByteStop
                0x00006040                I2C_masterSendMultiByteStopWithTimeout
                0x000060a8                I2C_masterReceiveStart
                0x000060d8                I2C_masterReceiveMultiByteNext
                0x000060f4                I2C_masterReceiveMultiByteFinish
                0x00006148                I2C_masterReceiveMultiByteFinishWithTimeout
                0x000061d4                I2C_masterReceiveMultiByteStop
                0x000061f8                I2C_masterReceiveSingle
                0x0000623c                I2C_getReceiveBufferAddressForDMA
                0x00006254                I2C_getTransmitBufferAddressForDMA
                0x0000626c                I2C_masterIsStopSent
                0x00006290                I2C_masterIsStartSent
                0x000062bc                I2C_masterSendStart
                0x000062e0                I2C_enableMultiMasterMode
                0x00006310                I2C_disableMultiMasterMode
                0x00006340                I2C_enableInterrupt
                0x00006368                I2C_disableInterrupt
                0x00006394                I2C_clearInterruptFlag
                0x000063c0                I2C_getInterruptStatus
                0x000063e4                I2C_getEnabledInterruptStatus
                0x00006404                I2C_getMode
                0x00006424                I2C_registerInterrupt
                0x000064ac                I2C_unregisterInterrupt
                0x00006528                I2C_slaveSendNAK
 .text          0x0000654c      0x54c build/interrupt.o
                0x00006554                Interrupt_enableMaster
                0x0000656c                Interrupt_disableMaster
                0x00006584                Interrupt_registerInterrupt
                0x000065e8                Interrupt_unregisterInterrupt
                0x00006610                Interrupt_setPriorityGrouping
                0x00006660                Interrupt_getPriorityGrouping
                0x000066ac                Interrupt_setPriority
                0x00006714                Interrupt_getPriority
                0x00006748                Interrupt_enableInterrupt
                0x000067dc                Interrupt_disableInterrupt
                0x00006870                Interrupt_isEnabled
                0x00006910                Interrupt_pendInterrupt
                0x0000698c                Interrupt_unpendInterrupt
                0x000069f4                Interrupt_setPriorityMask
                0x00006a10                Interrupt_getPriorityMask
                0x00006a20                Interrupt_setVectorTableAddress
                0x00006a40                Interrupt_getVectorTableAddress
                0x00006a58                Interrupt_enableSleepOnIsrExit
                0x00006a78                Interrupt_disableSleepOnIsrExit
 .text          0x00006a98      0x170 build/mpu.o
                0x00006a98                MPU_enableModule
                0x00006abc                MPU_disableModule
                0x00006adc                MPU_getRegionCount
                0x00006af8                MPU_enableRegion
                0x00006b24                MPU_disableRegion
                0x00006b50                MPU_setRegion
                0x00006b88                MPU_getRegion
                0x00006bc0                MPU_registerInterrupt
                0x00006bd8                MPU_unregisterInterrupt
                0x00006be8                MPU_enableInterrupt
                0x00006bf8                MPU_disableInterrupt
 .text          0x00006c08      0xb24 build/pcm.o
                0x00006d20                PCM_setCoreVoltageLevel
                0x00006d3c                PCM_setCoreVoltageLevelWithTimeout
                0x00006d5c                PCM_setCoreVoltageLevelNonBlocking
                0x00006d78                PCM_getPowerMode
                0x00006e14                PCM_getCoreVoltageLevel
                0x0000703c                PCM_setPowerMode
                0x00007058                PCM_setPowerModeNonBlocking
                0x00007074                PCM_setPowerModeWithTimeout
                0x000073e0                PCM_setPowerState
                0x000073fc                PCM_setPowerStateWithTimeout
                0x0000741c                PCM_setPowerStateNonBlocking
                0x00007438                PCM_shutdownDevice
                0x0000749c                PCM_gotoLPM4
                0x000074b4                PCM_gotoLPM4InterruptSafe
                0x000074d8                PCM_gotoLPM0
                0x00007508                PCM_gotoLPM0InterruptSafe
                0x0000752c                PCM_gotoLPM3
                0x000075c8                PCM_gotoLPM3InterruptSafe
                0x000075ec                PCM_getPowerState
                0x0000760c                PCM_enableRudeMode
                0x00007630                PCM_disableRudeMode
                0x00007658                PCM_enableInterrupt
                0x0000767c                PCM_disableInterrupt
                0x000076a4                PCM_getInterruptStatus
                0x000076bc                PCM_getEnabledInterruptStatus
                0x000076d4                PCM_clearInterruptFlag
                0x000076f8                PCM_registerInterrupt
                0x00007718                PCM_unregisterInterrupt
 .text          0x0000772c       0x88 build/pmap.o
                0x0000772c                PMAP_configurePorts
 .text          0x000077b4      0x28c build/pss.o
                0x000077e8                PSS_enableForcedDCDCOperation
                0x00007804                PSS_disableForcedDCDCOperation
                0x00007820                PSS_enableHighSidePinToggle
                0x00007868                PSS_disableHighSidePinToggle
                0x00007884                PSS_enableHighSide
                0x000078a0                PSS_disableHighSide
                0x000078bc                PSS_setHighSidePerformanceMode
                0x000078ec                PSS_getHighSidePerformanceMode
                0x00007910                PSS_enableHighSideMonitor
                0x0000792c                PSS_disableHighSideMonitor
                0x00007948                PSS_setHighSideVoltageTrigger
                0x00007984                PSS_getHighSideVoltageTrigger
                0x000079a0                PSS_enableInterrupt
                0x000079bc                PSS_disableInterrupt
                0x000079d8                PSS_getInterruptStatus
                0x000079f0                PSS_clearInterruptFlag
                0x00007a0c                PSS_registerInterrupt
                0x00007a2c                PSS_unregisterInterrupt
 .text          0x00007a40      0x1c0 build/ref_a.o
                0x00007a40                REF_A_setReferenceVoltage
                0x00007a70                REF_A_disableTempSensor
                0x00007a88                REF_A_enableTempSensor
                0x00007aa0                REF_A_enableReferenceVoltageOutput
                0x00007ab8                REF_A_disableReferenceVoltageOutput
                0x00007ad0                REF_A_enableReferenceVoltage
                0x00007ae8                REF_A_disableReferenceVoltage
                0x00007b00                REF_A_getBandgapMode
                0x00007b1c                REF_A_isBandgapActive
                0x00007b40                REF_A_isRefGenBusy
                0x00007b64                REF_A_isRefGenActive
                0x00007b88                REF_A_getBufferedBandgapVoltageStatus
                0x00007bac                REF_A_getVariableReferenceVoltageStatus
                0x00007bd0                REF_A_setReferenceVoltageOneTimeTrigger
                0x00007be8                REF_A_setBufferedBandgapVoltageOneTimeTrigger
 .text          0x00007c00      0x180 build/reset.o
                0x00007c00                ResetCtl_initiateSoftReset
                0x00007c24                ResetCtl_initiateSoftResetWithSource
                0x00007c48                ResetCtl_getSoftResetSource
                0x00007c60                ResetCtl_clearSoftResetSource
                0x00007c84                ResetCtl_initiateHardReset
                0x00007ca8                ResetCtl_initiateHardResetWithSource
                0x00007ccc                ResetCtl_getHardResetSource
                0x00007ce4                ResetCtl_clearHardResetSource
                0x00007d08                ResetCtl_getPSSSource
                0x00007d20                ResetCtl_clearPSSFlags
                0x00007d44                ResetCtl_getPCMSource
                0x00007d5c                ResetCtl_clearPCMFlags
 .text          0x00007d80      0x7d4 build/rtc_c.o
                0x00007d80                RTC_C_startClock
                0x00007dc4                RTC_C_holdClock
                0x00007e08                RTC_C_setCalibrationFrequency
                0x00007e60                RTC_C_setCalibrationData
                0x00007eb0                RTC_C_setTemperatureCompensation
                0x00007f00                RTC_C_initCalendar
                0x00007fb4                RTC_C_getCalendarTime
                0x00008044                RTC_C_setCalendarAlarm
                0x000080a8                RTC_C_setCalendarEvent
                0x00008100                RTC_C_definePrescaleEvent
                0x00008170                RTC_C_getPrescaleValue
                0x000081b0                RTC_C_setPrescaleValue
                0x00008230                RTC_C_convertBCDToBinary
                0x00008258                RTC_C_convertBinaryToBCD
                0x00008280                RTC_C_enableInterrupt
                0x00008300                RTC_C_disableInterrupt
                0x0000838c                RTC_C_getInterruptStatus
                0x00008408                RTC_C_getEnabledInterruptStatus
                0x000084a4                RTC_C_clearInterruptFlag
                0x00008520                RTC_C_registerInterrupt
                0x00008540                RTC_C_unregisterInterrupt
 .text          0x00008554      0xc90 build/spi.o
                0x000085a0                SPI_initMaster
                0x00008698                SPI_selectFourPinFunctionality
                0x000086d0                SPI_changeMasterClock
                0x00008708                SPI_initSlave
                0x000087c0                SPI_changeClockPhasePolarity
                0x00008804                SPI_transmitData
                0x0000883c                SPI_receiveData
                0x0000886c                SPI_enableModule
                0x00008898                SPI_disableModule
                0x000088c4                SPI_getReceiveBufferAddressForDMA
                0x000088f4                SPI_getTransmitBufferAddressForDMA
                0x00008924                SPI_isBusy
                0x00008954                SPI_enableInterrupt
                0x0000898c                SPI_disableInterrupt
                0x000089c4                SPI_getInterruptStatus
                0x00008a04                SPI_getEnabledInterruptStatus
                0x00008a48                SPI_clearInterruptFlag
                0x00008a80                SPI_registerInterrupt
                0x00008b78                SPI_unregisterInterrupt
                0x00008c5c                EUSCI_B_SPI_select4PinFunctionality
                0x00008c90                EUSCI_B_SPI_masterChangeClock
                0x00008cd0                EUSCI_B_SPI_slaveInit
                0x00008d38                EUSCI_B_SPI_changeClockPhasePolarity
                0x00008d90                EUSCI_B_SPI_transmitData
                0x00008db0                EUSCI_B_SPI_receiveData
                0x00008dcc                EUSCI_B_SPI_enableInterrupt
                0x00008df4                EUSCI_B_SPI_disableInterrupt
                0x00008e28                EUSCI_B_SPI_getInterruptStatus
                0x00008e50                EUSCI_B_SPI_clearInterruptFlag
                0x00008e84                EUSCI_B_SPI_enable
                0x00008ea4                EUSCI_B_SPI_disable
                0x00008ec4                EUSCI_B_SPI_getReceiveBufferAddressForDMA
                0x00008edc                EUSCI_B_SPI_getTransmitBufferAddressForDMA
                0x00008ef4                EUSCI_B_SPI_isBusy
                0x00008f20                EUSCI_A_SPI_select4PinFunctionality
                0x00008f54                EUSCI_A_SPI_masterChangeClock
                0x00008f94                EUSCI_A_SPI_slaveInit
                0x00008ffc                EUSCI_A_SPI_changeClockPhasePolarity
                0x00009054                EUSCI_A_SPI_transmitData
                0x00009074                EUSCI_A_SPI_receiveData
                0x00009090                EUSCI_A_SPI_enableInterrupt
                0x000090b8                EUSCI_A_SPI_disableInterrupt
                0x000090ec                EUSCI_A_SPI_getInterruptStatus
                0x00009114                EUSCI_A_SPI_clearInterruptFlag
                0x00009148                EUSCI_A_SPI_enable
                0x00009168                EUSCI_A_SPI_disable
                0x00009188                EUSCI_A_SPI_getReceiveBufferAddressForDMA
                0x000091a0                EUSCI_A_SPI_getTransmitBufferAddressForDMA
                0x000091b8                EUSCI_A_SPI_isBusy
 .text          0x000091e4      0x384 build/sysctl.o
                0x000091e4                SysCtl_getTLVInfo
                0x00009278                SysCtl_getSRAMSize
                0x00009290                SysCtl_getFlashSize
                0x000092a8                SysCtl_disableNMISource
                0x000092d0                SysCtl_enableNMISource
                0x000092f4                SysCtl_getNMISourceStatus
                0x00009310                SysCtl_enableSRAMBank
                0x00009340                SysCtl_disableSRAMBank
                0x000093c0                SysCtl_enableSRAMBankRetention
                0x000093f4                SysCtl_disableSRAMBankRetention
                0x00009428                SysCtl_rebootDevice
                0x00009444                SysCtl_enablePeripheralAtCPUHalt
                0x0000946c                SysCtl_disablePeripheralAtCPUHalt
                0x00009490                SysCtl_setWDTTimeoutResetType
                0x000094c8                SysCtl_setWDTPasswordViolationResetType
                0x00009500                SysCtl_enableGlitchFilter
                0x00009520                SysCtl_disableGlitchFilter
                0x00009540                SysCtl_getTempCalibrationConstant
 .text          0x00009568       0xf8 build/systick.o
                0x00009568                SysTick_enableModule
                0x00009588                SysTick_disableModule
                0x000095a8                SysTick_registerInterrupt
                0x000095c0                SysTick_unregisterInterrupt
                0x000095d0                SysTick_enableInterrupt
                0x000095f0                SysTick_disableInterrupt
                0x00009610                SysTick_setPeriod
                0x00009630                SysTick_getPeriod
                0x00009648                SysTick_getValue
 .text          0x00009660      0x244 build/timer32.o
                0x00009660                Timer32_initModule
                0x000096e8                Timer32_setCount
                0x0000972c                Timer32_setCountInBackground
                0x00009770                Timer32_getValue
                0x00009788                Timer32_startTimer
                0x000097d0                Timer32_haltTimer
                0x000097f0                Timer32_enableInterrupt
                0x00009810                Timer32_disableInterrupt
                0x00009830                Timer32_clearInterruptFlag
                0x00009850                Timer32_getInterruptStatus
                0x00009868                Timer32_registerInterrupt
                0x00009888                Timer32_unregisterInterrupt
 .text          0x000098a4      0xab4 build/timer_a.o
                0x00009ab4                Timer_A_startCounter
                0x00009adc                Timer_A_configureContinuousMode
                0x00009b30                Timer_A_configureUpMode
                0x00009bc0                Timer_A_configureUpDownMode
                0x00009c50                Timer_A_initCapture
                0x00009cc8                Timer_A_initCompare
                0x00009d30                Timer_A_getCounterValue
                0x00009d8c                Timer_A_clearTimer
                0x00009db0                Timer_A_getSynchronizedCaptureCompareInput
                0x00009df0                Timer_A_getOutputForOutputModeOutBitValue
                0x00009e30                Timer_A_getCaptureCompareCount
                0x00009e60                Timer_A_setOutputForOutputModeOutBitValue
                0x00009ea8                Timer_A_generatePWM
                0x00009f50                Timer_A_stopTimer
                0x00009f74                Timer_A_setCompareValue
                0x00009fa8                Timer_A_clearInterruptFlag
                0x00009fc8                Timer_A_clearCaptureCompareInterrupt
                0x00009ffc                Timer_A_enableInterrupt
                0x0000a020                Timer_A_disableInterrupt
                0x0000a044                Timer_A_getInterruptStatus
                0x0000a064                Timer_A_enableCaptureCompareInterrupt
                0x0000a09c                Timer_A_disableCaptureCompareInterrupt
                0x0000a0d4                Timer_A_getCaptureCompareInterruptStatus
                0x0000a108                Timer_A_getEnabledInterruptStatus
                0x0000a134                Timer_A_getCaptureCompareEnabledInterruptStatus
                0x0000a17c                Timer_A_registerInterrupt
                0x0000a274                Timer_A_unregisterInterrupt
 .text          0x0000a358      0x60c build/uart.o
                0x0000a358                UART_initModule
                0x0000a4b8                UART_transmitData
                0x0000a500                UART_receiveData
                0x0000a544                UART_enableModule
                0x0000a564                UART_disableModule
                0x0000a584                UART_queryStatusFlags
                0x0000a5a8                UART_setDormant
                0x0000a5cc                UART_resetDormant
                0x0000a5f0                UART_transmitAddress
                0x0000a61c                UART_transmitBreak
                0x0000a688                UART_getReceiveBufferAddressForDMA
                0x0000a6a0                UART_getTransmitBufferAddressForDMA
                0x0000a6b8                UART_selectDeglitchTime
                0x0000a6e8                UART_enableInterrupt
                0x0000a734                UART_disableInterrupt
                0x0000a788                UART_getInterruptStatus
                0x0000a7ac                UART_getEnabledInterruptStatus
                0x0000a834                UART_clearInterruptFlag
                0x0000a860                UART_registerInterrupt
                0x0000a8e8                UART_unregisterInterrupt
 .text          0x0000a964      0x168 build/wdt_a.o
                0x0000a964                WDT_A_holdTimer
                0x0000a998                WDT_A_startTimer
                0x0000a9cc                WDT_A_clearTimer
                0x0000aa00                WDT_A_initWatchdogTimer
                0x0000aa34                WDT_A_initIntervalTimer
                0x0000aa68                WDT_A_setPasswordViolationReset
                0x0000aa80                WDT_A_setTimeoutReset
                0x0000aa98                WDT_A_registerInterrupt
                0x0000aab8                WDT_A_unregisterInterrupt
 .text          0x0000aacc       0x4c build/startup_msp432p401r_gcc.o
                0x0000aacc                Reset_Handler
                0x0000ab10                DebugMon_Handler
                0x0000ab10                AES256_IRQHandler
                0x0000ab10                HardFault_Handler
                0x0000ab10                PendSV_Handler
                0x0000ab10                NMI_Handler
                0x0000ab10                RTC_C_IRQHandler
                0x0000ab10                PORT1_IRQHandler
                0x0000ab10                FPU_IRQHandler
                0x0000ab10                PORT2_IRQHandler
                0x0000ab10                TA3_0_IRQHandler
                0x0000ab10                UsageFault_Handler
                0x0000ab10                DMA_INT3_IRQHandler
                0x0000ab10                TA2_0_IRQHandler
                0x0000ab10                DMA_INT1_IRQHandler
                0x0000ab10                WDT_A_IRQHandler
                0x0000ab10                TA2_N_IRQHandler
                0x0000ab10                TA1_0_IRQHandler
                0x0000ab10                CS_IRQHandler
                0x0000ab10                PSS_IRQHandler
                0x0000ab10                DMA_INT2_IRQHandler
                0x0000ab10                EUSCIA3_IRQHandler
                0x0000ab10                DMA_INT0_IRQHandler
                0x0000ab10                PORT4_IRQHandler
                0x0000ab10                PORT5_IRQHandler
                0x0000ab10                EUSCIB0_IRQHandler
                0x0000ab10                Default_Handler
                0x0000ab10                T32_INTC_IRQHandler
                0x0000ab10                TA3_N_IRQHandler
                0x0000ab10                TA0_0_IRQHandler
                0x0000ab10                EUSCIA2_IRQHandler
                0x0000ab10                PORT6_IRQHandler
                0x0000ab10                PORT3_IRQHandler
                0x0000ab10                MemManage_Handler
                0x0000ab10                SVC_Handler
                0x0000ab10                TA1_N_IRQHandler
                0x0000ab10                EUSCIA1_IRQHandler
                0x0000ab10                COMP_E1_IRQHandler
                0x0000ab10                EUSCIB2_IRQHandler
                0x0000ab10                FLCTL_IRQHandler
                0x0000ab10                EUSCIB3_IRQHandler
                0x0000ab10                T32_INT1_IRQHandler
                0x0000ab10                DMA_ERR_IRQHandler
                0x0000ab10                ADC14_IRQHandler
                0x0000ab10                EUSCIA0_IRQHandler
                0x0000ab10                BusFault_Handler
                0x0000ab10                PCM_IRQHandler
                0x0000ab10                TA0_N_IRQHandler
                0x0000ab10                COMP_E0_IRQHandler
                0x0000ab10                EUSCIB1_IRQHandler
                0x0000ab10                T32_INT2_IRQHandler
 .text          0x0000ab18      0x378 build/system_msp432p401r.o
                0x0000ab18                SystemCoreClockUpdate
                0x0000ae10                SystemInit
 .text          0x0000ae90      0x128 build/main.o
                0x0000ae90                main
                0x0000aef4                Clock_Configuration()
 .text          0x0000afb8      0x240 build/user_uart.o
                0x0000afb8                User_Uart_T::User_Uart_T(EUSCI_A_Type*, unsigned long)
                0x0000afb8                User_Uart_T::User_Uart_T(EUSCI_A_Type*, unsigned long)
                0x0000afe0                User_Uart_T::~User_Uart_T()
                0x0000afe0                User_Uart_T::~User_Uart_T()
                0x0000aff8                User_Uart_T::init(EUSCI_A_Type*, unsigned long)
                0x0000b13c                User_Uart_T::send_string(char const*)
                0x0000b18c                User_Uart_T::receive_string(unsigned char*)
 .text          0x0000b1f8      0x1ec build/user_tick.o
                0x0000b1f8                User_Systick_T::User_Systick_T()
                0x0000b1f8                User_Systick_T::User_Systick_T()
                0x0000b218                User_Systick_T::~User_Systick_T()
                0x0000b218                User_Systick_T::~User_Systick_T()
                0x0000b230                User_Systick_T::init()
                0x0000b254                User_Systick_T::start()
                0x0000b2d4                User_Systick_T::stop()
                0x0000b2f8                User_Systick_T::set_period(unsigned long)
                0x0000b31c                User_Systick_T::set_interrupt(unsigned long, bool)
                0x0000b348                User_Systick_T::handler()
                0x0000b380                SysTick_Handler
 .text          0x0000b3e4      0x330 build/user_nvic.o
                0x0000b500                User_Nvic_T::grouping(unsigned long)
                0x0000b53c                User_Nvic_T::set_up_IRQn(IRQn, unsigned short, bool)
                0x0000b69c                User_Nvic_T::show_enable_irqs()
 .text          0x0000b714        0x0 i:/mcu/gnu_tools_arm/bin/../lib/gcc/arm-none-eabi/5.4.1/../../../../arm-none-eabi/lib/armv7e-m/fpu\libc.a(lib_a-aeabi_atexit.o)
 .text          0x0000b714        0x0 i:/mcu/gnu_tools_arm/bin/../lib/gcc/arm-none-eabi/5.4.1/../../../../arm-none-eabi/lib/armv7e-m/fpu\libc.a(lib_a-cxa_atexit.o)
 .text          0x0000b714        0x0 i:/mcu/gnu_tools_arm/bin/../lib/gcc/arm-none-eabi/5.4.1/../../../../arm-none-eabi/lib/armv7e-m/fpu\libc.a(lib_a-exit.o)
 .text          0x0000b714        0x0 i:/mcu/gnu_tools_arm/bin/../lib/gcc/arm-none-eabi/5.4.1/../../../../arm-none-eabi/lib/armv7e-m/fpu\libc.a(lib_a-impure.o)
 .text          0x0000b714        0x0 i:/mcu/gnu_tools_arm/bin/../lib/gcc/arm-none-eabi/5.4.1/../../../../arm-none-eabi/lib/armv7e-m/fpu\libc.a(lib_a-init.o)
 .text          0x0000b714        0x0 i:/mcu/gnu_tools_arm/bin/../lib/gcc/arm-none-eabi/5.4.1/../../../../arm-none-eabi/lib/armv7e-m/fpu\libc.a(lib_a-malloc.o)
 .text          0x0000b714        0x0 i:/mcu/gnu_tools_arm/bin/../lib/gcc/arm-none-eabi/5.4.1/../../../../arm-none-eabi/lib/armv7e-m/fpu\libc.a(lib_a-mallocr.o)
 .text          0x0000b714        0x0 i:/mcu/gnu_tools_arm/bin/../lib/gcc/arm-none-eabi/5.4.1/../../../../arm-none-eabi/lib/armv7e-m/fpu\libc.a(lib_a-memset.o)
 .text          0x0000b714        0x0 i:/mcu/gnu_tools_arm/bin/../lib/gcc/arm-none-eabi/5.4.1/../../../../arm-none-eabi/lib/armv7e-m/fpu\libc.a(lib_a-mlock.o)
 .text          0x0000b714        0x0 i:/mcu/gnu_tools_arm/bin/../lib/gcc/arm-none-eabi/5.4.1/../../../../arm-none-eabi/lib/armv7e-m/fpu\libc.a(lib_a-sbrkr.o)
 .text          0x0000b714        0x0 i:/mcu/gnu_tools_arm/bin/../lib/gcc/arm-none-eabi/5.4.1/../../../../arm-none-eabi/lib/armv7e-m/fpu\libc.a(lib_a-sprintf.o)
 .text          0x0000b714        0x0 i:/mcu/gnu_tools_arm/bin/../lib/gcc/arm-none-eabi/5.4.1/../../../../arm-none-eabi/lib/armv7e-m/fpu\libc.a(lib_a-svfprintf.o)
 .text          0x0000b714        0x0 i:/mcu/gnu_tools_arm/bin/../lib/gcc/arm-none-eabi/5.4.1/../../../../arm-none-eabi/lib/armv7e-m/fpu\libc.a(lib_a-__atexit.o)
 .text          0x0000b714        0x0 i:/mcu/gnu_tools_arm/bin/../lib/gcc/arm-none-eabi/5.4.1/../../../../arm-none-eabi/lib/armv7e-m/fpu\libc.a(lib_a-__call_atexit.o)
 .text          0x0000b714        0x0 i:/mcu/gnu_tools_arm/bin/../lib/gcc/arm-none-eabi/5.4.1/../../../../arm-none-eabi/lib/armv7e-m/fpu\libc.a(lib_a-atexit.o)
 .text          0x0000b714        0x0 i:/mcu/gnu_tools_arm/bin/../lib/gcc/arm-none-eabi/5.4.1/../../../../arm-none-eabi/lib/armv7e-m/fpu\libc.a(lib_a-dtoa.o)
 .text          0x0000b714        0x0 i:/mcu/gnu_tools_arm/bin/../lib/gcc/arm-none-eabi/5.4.1/../../../../arm-none-eabi/lib/armv7e-m/fpu\libc.a(lib_a-fini.o)
 .text          0x0000b714        0x0 i:/mcu/gnu_tools_arm/bin/../lib/gcc/arm-none-eabi/5.4.1/../../../../arm-none-eabi/lib/armv7e-m/fpu\libc.a(lib_a-freer.o)
 .text          0x0000b714        0x0 i:/mcu/gnu_tools_arm/bin/../lib/gcc/arm-none-eabi/5.4.1/../../../../arm-none-eabi/lib/armv7e-m/fpu\libc.a(lib_a-localeconv.o)
 *fill*         0x0000b714        0xc 
 .text          0x0000b720       0xa0 i:/mcu/gnu_tools_arm/bin/../lib/gcc/arm-none-eabi/5.4.1/../../../../arm-none-eabi/lib/armv7e-m/fpu\libc.a(lib_a-memchr.o)
                0x0000b720                memchr
 .text          0x0000b7c0      0x134 i:/mcu/gnu_tools_arm/bin/../lib/gcc/arm-none-eabi/5.4.1/../../../../arm-none-eabi/lib/armv7e-m/fpu\libc.a(lib_a-memcpy.o)
                0x0000b7c0                memcpy
 .text          0x0000b8f4        0x0 i:/mcu/gnu_tools_arm/bin/../lib/gcc/arm-none-eabi/5.4.1/../../../../arm-none-eabi/lib/armv7e-m/fpu\libc.a(lib_a-mprec.o)
 .text          0x0000b8f4        0x0 i:/mcu/gnu_tools_arm/bin/../lib/gcc/arm-none-eabi/5.4.1/../../../../arm-none-eabi/lib/armv7e-m/fpu\libc.a(lib_a-reent.o)
 *fill*         0x0000b8f4        0xc 
 .text          0x0000b900       0xdc i:/mcu/gnu_tools_arm/bin/../lib/gcc/arm-none-eabi/5.4.1/../../../../arm-none-eabi/lib/armv7e-m/fpu\libc.a(lib_a-strlen.o)
                0x0000b900                strlen
 .text          0x0000b9dc        0x0 i:/mcu/gnu_tools_arm/bin/../lib/gcc/arm-none-eabi/5.4.1/../../../../arm-none-eabi/lib/armv7e-m/fpu\libc.a(lib_a-svfiprintf.o)
 .text          0x0000b9dc        0x0 i:/mcu/gnu_tools_arm/bin/../lib/gcc/arm-none-eabi/5.4.1/../../../../arm-none-eabi/lib/armv7e-m/fpu\libc.a(lib_a-callocr.o)
 .text          0x0000b9dc        0x0 i:/mcu/gnu_tools_arm/bin/../lib/gcc/arm-none-eabi/5.4.1/../../../../arm-none-eabi/lib/armv7e-m/fpu\libc.a(lib_a-locale.o)
 .text          0x0000b9dc        0x0 i:/mcu/gnu_tools_arm/bin/../lib/gcc/arm-none-eabi/5.4.1/../../../../arm-none-eabi/lib/armv7e-m/fpu\libc.a(lib_a-mbtowc_r.o)
 .text          0x0000b9dc        0x0 i:/mcu/gnu_tools_arm/bin/../lib/gcc/arm-none-eabi/5.4.1/../../../../arm-none-eabi/lib/armv7e-m/fpu\libc.a(lib_a-memmove.o)
 .text          0x0000b9dc        0x0 i:/mcu/gnu_tools_arm/bin/../lib/gcc/arm-none-eabi/5.4.1/../../../../arm-none-eabi/lib/armv7e-m/fpu\libc.a(lib_a-reallocr.o)
 *fill*         0x0000b9dc        0x4 
 .text          0x0000b9e0      0x2dc i:/mcu/gnu_tools_arm/bin/../lib/gcc/arm-none-eabi/5.4.1/../../../../arm-none-eabi/lib/armv7e-m/fpu\libc.a(lib_a-strcmp.o)
                0x0000b9e8                strcmp
 .text          0x0000bcbc        0x0 i:/mcu/gnu_tools_arm/bin/../lib/gcc/arm-none-eabi/5.4.1/../../../../arm-none-eabi/lib/armv7e-m/fpu\libc.a(lib_a-wctomb_r.o)
 .text          0x0000bcbc        0x0 i:/mcu/gnu_tools_arm/bin/../lib/gcc/arm-none-eabi/5.4.1/../../../../arm-none-eabi/lib/armv7e-m/fpu\libc.a(lib_a-ctype_.o)
 .text          0x0000bcbc        0x0 i:/mcu/gnu_tools_arm/bin/../lib/gcc/arm-none-eabi/5.4.1/../../../../arm-none-eabi/lib/armv7e-m/fpu\libnosys.a(sbrk.o)
 .text          0x0000bcbc        0x0 i:/mcu/gnu_tools_arm/bin/../lib/gcc/arm-none-eabi/5.4.1/../../../../arm-none-eabi/lib/armv7e-m/fpu\libnosys.a(_exit.o)
 .text          0x0000bcbc      0x370 i:/mcu/gnu_tools_arm/bin/../lib/gcc/arm-none-eabi/5.4.1/armv7e-m/fpu\libgcc.a(_arm_addsubdf3.o)
                0x0000bcbc                __aeabi_drsub
                0x0000bcc4                __aeabi_dsub
                0x0000bcc4                __subdf3
                0x0000bcc8                __aeabi_dadd
                0x0000bcc8                __adddf3
                0x0000bf40                __floatunsidf
                0x0000bf40                __aeabi_ui2d
                0x0000bf60                __floatsidf
                0x0000bf60                __aeabi_i2d
                0x0000bf84                __aeabi_f2d
                0x0000bf84                __extendsfdf2
                0x0000bfc0                __floatundidf
                0x0000bfc0                __aeabi_ul2d
                0x0000bfd0                __floatdidf
                0x0000bfd0                __aeabi_l2d
 .text          0x0000c02c      0x424 i:/mcu/gnu_tools_arm/bin/../lib/gcc/arm-none-eabi/5.4.1/armv7e-m/fpu\libgcc.a(_arm_muldivdf3.o)
                0x0000c02c                __aeabi_dmul
                0x0000c02c                __muldf3
                0x0000c280                __divdf3
                0x0000c280                __aeabi_ddiv
 .text          0x0000c450      0x110 i:/mcu/gnu_tools_arm/bin/../lib/gcc/arm-none-eabi/5.4.1/armv7e-m/fpu\libgcc.a(_arm_cmpdf2.o)
                0x0000c450                __gtdf2
                0x0000c450                __gedf2
                0x0000c458                __ltdf2
                0x0000c458                __ledf2
                0x0000c460                __nedf2
                0x0000c460                __eqdf2
                0x0000c460                __cmpdf2
                0x0000c4dc                __aeabi_cdrcmple
                0x0000c4ec                __aeabi_cdcmpeq
                0x0000c4ec                __aeabi_cdcmple
                0x0000c4fc                __aeabi_dcmpeq
                0x0000c510                __aeabi_dcmplt
                0x0000c524                __aeabi_dcmple
                0x0000c538                __aeabi_dcmpge
                0x0000c54c                __aeabi_dcmpgt
 .text          0x0000c560       0x2c i:/mcu/gnu_tools_arm/bin/../lib/gcc/arm-none-eabi/5.4.1/armv7e-m/fpu\libgcc.a(_arm_unorddf2.o)
                0x0000c560                __unorddf2
                0x0000c560                __aeabi_dcmpun
 .text          0x0000c58c       0x50 i:/mcu/gnu_tools_arm/bin/../lib/gcc/arm-none-eabi/5.4.1/armv7e-m/fpu\libgcc.a(_arm_fixdfsi.o)
                0x0000c58c                __aeabi_d2iz
                0x0000c58c                __fixdfsi
 .text          0x0000c5dc       0x30 i:/mcu/gnu_tools_arm/bin/../lib/gcc/arm-none-eabi/5.4.1/armv7e-m/fpu\libgcc.a(_aeabi_uldivmod.o)
                0x0000c5dc                __aeabi_uldivmod
 .text          0x0000c60c      0x2e4 i:/mcu/gnu_tools_arm/bin/../lib/gcc/arm-none-eabi/5.4.1/armv7e-m/fpu\libgcc.a(_udivmoddi4.o)
                0x0000c60c                __udivmoddi4
 .text          0x0000c8f0      0x9dc i:/mcu/gnu_tools_arm/bin/../lib/gcc/arm-none-eabi/5.4.1/armv7e-m/fpu\libgcc.a(unwind-arm.o)
                0x0000cbac                _Unwind_GetCFA
                0x0000cbb0                __gnu_Unwind_RaiseException
                0x0000cc10                __gnu_Unwind_ForcedUnwind
                0x0000cc24                __gnu_Unwind_Resume
                0x0000cc68                __gnu_Unwind_Resume_or_Rethrow
                0x0000cc78                _Unwind_Complete
                0x0000cc7c                _Unwind_DeleteException
                0x0000cc88                _Unwind_VRS_Get
                0x0000ccd4                _Unwind_VRS_Set
                0x0000cd24                __gnu_Unwind_Backtrace
                0x0000d070                __aeabi_unwind_cpp_pr0
                0x0000d074                __aeabi_unwind_cpp_pr1
                0x0000d078                __aeabi_unwind_cpp_pr2
                0x0000d07c                _Unwind_VRS_Pop
 .text          0x0000d2cc      0x1ac i:/mcu/gnu_tools_arm/bin/../lib/gcc/arm-none-eabi/5.4.1/armv7e-m/fpu\libgcc.a(libunwind.o)
                0x0000d2cc                __restore_core_regs
                0x0000d2cc                restore_core_regs
                0x0000d2e4                __gnu_Unwind_Restore_VFP
                0x0000d2ec                __gnu_Unwind_Save_VFP
                0x0000d2f4                __gnu_Unwind_Restore_VFP_D
                0x0000d2fc                __gnu_Unwind_Save_VFP_D
                0x0000d304                __gnu_Unwind_Restore_VFP_D_16_to_31
                0x0000d30c                __gnu_Unwind_Save_VFP_D_16_to_31
                0x0000d314                __gnu_Unwind_Restore_WMMXD
                0x0000d358                __gnu_Unwind_Save_WMMXD
                0x0000d39c                __gnu_Unwind_Restore_WMMXC
                0x0000d3b0                __gnu_Unwind_Save_WMMXC
                0x0000d3c4                ___Unwind_RaiseException
                0x0000d3c4                _Unwind_RaiseException
                0x0000d3e8                _Unwind_Resume
                0x0000d3e8                ___Unwind_Resume
                0x0000d40c                _Unwind_Resume_or_Rethrow
                0x0000d40c                ___Unwind_Resume_or_Rethrow
                0x0000d430                _Unwind_ForcedUnwind
                0x0000d430                ___Unwind_ForcedUnwind
                0x0000d454                ___Unwind_Backtrace
                0x0000d454                _Unwind_Backtrace
 .text          0x0000d478      0x354 i:/mcu/gnu_tools_arm/bin/../lib/gcc/arm-none-eabi/5.4.1/armv7e-m/fpu\libgcc.a(pr-support.o)
                0x0000d4d0                __gnu_unwind_execute
                0x0000d774                __gnu_unwind_frame
                0x0000d79c                _Unwind_GetRegionStart
                0x0000d7a8                _Unwind_GetLanguageSpecificData
                0x0000d7bc                _Unwind_GetTextRelBase
                0x0000d7c4                _Unwind_GetDataRelBase
 .text          0x0000d7cc        0x4 i:/mcu/gnu_tools_arm/bin/../lib/gcc/arm-none-eabi/5.4.1/armv7e-m/fpu\libgcc.a(_dvmd_tls.o)
                0x0000d7cc                __aeabi_idiv0
                0x0000d7cc                __aeabi_ldiv0
 .text          0x0000d7d0        0x0 i:/mcu/gnu_tools_arm/bin/../lib/gcc/arm-none-eabi/5.4.1/../../../../arm-none-eabi/lib/armv7e-m/fpu\libc.a(lib_a-abort.o)
 .text          0x0000d7d0        0x0 i:/mcu/gnu_tools_arm/bin/../lib/gcc/arm-none-eabi/5.4.1/../../../../arm-none-eabi/lib/armv7e-m/fpu\libc.a(lib_a-signal.o)
 .text          0x0000d7d0        0x0 i:/mcu/gnu_tools_arm/bin/../lib/gcc/arm-none-eabi/5.4.1/../../../../arm-none-eabi/lib/armv7e-m/fpu\libc.a(lib_a-signalr.o)
 .text          0x0000d7d0        0x0 i:/mcu/gnu_tools_arm/bin/../lib/gcc/arm-none-eabi/5.4.1/../../../../arm-none-eabi/lib/armv7e-m/fpu\libnosys.a(getpid.o)
 .text          0x0000d7d0        0x0 i:/mcu/gnu_tools_arm/bin/../lib/gcc/arm-none-eabi/5.4.1/../../../../arm-none-eabi/lib/armv7e-m/fpu\libnosys.a(kill.o)
 .text          0x0000d7d0        0x0 i:/mcu/gnu_tools_arm/bin/../lib/gcc/arm-none-eabi/5.4.1/armv7e-m/fpu/crtend.o
 .text          0x0000d7d0        0x0 i:/mcu/gnu_tools_arm/bin/../lib/gcc/arm-none-eabi/5.4.1/armv7e-m/fpu/crtn.o
 *(.text.*)
 .text.__aeabi_atexit
                0x0000d7d0        0xc i:/mcu/gnu_tools_arm/bin/../lib/gcc/arm-none-eabi/5.4.1/../../../../arm-none-eabi/lib/armv7e-m/fpu\libc.a(lib_a-aeabi_atexit.o)
                0x0000d7d0                __aeabi_atexit
 .text.__cxa_atexit
                0x0000d7dc        0xc i:/mcu/gnu_tools_arm/bin/../lib/gcc/arm-none-eabi/5.4.1/../../../../arm-none-eabi/lib/armv7e-m/fpu\libc.a(lib_a-cxa_atexit.o)
                0x0000d7dc                __cxa_atexit
 .text.exit     0x0000d7e8       0x20 i:/mcu/gnu_tools_arm/bin/../lib/gcc/arm-none-eabi/5.4.1/../../../../arm-none-eabi/lib/armv7e-m/fpu\libc.a(lib_a-exit.o)
                0x0000d7e8                exit
 .text.__libc_init_array
                0x0000d808       0x50 i:/mcu/gnu_tools_arm/bin/../lib/gcc/arm-none-eabi/5.4.1/../../../../arm-none-eabi/lib/armv7e-m/fpu\libc.a(lib_a-init.o)
                0x0000d808                __libc_init_array
 .text.malloc   0x0000d858       0x10 i:/mcu/gnu_tools_arm/bin/../lib/gcc/arm-none-eabi/5.4.1/../../../../arm-none-eabi/lib/armv7e-m/fpu\libc.a(lib_a-malloc.o)
                0x0000d858                malloc
 .text.free     0x0000d868       0x10 i:/mcu/gnu_tools_arm/bin/../lib/gcc/arm-none-eabi/5.4.1/../../../../arm-none-eabi/lib/armv7e-m/fpu\libc.a(lib_a-malloc.o)
                0x0000d868                free
 .text._malloc_r
                0x0000d878      0x570 i:/mcu/gnu_tools_arm/bin/../lib/gcc/arm-none-eabi/5.4.1/../../../../arm-none-eabi/lib/armv7e-m/fpu\libc.a(lib_a-mallocr.o)
                0x0000d878                _malloc_r
 .text.memset   0x0000dde8       0x9c i:/mcu/gnu_tools_arm/bin/../lib/gcc/arm-none-eabi/5.4.1/../../../../arm-none-eabi/lib/armv7e-m/fpu\libc.a(lib_a-memset.o)
                0x0000dde8                memset
 .text.__malloc_lock
                0x0000de84        0x4 i:/mcu/gnu_tools_arm/bin/../lib/gcc/arm-none-eabi/5.4.1/../../../../arm-none-eabi/lib/armv7e-m/fpu\libc.a(lib_a-mlock.o)
                0x0000de84                __malloc_lock
 .text.__malloc_unlock
                0x0000de88        0x4 i:/mcu/gnu_tools_arm/bin/../lib/gcc/arm-none-eabi/5.4.1/../../../../arm-none-eabi/lib/armv7e-m/fpu\libc.a(lib_a-mlock.o)
                0x0000de88                __malloc_unlock
 .text._sbrk_r  0x0000de8c       0x24 i:/mcu/gnu_tools_arm/bin/../lib/gcc/arm-none-eabi/5.4.1/../../../../arm-none-eabi/lib/armv7e-m/fpu\libc.a(lib_a-sbrkr.o)
                0x0000de8c                _sbrk_r
 .text.sprintf  0x0000deb0       0x4c i:/mcu/gnu_tools_arm/bin/../lib/gcc/arm-none-eabi/5.4.1/../../../../arm-none-eabi/lib/armv7e-m/fpu\libc.a(lib_a-sprintf.o)
                0x0000deb0                sprintf
 *fill*         0x0000defc        0x4 
 .text._svfprintf_r
                0x0000df00     0x16e4 i:/mcu/gnu_tools_arm/bin/../lib/gcc/arm-none-eabi/5.4.1/../../../../arm-none-eabi/lib/armv7e-m/fpu\libc.a(lib_a-svfprintf.o)
                0x0000df00                _svfprintf_r
 .text.__register_exitproc
                0x0000f5e4       0xa4 i:/mcu/gnu_tools_arm/bin/../lib/gcc/arm-none-eabi/5.4.1/../../../../arm-none-eabi/lib/armv7e-m/fpu\libc.a(lib_a-__atexit.o)
                0x0000f5e4                __register_exitproc
 .text.startup.register_fini
                0x0000f688       0x14 i:/mcu/gnu_tools_arm/bin/../lib/gcc/arm-none-eabi/5.4.1/../../../../arm-none-eabi/lib/armv7e-m/fpu\libc.a(lib_a-__call_atexit.o)
 .text.__call_exitprocs
                0x0000f69c       0xd8 i:/mcu/gnu_tools_arm/bin/../lib/gcc/arm-none-eabi/5.4.1/../../../../arm-none-eabi/lib/armv7e-m/fpu\libc.a(lib_a-__call_atexit.o)
                0x0000f69c                __call_exitprocs
 .text.atexit   0x0000f774        0xc i:/mcu/gnu_tools_arm/bin/../lib/gcc/arm-none-eabi/5.4.1/../../../../arm-none-eabi/lib/armv7e-m/fpu\libc.a(lib_a-atexit.o)
                0x0000f774                atexit
 .text.quorem   0x0000f780      0x128 i:/mcu/gnu_tools_arm/bin/../lib/gcc/arm-none-eabi/5.4.1/../../../../arm-none-eabi/lib/armv7e-m/fpu\libc.a(lib_a-dtoa.o)
 .text._dtoa_r  0x0000f8a8      0xe34 i:/mcu/gnu_tools_arm/bin/../lib/gcc/arm-none-eabi/5.4.1/../../../../arm-none-eabi/lib/armv7e-m/fpu\libc.a(lib_a-dtoa.o)
                0x0000f8a8                _dtoa_r
 .text.__libc_fini_array
                0x000106dc       0x28 i:/mcu/gnu_tools_arm/bin/../lib/gcc/arm-none-eabi/5.4.1/../../../../arm-none-eabi/lib/armv7e-m/fpu\libc.a(lib_a-fini.o)
                0x000106dc                __libc_fini_array
 .text._malloc_trim_r
                0x00010704       0x9c i:/mcu/gnu_tools_arm/bin/../lib/gcc/arm-none-eabi/5.4.1/../../../../arm-none-eabi/lib/armv7e-m/fpu\libc.a(lib_a-freer.o)
                0x00010704                _malloc_trim_r
 .text._free_r  0x000107a0      0x1d0 i:/mcu/gnu_tools_arm/bin/../lib/gcc/arm-none-eabi/5.4.1/../../../../arm-none-eabi/lib/armv7e-m/fpu\libc.a(lib_a-freer.o)
                0x000107a0                _free_r
 .text._localeconv_r
                0x00010970       0x1c i:/mcu/gnu_tools_arm/bin/../lib/gcc/arm-none-eabi/5.4.1/../../../../arm-none-eabi/lib/armv7e-m/fpu\libc.a(lib_a-localeconv.o)
                0x00010970                _localeconv_r
 .text._Balloc  0x0001098c       0x4c i:/mcu/gnu_tools_arm/bin/../lib/gcc/arm-none-eabi/5.4.1/../../../../arm-none-eabi/lib/armv7e-m/fpu\libc.a(lib_a-mprec.o)
                0x0001098c                _Balloc
 .text._Bfree   0x000109d8       0x14 i:/mcu/gnu_tools_arm/bin/../lib/gcc/arm-none-eabi/5.4.1/../../../../arm-none-eabi/lib/armv7e-m/fpu\libc.a(lib_a-mprec.o)
                0x000109d8                _Bfree
 .text.__multadd
                0x000109ec       0x80 i:/mcu/gnu_tools_arm/bin/../lib/gcc/arm-none-eabi/5.4.1/../../../../arm-none-eabi/lib/armv7e-m/fpu\libc.a(lib_a-mprec.o)
                0x000109ec                __multadd
 .text.__hi0bits
                0x00010a6c       0x40 i:/mcu/gnu_tools_arm/bin/../lib/gcc/arm-none-eabi/5.4.1/../../../../arm-none-eabi/lib/armv7e-m/fpu\libc.a(lib_a-mprec.o)
                0x00010a6c                __hi0bits
 .text.__lo0bits
                0x00010aac       0x5c i:/mcu/gnu_tools_arm/bin/../lib/gcc/arm-none-eabi/5.4.1/../../../../arm-none-eabi/lib/armv7e-m/fpu\libc.a(lib_a-mprec.o)
                0x00010aac                __lo0bits
 .text.__i2b    0x00010b08       0x14 i:/mcu/gnu_tools_arm/bin/../lib/gcc/arm-none-eabi/5.4.1/../../../../arm-none-eabi/lib/armv7e-m/fpu\libc.a(lib_a-mprec.o)
                0x00010b08                __i2b
 .text.__multiply
                0x00010b1c      0x130 i:/mcu/gnu_tools_arm/bin/../lib/gcc/arm-none-eabi/5.4.1/../../../../arm-none-eabi/lib/armv7e-m/fpu\libc.a(lib_a-mprec.o)
                0x00010b1c                __multiply
 .text.__pow5mult
                0x00010c4c       0xa0 i:/mcu/gnu_tools_arm/bin/../lib/gcc/arm-none-eabi/5.4.1/../../../../arm-none-eabi/lib/armv7e-m/fpu\libc.a(lib_a-mprec.o)
                0x00010c4c                __pow5mult
 .text.__lshift
                0x00010cec       0xb0 i:/mcu/gnu_tools_arm/bin/../lib/gcc/arm-none-eabi/5.4.1/../../../../arm-none-eabi/lib/armv7e-m/fpu\libc.a(lib_a-mprec.o)
                0x00010cec                __lshift
 .text.__mcmp   0x00010d9c       0x44 i:/mcu/gnu_tools_arm/bin/../lib/gcc/arm-none-eabi/5.4.1/../../../../arm-none-eabi/lib/armv7e-m/fpu\libc.a(lib_a-mprec.o)
                0x00010d9c                __mcmp
 .text.__mdiff  0x00010de0      0x114 i:/mcu/gnu_tools_arm/bin/../lib/gcc/arm-none-eabi/5.4.1/../../../../arm-none-eabi/lib/armv7e-m/fpu\libc.a(lib_a-mprec.o)
                0x00010de0                __mdiff
 .text.__d2b    0x00010ef4       0xbc i:/mcu/gnu_tools_arm/bin/../lib/gcc/arm-none-eabi/5.4.1/../../../../arm-none-eabi/lib/armv7e-m/fpu\libc.a(lib_a-mprec.o)
                0x00010ef4                __d2b
 .text.__ssprint_r
                0x00010fb0      0x100 i:/mcu/gnu_tools_arm/bin/../lib/gcc/arm-none-eabi/5.4.1/../../../../arm-none-eabi/lib/armv7e-m/fpu\libc.a(lib_a-svfiprintf.o)
                0x00010fb0                __ssprint_r
 .text._calloc_r
                0x000110b0       0x60 i:/mcu/gnu_tools_arm/bin/../lib/gcc/arm-none-eabi/5.4.1/../../../../arm-none-eabi/lib/armv7e-m/fpu\libc.a(lib_a-callocr.o)
                0x000110b0                _calloc_r
 .text.__ascii_mbtowc
                0x00011110       0x2c i:/mcu/gnu_tools_arm/bin/../lib/gcc/arm-none-eabi/5.4.1/../../../../arm-none-eabi/lib/armv7e-m/fpu\libc.a(lib_a-mbtowc_r.o)
                0x00011110                __ascii_mbtowc
 .text.memmove  0x0001113c       0xc8 i:/mcu/gnu_tools_arm/bin/../lib/gcc/arm-none-eabi/5.4.1/../../../../arm-none-eabi/lib/armv7e-m/fpu\libc.a(lib_a-memmove.o)
                0x0001113c                memmove
 .text._realloc_r
                0x00011204      0x3e0 i:/mcu/gnu_tools_arm/bin/../lib/gcc/arm-none-eabi/5.4.1/../../../../arm-none-eabi/lib/armv7e-m/fpu\libc.a(lib_a-reallocr.o)
                0x00011204                _realloc_r
 .text.__ascii_wctomb
                0x000115e4       0x1c i:/mcu/gnu_tools_arm/bin/../lib/gcc/arm-none-eabi/5.4.1/../../../../arm-none-eabi/lib/armv7e-m/fpu\libc.a(lib_a-wctomb_r.o)
                0x000115e4                __ascii_wctomb
 .text._sbrk    0x00011600       0x1c i:/mcu/gnu_tools_arm/bin/../lib/gcc/arm-none-eabi/5.4.1/../../../../arm-none-eabi/lib/armv7e-m/fpu\libnosys.a(sbrk.o)
                0x00011600                _sbrk
 .text._exit    0x0001161c        0x4 i:/mcu/gnu_tools_arm/bin/../lib/gcc/arm-none-eabi/5.4.1/../../../../arm-none-eabi/lib/armv7e-m/fpu\libnosys.a(_exit.o)
                0x0001161c                _exit
 .text.abort    0x00011620       0x10 i:/mcu/gnu_tools_arm/bin/../lib/gcc/arm-none-eabi/5.4.1/../../../../arm-none-eabi/lib/armv7e-m/fpu\libc.a(lib_a-abort.o)
                0x00011620                abort
 .text._raise_r
                0x00011630       0x58 i:/mcu/gnu_tools_arm/bin/../lib/gcc/arm-none-eabi/5.4.1/../../../../arm-none-eabi/lib/armv7e-m/fpu\libc.a(lib_a-signal.o)
                0x00011630                _raise_r
 .text.raise    0x00011688       0x10 i:/mcu/gnu_tools_arm/bin/../lib/gcc/arm-none-eabi/5.4.1/../../../../arm-none-eabi/lib/armv7e-m/fpu\libc.a(lib_a-signal.o)
                0x00011688                raise
 .text._kill_r  0x00011698       0x28 i:/mcu/gnu_tools_arm/bin/../lib/gcc/arm-none-eabi/5.4.1/../../../../arm-none-eabi/lib/armv7e-m/fpu\libc.a(lib_a-signalr.o)
                0x00011698                _kill_r
 .text._getpid_r
                0x000116c0        0x4 i:/mcu/gnu_tools_arm/bin/../lib/gcc/arm-none-eabi/5.4.1/../../../../arm-none-eabi/lib/armv7e-m/fpu\libc.a(lib_a-signalr.o)
                0x000116c0                _getpid_r
 .text._getpid  0x000116c4       0x10 i:/mcu/gnu_tools_arm/bin/../lib/gcc/arm-none-eabi/5.4.1/../../../../arm-none-eabi/lib/armv7e-m/fpu\libnosys.a(getpid.o)
                0x000116c4                _getpid
 .text._kill    0x000116d4       0x10 i:/mcu/gnu_tools_arm/bin/../lib/gcc/arm-none-eabi/5.4.1/../../../../arm-none-eabi/lib/armv7e-m/fpu\libnosys.a(kill.o)
                0x000116d4                _kill
                0x000116e4                . = ALIGN (0x4)
 *(.ctors)
                0x000116e4                . = ALIGN (0x4)
 *(.dtors)
                0x000116e4                . = ALIGN (0x4)
                0x000116e4                __init_array_start = .
 *(.init_array*)
 .init_array    0x000116e4        0x4 i:/mcu/gnu_tools_arm/bin/../lib/gcc/arm-none-eabi/5.4.1/armv7e-m/fpu/crtbegin.o
 .init_array    0x000116e8        0x4 build/main.o
 .init_array    0x000116ec        0x4 build/user_tick.o
 .init_array.00000
                0x000116f0        0x4 i:/mcu/gnu_tools_arm/bin/../lib/gcc/arm-none-eabi/5.4.1/../../../../arm-none-eabi/lib/armv7e-m/fpu\libc.a(lib_a-__call_atexit.o)
                0x000116f4                __init_array_end = .
 *(.init)
 .init          0x000116f4        0x4 i:/mcu/gnu_tools_arm/bin/../lib/gcc/arm-none-eabi/5.4.1/armv7e-m/fpu/crti.o
                0x000116f4                _init
 .init          0x000116f8        0x8 i:/mcu/gnu_tools_arm/bin/../lib/gcc/arm-none-eabi/5.4.1/armv7e-m/fpu/crtn.o
 *(.fini*)
 .fini          0x00011700        0x4 i:/mcu/gnu_tools_arm/bin/../lib/gcc/arm-none-eabi/5.4.1/armv7e-m/fpu/crti.o
                0x00011700                _fini
 .fini_array    0x00011704        0x4 i:/mcu/gnu_tools_arm/bin/../lib/gcc/arm-none-eabi/5.4.1/armv7e-m/fpu/crtbegin.o
 .fini          0x00011708        0x8 i:/mcu/gnu_tools_arm/bin/../lib/gcc/arm-none-eabi/5.4.1/armv7e-m/fpu/crtn.o

.glue_7         0x00011710        0x0
 .glue_7        0x00011710        0x0 linker stubs

.glue_7t        0x00011710        0x0
 .glue_7t       0x00011710        0x0 linker stubs

.vfp11_veneer   0x00011710        0x0
 .vfp11_veneer  0x00011710        0x0 linker stubs

.v4_bx          0x00011710        0x0
 .v4_bx         0x00011710        0x0 linker stubs

.iplt           0x00011710        0x0
 .iplt          0x00011710        0x0 i:/mcu/gnu_tools_arm/bin/../lib/gcc/arm-none-eabi/5.4.1/armv7e-m/fpu/crtbegin.o

.rodata         0x00011710      0x41d
 *(.rodata)
 .rodata        0x00011710       0x80 build/adc14.o
 .rodata        0x00011790       0x4c build/gpio.o
 .rodata        0x000117dc       0x90 build/interrupt.o
 .rodata        0x0001186c        0x8 build/main.o
 .rodata        0x00011874       0x2f build/user_nvic.o
 *(.rodata.*)
 *fill*         0x000118a3        0x1 
 .rodata._global_impure_ptr
                0x000118a4        0x4 i:/mcu/gnu_tools_arm/bin/../lib/gcc/arm-none-eabi/5.4.1/../../../../arm-none-eabi/lib/armv7e-m/fpu\libc.a(lib_a-impure.o)
                0x000118a4                _global_impure_ptr
 .rodata.zeroes.7258
                0x000118a8       0x10 i:/mcu/gnu_tools_arm/bin/../lib/gcc/arm-none-eabi/5.4.1/../../../../arm-none-eabi/lib/armv7e-m/fpu\libc.a(lib_a-svfprintf.o)
 .rodata.str1.4
                0x000118b8       0x42 i:/mcu/gnu_tools_arm/bin/../lib/gcc/arm-none-eabi/5.4.1/../../../../arm-none-eabi/lib/armv7e-m/fpu\libc.a(lib_a-svfprintf.o)
 *fill*         0x000118fa        0x2 
 .rodata.blanks.7257
                0x000118fc       0x10 i:/mcu/gnu_tools_arm/bin/../lib/gcc/arm-none-eabi/5.4.1/../../../../arm-none-eabi/lib/armv7e-m/fpu\libc.a(lib_a-svfprintf.o)
 .rodata.str1.4
                0x0001190c       0x10 i:/mcu/gnu_tools_arm/bin/../lib/gcc/arm-none-eabi/5.4.1/../../../../arm-none-eabi/lib/armv7e-m/fpu\libc.a(lib_a-dtoa.o)
                                 0x12 (size before relaxing)
 *fill*         0x0001191c        0x4 
 .rodata.__mprec_tens
                0x00011920       0xc8 i:/mcu/gnu_tools_arm/bin/../lib/gcc/arm-none-eabi/5.4.1/../../../../arm-none-eabi/lib/armv7e-m/fpu\libc.a(lib_a-mprec.o)
                0x00011920                __mprec_tens
 .rodata.__mprec_bigtens
                0x000119e8       0x28 i:/mcu/gnu_tools_arm/bin/../lib/gcc/arm-none-eabi/5.4.1/../../../../arm-none-eabi/lib/armv7e-m/fpu\libc.a(lib_a-mprec.o)
                0x000119e8                __mprec_bigtens
 .rodata.p05.6087
                0x00011a10        0xc i:/mcu/gnu_tools_arm/bin/../lib/gcc/arm-none-eabi/5.4.1/../../../../arm-none-eabi/lib/armv7e-m/fpu\libc.a(lib_a-mprec.o)
 .rodata.str1.4
                0x00011a1c       0x10 i:/mcu/gnu_tools_arm/bin/../lib/gcc/arm-none-eabi/5.4.1/../../../../arm-none-eabi/lib/armv7e-m/fpu\libc.a(lib_a-locale.o)
                                 0x12 (size before relaxing)
 .rodata._ctype_
                0x00011a2c      0x101 i:/mcu/gnu_tools_arm/bin/../lib/gcc/arm-none-eabi/5.4.1/../../../../arm-none-eabi/lib/armv7e-m/fpu\libc.a(lib_a-ctype_.o)
                0x00011a2c                _ctype_

.eh_frame       0x00011b30        0x0
 .eh_frame      0x00011b30        0x0 i:/mcu/gnu_tools_arm/bin/../lib/gcc/arm-none-eabi/5.4.1/armv7e-m/fpu/crtbegin.o

.ARM.exidx      0x00011b30      0x128
                0x00011b30                __exidx_start = .
 *(.ARM.exidx* .gnu.linkonce.armexidx.*)
 .ARM.exidx     0x00011b30        0x8 i:/mcu/gnu_tools_arm/bin/../lib/gcc/arm-none-eabi/5.4.1/../../../../arm-none-eabi/lib/armv7e-m/fpu/crt0.o
 .ARM.exidx     0x00011b38       0x18 build/main.o
                                 0x20 (size before relaxing)
 .ARM.exidx     0x00011b50       0x10 build/user_uart.o
                                 0x28 (size before relaxing)
 .ARM.exidx     0x00011b60       0x30 build/user_tick.o
                                 0x58 (size before relaxing)
 .ARM.exidx     0x00011b90       0x18 build/user_nvic.o
                                 0x38 (size before relaxing)
 .ARM.exidx     0x00011ba8        0x0 i:/mcu/gnu_tools_arm/bin/../lib/gcc/arm-none-eabi/5.4.1/armv7e-m/fpu\libgcc.a(_udivmoddi4.o)
                                  0x8 (size before relaxing)
 .ARM.exidx     0x00011ba8       0x78 i:/mcu/gnu_tools_arm/bin/../lib/gcc/arm-none-eabi/5.4.1/armv7e-m/fpu\libgcc.a(unwind-arm.o)
                                 0xd8 (size before relaxing)
 .ARM.exidx     0x00011c20       0x38 i:/mcu/gnu_tools_arm/bin/../lib/gcc/arm-none-eabi/5.4.1/armv7e-m/fpu\libgcc.a(pr-support.o)
                                 0x48 (size before relaxing)
                0x00011c58                __exidx_end = .

.ARM.extab      0x00011c58       0x6c
 *(.ARM.extab* .gnu.linkonce.armextab.*)
 .ARM.extab     0x00011c58        0x0 i:/mcu/gnu_tools_arm/bin/../lib/gcc/arm-none-eabi/5.4.1/../../../../arm-none-eabi/lib/armv7e-m/fpu/crt0.o
 .ARM.extab     0x00011c58        0xc build/main.o
 .ARM.extab     0x00011c64        0xc build/user_uart.o
 .ARM.extab     0x00011c70       0x24 build/user_tick.o
 .ARM.extab     0x00011c94       0x18 build/user_nvic.o
 .ARM.extab     0x00011cac        0x0 i:/mcu/gnu_tools_arm/bin/../lib/gcc/arm-none-eabi/5.4.1/armv7e-m/fpu\libgcc.a(_udivmoddi4.o)
 .ARM.extab     0x00011cac        0x0 i:/mcu/gnu_tools_arm/bin/../lib/gcc/arm-none-eabi/5.4.1/armv7e-m/fpu\libgcc.a(unwind-arm.o)
 .ARM.extab     0x00011cac       0x18 i:/mcu/gnu_tools_arm/bin/../lib/gcc/arm-none-eabi/5.4.1/armv7e-m/fpu\libgcc.a(pr-support.o)
                0x00011cc4                __etext = .

.rel.dyn        0x00011cc4        0x0
 .rel.iplt      0x00011cc4        0x0 i:/mcu/gnu_tools_arm/bin/../lib/gcc/arm-none-eabi/5.4.1/armv7e-m/fpu/crtbegin.o

.data           0x20000000      0x9f0 load address 0x00011cc4
                0x00011cc4                __data_load__ = LOADADDR (.data)
                0x20000000                __data_start__ = .
 *(.data)
 .data          0x20000000        0x0 i:/mcu/gnu_tools_arm/bin/../lib/gcc/arm-none-eabi/5.4.1/armv7e-m/fpu/crti.o
 .data          0x20000000        0x4 i:/mcu/gnu_tools_arm/bin/../lib/gcc/arm-none-eabi/5.4.1/armv7e-m/fpu/crtbegin.o
                0x20000000                __dso_handle
 .data          0x20000004        0x0 i:/mcu/gnu_tools_arm/bin/../lib/gcc/arm-none-eabi/5.4.1/../../../../arm-none-eabi/lib/armv7e-m/fpu/crt0.o
 .data          0x20000004        0x0 build/adc14.o
 .data          0x20000004        0x0 build/aes256.o
 .data          0x20000004        0x0 build/comp_e.o
 .data          0x20000004        0x0 build/cpu.o
 .data          0x20000004        0x0 build/crc32.o
 .data          0x20000004        0x0 build/cs.o
 .data          0x20000004        0x0 build/dma.o
 .data          0x20000004       0x40 build/flash.o
 .data          0x20000044        0x0 build/fpu.o
 .data          0x20000044        0x0 build/gpio.o
 .data          0x20000044        0x0 build/i2c.o
 .data          0x20000044        0x0 build/interrupt.o
 .data          0x20000044        0x0 build/mpu.o
 .data          0x20000044        0x0 build/pcm.o
 .data          0x20000044        0x0 build/pmap.o
 .data          0x20000044        0x0 build/pss.o
 .data          0x20000044        0x0 build/ref_a.o
 .data          0x20000044        0x0 build/reset.o
 .data          0x20000044        0x0 build/rtc_c.o
 .data          0x20000044        0x0 build/spi.o
 .data          0x20000044        0x0 build/sysctl.o
 .data          0x20000044        0x0 build/systick.o
 .data          0x20000044        0x0 build/timer32.o
 .data          0x20000044        0x0 build/timer_a.o
 .data          0x20000044        0x0 build/uart.o
 .data          0x20000044        0x0 build/wdt_a.o
 .data          0x20000044        0x0 build/startup_msp432p401r_gcc.o
 .data          0x20000044        0x4 build/system_msp432p401r.o
                0x20000044                SystemCoreClock
 .data          0x20000048        0x0 build/main.o
 .data          0x20000048        0x0 build/user_uart.o
 .data          0x20000048        0x0 build/user_tick.o
 .data          0x20000048        0x0 build/user_nvic.o
 .data          0x20000048        0x0 i:/mcu/gnu_tools_arm/bin/../lib/gcc/arm-none-eabi/5.4.1/../../../../arm-none-eabi/lib/armv7e-m/fpu\libc.a(lib_a-aeabi_atexit.o)
 .data          0x20000048        0x0 i:/mcu/gnu_tools_arm/bin/../lib/gcc/arm-none-eabi/5.4.1/../../../../arm-none-eabi/lib/armv7e-m/fpu\libc.a(lib_a-cxa_atexit.o)
 .data          0x20000048        0x0 i:/mcu/gnu_tools_arm/bin/../lib/gcc/arm-none-eabi/5.4.1/../../../../arm-none-eabi/lib/armv7e-m/fpu\libc.a(lib_a-exit.o)
 .data          0x20000048        0x0 i:/mcu/gnu_tools_arm/bin/../lib/gcc/arm-none-eabi/5.4.1/../../../../arm-none-eabi/lib/armv7e-m/fpu\libc.a(lib_a-impure.o)
 .data          0x20000048        0x0 i:/mcu/gnu_tools_arm/bin/../lib/gcc/arm-none-eabi/5.4.1/../../../../arm-none-eabi/lib/armv7e-m/fpu\libc.a(lib_a-init.o)
 .data          0x20000048        0x0 i:/mcu/gnu_tools_arm/bin/../lib/gcc/arm-none-eabi/5.4.1/../../../../arm-none-eabi/lib/armv7e-m/fpu\libc.a(lib_a-malloc.o)
 .data          0x20000048        0x0 i:/mcu/gnu_tools_arm/bin/../lib/gcc/arm-none-eabi/5.4.1/../../../../arm-none-eabi/lib/armv7e-m/fpu\libc.a(lib_a-mallocr.o)
 .data          0x20000048        0x0 i:/mcu/gnu_tools_arm/bin/../lib/gcc/arm-none-eabi/5.4.1/../../../../arm-none-eabi/lib/armv7e-m/fpu\libc.a(lib_a-memset.o)
 .data          0x20000048        0x0 i:/mcu/gnu_tools_arm/bin/../lib/gcc/arm-none-eabi/5.4.1/../../../../arm-none-eabi/lib/armv7e-m/fpu\libc.a(lib_a-mlock.o)
 .data          0x20000048        0x0 i:/mcu/gnu_tools_arm/bin/../lib/gcc/arm-none-eabi/5.4.1/../../../../arm-none-eabi/lib/armv7e-m/fpu\libc.a(lib_a-sbrkr.o)
 .data          0x20000048        0x0 i:/mcu/gnu_tools_arm/bin/../lib/gcc/arm-none-eabi/5.4.1/../../../../arm-none-eabi/lib/armv7e-m/fpu\libc.a(lib_a-sprintf.o)
 .data          0x20000048        0x0 i:/mcu/gnu_tools_arm/bin/../lib/gcc/arm-none-eabi/5.4.1/../../../../arm-none-eabi/lib/armv7e-m/fpu\libc.a(lib_a-svfprintf.o)
 .data          0x20000048        0x0 i:/mcu/gnu_tools_arm/bin/../lib/gcc/arm-none-eabi/5.4.1/../../../../arm-none-eabi/lib/armv7e-m/fpu\libc.a(lib_a-__atexit.o)
 .data          0x20000048        0x0 i:/mcu/gnu_tools_arm/bin/../lib/gcc/arm-none-eabi/5.4.1/../../../../arm-none-eabi/lib/armv7e-m/fpu\libc.a(lib_a-__call_atexit.o)
 .data          0x20000048        0x0 i:/mcu/gnu_tools_arm/bin/../lib/gcc/arm-none-eabi/5.4.1/../../../../arm-none-eabi/lib/armv7e-m/fpu\libc.a(lib_a-atexit.o)
 .data          0x20000048        0x0 i:/mcu/gnu_tools_arm/bin/../lib/gcc/arm-none-eabi/5.4.1/../../../../arm-none-eabi/lib/armv7e-m/fpu\libc.a(lib_a-dtoa.o)
 .data          0x20000048        0x0 i:/mcu/gnu_tools_arm/bin/../lib/gcc/arm-none-eabi/5.4.1/../../../../arm-none-eabi/lib/armv7e-m/fpu\libc.a(lib_a-fini.o)
 .data          0x20000048        0x0 i:/mcu/gnu_tools_arm/bin/../lib/gcc/arm-none-eabi/5.4.1/../../../../arm-none-eabi/lib/armv7e-m/fpu\libc.a(lib_a-freer.o)
 .data          0x20000048        0x0 i:/mcu/gnu_tools_arm/bin/../lib/gcc/arm-none-eabi/5.4.1/../../../../arm-none-eabi/lib/armv7e-m/fpu\libc.a(lib_a-localeconv.o)
 .data          0x20000048        0x0 i:/mcu/gnu_tools_arm/bin/../lib/gcc/arm-none-eabi/5.4.1/../../../../arm-none-eabi/lib/armv7e-m/fpu\libc.a(lib_a-memchr.o)
 .data          0x20000048        0x0 i:/mcu/gnu_tools_arm/bin/../lib/gcc/arm-none-eabi/5.4.1/../../../../arm-none-eabi/lib/armv7e-m/fpu\libc.a(lib_a-memcpy.o)
 .data          0x20000048        0x0 i:/mcu/gnu_tools_arm/bin/../lib/gcc/arm-none-eabi/5.4.1/../../../../arm-none-eabi/lib/armv7e-m/fpu\libc.a(lib_a-mprec.o)
 .data          0x20000048        0x0 i:/mcu/gnu_tools_arm/bin/../lib/gcc/arm-none-eabi/5.4.1/../../../../arm-none-eabi/lib/armv7e-m/fpu\libc.a(lib_a-reent.o)
 .data          0x20000048        0x0 i:/mcu/gnu_tools_arm/bin/../lib/gcc/arm-none-eabi/5.4.1/../../../../arm-none-eabi/lib/armv7e-m/fpu\libc.a(lib_a-strlen.o)
 .data          0x20000048        0x0 i:/mcu/gnu_tools_arm/bin/../lib/gcc/arm-none-eabi/5.4.1/../../../../arm-none-eabi/lib/armv7e-m/fpu\libc.a(lib_a-svfiprintf.o)
 .data          0x20000048        0x0 i:/mcu/gnu_tools_arm/bin/../lib/gcc/arm-none-eabi/5.4.1/../../../../arm-none-eabi/lib/armv7e-m/fpu\libc.a(lib_a-callocr.o)
 .data          0x20000048        0x0 i:/mcu/gnu_tools_arm/bin/../lib/gcc/arm-none-eabi/5.4.1/../../../../arm-none-eabi/lib/armv7e-m/fpu\libc.a(lib_a-locale.o)
 .data          0x20000048        0x0 i:/mcu/gnu_tools_arm/bin/../lib/gcc/arm-none-eabi/5.4.1/../../../../arm-none-eabi/lib/armv7e-m/fpu\libc.a(lib_a-mbtowc_r.o)
 .data          0x20000048        0x0 i:/mcu/gnu_tools_arm/bin/../lib/gcc/arm-none-eabi/5.4.1/../../../../arm-none-eabi/lib/armv7e-m/fpu\libc.a(lib_a-memmove.o)
 .data          0x20000048        0x0 i:/mcu/gnu_tools_arm/bin/../lib/gcc/arm-none-eabi/5.4.1/../../../../arm-none-eabi/lib/armv7e-m/fpu\libc.a(lib_a-reallocr.o)
 .data          0x20000048        0x0 i:/mcu/gnu_tools_arm/bin/../lib/gcc/arm-none-eabi/5.4.1/../../../../arm-none-eabi/lib/armv7e-m/fpu\libc.a(lib_a-strcmp.o)
 .data          0x20000048        0x0 i:/mcu/gnu_tools_arm/bin/../lib/gcc/arm-none-eabi/5.4.1/../../../../arm-none-eabi/lib/armv7e-m/fpu\libc.a(lib_a-wctomb_r.o)
 .data          0x20000048        0x0 i:/mcu/gnu_tools_arm/bin/../lib/gcc/arm-none-eabi/5.4.1/../../../../arm-none-eabi/lib/armv7e-m/fpu\libc.a(lib_a-ctype_.o)
 .data          0x20000048        0x0 i:/mcu/gnu_tools_arm/bin/../lib/gcc/arm-none-eabi/5.4.1/../../../../arm-none-eabi/lib/armv7e-m/fpu\libnosys.a(sbrk.o)
 .data          0x20000048        0x0 i:/mcu/gnu_tools_arm/bin/../lib/gcc/arm-none-eabi/5.4.1/../../../../arm-none-eabi/lib/armv7e-m/fpu\libnosys.a(_exit.o)
 .data          0x20000048        0x0 i:/mcu/gnu_tools_arm/bin/../lib/gcc/arm-none-eabi/5.4.1/armv7e-m/fpu\libgcc.a(_arm_addsubdf3.o)
 .data          0x20000048        0x0 i:/mcu/gnu_tools_arm/bin/../lib/gcc/arm-none-eabi/5.4.1/armv7e-m/fpu\libgcc.a(_arm_muldivdf3.o)
 .data          0x20000048        0x0 i:/mcu/gnu_tools_arm/bin/../lib/gcc/arm-none-eabi/5.4.1/armv7e-m/fpu\libgcc.a(_arm_cmpdf2.o)
 .data          0x20000048        0x0 i:/mcu/gnu_tools_arm/bin/../lib/gcc/arm-none-eabi/5.4.1/armv7e-m/fpu\libgcc.a(_arm_unorddf2.o)
 .data          0x20000048        0x0 i:/mcu/gnu_tools_arm/bin/../lib/gcc/arm-none-eabi/5.4.1/armv7e-m/fpu\libgcc.a(_arm_fixdfsi.o)
 .data          0x20000048        0x0 i:/mcu/gnu_tools_arm/bin/../lib/gcc/arm-none-eabi/5.4.1/armv7e-m/fpu\libgcc.a(_aeabi_uldivmod.o)
 .data          0x20000048        0x0 i:/mcu/gnu_tools_arm/bin/../lib/gcc/arm-none-eabi/5.4.1/armv7e-m/fpu\libgcc.a(_udivmoddi4.o)
 .data          0x20000048        0x0 i:/mcu/gnu_tools_arm/bin/../lib/gcc/arm-none-eabi/5.4.1/armv7e-m/fpu\libgcc.a(unwind-arm.o)
 .data          0x20000048        0x0 i:/mcu/gnu_tools_arm/bin/../lib/gcc/arm-none-eabi/5.4.1/armv7e-m/fpu\libgcc.a(libunwind.o)
 .data          0x20000048        0x0 i:/mcu/gnu_tools_arm/bin/../lib/gcc/arm-none-eabi/5.4.1/armv7e-m/fpu\libgcc.a(pr-support.o)
 .data          0x20000048        0x0 i:/mcu/gnu_tools_arm/bin/../lib/gcc/arm-none-eabi/5.4.1/armv7e-m/fpu\libgcc.a(_dvmd_tls.o)
 .data          0x20000048        0x0 i:/mcu/gnu_tools_arm/bin/../lib/gcc/arm-none-eabi/5.4.1/../../../../arm-none-eabi/lib/armv7e-m/fpu\libc.a(lib_a-abort.o)
 .data          0x20000048        0x0 i:/mcu/gnu_tools_arm/bin/../lib/gcc/arm-none-eabi/5.4.1/../../../../arm-none-eabi/lib/armv7e-m/fpu\libc.a(lib_a-signal.o)
 .data          0x20000048        0x0 i:/mcu/gnu_tools_arm/bin/../lib/gcc/arm-none-eabi/5.4.1/../../../../arm-none-eabi/lib/armv7e-m/fpu\libc.a(lib_a-signalr.o)
 .data          0x20000048        0x0 i:/mcu/gnu_tools_arm/bin/../lib/gcc/arm-none-eabi/5.4.1/../../../../arm-none-eabi/lib/armv7e-m/fpu\libnosys.a(getpid.o)
 .data          0x20000048        0x0 i:/mcu/gnu_tools_arm/bin/../lib/gcc/arm-none-eabi/5.4.1/../../../../arm-none-eabi/lib/armv7e-m/fpu\libnosys.a(kill.o)
 .data          0x20000048        0x0 i:/mcu/gnu_tools_arm/bin/../lib/gcc/arm-none-eabi/5.4.1/armv7e-m/fpu/crtend.o
 .data          0x20000048        0x0 i:/mcu/gnu_tools_arm/bin/../lib/gcc/arm-none-eabi/5.4.1/armv7e-m/fpu/crtn.o
 *(.data*)
 .data.impure_data
                0x20000048      0x428 i:/mcu/gnu_tools_arm/bin/../lib/gcc/arm-none-eabi/5.4.1/../../../../arm-none-eabi/lib/armv7e-m/fpu\libc.a(lib_a-impure.o)
 .data._impure_ptr
                0x20000470        0x4 i:/mcu/gnu_tools_arm/bin/../lib/gcc/arm-none-eabi/5.4.1/../../../../arm-none-eabi/lib/armv7e-m/fpu\libc.a(lib_a-impure.o)
                0x20000470                _impure_ptr
 .data.__malloc_av_
                0x20000474      0x408 i:/mcu/gnu_tools_arm/bin/../lib/gcc/arm-none-eabi/5.4.1/../../../../arm-none-eabi/lib/armv7e-m/fpu\libc.a(lib_a-mallocr.o)
                0x20000474                __malloc_av_
 .data.__malloc_trim_threshold
                0x2000087c        0x4 i:/mcu/gnu_tools_arm/bin/../lib/gcc/arm-none-eabi/5.4.1/../../../../arm-none-eabi/lib/armv7e-m/fpu\libc.a(lib_a-mallocr.o)
                0x2000087c                __malloc_trim_threshold
 .data.__malloc_sbrk_base
                0x20000880        0x4 i:/mcu/gnu_tools_arm/bin/../lib/gcc/arm-none-eabi/5.4.1/../../../../arm-none-eabi/lib/armv7e-m/fpu\libc.a(lib_a-mallocr.o)
                0x20000880                __malloc_sbrk_base
 .data.__global_locale
                0x20000884      0x16c i:/mcu/gnu_tools_arm/bin/../lib/gcc/arm-none-eabi/5.4.1/../../../../arm-none-eabi/lib/armv7e-m/fpu\libc.a(lib_a-locale.o)
                0x20000884                __global_locale
                0x200009f0                . = ALIGN (0x4)
                0x200009f0                __data_end__ = .

.jcr            0x200009f0        0x0 load address 0x000126b4
 .jcr           0x200009f0        0x0 i:/mcu/gnu_tools_arm/bin/../lib/gcc/arm-none-eabi/5.4.1/armv7e-m/fpu/crtbegin.o

.igot.plt       0x200009f0        0x0 load address 0x000126b4
 .igot.plt      0x200009f0        0x0 i:/mcu/gnu_tools_arm/bin/../lib/gcc/arm-none-eabi/5.4.1/armv7e-m/fpu/crtbegin.o

vtable          0x20000c00       0xe8 load address 0x000126b4
                [!provide]                PROVIDE (__start_vtable, .)
 vtable         0x20000c00       0xe8 build/interrupt.o
                [!provide]                PROVIDE (__stop_vtable, .)

.bss            0x20000ce8       0x80
                0x20000ce8                __bss_start__ = .
 *(.shbss)
 *(.bss)
 .bss           0x20000ce8        0x0 i:/mcu/gnu_tools_arm/bin/../lib/gcc/arm-none-eabi/5.4.1/armv7e-m/fpu/crti.o
 .bss           0x20000ce8       0x1c i:/mcu/gnu_tools_arm/bin/../lib/gcc/arm-none-eabi/5.4.1/armv7e-m/fpu/crtbegin.o
 .bss           0x20000d04        0x0 i:/mcu/gnu_tools_arm/bin/../lib/gcc/arm-none-eabi/5.4.1/../../../../arm-none-eabi/lib/armv7e-m/fpu/crt0.o
 .bss           0x20000d04        0x0 build/adc14.o
 .bss           0x20000d04        0x0 build/aes256.o
 .bss           0x20000d04        0x0 build/comp_e.o
 .bss           0x20000d04        0x0 build/cpu.o
 .bss           0x20000d04        0x0 build/crc32.o
 .bss           0x20000d04        0x8 build/cs.o
 .bss           0x20000d0c        0x0 build/dma.o
 .bss           0x20000d0c        0x0 build/flash.o
 .bss           0x20000d0c        0x0 build/fpu.o
 .bss           0x20000d0c        0x0 build/gpio.o
 .bss           0x20000d0c        0x0 build/i2c.o
 .bss           0x20000d0c        0x0 build/interrupt.o
 .bss           0x20000d0c        0x0 build/mpu.o
 .bss           0x20000d0c        0x0 build/pcm.o
 .bss           0x20000d0c        0x0 build/pmap.o
 .bss           0x20000d0c        0x0 build/pss.o
 .bss           0x20000d0c        0x0 build/ref_a.o
 .bss           0x20000d0c        0x0 build/reset.o
 .bss           0x20000d0c        0x0 build/rtc_c.o
 .bss           0x20000d0c        0x0 build/spi.o
 .bss           0x20000d0c        0x0 build/sysctl.o
 .bss           0x20000d0c        0x0 build/systick.o
 .bss           0x20000d0c        0x0 build/timer32.o
 .bss           0x20000d0c        0x0 build/timer_a.o
 .bss           0x20000d0c        0x0 build/uart.o
 .bss           0x20000d0c        0x0 build/wdt_a.o
 .bss           0x20000d0c        0x0 build/startup_msp432p401r_gcc.o
 .bss           0x20000d0c        0x0 build/system_msp432p401r.o
 .bss           0x20000d0c        0x8 build/main.o
                0x20000d0c                yuki
 .bss           0x20000d14        0x0 build/user_uart.o
 .bss           0x20000d14        0xc build/user_tick.o
                0x20000d14                user_systick
 .bss           0x20000d20        0xc build/user_nvic.o
                0x20000d20                user_nvic_ctrler
 .bss           0x20000d2c        0x0 i:/mcu/gnu_tools_arm/bin/../lib/gcc/arm-none-eabi/5.4.1/../../../../arm-none-eabi/lib/armv7e-m/fpu\libc.a(lib_a-aeabi_atexit.o)
 .bss           0x20000d2c        0x0 i:/mcu/gnu_tools_arm/bin/../lib/gcc/arm-none-eabi/5.4.1/../../../../arm-none-eabi/lib/armv7e-m/fpu\libc.a(lib_a-cxa_atexit.o)
 .bss           0x20000d2c        0x0 i:/mcu/gnu_tools_arm/bin/../lib/gcc/arm-none-eabi/5.4.1/../../../../arm-none-eabi/lib/armv7e-m/fpu\libc.a(lib_a-exit.o)
 .bss           0x20000d2c        0x0 i:/mcu/gnu_tools_arm/bin/../lib/gcc/arm-none-eabi/5.4.1/../../../../arm-none-eabi/lib/armv7e-m/fpu\libc.a(lib_a-impure.o)
 .bss           0x20000d2c        0x0 i:/mcu/gnu_tools_arm/bin/../lib/gcc/arm-none-eabi/5.4.1/../../../../arm-none-eabi/lib/armv7e-m/fpu\libc.a(lib_a-init.o)
 .bss           0x20000d2c        0x0 i:/mcu/gnu_tools_arm/bin/../lib/gcc/arm-none-eabi/5.4.1/../../../../arm-none-eabi/lib/armv7e-m/fpu\libc.a(lib_a-malloc.o)
 .bss           0x20000d2c        0x0 i:/mcu/gnu_tools_arm/bin/../lib/gcc/arm-none-eabi/5.4.1/../../../../arm-none-eabi/lib/armv7e-m/fpu\libc.a(lib_a-mallocr.o)
 .bss           0x20000d2c        0x0 i:/mcu/gnu_tools_arm/bin/../lib/gcc/arm-none-eabi/5.4.1/../../../../arm-none-eabi/lib/armv7e-m/fpu\libc.a(lib_a-memset.o)
 .bss           0x20000d2c        0x0 i:/mcu/gnu_tools_arm/bin/../lib/gcc/arm-none-eabi/5.4.1/../../../../arm-none-eabi/lib/armv7e-m/fpu\libc.a(lib_a-mlock.o)
 .bss           0x20000d2c        0x0 i:/mcu/gnu_tools_arm/bin/../lib/gcc/arm-none-eabi/5.4.1/../../../../arm-none-eabi/lib/armv7e-m/fpu\libc.a(lib_a-sbrkr.o)
 .bss           0x20000d2c        0x0 i:/mcu/gnu_tools_arm/bin/../lib/gcc/arm-none-eabi/5.4.1/../../../../arm-none-eabi/lib/armv7e-m/fpu\libc.a(lib_a-sprintf.o)
 .bss           0x20000d2c        0x0 i:/mcu/gnu_tools_arm/bin/../lib/gcc/arm-none-eabi/5.4.1/../../../../arm-none-eabi/lib/armv7e-m/fpu\libc.a(lib_a-svfprintf.o)
 .bss           0x20000d2c        0x0 i:/mcu/gnu_tools_arm/bin/../lib/gcc/arm-none-eabi/5.4.1/../../../../arm-none-eabi/lib/armv7e-m/fpu\libc.a(lib_a-__atexit.o)
 .bss           0x20000d2c        0x0 i:/mcu/gnu_tools_arm/bin/../lib/gcc/arm-none-eabi/5.4.1/../../../../arm-none-eabi/lib/armv7e-m/fpu\libc.a(lib_a-__call_atexit.o)
 .bss           0x20000d2c        0x0 i:/mcu/gnu_tools_arm/bin/../lib/gcc/arm-none-eabi/5.4.1/../../../../arm-none-eabi/lib/armv7e-m/fpu\libc.a(lib_a-atexit.o)
 .bss           0x20000d2c        0x0 i:/mcu/gnu_tools_arm/bin/../lib/gcc/arm-none-eabi/5.4.1/../../../../arm-none-eabi/lib/armv7e-m/fpu\libc.a(lib_a-dtoa.o)
 .bss           0x20000d2c        0x0 i:/mcu/gnu_tools_arm/bin/../lib/gcc/arm-none-eabi/5.4.1/../../../../arm-none-eabi/lib/armv7e-m/fpu\libc.a(lib_a-fini.o)
 .bss           0x20000d2c        0x0 i:/mcu/gnu_tools_arm/bin/../lib/gcc/arm-none-eabi/5.4.1/../../../../arm-none-eabi/lib/armv7e-m/fpu\libc.a(lib_a-freer.o)
 .bss           0x20000d2c        0x0 i:/mcu/gnu_tools_arm/bin/../lib/gcc/arm-none-eabi/5.4.1/../../../../arm-none-eabi/lib/armv7e-m/fpu\libc.a(lib_a-localeconv.o)
 .bss           0x20000d2c        0x0 i:/mcu/gnu_tools_arm/bin/../lib/gcc/arm-none-eabi/5.4.1/../../../../arm-none-eabi/lib/armv7e-m/fpu\libc.a(lib_a-memchr.o)