Archive member included to satisfy reference by file (symbol)

i:/mcu/gnu_tools_arm/bin/../lib/gcc/arm-none-eabi/5.4.1/../../../../arm-none-eabi/lib/armv7e-m/fpu\libc.a(lib_a-aeabi_atexit.o)
                              build/main.o (__aeabi_atexit)
i:/mcu/gnu_tools_arm/bin/../lib/gcc/arm-none-eabi/5.4.1/../../../../arm-none-eabi/lib/armv7e-m/fpu\libc.a(lib_a-cxa_atexit.o)
                              i:/mcu/gnu_tools_arm/bin/../lib/gcc/arm-none-eabi/5.4.1/../../../../arm-none-eabi/lib/armv7e-m/fpu\libc.a(lib_a-aeabi_atexit.o) (__cxa_atexit)
i:/mcu/gnu_tools_arm/bin/../lib/gcc/arm-none-eabi/5.4.1/../../../../arm-none-eabi/lib/armv7e-m/fpu\libc.a(lib_a-exit.o)
                              i:/mcu/gnu_tools_arm/bin/../lib/gcc/arm-none-eabi/5.4.1/../../../../arm-none-eabi/lib/armv7e-m/fpu/crt0.o (exit)
i:/mcu/gnu_tools_arm/bin/../lib/gcc/arm-none-eabi/5.4.1/../../../../arm-none-eabi/lib/armv7e-m/fpu\libc.a(lib_a-impure.o)
                              i:/mcu/gnu_tools_arm/bin/../lib/gcc/arm-none-eabi/5.4.1/../../../../arm-none-eabi/lib/armv7e-m/fpu\libc.a(lib_a-exit.o) (_global_impure_ptr)
i:/mcu/gnu_tools_arm/bin/../lib/gcc/arm-none-eabi/5.4.1/../../../../arm-none-eabi/lib/armv7e-m/fpu\libc.a(lib_a-init.o)
                              i:/mcu/gnu_tools_arm/bin/../lib/gcc/arm-none-eabi/5.4.1/../../../../arm-none-eabi/lib/armv7e-m/fpu/crt0.o (__libc_init_array)
i:/mcu/gnu_tools_arm/bin/../lib/gcc/arm-none-eabi/5.4.1/../../../../arm-none-eabi/lib/armv7e-m/fpu\libc.a(lib_a-memset.o)
                              i:/mcu/gnu_tools_arm/bin/../lib/gcc/arm-none-eabi/5.4.1/../../../../arm-none-eabi/lib/armv7e-m/fpu/crt0.o (memset)
i:/mcu/gnu_tools_arm/bin/../lib/gcc/arm-none-eabi/5.4.1/../../../../arm-none-eabi/lib/armv7e-m/fpu\libc.a(lib_a-__atexit.o)
                              i:/mcu/gnu_tools_arm/bin/../lib/gcc/arm-none-eabi/5.4.1/../../../../arm-none-eabi/lib/armv7e-m/fpu\libc.a(lib_a-cxa_atexit.o) (__register_exitproc)
i:/mcu/gnu_tools_arm/bin/../lib/gcc/arm-none-eabi/5.4.1/../../../../arm-none-eabi/lib/armv7e-m/fpu\libc.a(lib_a-__call_atexit.o)
                              i:/mcu/gnu_tools_arm/bin/../lib/gcc/arm-none-eabi/5.4.1/../../../../arm-none-eabi/lib/armv7e-m/fpu\libc.a(lib_a-exit.o) (__call_exitprocs)
i:/mcu/gnu_tools_arm/bin/../lib/gcc/arm-none-eabi/5.4.1/../../../../arm-none-eabi/lib/armv7e-m/fpu\libc.a(lib_a-atexit.o)
                              i:/mcu/gnu_tools_arm/bin/../lib/gcc/arm-none-eabi/5.4.1/../../../../arm-none-eabi/lib/armv7e-m/fpu\libc.a(lib_a-__call_atexit.o) (atexit)
i:/mcu/gnu_tools_arm/bin/../lib/gcc/arm-none-eabi/5.4.1/../../../../arm-none-eabi/lib/armv7e-m/fpu\libc.a(lib_a-fini.o)
                              i:/mcu/gnu_tools_arm/bin/../lib/gcc/arm-none-eabi/5.4.1/../../../../arm-none-eabi/lib/armv7e-m/fpu\libc.a(lib_a-__call_atexit.o) (__libc_fini_array)
i:/mcu/gnu_tools_arm/bin/../lib/gcc/arm-none-eabi/5.4.1/../../../../arm-none-eabi/lib/armv7e-m/fpu\libnosys.a(_exit.o)
                              i:/mcu/gnu_tools_arm/bin/../lib/gcc/arm-none-eabi/5.4.1/../../../../arm-none-eabi/lib/armv7e-m/fpu\libc.a(lib_a-exit.o) (_exit)
i:/mcu/gnu_tools_arm/bin/../lib/gcc/arm-none-eabi/5.4.1/armv7e-m/fpu\libgcc.a(unwind-arm.o)
                              build/main.o (__aeabi_unwind_cpp_pr0)
i:/mcu/gnu_tools_arm/bin/../lib/gcc/arm-none-eabi/5.4.1/armv7e-m/fpu\libgcc.a(libunwind.o)
                              i:/mcu/gnu_tools_arm/bin/../lib/gcc/arm-none-eabi/5.4.1/armv7e-m/fpu\libgcc.a(unwind-arm.o) (restore_core_regs)
i:/mcu/gnu_tools_arm/bin/../lib/gcc/arm-none-eabi/5.4.1/armv7e-m/fpu\libgcc.a(pr-support.o)
                              i:/mcu/gnu_tools_arm/bin/../lib/gcc/arm-none-eabi/5.4.1/armv7e-m/fpu\libgcc.a(unwind-arm.o) (__gnu_unwind_execute)
i:/mcu/gnu_tools_arm/bin/../lib/gcc/arm-none-eabi/5.4.1/../../../../arm-none-eabi/lib/armv7e-m/fpu\libc.a(lib_a-abort.o)
                              i:/mcu/gnu_tools_arm/bin/../lib/gcc/arm-none-eabi/5.4.1/armv7e-m/fpu\libgcc.a(unwind-arm.o) (abort)
i:/mcu/gnu_tools_arm/bin/../lib/gcc/arm-none-eabi/5.4.1/../../../../arm-none-eabi/lib/armv7e-m/fpu\libc.a(lib_a-memcpy.o)
                              i:/mcu/gnu_tools_arm/bin/../lib/gcc/arm-none-eabi/5.4.1/armv7e-m/fpu\libgcc.a(unwind-arm.o) (memcpy)
i:/mcu/gnu_tools_arm/bin/../lib/gcc/arm-none-eabi/5.4.1/../../../../arm-none-eabi/lib/armv7e-m/fpu\libc.a(lib_a-signal.o)
                              i:/mcu/gnu_tools_arm/bin/../lib/gcc/arm-none-eabi/5.4.1/../../../../arm-none-eabi/lib/armv7e-m/fpu\libc.a(lib_a-abort.o) (raise)
i:/mcu/gnu_tools_arm/bin/../lib/gcc/arm-none-eabi/5.4.1/../../../../arm-none-eabi/lib/armv7e-m/fpu\libc.a(lib_a-signalr.o)
                              i:/mcu/gnu_tools_arm/bin/../lib/gcc/arm-none-eabi/5.4.1/../../../../arm-none-eabi/lib/armv7e-m/fpu\libc.a(lib_a-signal.o) (_kill_r)
i:/mcu/gnu_tools_arm/bin/../lib/gcc/arm-none-eabi/5.4.1/../../../../arm-none-eabi/lib/armv7e-m/fpu\libc.a(lib_a-mallocr.o)
[...]
Memory Configuration

Name             Origin             Length             Attributes
MAIN_FLASH       0x00000000         0x00040000         xr
INFO_FLASH       0x00200000         0x00004000         xr
SRAM_CODE        0x01000000         0x00010000         xrw
SRAM_DATA        0x20000000         0x00010000         rw
*default*        0x00000000         0xffffffff

Linker script and memory map

LOAD i:/mcu/gnu_tools_arm/bin/../lib/gcc/arm-none-eabi/5.4.1/armv7e-m/fpu/crti.o
LOAD i:/mcu/gnu_tools_arm/bin/../lib/gcc/arm-none-eabi/5.4.1/armv7e-m/fpu/crtbegin.o
LOAD i:/mcu/gnu_tools_arm/bin/../lib/gcc/arm-none-eabi/5.4.1/../../../../arm-none-eabi/lib/armv7e-m/fpu/crt0.o
LOAD build/adc14.o
LOAD build/aes256.o
LOAD build/comp_e.o
LOAD build/cpu.o
LOAD build/crc32.o
LOAD build/cs.o
LOAD build/dma.o
LOAD build/flash.o
LOAD build/fpu.o
LOAD build/gpio.o
LOAD build/i2c.o
LOAD build/interrupt.o
LOAD build/mpu.o
LOAD build/pcm.o
LOAD build/pmap.o
LOAD build/pss.o
LOAD build/ref_a.o
LOAD build/reset.o
LOAD build/rtc_c.o
LOAD build/spi.o
LOAD build/sysctl.o
LOAD build/systick.o
LOAD build/timer32.o
LOAD build/timer_a.o
LOAD build/uart.o
LOAD build/wdt_a.o
LOAD build/startup_msp432p401r_gcc.o
LOAD build/system_msp432p401r.o
LOAD build/main.o
LOAD build/user_uart.o
LOAD build/user_pwm.o
LOAD i:/mcu/gnu_tools_arm/bin/../lib/gcc/arm-none-eabi/5.4.1/../../../../arm-none-eabi/lib/armv7e-m/fpu\libc.a
LOAD i:/mcu/gnu_tools_arm/bin/../lib/gcc/arm-none-eabi/5.4.1/../../../../arm-none-eabi/lib/armv7e-m/fpu\libm.a
LOAD i:/mcu/gnu_tools_arm/bin/../lib/gcc/arm-none-eabi/5.4.1/../../../../arm-none-eabi/lib/armv7e-m/fpu\libnosys.a
START GROUP
LOAD i:/mcu/gnu_tools_arm/bin/../lib/gcc/arm-none-eabi/5.4.1/armv7e-m/fpu\libgcc.a
LOAD i:/mcu/gnu_tools_arm/bin/../lib/gcc/arm-none-eabi/5.4.1/../../../../arm-none-eabi/lib/armv7e-m/fpu\libc.a
END GROUP
START GROUP
LOAD i:/mcu/gnu_tools_arm/bin/../lib/gcc/arm-none-eabi/5.4.1/armv7e-m/fpu\libgcc.a
LOAD i:/mcu/gnu_tools_arm/bin/../lib/gcc/arm-none-eabi/5.4.1/../../../../arm-none-eabi/lib/armv7e-m/fpu\libc.a
LOAD i:/mcu/gnu_tools_arm/bin/../lib/gcc/arm-none-eabi/5.4.1/../../../../arm-none-eabi/lib/armv7e-m/fpu\libnosys.a
END GROUP
LOAD i:/mcu/gnu_tools_arm/bin/../lib/gcc/arm-none-eabi/5.4.1/armv7e-m/fpu/crtend.o
LOAD i:/mcu/gnu_tools_arm/bin/../lib/gcc/arm-none-eabi/5.4.1/armv7e-m/fpu/crtn.o
                0x00000000                PROVIDE (_intvecs_base_address, DEFINED (_intvecs_base_address)?_intvecs_base_address:0x0)

.intvecs        0x00000000       0xe4
 *(.intvecs)
 .intvecs       0x00000000       0xe4 build/startup_msp432p401r_gcc.o
                0x00000000                interruptVectors
                0x00200000                PROVIDE (_mailbox_base_address, 0x200000)

.flashMailbox
 *(.flashMailbox)
                0x00201000                PROVIDE (_tlv_base_address, 0x201000)

.tlvTable
 *(.tlvTable)
                0x00202000                PROVIDE (_bsl_base_address, 0x202000)

.bslArea
 *(.bslArea)
                0x20000000                PROVIDE (_vtable_base_address, DEFINED (_vtable_base_address)?_vtable_base_address:0x20000000)

.vtable
 *(.vtable)

.text           0x000000e4     0xc7a0
 CREATE_OBJECT_SYMBOLS
 *(.text)
 .text          0x000000e4        0x0 i:/mcu/gnu_tools_arm/bin/../lib/gcc/arm-none-eabi/5.4.1/armv7e-m/fpu/crti.o
 .text          0x000000e4       0x5c i:/mcu/gnu_tools_arm/bin/../lib/gcc/arm-none-eabi/5.4.1/armv7e-m/fpu/crtbegin.o
 .text          0x00000140       0x74 i:/mcu/gnu_tools_arm/bin/../lib/gcc/arm-none-eabi/5.4.1/../../../../arm-none-eabi/lib/armv7e-m/fpu/crt0.o
                0x00000140                _start
                0x00000140                _mainCRTStartup
 .text          0x000001b4      0xb9c build/adc14.o
                0x00000360                ADC14_enableModule
                0x00000378                ADC14_disableModule
                0x0000039c                ADC14_enableSampleTimer
                0x000003e0                ADC14_disableSampleTimer
                0x00000404                ADC14_initModule
                0x0000045c                ADC14_setResolution
                0x00000484                ADC14_getResolution
                0x000004a0                ADC14_setSampleHoldTrigger
                0x000004f4                ADC14_setSampleHoldTime
                0x00000530                ADC14_configureMultiSequenceMode
                0x000005ec                ADC14_configureSingleSampleMode
                0x00000658                ADC14_enableConversion
                0x00000690                ADC14_toggleConversionTrigger
                0x000006d0                ADC14_disableConversion
                0x000006f0                ADC14_isBusy
                0x00000714                ADC14_configureConversionMemory
                0x000007d0                ADC14_enableComparatorWindow
                0x00000878                ADC14_disableComparatorWindow
                0x000008ec                ADC14_setComparatorWindowValue
                0x00000998                ADC14_setResultFormat
                0x000009d8                ADC14_getResult
                0x00000a0c                ADC14_getMultiSequenceResult
                0x00000a70                ADC14_getResultArray
                0x00000b0c                ADC14_enableReferenceBurst
                0x00000b30                ADC14_disableReferenceBurst
                0x00000b54                ADC14_setPowerMode
                0x00000ba8                ADC14_enableInterrupt
                0x00000bf0                ADC14_disableInterrupt
                0x00000c3c                ADC14_getInterruptStatus
                0x00000c80                ADC14_getEnabledInterruptStatus
                0x00000cd4                ADC14_clearInterruptFlag
                0x00000d1c                ADC14_registerInterrupt
                0x00000d3c                ADC14_unregisterInterrupt
 .text          0x00000d50      0x6a8 build/aes256.o
                0x00000d50                AES256_setCipherKey
                0x00000e10                AES256_encryptData
                0x00000ed4                AES256_decryptData
                0x00000f98                AES256_setDecipherKey
                0x0000106c                AES256_clearInterruptFlag
                0x00001090                AES256_getInterruptFlagStatus
                0x000010b4                AES256_enableInterrupt
                0x000010d8                AES256_disableInterrupt
                0x000010fc                AES256_reset
                0x00001120                AES256_startEncryptData
                0x00001194                AES256_startDecryptData
                0x00001208                AES256_startSetDecipherKey
                0x000012c8                AES256_getDataOut
                0x00001330                AES256_isBusy
                0x0000135c                AES256_clearErrorFlag
                0x00001380                AES256_getErrorFlagStatus
                0x000013a4                AES256_registerInterrupt
                0x000013c4                AES256_unregisterInterrupt
                0x000013e0                AES256_getInterruptStatus
 .text          0x000013f8      0x5c8 build/comp_e.o
                0x000014cc                COMP_E_initModule
                0x000015c4                COMP_E_setReferenceVoltage
                0x0000166c                COMP_E_setReferenceAccuracy
                0x000016ac                COMP_E_setPowerMode
                0x000016dc                COMP_E_enableModule
                0x00001700                COMP_E_disableModule
                0x00001724                COMP_E_shortInputs
                0x00001748                COMP_E_unshortInputs
                0x0000176c                COMP_E_disableInputBuffer
                0x00001794                COMP_E_enableInputBuffer
                0x000017c0                COMP_E_swapIO
                0x000017e4                COMP_E_outputValue
                0x00001808                COMP_E_enableInterrupt
                0x00001830                COMP_E_getEnabledInterruptStatus
                0x00001850                COMP_E_disableInterrupt
                0x0000187c                COMP_E_clearInterruptFlag
                0x000018a8                COMP_E_getInterruptStatus
                0x000018c8                COMP_E_setInterruptEdgeDirection
                0x0000190c                COMP_E_toggleInterruptEdgeDirection
                0x00001930                COMP_E_registerInterrupt
                0x0000197c                COMP_E_unregisterInterrupt
 .text          0x000019c0       0x48 build/cpu.o
                0x000019c0                CPU_cpsid
                0x000019d0                CPU_primask
                0x000019dc                CPU_cpsie
                0x000019ec                CPU_wfi
                0x000019f4                CPU_basepriSet
                0x000019fc                CPU_basepriGet
 .text          0x00001a08      0x1f0 build/crc32.o
                0x00001a08                CRC32_setSeed
                0x00001a48                CRC32_set8BitData
                0x00001a7c                CRC32_set16BitData
                0x00001aac                CRC32_set32BitData
                0x00001ad8                CRC32_set8BitDataReversed
                0x00001b0c                CRC32_set16BitDataReversed
                0x00001b3c                CRC32_set32BitDataReversed
                0x00001b68                CRC32_getResult
                0x00001bb0                CRC32_getResultReversed
 .text          0x00001bf8      0xf28 build/cs.o
                0x00001f14                CS_setExternalClockSourceFrequency
                0x00001f40                CS_initClockSignal
                0x000020a4                CS_startHFXT
                0x000020c4                CS_startHFXTWithTimeout
                0x000021b8                CS_startLFXT
                0x000021d4                CS_startLFXTWithTimeout
                0x000022c0                CS_enableClockRequest
                0x000022f8                CS_disableClockRequest
                0x00002330                CS_setReferenceOscillatorFrequency
                0x00002368                CS_enableDCOExternalResistor
                0x00002398                CS_setDCOExternalResistorCalibration
                0x0000242c                CS_disableDCOExternalResistor
                0x0000245c                CS_setDCOCenteredFrequency
                0x00002498                CS_tuneDCOFrequency
                0x0000251c                CS_getDCOFrequency
                0x00002634                CS_setDCOFrequency
                0x000027e8                CS_getBCLK
                0x00002814                CS_getHSMCLK
                0x00002848                CS_getACLK
                0x0000287c                CS_getSMCLK
                0x000028b0                CS_getMCLK
                0x000028e4                CS_enableFaultCounter
                0x0000292c                CS_disableFaultCounter
                0x00002974                CS_resetFaultCounter
                0x000029bc                CS_startFaultCounter
                0x00002a14                CS_enableInterrupt
                0x00002a4c                CS_disableInterrupt
                0x00002a84                CS_getInterruptStatus
                0x00002a9c                CS_getEnabledInterruptStatus
                0x00002ab4                CS_clearInterruptFlag
                0x00002aec                CS_registerInterrupt
                0x00002b0c                CS_unregisterInterrupt
 .text          0x00002b20      0xa5c build/dma.o
                0x00002b20                DMA_enableModule
                0x00002b38                DMA_disableModule
                0x00002b78                DMA_getErrorStatus
                0x00002b90                DMA_clearErrorStatus
                0x00002ba8                DMA_enableChannel
                0x00002bd0                DMA_disableChannel
                0x00002bf8                DMA_isChannelEnabled
                0x00002c2c                DMA_setControlBase
                0x00002c4c                DMA_getControlBase
                0x00002c64                DMA_getControlAlternateBase
                0x00002c7c                DMA_requestChannel
                0x00002ca4                DMA_enableChannelAttribute
                0x00002d20                DMA_disableChannelAttribute
                0x00002d9c                DMA_getChannelAttribute
                0x00002e2c                DMA_setChannelControl
                0x00002e74                DMA_setChannelTransfer
                0x00002f78                DMA_setChannelScatterGather
                0x00003010                DMA_getChannelSize
                0x00003058                DMA_getChannelMode
                0x000030ac                DMA_assignChannel
                0x0000339c                DMA_assignInterrupt
                0x0000340c                DMA_requestSoftwareTransfer
                0x00003438                DMA_getInterruptStatus
                0x00003450                DMA_clearInterruptFlag
                0x00003480                DMA_enableInterrupt
                0x000034e0                DMA_disableInterrupt
                0x00003540                DMA_registerInterrupt
                0x00003560                DMA_unregisterInterrupt
 .text          0x0000357c     0x19b4 build/flash.o
                0x00003758                FlashCtl_getMemoryInfo
                0x00003b40                FlashCtl_enableReadBuffering
                0x00003bb8                FlashCtl_disableReadBuffering
                0x00003c30                FlashCtl_unprotectSector
                0x00003cd4                FlashCtl_protectSector
                0x00003d5c                FlashCtl_isSectorProtected
                0x00003df0                FlashCtl_verifyMemory
                0x00004094                FlashCtl_setReadMode
                0x00004118                FlashCtl_getReadMode
                0x00004158                FlashCtl_initiateMassErase
                0x00004184                FlashCtl_performMassErase
                0x0000435c                FlashCtl_eraseSector
                0x000044b0                FlashCtl_initiateSectorErase
                0x00004550                FlashCtl_programMemory
                0x000046f8                FlashCtl_setProgramVerification
                0x0000475c                FlashCtl_clearProgramVerification
                0x000047c0                FlashCtl_enableWordProgramming
                0x00004804                FlashCtl_disableWordProgramming
                0x0000481c                FlashCtl_isWordProgrammingEnabled
                0x00004850                FlashCtl_setWaitState
                0x0000489c                FlashCtl_getWaitState
                0x000048dc                FlashCtl_enableInterrupt
                0x00004904                FlashCtl_disableInterrupt
                0x00004930                FlashCtl_getInterruptStatus
                0x00004948                FlashCtl_getEnabledInterruptStatus
                0x00004964                FlashCtl_clearInterruptFlag
                0x0000498c                FlashCtl_registerInterrupt
                0x000049ac                FlashCtl_unregisterInterrupt
                0x000049c0                __FlashCtl_remaskData8Post
                0x00004a58                __FlashCtl_remaskData8Pre
                0x00004af0                __FlashCtl_remaskData32Post
                0x00004bd0                __FlashCtl_remaskData32Pre
                0x00004cb4                __FlashCtl_remaskBurstDataPre
                0x00004df8                __FlashCtl_remaskBurstDataPost
 .text          0x00004f30      0x14c build/fpu.o
                0x00004f30                FPU_enableModule
                0x00004f54                FPU_disableModule
                0x00004f78                FPU_enableStacking
                0x00004f9c                FPU_enableLazyStacking
                0x00004fbc                FPU_disableStacking
                0x00004fdc                FPU_setHalfPrecisionMode
                0x00005004                FPU_setNaNMode
                0x0000502c                FPU_setFlushToZeroMode
                0x00005054                FPU_setRoundingMode
 .text          0x0000507c      0x7f4 build/gpio.o
                0x0000507c                GPIO_setAsOutputPin
                0x000050f0                GPIO_setAsInputPin
                0x00005184                GPIO_setAsPeripheralModuleFunctionOutputPin
                0x00005270                GPIO_setAsPeripheralModuleFunctionInputPin
                0x00005360                GPIO_setOutputHighOnPin
                0x0000539c                GPIO_setOutputLowOnPin
                0x000053dc                GPIO_toggleOutputOnPin
                0x00005418                GPIO_setAsInputPinWithPullDownResistor
                0x000054c4                GPIO_setAsInputPinWithPullUpResistor
                0x0000556c                GPIO_getInputPinValue
                0x000055ac                GPIO_enableInterrupt
                0x000055e8                GPIO_disableInterrupt
                0x00005628                GPIO_getInterruptStatus
                0x0000565c                GPIO_clearInterruptFlag
                0x0000569c                GPIO_interruptEdgeSelect
                0x00005700                GPIO_getEnabledInterruptStatus
                0x00005798                GPIO_setDriveStrengthHigh
                0x000057d4                GPIO_setDriveStrengthLow
                0x00005814                GPIO_registerInterrupt
                0x00005844                GPIO_unregisterInterrupt
 .text          0x00005870      0xcc0 build/i2c.o
                0x00005870                I2C_initMaster
                0x000058f4                I2C_initSlave
                0x00005950                I2C_enableModule
                0x00005970                I2C_disableModule
                0x00005990                I2C_setSlaveAddress
                0x000059b0                I2C_setMode
                0x000059e0                I2C_setTimeout
                0x00005a38                I2C_masterReceiveSingleByte
                0x00005ac4                I2C_slavePutData
                0x00005ae4                I2C_slaveGetData
                0x00005b00                I2C_isBusBusy
                0x00005b24                I2C_masterSendSingleByte
                0x00005bd8                I2C_masterSendSingleByteWithTimeout
                0x00005cb0                I2C_masterSendMultiByteStart
                0x00005d34                I2C_masterSendMultiByteStartWithTimeout
                0x00005dd4                I2C_masterSendMultiByteNext
                0x00005e20                I2C_masterSendMultiByteNextWithTimeout
                0x00005e84                I2C_masterSendMultiByteFinish
                0x00005f20                I2C_masterSendMultiByteFinishWithTimeout
                0x00005fd8                I2C_masterSendMultiByteStop
                0x00006024                I2C_masterSendMultiByteStopWithTimeout
                0x0000608c                I2C_masterReceiveStart
                0x000060bc                I2C_masterReceiveMultiByteNext
                0x000060d8                I2C_masterReceiveMultiByteFinish
                0x0000612c                I2C_masterReceiveMultiByteFinishWithTimeout
                0x000061b8                I2C_masterReceiveMultiByteStop
                0x000061dc                I2C_masterReceiveSingle
                0x00006220                I2C_getReceiveBufferAddressForDMA
                0x00006238                I2C_getTransmitBufferAddressForDMA
                0x00006250                I2C_masterIsStopSent
                0x00006274                I2C_masterIsStartSent
                0x000062a0                I2C_masterSendStart
                0x000062c4                I2C_enableMultiMasterMode
                0x000062f4                I2C_disableMultiMasterMode
                0x00006324                I2C_enableInterrupt
                0x0000634c                I2C_disableInterrupt
                0x00006378                I2C_clearInterruptFlag
                0x000063a4                I2C_getInterruptStatus
                0x000063c8                I2C_getEnabledInterruptStatus
                0x000063e8                I2C_getMode
                0x00006408                I2C_registerInterrupt
                0x00006490                I2C_unregisterInterrupt
                0x0000650c                I2C_slaveSendNAK
 .text          0x00006530      0x54c build/interrupt.o
                0x00006538                Interrupt_enableMaster
                0x00006550                Interrupt_disableMaster
                0x00006568                Interrupt_registerInterrupt
                0x000065cc                Interrupt_unregisterInterrupt
                0x000065f4                Interrupt_setPriorityGrouping
                0x00006644                Interrupt_getPriorityGrouping
                0x00006690                Interrupt_setPriority
                0x000066f8                Interrupt_getPriority
                0x0000672c                Interrupt_enableInterrupt
                0x000067c0                Interrupt_disableInterrupt
                0x00006854                Interrupt_isEnabled
                0x000068f4                Interrupt_pendInterrupt
                0x00006970                Interrupt_unpendInterrupt
                0x000069d8                Interrupt_setPriorityMask
                0x000069f4                Interrupt_getPriorityMask
                0x00006a04                Interrupt_setVectorTableAddress
                0x00006a24                Interrupt_getVectorTableAddress
                0x00006a3c                Interrupt_enableSleepOnIsrExit
                0x00006a5c                Interrupt_disableSleepOnIsrExit
 .text          0x00006a7c      0x170 build/mpu.o
                0x00006a7c                MPU_enableModule
                0x00006aa0                MPU_disableModule
                0x00006ac0                MPU_getRegionCount
                0x00006adc                MPU_enableRegion
                0x00006b08                MPU_disableRegion
                0x00006b34                MPU_setRegion
                0x00006b6c                MPU_getRegion
                0x00006ba4                MPU_registerInterrupt
                0x00006bbc                MPU_unregisterInterrupt
                0x00006bcc                MPU_enableInterrupt
                0x00006bdc                MPU_disableInterrupt
 .text          0x00006bec      0xb24 build/pcm.o
                0x00006d04                PCM_setCoreVoltageLevel
                0x00006d20                PCM_setCoreVoltageLevelWithTimeout
                0x00006d40                PCM_setCoreVoltageLevelNonBlocking
                0x00006d5c                PCM_getPowerMode
                0x00006df8                PCM_getCoreVoltageLevel
                0x00007020                PCM_setPowerMode
                0x0000703c                PCM_setPowerModeNonBlocking
                0x00007058                PCM_setPowerModeWithTimeout
                0x000073c4                PCM_setPowerState
                0x000073e0                PCM_setPowerStateWithTimeout
                0x00007400                PCM_setPowerStateNonBlocking
                0x0000741c                PCM_shutdownDevice
                0x00007480                PCM_gotoLPM4
                0x00007498                PCM_gotoLPM4InterruptSafe
                0x000074bc                PCM_gotoLPM0
                0x000074ec                PCM_gotoLPM0InterruptSafe
                0x00007510                PCM_gotoLPM3
                0x000075ac                PCM_gotoLPM3InterruptSafe
                0x000075d0                PCM_getPowerState
                0x000075f0                PCM_enableRudeMode
                0x00007614                PCM_disableRudeMode
                0x0000763c                PCM_enableInterrupt
                0x00007660                PCM_disableInterrupt
                0x00007688                PCM_getInterruptStatus
                0x000076a0                PCM_getEnabledInterruptStatus
                0x000076b8                PCM_clearInterruptFlag
                0x000076dc                PCM_registerInterrupt
                0x000076fc                PCM_unregisterInterrupt
 .text          0x00007710       0x88 build/pmap.o
                0x00007710                PMAP_configurePorts
 .text          0x00007798      0x28c build/pss.o
                0x000077cc                PSS_enableForcedDCDCOperation
                0x000077e8                PSS_disableForcedDCDCOperation
                0x00007804                PSS_enableHighSidePinToggle
                0x0000784c                PSS_disableHighSidePinToggle
                0x00007868                PSS_enableHighSide
                0x00007884                PSS_disableHighSide
                0x000078a0                PSS_setHighSidePerformanceMode
                0x000078d0                PSS_getHighSidePerformanceMode
                0x000078f4                PSS_enableHighSideMonitor
                0x00007910                PSS_disableHighSideMonitor
                0x0000792c                PSS_setHighSideVoltageTrigger
                0x00007968                PSS_getHighSideVoltageTrigger
                0x00007984                PSS_enableInterrupt
                0x000079a0                PSS_disableInterrupt
                0x000079bc                PSS_getInterruptStatus
                0x000079d4                PSS_clearInterruptFlag
                0x000079f0                PSS_registerInterrupt
                0x00007a10                PSS_unregisterInterrupt
 .text          0x00007a24      0x1c0 build/ref_a.o
                0x00007a24                REF_A_setReferenceVoltage
                0x00007a54                REF_A_disableTempSensor
                0x00007a6c                REF_A_enableTempSensor
                0x00007a84                REF_A_enableReferenceVoltageOutput
                0x00007a9c                REF_A_disableReferenceVoltageOutput
                0x00007ab4                REF_A_enableReferenceVoltage
                0x00007acc                REF_A_disableReferenceVoltage
                0x00007ae4                REF_A_getBandgapMode
                0x00007b00                REF_A_isBandgapActive
                0x00007b24                REF_A_isRefGenBusy
                0x00007b48                REF_A_isRefGenActive
                0x00007b6c                REF_A_getBufferedBandgapVoltageStatus
                0x00007b90                REF_A_getVariableReferenceVoltageStatus
                0x00007bb4                REF_A_setReferenceVoltageOneTimeTrigger
                0x00007bcc                REF_A_setBufferedBandgapVoltageOneTimeTrigger
 .text          0x00007be4      0x180 build/reset.o
                0x00007be4                ResetCtl_initiateSoftReset
                0x00007c08                ResetCtl_initiateSoftResetWithSource
                0x00007c2c                ResetCtl_getSoftResetSource
                0x00007c44                ResetCtl_clearSoftResetSource
                0x00007c68                ResetCtl_initiateHardReset
                0x00007c8c                ResetCtl_initiateHardResetWithSource
                0x00007cb0                ResetCtl_getHardResetSource
                0x00007cc8                ResetCtl_clearHardResetSource
                0x00007cec                ResetCtl_getPSSSource
                0x00007d04                ResetCtl_clearPSSFlags
                0x00007d28                ResetCtl_getPCMSource
                0x00007d40                ResetCtl_clearPCMFlags
 .text          0x00007d64      0x7d4 build/rtc_c.o
                0x00007d64                RTC_C_startClock
                0x00007da8                RTC_C_holdClock
                0x00007dec                RTC_C_setCalibrationFrequency
                0x00007e44                RTC_C_setCalibrationData
                0x00007e94                RTC_C_setTemperatureCompensation
                0x00007ee4                RTC_C_initCalendar
                0x00007f98                RTC_C_getCalendarTime
                0x00008028                RTC_C_setCalendarAlarm
                0x0000808c                RTC_C_setCalendarEvent
                0x000080e4                RTC_C_definePrescaleEvent
                0x00008154                RTC_C_getPrescaleValue
                0x00008194                RTC_C_setPrescaleValue
                0x00008214                RTC_C_convertBCDToBinary
                0x0000823c                RTC_C_convertBinaryToBCD
                0x00008264                RTC_C_enableInterrupt
                0x000082e4                RTC_C_disableInterrupt
                0x00008370                RTC_C_getInterruptStatus
                0x000083ec                RTC_C_getEnabledInterruptStatus
                0x00008488                RTC_C_clearInterruptFlag
                0x00008504                RTC_C_registerInterrupt
                0x00008524                RTC_C_unregisterInterrupt
 .text          0x00008538      0xc90 build/spi.o
                0x00008584                SPI_initMaster
                0x0000867c                SPI_selectFourPinFunctionality
                0x000086b4                SPI_changeMasterClock
                0x000086ec                SPI_initSlave
                0x000087a4                SPI_changeClockPhasePolarity
                0x000087e8                SPI_transmitData
                0x00008820                SPI_receiveData
                0x00008850                SPI_enableModule
                0x0000887c                SPI_disableModule
                0x000088a8                SPI_getReceiveBufferAddressForDMA
                0x000088d8                SPI_getTransmitBufferAddressForDMA
                0x00008908                SPI_isBusy
                0x00008938                SPI_enableInterrupt
                0x00008970                SPI_disableInterrupt
                0x000089a8                SPI_getInterruptStatus
                0x000089e8                SPI_getEnabledInterruptStatus
                0x00008a2c                SPI_clearInterruptFlag
                0x00008a64                SPI_registerInterrupt
                0x00008b5c                SPI_unregisterInterrupt
                0x00008c40                EUSCI_B_SPI_select4PinFunctionality
                0x00008c74                EUSCI_B_SPI_masterChangeClock
                0x00008cb4                EUSCI_B_SPI_slaveInit
                0x00008d1c                EUSCI_B_SPI_changeClockPhasePolarity
                0x00008d74                EUSCI_B_SPI_transmitData
                0x00008d94                EUSCI_B_SPI_receiveData
                0x00008db0                EUSCI_B_SPI_enableInterrupt
                0x00008dd8                EUSCI_B_SPI_disableInterrupt
                0x00008e0c                EUSCI_B_SPI_getInterruptStatus
                0x00008e34                EUSCI_B_SPI_clearInterruptFlag
                0x00008e68                EUSCI_B_SPI_enable
                0x00008e88                EUSCI_B_SPI_disable
                0x00008ea8                EUSCI_B_SPI_getReceiveBufferAddressForDMA
                0x00008ec0                EUSCI_B_SPI_getTransmitBufferAddressForDMA
                0x00008ed8                EUSCI_B_SPI_isBusy
                0x00008f04                EUSCI_A_SPI_select4PinFunctionality
                0x00008f38                EUSCI_A_SPI_masterChangeClock
                0x00008f78                EUSCI_A_SPI_slaveInit
                0x00008fe0                EUSCI_A_SPI_changeClockPhasePolarity
                0x00009038                EUSCI_A_SPI_transmitData
                0x00009058                EUSCI_A_SPI_receiveData
                0x00009074                EUSCI_A_SPI_enableInterrupt
                0x0000909c                EUSCI_A_SPI_disableInterrupt
                0x000090d0                EUSCI_A_SPI_getInterruptStatus
                0x000090f8                EUSCI_A_SPI_clearInterruptFlag
                0x0000912c                EUSCI_A_SPI_enable
                0x0000914c                EUSCI_A_SPI_disable
                0x0000916c                EUSCI_A_SPI_getReceiveBufferAddressForDMA
                0x00009184                EUSCI_A_SPI_getTransmitBufferAddressForDMA
                0x0000919c                EUSCI_A_SPI_isBusy
 .text          0x000091c8      0x384 build/sysctl.o
                0x000091c8                SysCtl_getTLVInfo
                0x0000925c                SysCtl_getSRAMSize
                0x00009274                SysCtl_getFlashSize
                0x0000928c                SysCtl_disableNMISource
                0x000092b4                SysCtl_enableNMISource
                0x000092d8                SysCtl_getNMISourceStatus
                0x000092f4                SysCtl_enableSRAMBank
                0x00009324                SysCtl_disableSRAMBank
                0x000093a4                SysCtl_enableSRAMBankRetention
                0x000093d8                SysCtl_disableSRAMBankRetention
                0x0000940c                SysCtl_rebootDevice
                0x00009428                SysCtl_enablePeripheralAtCPUHalt
                0x00009450                SysCtl_disablePeripheralAtCPUHalt
                0x00009474                SysCtl_setWDTTimeoutResetType
                0x000094ac                SysCtl_setWDTPasswordViolationResetType
                0x000094e4                SysCtl_enableGlitchFilter
                0x00009504                SysCtl_disableGlitchFilter
                0x00009524                SysCtl_getTempCalibrationConstant
 .text          0x0000954c       0xf8 build/systick.o
                0x0000954c                SysTick_enableModule
                0x0000956c                SysTick_disableModule
                0x0000958c                SysTick_registerInterrupt
                0x000095a4                SysTick_unregisterInterrupt
                0x000095b4                SysTick_enableInterrupt
                0x000095d4                SysTick_disableInterrupt
                0x000095f4                SysTick_setPeriod
                0x00009614                SysTick_getPeriod
                0x0000962c                SysTick_getValue
 .text          0x00009644      0x244 build/timer32.o
                0x00009644                Timer32_initModule
                0x000096cc                Timer32_setCount
                0x00009710                Timer32_setCountInBackground
                0x00009754                Timer32_getValue
                0x0000976c                Timer32_startTimer
                0x000097b4                Timer32_haltTimer
                0x000097d4                Timer32_enableInterrupt
                0x000097f4                Timer32_disableInterrupt
                0x00009814                Timer32_clearInterruptFlag
                0x00009834                Timer32_getInterruptStatus
                0x0000984c                Timer32_registerInterrupt
                0x0000986c                Timer32_unregisterInterrupt
 .text          0x00009888      0xab4 build/timer_a.o
                0x00009a98                Timer_A_startCounter
                0x00009ac0                Timer_A_configureContinuousMode
                0x00009b14                Timer_A_configureUpMode
                0x00009ba4                Timer_A_configureUpDownMode
                0x00009c34                Timer_A_initCapture
                0x00009cac                Timer_A_initCompare
                0x00009d14                Timer_A_getCounterValue
                0x00009d70                Timer_A_clearTimer
                0x00009d94                Timer_A_getSynchronizedCaptureCompareInput
                0x00009dd4                Timer_A_getOutputForOutputModeOutBitValue
                0x00009e14                Timer_A_getCaptureCompareCount
                0x00009e44                Timer_A_setOutputForOutputModeOutBitValue
                0x00009e8c                Timer_A_generatePWM
                0x00009f34                Timer_A_stopTimer
                0x00009f58                Timer_A_setCompareValue
                0x00009f8c                Timer_A_clearInterruptFlag
                0x00009fac                Timer_A_clearCaptureCompareInterrupt
                0x00009fe0                Timer_A_enableInterrupt
                0x0000a004                Timer_A_disableInterrupt
                0x0000a028                Timer_A_getInterruptStatus
                0x0000a048                Timer_A_enableCaptureCompareInterrupt
                0x0000a080                Timer_A_disableCaptureCompareInterrupt
                0x0000a0b8                Timer_A_getCaptureCompareInterruptStatus
                0x0000a0ec                Timer_A_getEnabledInterruptStatus
                0x0000a118                Timer_A_getCaptureCompareEnabledInterruptStatus
                0x0000a160                Timer_A_registerInterrupt
                0x0000a258                Timer_A_unregisterInterrupt
 .text          0x0000a33c      0x60c build/uart.o
                0x0000a33c                UART_initModule
                0x0000a49c                UART_transmitData
                0x0000a4e4                UART_receiveData
                0x0000a528                UART_enableModule
                0x0000a548                UART_disableModule
                0x0000a568                UART_queryStatusFlags
                0x0000a58c                UART_setDormant
                0x0000a5b0                UART_resetDormant
                0x0000a5d4                UART_transmitAddress
                0x0000a600                UART_transmitBreak
                0x0000a66c                UART_getReceiveBufferAddressForDMA
                0x0000a684                UART_getTransmitBufferAddressForDMA
                0x0000a69c                UART_selectDeglitchTime
                0x0000a6cc                UART_enableInterrupt
                0x0000a718                UART_disableInterrupt
                0x0000a76c                UART_getInterruptStatus
                0x0000a790                UART_getEnabledInterruptStatus
                0x0000a818                UART_clearInterruptFlag
                0x0000a844                UART_registerInterrupt
                0x0000a8cc                UART_unregisterInterrupt
 .text          0x0000a948      0x168 build/wdt_a.o
                0x0000a948                WDT_A_holdTimer
                0x0000a97c                WDT_A_startTimer
                0x0000a9b0                WDT_A_clearTimer
                0x0000a9e4                WDT_A_initWatchdogTimer
                0x0000aa18                WDT_A_initIntervalTimer
                0x0000aa4c                WDT_A_setPasswordViolationReset
                0x0000aa64                WDT_A_setTimeoutReset
                0x0000aa7c                WDT_A_registerInterrupt
                0x0000aa9c                WDT_A_unregisterInterrupt
 .text          0x0000aab0       0x4c build/startup_msp432p401r_gcc.o
                0x0000aab0                Reset_Handler
                0x0000aaf4                DebugMon_Handler
                0x0000aaf4                AES256_IRQHandler
                0x0000aaf4                HardFault_Handler
                0x0000aaf4                SysTick_Handler
                0x0000aaf4                PendSV_Handler
                0x0000aaf4                NMI_Handler
                0x0000aaf4                RTC_C_IRQHandler
                0x0000aaf4                PORT1_IRQHandler
                0x0000aaf4                FPU_IRQHandler
                0x0000aaf4                PORT2_IRQHandler
                0x0000aaf4                TA3_0_IRQHandler
                0x0000aaf4                UsageFault_Handler
                0x0000aaf4                DMA_INT3_IRQHandler
                0x0000aaf4                TA2_0_IRQHandler
                0x0000aaf4                DMA_INT1_IRQHandler
                0x0000aaf4                WDT_A_IRQHandler
                0x0000aaf4                TA2_N_IRQHandler
                0x0000aaf4                TA1_0_IRQHandler
                0x0000aaf4                CS_IRQHandler
                0x0000aaf4                PSS_IRQHandler
                0x0000aaf4                DMA_INT2_IRQHandler
                0x0000aaf4                EUSCIA3_IRQHandler
                0x0000aaf4                DMA_INT0_IRQHandler
                0x0000aaf4                PORT4_IRQHandler
                0x0000aaf4                PORT5_IRQHandler
                0x0000aaf4                EUSCIB0_IRQHandler
                0x0000aaf4                Default_Handler
                0x0000aaf4                T32_INTC_IRQHandler
                0x0000aaf4                TA3_N_IRQHandler
                0x0000aaf4                TA0_0_IRQHandler
                0x0000aaf4                EUSCIA2_IRQHandler
                0x0000aaf4                PORT6_IRQHandler
                0x0000aaf4                PORT3_IRQHandler
                0x0000aaf4                MemManage_Handler
                0x0000aaf4                SVC_Handler
                0x0000aaf4                TA1_N_IRQHandler
                0x0000aaf4                EUSCIA1_IRQHandler
                0x0000aaf4                COMP_E1_IRQHandler
                0x0000aaf4                EUSCIB2_IRQHandler
                0x0000aaf4                FLCTL_IRQHandler
                0x0000aaf4                EUSCIB3_IRQHandler
                0x0000aaf4                T32_INT1_IRQHandler
                0x0000aaf4                DMA_ERR_IRQHandler
                0x0000aaf4                ADC14_IRQHandler
                0x0000aaf4                EUSCIA0_IRQHandler
                0x0000aaf4                BusFault_Handler
                0x0000aaf4                PCM_IRQHandler
                0x0000aaf4                TA0_N_IRQHandler
                0x0000aaf4                COMP_E0_IRQHandler
                0x0000aaf4                EUSCIB1_IRQHandler
                0x0000aaf4                T32_INT2_IRQHandler
 .text          0x0000aafc      0x378 build/system_msp432p401r.o
                0x0000aafc                SystemCoreClockUpdate
                0x0000adf4                SystemInit
 .text          0x0000ae74      0x154 build/main.o
                0x0000ae74                main
                0x0000aee8                Clock_Configuration()
 .text          0x0000afc8      0x240 build/user_uart.o
                0x0000afc8                User_Uart_T::User_Uart_T(EUSCI_A_Type*, unsigned long)
                0x0000afc8                User_Uart_T::User_Uart_T(EUSCI_A_Type*, unsigned long)
                0x0000aff0                User_Uart_T::~User_Uart_T()
                0x0000aff0                User_Uart_T::~User_Uart_T()
                0x0000b008                User_Uart_T::init(EUSCI_A_Type*, unsigned long)
                0x0000b14c                User_Uart_T::send_string(char const*)
                0x0000b19c                User_Uart_T::receive_string(unsigned char*)
 .text          0x0000b208      0x294 build/user_pwm.o
                0x0000b208                User_PWM_T::User_PWM_T(Timer_A_Type*)
                0x0000b208                User_PWM_T::User_PWM_T(Timer_A_Type*)
                0x0000b228                User_PWM_T::~User_PWM_T()
                0x0000b228                User_PWM_T::~User_PWM_T()
                0x0000b298                User_PWM_T::init(unsigned char)
                0x0000b390                User_PWM_T::generate()
                0x0000b404                User_PWM_T::setPWM(unsigned long, unsigned long, unsigned char)
 .text          0x0000b49c        0x0 i:/mcu/gnu_tools_arm/bin/../lib/gcc/arm-none-eabi/5.4.1/../../../../arm-none-eabi/lib/armv7e-m/fpu\libc.a(lib_a-aeabi_atexit.o)
 .text          0x0000b49c        0x0 i:/mcu/gnu_tools_arm/bin/../lib/gcc/arm-none-eabi/5.4.1/../../../../arm-none-eabi/lib/armv7e-m/fpu\libc.a(lib_a-cxa_atexit.o)
 .text          0x0000b49c        0x0 i:/mcu/gnu_tools_arm/bin/../lib/gcc/arm-none-eabi/5.4.1/../../../../arm-none-eabi/lib/armv7e-m/fpu\libc.a(lib_a-exit.o)
 .text          0x0000b49c        0x0 i:/mcu/gnu_tools_arm/bin/../lib/gcc/arm-none-eabi/5.4.1/../../../../arm-none-eabi/lib/armv7e-m/fpu\libc.a(lib_a-impure.o)
 .text          0x0000b49c        0x0 i:/mcu/gnu_tools_arm/bin/../lib/gcc/arm-none-eabi/5.4.1/../../../../arm-none-eabi/lib/armv7e-m/fpu\libc.a(lib_a-init.o)
 .text          0x0000b49c        0x0 i:/mcu/gnu_tools_arm/bin/../lib/gcc/arm-none-eabi/5.4.1/../../../../arm-none-eabi/lib/armv7e-m/fpu\libc.a(lib_a-memset.o)
 .text          0x0000b49c        0x0 i:/mcu/gnu_tools_arm/bin/../lib/gcc/arm-none-eabi/5.4.1/../../../../arm-none-eabi/lib/armv7e-m/fpu\libc.a(lib_a-__atexit.o)
 .text          0x0000b49c        0x0 i:/mcu/gnu_tools_arm/bin/../lib/gcc/arm-none-eabi/5.4.1/../../../../arm-none-eabi/lib/armv7e-m/fpu\libc.a(lib_a-__call_atexit.o)
 .text          0x0000b49c        0x0 i:/mcu/gnu_tools_arm/bin/../lib/gcc/arm-none-eabi/5.4.1/../../../../arm-none-eabi/lib/armv7e-m/fpu\libc.a(lib_a-atexit.o)
 .text          0x0000b49c        0x0 i:/mcu/gnu_tools_arm/bin/../lib/gcc/arm-none-eabi/5.4.1/../../../../arm-none-eabi/lib/armv7e-m/fpu\libc.a(lib_a-fini.o)
 .text          0x0000b49c        0x0 i:/mcu/gnu_tools_arm/bin/../lib/gcc/arm-none-eabi/5.4.1/../../../../arm-none-eabi/lib/armv7e-m/fpu\libnosys.a(_exit.o)
 .text          0x0000b49c      0x9dc i:/mcu/gnu_tools_arm/bin/../lib/gcc/arm-none-eabi/5.4.1/armv7e-m/fpu\libgcc.a(unwind-arm.o)
                0x0000b758                _Unwind_GetCFA
                0x0000b75c                __gnu_Unwind_RaiseException
                0x0000b7bc                __gnu_Unwind_ForcedUnwind
                0x0000b7d0                __gnu_Unwind_Resume
                0x0000b814                __gnu_Unwind_Resume_or_Rethrow
                0x0000b824                _Unwind_Complete
                0x0000b828                _Unwind_DeleteException
                0x0000b834                _Unwind_VRS_Get
                0x0000b880                _Unwind_VRS_Set
                0x0000b8d0                __gnu_Unwind_Backtrace
                0x0000bc1c                __aeabi_unwind_cpp_pr0
                0x0000bc20                __aeabi_unwind_cpp_pr1
                0x0000bc24                __aeabi_unwind_cpp_pr2
                0x0000bc28                _Unwind_VRS_Pop
 .text          0x0000be78      0x1ac i:/mcu/gnu_tools_arm/bin/../lib/gcc/arm-none-eabi/5.4.1/armv7e-m/fpu\libgcc.a(libunwind.o)
                0x0000be78                __restore_core_regs
                0x0000be78                restore_core_regs
                0x0000be90                __gnu_Unwind_Restore_VFP
                0x0000be98                __gnu_Unwind_Save_VFP
                0x0000bea0                __gnu_Unwind_Restore_VFP_D
                0x0000bea8                __gnu_Unwind_Save_VFP_D
                0x0000beb0                __gnu_Unwind_Restore_VFP_D_16_to_31
                0x0000beb8                __gnu_Unwind_Save_VFP_D_16_to_31
                0x0000bec0                __gnu_Unwind_Restore_WMMXD
                0x0000bf04                __gnu_Unwind_Save_WMMXD
                0x0000bf48                __gnu_Unwind_Restore_WMMXC
                0x0000bf5c                __gnu_Unwind_Save_WMMXC
                0x0000bf70                ___Unwind_RaiseException
                0x0000bf70                _Unwind_RaiseException
                0x0000bf94                _Unwind_Resume
                0x0000bf94                ___Unwind_Resume
                0x0000bfb8                _Unwind_Resume_or_Rethrow
                0x0000bfb8                ___Unwind_Resume_or_Rethrow
                0x0000bfdc                _Unwind_ForcedUnwind
                0x0000bfdc                ___Unwind_ForcedUnwind
                0x0000c000                ___Unwind_Backtrace
                0x0000c000                _Unwind_Backtrace
 .text          0x0000c024      0x354 i:/mcu/gnu_tools_arm/bin/../lib/gcc/arm-none-eabi/5.4.1/armv7e-m/fpu\libgcc.a(pr-support.o)
                0x0000c07c                __gnu_unwind_execute
                0x0000c320                __gnu_unwind_frame
                0x0000c348                _Unwind_GetRegionStart
                0x0000c354                _Unwind_GetLanguageSpecificData
                0x0000c368                _Unwind_GetTextRelBase
                0x0000c370                _Unwind_GetDataRelBase
 .text          0x0000c378        0x0 i:/mcu/gnu_tools_arm/bin/../lib/gcc/arm-none-eabi/5.4.1/../../../../arm-none-eabi/lib/armv7e-m/fpu\libc.a(lib_a-abort.o)
 .text          0x0000c378      0x134 i:/mcu/gnu_tools_arm/bin/../lib/gcc/arm-none-eabi/5.4.1/../../../../arm-none-eabi/lib/armv7e-m/fpu\libc.a(lib_a-memcpy.o)
                0x0000c378                memcpy
 .text          0x0000c4ac        0x0 i:/mcu/gnu_tools_arm/bin/../lib/gcc/arm-none-eabi/5.4.1/../../../../arm-none-eabi/lib/armv7e-m/fpu\libc.a(lib_a-signal.o)
 .text          0x0000c4ac        0x0 i:/mcu/gnu_tools_arm/bin/../lib/gcc/arm-none-eabi/5.4.1/../../../../arm-none-eabi/lib/armv7e-m/fpu\libc.a(lib_a-signalr.o)
 .text          0x0000c4ac        0x0 i:/mcu/gnu_tools_arm/bin/../lib/gcc/arm-none-eabi/5.4.1/../../../../arm-none-eabi/lib/armv7e-m/fpu\libc.a(lib_a-mallocr.o)
 .text          0x0000c4ac        0x0 i:/mcu/gnu_tools_arm/bin/../lib/gcc/arm-none-eabi/5.4.1/../../../../arm-none-eabi/lib/armv7e-m/fpu\libc.a(lib_a-mlock.o)
 .text          0x0000c4ac        0x0 i:/mcu/gnu_tools_arm/bin/../lib/gcc/arm-none-eabi/5.4.1/../../../../arm-none-eabi/lib/armv7e-m/fpu\libc.a(lib_a-reent.o)
 .text          0x0000c4ac        0x0 i:/mcu/gnu_tools_arm/bin/../lib/gcc/arm-none-eabi/5.4.1/../../../../arm-none-eabi/lib/armv7e-m/fpu\libc.a(lib_a-sbrkr.o)
 .text          0x0000c4ac        0x0 i:/mcu/gnu_tools_arm/bin/../lib/gcc/arm-none-eabi/5.4.1/../../../../arm-none-eabi/lib/armv7e-m/fpu\libc.a(lib_a-freer.o)
 .text          0x0000c4ac        0x0 i:/mcu/gnu_tools_arm/bin/../lib/gcc/arm-none-eabi/5.4.1/../../../../arm-none-eabi/lib/armv7e-m/fpu\libnosys.a(getpid.o)
 .text          0x0000c4ac        0x0 i:/mcu/gnu_tools_arm/bin/../lib/gcc/arm-none-eabi/5.4.1/../../../../arm-none-eabi/lib/armv7e-m/fpu\libnosys.a(kill.o)
 .text          0x0000c4ac        0x0 i:/mcu/gnu_tools_arm/bin/../lib/gcc/arm-none-eabi/5.4.1/../../../../arm-none-eabi/lib/armv7e-m/fpu\libnosys.a(sbrk.o)
 .text          0x0000c4ac        0x0 i:/mcu/gnu_tools_arm/bin/../lib/gcc/arm-none-eabi/5.4.1/armv7e-m/fpu/crtend.o
 .text          0x0000c4ac        0x0 i:/mcu/gnu_tools_arm/bin/../lib/gcc/arm-none-eabi/5.4.1/armv7e-m/fpu/crtn.o
 *(.text.*)
 .text.__aeabi_atexit
                0x0000c4ac        0xc i:/mcu/gnu_tools_arm/bin/../lib/gcc/arm-none-eabi/5.4.1/../../../../arm-none-eabi/lib/armv7e-m/fpu\libc.a(lib_a-aeabi_atexit.o)
                0x0000c4ac                __aeabi_atexit
 .text.__cxa_atexit
                0x0000c4b8        0xc i:/mcu/gnu_tools_arm/bin/../lib/gcc/arm-none-eabi/5.4.1/../../../../arm-none-eabi/lib/armv7e-m/fpu\libc.a(lib_a-cxa_atexit.o)
                0x0000c4b8                __cxa_atexit
 .text.exit     0x0000c4c4       0x20 i:/mcu/gnu_tools_arm/bin/../lib/gcc/arm-none-eabi/5.4.1/../../../../arm-none-eabi/lib/armv7e-m/fpu\libc.a(lib_a-exit.o)
                0x0000c4c4                exit
 .text.__libc_init_array
                0x0000c4e4       0x50 i:/mcu/gnu_tools_arm/bin/../lib/gcc/arm-none-eabi/5.4.1/../../../../arm-none-eabi/lib/armv7e-m/fpu\libc.a(lib_a-init.o)
                0x0000c4e4                __libc_init_array
 .text.memset   0x0000c534       0x9c i:/mcu/gnu_tools_arm/bin/../lib/gcc/arm-none-eabi/5.4.1/../../../../arm-none-eabi/lib/armv7e-m/fpu\libc.a(lib_a-memset.o)
                0x0000c534                memset
 .text.__register_exitproc
                0x0000c5d0       0xa4 i:/mcu/gnu_tools_arm/bin/../lib/gcc/arm-none-eabi/5.4.1/../../../../arm-none-eabi/lib/armv7e-m/fpu\libc.a(lib_a-__atexit.o)
                0x0000c5d0                __register_exitproc
 .text.startup.register_fini
                0x0000c674       0x14 i:/mcu/gnu_tools_arm/bin/../lib/gcc/arm-none-eabi/5.4.1/../../../../arm-none-eabi/lib/armv7e-m/fpu\libc.a(lib_a-__call_atexit.o)
 .text.__call_exitprocs
                0x0000c688       0xd8 i:/mcu/gnu_tools_arm/bin/../lib/gcc/arm-none-eabi/5.4.1/../../../../arm-none-eabi/lib/armv7e-m/fpu\libc.a(lib_a-__call_atexit.o)
                0x0000c688                __call_exitprocs
 .text.atexit   0x0000c760        0xc i:/mcu/gnu_tools_arm/bin/../lib/gcc/arm-none-eabi/5.4.1/../../../../arm-none-eabi/lib/armv7e-m/fpu\libc.a(lib_a-atexit.o)
                0x0000c760                atexit
 .text.__libc_fini_array
                0x0000c76c       0x28 i:/mcu/gnu_tools_arm/bin/../lib/gcc/arm-none-eabi/5.4.1/../../../../arm-none-eabi/lib/armv7e-m/fpu\libc.a(lib_a-fini.o)
                0x0000c76c                __libc_fini_array
 .text._exit    0x0000c794        0x4 i:/mcu/gnu_tools_arm/bin/../lib/gcc/arm-none-eabi/5.4.1/../../../../arm-none-eabi/lib/armv7e-m/fpu\libnosys.a(_exit.o)
                0x0000c794                _exit
 .text.abort    0x0000c798       0x10 i:/mcu/gnu_tools_arm/bin/../lib/gcc/arm-none-eabi/5.4.1/../../../../arm-none-eabi/lib/armv7e-m/fpu\libc.a(lib_a-abort.o)
                0x0000c798                abort
 .text._raise_r
                0x0000c7a8       0x58 i:/mcu/gnu_tools_arm/bin/../lib/gcc/arm-none-eabi/5.4.1/../../../../arm-none-eabi/lib/armv7e-m/fpu\libc.a(lib_a-signal.o)
                0x0000c7a8                _raise_r
 .text.raise    0x0000c800       0x10 i:/mcu/gnu_tools_arm/bin/../lib/gcc/arm-none-eabi/5.4.1/../../../../arm-none-eabi/lib/armv7e-m/fpu\libc.a(lib_a-signal.o)
                0x0000c800                raise
 .text._kill_r  0x0000c810       0x28 i:/mcu/gnu_tools_arm/bin/../lib/gcc/arm-none-eabi/5.4.1/../../../../arm-none-eabi/lib/armv7e-m/fpu\libc.a(lib_a-signalr.o)
                0x0000c810                _kill_r
 .text._getpid_r
                0x0000c838        0x4 i:/mcu/gnu_tools_arm/bin/../lib/gcc/arm-none-eabi/5.4.1/../../../../arm-none-eabi/lib/armv7e-m/fpu\libc.a(lib_a-signalr.o)
                0x0000c838                _getpid_r
 .text._getpid  0x0000c83c       0x10 i:/mcu/gnu_tools_arm/bin/../lib/gcc/arm-none-eabi/5.4.1/../../../../arm-none-eabi/lib/armv7e-m/fpu\libnosys.a(getpid.o)
                0x0000c83c                _getpid
 .text._kill    0x0000c84c       0x10 i:/mcu/gnu_tools_arm/bin/../lib/gcc/arm-none-eabi/5.4.1/../../../../arm-none-eabi/lib/armv7e-m/fpu\libnosys.a(kill.o)
                0x0000c84c                _kill
                0x0000c85c                . = ALIGN (0x4)
 *(.ctors)
                0x0000c85c                . = ALIGN (0x4)
 *(.dtors)
                0x0000c85c                . = ALIGN (0x4)
                0x0000c85c                __init_array_start = .
 *(.init_array*)
 .init_array    0x0000c85c        0x4 i:/mcu/gnu_tools_arm/bin/../lib/gcc/arm-none-eabi/5.4.1/armv7e-m/fpu/crtbegin.o
 .init_array    0x0000c860        0x4 build/main.o
 .init_array.00000
                0x0000c864        0x4 i:/mcu/gnu_tools_arm/bin/../lib/gcc/arm-none-eabi/5.4.1/../../../../arm-none-eabi/lib/armv7e-m/fpu\libc.a(lib_a-__call_atexit.o)
                0x0000c868                __init_array_end = .
 *(.init)
 .init          0x0000c868        0x4 i:/mcu/gnu_tools_arm/bin/../lib/gcc/arm-none-eabi/5.4.1/armv7e-m/fpu/crti.o
                0x0000c868                _init
 .init          0x0000c86c        0x8 i:/mcu/gnu_tools_arm/bin/../lib/gcc/arm-none-eabi/5.4.1/armv7e-m/fpu/crtn.o
 *(.fini*)
 .fini          0x0000c874        0x4 i:/mcu/gnu_tools_arm/bin/../lib/gcc/arm-none-eabi/5.4.1/armv7e-m/fpu/crti.o
                0x0000c874                _fini
 .fini_array    0x0000c878        0x4 i:/mcu/gnu_tools_arm/bin/../lib/gcc/arm-none-eabi/5.4.1/armv7e-m/fpu/crtbegin.o
 .fini          0x0000c87c        0x8 i:/mcu/gnu_tools_arm/bin/../lib/gcc/arm-none-eabi/5.4.1/armv7e-m/fpu/crtn.o

.glue_7         0x0000c884        0x0
 .glue_7        0x0000c884        0x0 linker stubs

.glue_7t        0x0000c884        0x0
 .glue_7t       0x0000c884        0x0 linker stubs

.vfp11_veneer   0x0000c884        0x0
 .vfp11_veneer  0x0000c884        0x0 linker stubs

.v4_bx          0x0000c884        0x0
 .v4_bx         0x0000c884        0x0 linker stubs

.iplt           0x0000c884        0x0
 .iplt          0x0000c884        0x0 i:/mcu/gnu_tools_arm/bin/../lib/gcc/arm-none-eabi/5.4.1/armv7e-m/fpu/crtbegin.o

.rodata         0x0000c884      0x198
 *(.rodata)
 .rodata        0x0000c884       0x80 build/adc14.o
 .rodata        0x0000c904       0x4c build/gpio.o
 .rodata        0x0000c950       0x90 build/interrupt.o
 .rodata        0x0000c9e0       0x35 build/user_pwm.o
 *(.rodata.*)
 *fill*         0x0000ca15        0x3 
 .rodata._global_impure_ptr
                0x0000ca18        0x4 i:/mcu/gnu_tools_arm/bin/../lib/gcc/arm-none-eabi/5.4.1/../../../../arm-none-eabi/lib/armv7e-m/fpu\libc.a(lib_a-impure.o)
                0x0000ca18                _global_impure_ptr

.eh_frame       0x0000ca1c        0x0
 .eh_frame      0x0000ca1c        0x0 i:/mcu/gnu_tools_arm/bin/../lib/gcc/arm-none-eabi/5.4.1/armv7e-m/fpu/crtbegin.o

.ARM.exidx      0x0000ca1c      0x100
                0x0000ca1c                __exidx_start = .
 *(.ARM.exidx* .gnu.linkonce.armexidx.*)
 .ARM.exidx     0x0000ca1c        0x8 i:/mcu/gnu_tools_arm/bin/../lib/gcc/arm-none-eabi/5.4.1/../../../../arm-none-eabi/lib/armv7e-m/fpu/crt0.o
 .ARM.exidx     0x0000ca24       0x18 build/main.o
                                 0x20 (size before relaxing)
 .ARM.exidx     0x0000ca3c       0x10 build/user_uart.o
                                 0x28 (size before relaxing)
 .ARM.exidx     0x0000ca4c       0x18 build/user_pwm.o
                                 0x28 (size before relaxing)
 .ARM.exidx     0x0000ca64       0x80 i:/mcu/gnu_tools_arm/bin/../lib/gcc/arm-none-eabi/5.4.1/armv7e-m/fpu\libgcc.a(unwind-arm.o)
                                 0xd8 (size before relaxing)
 .ARM.exidx     0x0000cae4       0x38 i:/mcu/gnu_tools_arm/bin/../lib/gcc/arm-none-eabi/5.4.1/armv7e-m/fpu\libgcc.a(pr-support.o)
                                 0x48 (size before relaxing)
                0x0000cb1c                __exidx_end = .

.ARM.extab      0x0000cb1c       0x54
 *(.ARM.extab* .gnu.linkonce.armextab.*)
 .ARM.extab     0x0000cb1c        0x0 i:/mcu/gnu_tools_arm/bin/../lib/gcc/arm-none-eabi/5.4.1/../../../../arm-none-eabi/lib/armv7e-m/fpu/crt0.o
 .ARM.extab     0x0000cb1c        0xc build/main.o
 .ARM.extab     0x0000cb28        0xc build/user_uart.o
 .ARM.extab     0x0000cb34       0x24 build/user_pwm.o
 .ARM.extab     0x0000cb58        0x0 i:/mcu/gnu_tools_arm/bin/../lib/gcc/arm-none-eabi/5.4.1/armv7e-m/fpu\libgcc.a(unwind-arm.o)
 .ARM.extab     0x0000cb58       0x18 i:/mcu/gnu_tools_arm/bin/../lib/gcc/arm-none-eabi/5.4.1/armv7e-m/fpu\libgcc.a(pr-support.o)
                0x0000cb70                __etext = .

.rel.dyn        0x0000cb70        0x0
 .rel.iplt      0x0000cb70        0x0 i:/mcu/gnu_tools_arm/bin/../lib/gcc/arm-none-eabi/5.4.1/armv7e-m/fpu/crtbegin.o

.data           0x20000000      0x884 load address 0x0000cb70
                0x0000cb70                __data_load__ = LOADADDR (.data)
                0x20000000                __data_start__ = .
 *(.data)
 .data          0x20000000        0x0 i:/mcu/gnu_tools_arm/bin/../lib/gcc/arm-none-eabi/5.4.1/armv7e-m/fpu/crti.o
 .data          0x20000000        0x4 i:/mcu/gnu_tools_arm/bin/../lib/gcc/arm-none-eabi/5.4.1/armv7e-m/fpu/crtbegin.o
                0x20000000                __dso_handle
 .data          0x20000004        0x0 i:/mcu/gnu_tools_arm/bin/../lib/gcc/arm-none-eabi/5.4.1/../../../../arm-none-eabi/lib/armv7e-m/fpu/crt0.o
 .data          0x20000004        0x0 build/adc14.o
 .data          0x20000004        0x0 build/aes256.o
 .data          0x20000004        0x0 build/comp_e.o
 .data          0x20000004        0x0 build/cpu.o
 .data          0x20000004        0x0 build/crc32.o
 .data          0x20000004        0x0 build/cs.o
 .data          0x20000004        0x0 build/dma.o
 .data          0x20000004       0x40 build/flash.o
 .data          0x20000044        0x0 build/fpu.o
 .data          0x20000044        0x0 build/gpio.o
 .data          0x20000044        0x0 build/i2c.o
 .data          0x20000044        0x0 build/interrupt.o
 .data          0x20000044        0x0 build/mpu.o
 .data          0x20000044        0x0 build/pcm.o
 .data          0x20000044        0x0 build/pmap.o
 .data          0x20000044        0x0 build/pss.o
 .data          0x20000044        0x0 build/ref_a.o
 .data          0x20000044        0x0 build/reset.o
 .data          0x20000044        0x0 build/rtc_c.o
 .data          0x20000044        0x0 build/spi.o
 .data          0x20000044        0x0 build/sysctl.o
 .data          0x20000044        0x0 build/systick.o
 .data          0x20000044        0x0 build/timer32.o
 .data          0x20000044        0x0 build/timer_a.o
 .data          0x20000044        0x0 build/uart.o
 .data          0x20000044        0x0 build/wdt_a.o
 .data          0x20000044        0x0 build/startup_msp432p401r_gcc.o
 .data          0x20000044        0x4 build/system_msp432p401r.o
                0x20000044                SystemCoreClock
 .data          0x20000048        0x0 build/main.o
 .data          0x20000048        0x0 build/user_uart.o
 .data          0x20000048        0x0 build/user_pwm.o
 .data          0x20000048        0x0 i:/mcu/gnu_tools_arm/bin/../lib/gcc/arm-none-eabi/5.4.1/../../../../arm-none-eabi/lib/armv7e-m/fpu\libc.a(lib_a-aeabi_atexit.o)
 .data          0x20000048        0x0 i:/mcu/gnu_tools_arm/bin/../lib/gcc/arm-none-eabi/5.4.1/../../../../arm-none-eabi/lib/armv7e-m/fpu\libc.a(lib_a-cxa_atexit.o)
 .data          0x20000048        0x0 i:/mcu/gnu_tools_arm/bin/../lib/gcc/arm-none-eabi/5.4.1/../../../../arm-none-eabi/lib/armv7e-m/fpu\libc.a(lib_a-exit.o)
 .data          0x20000048        0x0 i:/mcu/gnu_tools_arm/bin/../lib/gcc/arm-none-eabi/5.4.1/../../../../arm-none-eabi/lib/armv7e-m/fpu\libc.a(lib_a-impure.o)
 .data          0x20000048        0x0 i:/mcu/gnu_tools_arm/bin/../lib/gcc/arm-none-eabi/5.4.1/../../../../arm-none-eabi/lib/armv7e-m/fpu\libc.a(lib_a-init.o)
 .data          0x20000048        0x0 i:/mcu/gnu_tools_arm/bin/../lib/gcc/arm-none-eabi/5.4.1/../../../../arm-none-eabi/lib/armv7e-m/fpu\libc.a(lib_a-memset.o)
 .data          0x20000048        0x0 i:/mcu/gnu_tools_arm/bin/../lib/gcc/arm-none-eabi/5.4.1/../../../../arm-none-eabi/lib/armv7e-m/fpu\libc.a(lib_a-__atexit.o)
 .data          0x20000048        0x0 i:/mcu/gnu_tools_arm/bin/../lib/gcc/arm-none-eabi/5.4.1/../../../../arm-none-eabi/lib/armv7e-m/fpu\libc.a(lib_a-__call_atexit.o)
 .data          0x20000048        0x0 i:/mcu/gnu_tools_arm/bin/../lib/gcc/arm-none-eabi/5.4.1/../../../../arm-none-eabi/lib/armv7e-m/fpu\libc.a(lib_a-atexit.o)
 .data          0x20000048        0x0 i:/mcu/gnu_tools_arm/bin/../lib/gcc/arm-none-eabi/5.4.1/../../../../arm-none-eabi/lib/armv7e-m/fpu\libc.a(lib_a-fini.o)
 .data          0x20000048        0x0 i:/mcu/gnu_tools_arm/bin/../lib/gcc/arm-none-eabi/5.4.1/../../../../arm-none-eabi/lib/armv7e-m/fpu\libnosys.a(_exit.o)
 .data          0x20000048        0x0 i:/mcu/gnu_tools_arm/bin/../lib/gcc/arm-none-eabi/5.4.1/armv7e-m/fpu\libgcc.a(unwind-arm.o)
 .data          0x20000048        0x0 i:/mcu/gnu_tools_arm/bin/../lib/gcc/arm-none-eabi/5.4.1/armv7e-m/fpu\libgcc.a(libunwind.o)
 .data          0x20000048        0x0 i:/mcu/gnu_tools_arm/bin/../lib/gcc/arm-none-eabi/5.4.1/armv7e-m/fpu\libgcc.a(pr-support.o)
 .data          0x20000048        0x0 i:/mcu/gnu_tools_arm/bin/../lib/gcc/arm-none-eabi/5.4.1/../../../../arm-none-eabi/lib/armv7e-m/fpu\libc.a(lib_a-abort.o)
 .data          0x20000048        0x0 i:/mcu/gnu_tools_arm/bin/../lib/gcc/arm-none-eabi/5.4.1/../../../../arm-none-eabi/lib/armv7e-m/fpu\libc.a(lib_a-memcpy.o)
 .data          0x20000048        0x0 i:/mcu/gnu_tools_arm/bin/../lib/gcc/arm-none-eabi/5.4.1/../../../../arm-none-eabi/lib/armv7e-m/fpu\libc.a(lib_a-signal.o)
 .data          0x20000048        0x0 i:/mcu/gnu_tools_arm/bin/../lib/gcc/arm-none-eabi/5.4.1/../../../../arm-none-eabi/lib/armv7e-m/fpu\libc.a(lib_a-signalr.o)
 .data          0x20000048        0x0 i:/mcu/gnu_tools_arm/bin/../lib/gcc/arm-none-eabi/5.4.1/../../../../arm-none-eabi/lib/armv7e-m/fpu\libc.a(lib_a-mallocr.o)
 .data          0x20000048        0x0 i:/mcu/gnu_tools_arm/bin/../lib/gcc/arm-none-eabi/5.4.1/../../../../arm-none-eabi/lib/armv7e-m/fpu\libc.a(lib_a-mlock.o)
 .data          0x20000048        0x0 i:/mcu/gnu_tools_arm/bin/../lib/gcc/arm-none-eabi/5.4.1/../../../../arm-none-eabi/lib/armv7e-m/fpu\libc.a(lib_a-reent.o)
 .data          0x20000048        0x0 i:/mcu/gnu_tools_arm/bin/../lib/gcc/arm-none-eabi/5.4.1/../../../../arm-none-eabi/lib/armv7e-m/fpu\libc.a(lib_a-sbrkr.o)
 .data          0x20000048        0x0 i:/mcu/gnu_tools_arm/bin/../lib/gcc/arm-none-eabi/5.4.1/../../../../arm-none-eabi/lib/armv7e-m/fpu\libc.a(lib_a-freer.o)
 .data          0x20000048        0x0 i:/mcu/gnu_tools_arm/bin/../lib/gcc/arm-none-eabi/5.4.1/../../../../arm-none-eabi/lib/armv7e-m/fpu\libnosys.a(getpid.o)
 .data          0x20000048        0x0 i:/mcu/gnu_tools_arm/bin/../lib/gcc/arm-none-eabi/5.4.1/../../../../arm-none-eabi/lib/armv7e-m/fpu\libnosys.a(kill.o)
 .data          0x20000048        0x0 i:/mcu/gnu_tools_arm/bin/../lib/gcc/arm-none-eabi/5.4.1/../../../../arm-none-eabi/lib/armv7e-m/fpu\libnosys.a(sbrk.o)
 .data          0x20000048        0x0 i:/mcu/gnu_tools_arm/bin/../lib/gcc/arm-none-eabi/5.4.1/armv7e-m/fpu/crtend.o
 .data          0x20000048        0x0 i:/mcu/gnu_tools_arm/bin/../lib/gcc/arm-none-eabi/5.4.1/armv7e-m/fpu/crtn.o
 *(.data*)
 .data.impure_data
                0x20000048      0x428 i:/mcu/gnu_tools_arm/bin/../lib/gcc/arm-none-eabi/5.4.1/../../../../arm-none-eabi/lib/armv7e-m/fpu\libc.a(lib_a-impure.o)
 .data._impure_ptr
                0x20000470        0x4 i:/mcu/gnu_tools_arm/bin/../lib/gcc/arm-none-eabi/5.4.1/../../../../arm-none-eabi/lib/armv7e-m/fpu\libc.a(lib_a-impure.o)
                0x20000470                _impure_ptr
 .data.__malloc_av_
                0x20000474      0x408 i:/mcu/gnu_tools_arm/bin/../lib/gcc/arm-none-eabi/5.4.1/../../../../arm-none-eabi/lib/armv7e-m/fpu\libc.a(lib_a-mallocr.o)
                0x20000474                __malloc_av_
 .data.__malloc_trim_threshold
                0x2000087c        0x4 i:/mcu/gnu_tools_arm/bin/../lib/gcc/arm-none-eabi/5.4.1/../../../../arm-none-eabi/lib/armv7e-m/fpu\libc.a(lib_a-mallocr.o)
                0x2000087c                __malloc_trim_threshold
 .data.__malloc_sbrk_base
                0x20000880        0x4 i:/mcu/gnu_tools_arm/bin/../lib/gcc/arm-none-eabi/5.4.1/../../../../arm-none-eabi/lib/armv7e-m/fpu\libc.a(lib_a-mallocr.o)
                0x20000880                __malloc_sbrk_base
                0x20000884                . = ALIGN (0x4)
                0x20000884                __data_end__ = .

.jcr            0x20000884        0x0 load address 0x0000d3f4
 .jcr           0x20000884        0x0 i:/mcu/gnu_tools_arm/bin/../lib/gcc/arm-none-eabi/5.4.1/armv7e-m/fpu/crtbegin.o

.igot.plt       0x20000884        0x0 load address 0x0000d3f4
 .igot.plt      0x20000884        0x0 i:/mcu/gnu_tools_arm/bin/../lib/gcc/arm-none-eabi/5.4.1/armv7e-m/fpu/crtbegin.o

vtable          0x20000c00       0xe8 load address 0x0000d3f4
                [!provide]                PROVIDE (__start_vtable, .)
 vtable         0x20000c00       0xe8 build/interrupt.o
                [!provide]                PROVIDE (__stop_vtable, .)

.bss            0x20000ce8       0x3c
                0x20000ce8                __bss_start__ = .
 *(.shbss)
 *(.bss)
 .bss           0x20000ce8        0x0 i:/mcu/gnu_tools_arm/bin/../lib/gcc/arm-none-eabi/5.4.1/armv7e-m/fpu/crti.o
 .bss           0x20000ce8       0x1c i:/mcu/gnu_tools_arm/bin/../lib/gcc/arm-none-eabi/5.4.1/armv7e-m/fpu/crtbegin.o
 .bss           0x20000d04        0x0 i:/mcu/gnu_tools_arm/bin/../lib/gcc/arm-none-eabi/5.4.1/../../../../arm-none-eabi/lib/armv7e-m/fpu/crt0.o
 .bss           0x20000d04        0x0 build/adc14.o
 .bss           0x20000d04        0x0 build/aes256.o
 .bss           0x20000d04        0x0 build/comp_e.o
 .bss           0x20000d04        0x0 build/cpu.o
 .bss           0x20000d04        0x0 build/crc32.o
 .bss           0x20000d04        0x8 build/cs.o
 .bss           0x20000d0c        0x0 build/dma.o
 .bss           0x20000d0c        0x0 build/flash.o
 .bss           0x20000d0c        0x0 build/fpu.o
 .bss           0x20000d0c        0x0 build/gpio.o
 .bss           0x20000d0c        0x0 build/i2c.o
 .bss           0x20000d0c        0x0 build/interrupt.o
 .bss           0x20000d0c        0x0 build/mpu.o
 .bss           0x20000d0c        0x0 build/pcm.o
 .bss           0x20000d0c        0x0 build/pmap.o
 .bss           0x20000d0c        0x0 build/pss.o
 .bss           0x20000d0c        0x0 build/ref_a.o
 .bss           0x20000d0c        0x0 build/reset.o
 .bss           0x20000d0c        0x0 build/rtc_c.o
 .bss           0x20000d0c        0x0 build/spi.o
 .bss           0x20000d0c        0x0 build/sysctl.o
 .bss           0x20000d0c        0x0 build/systick.o
 .bss           0x20000d0c        0x0 build/timer32.o
 .bss           0x20000d0c        0x0 build/timer_a.o
 .bss           0x20000d0c        0x0 build/uart.o
 .bss           0x20000d0c        0x0 build/wdt_a.o
 .bss           0x20000d0c        0x0 build/startup_msp432p401r_gcc.o
 .bss           0x20000d0c        0x0 build/system_msp432p401r.o
 .bss           0x20000d0c       0x14 build/main.o
                0x20000d0c                yuki
                0x20000d14                led
 .bss           0x20000d20        0x0 build/user_uart.o
 .bss           0x20000d20        0x0 build/user_pwm.o
 .bss           0x20000d20        0x0 i:/mcu/gnu_tools_arm/bin/../lib/gcc/arm-none-eabi/5.4.1/../../../../arm-none-eabi/lib/armv7e-m/fpu\libc.a(lib_a-aeabi_atexit.o)
 .bss           0x20000d20        0x0 i:/mcu/gnu_tools_arm/bin/../lib/gcc/arm-none-eabi/5.4.1/../../../../arm-none-eabi/lib/armv7e-m/fpu\libc.a(lib_a-cxa_atexit.o)
 .bss           0x20000d20        0x0 i:/mcu/gnu_tools_arm/bin/../lib/gcc/arm-none-eabi/5.4.1/../../../../arm-none-eabi/lib/armv7e-m/fpu\libc.a(lib_a-exit.o)
 .bss           0x20000d20        0x0 i:/mcu/gnu_tools_arm/bin/../lib/gcc/arm-none-eabi/5.4.1/../../../../arm-none-eabi/lib/armv7e-m/fpu\libc.a(lib_a-impure.o)
 .bss           0x20000d20        0x0 i:/mcu/gnu_tools_arm/bin/../lib/gcc/arm-none-eabi/5.4.1/../../../../arm-none-eabi/lib/armv7e-m/fpu\libc.a(lib_a-init.o)
 .bss           0x20000d20        0x0 i:/mcu/gnu_tools_arm/bin/../lib/gcc/arm-none-eabi/5.4.1/../../../../arm-none-eabi/lib/armv7e-m/fpu\libc.a(lib_a-memset.o)
 .bss           0x20000d20        0x0 i:/mcu/gnu_tools_arm/bin/../lib/gcc/arm-none-eabi/5.4.1/../../../../arm-none-eabi/lib/armv7e-m/fpu\libc.a(lib_a-__atexit.o)
 .bss           0x20000d20        0x0 i:/mcu/gnu_tools_arm/bin/../lib/gcc/arm-none-eabi/5.4.1/../../../../arm-none-eabi/lib/armv7e-m/fpu\libc.a(lib_a-__call_atexit.o)
 .bss           0x20000d20        0x0 i:/mcu/gnu_tools_arm/bin/../lib/gcc/arm-none-eabi/5.4.1/../../../../arm-none-eabi/lib/armv7e-m/fpu\libc.a(lib_a-atexit.o)
 .bss           0x20000d20        0x0 i:/mcu/gnu_tools_arm/bin/../lib/gcc/arm-none-eabi/5.4.1/../../../../arm-none-eabi/lib/armv7e-m/fpu\libc.a(lib_a-fini.o)
 .bss           0x20000d20        0x0 i:/mcu/gnu_tools_arm/bin/../lib/gcc/arm-none-eabi/5.4.1/../../../../arm-none-eabi/lib/armv7e-m/fpu\libnosys.a(_exit.o)
 .bss           0x20000d20        0x0 i:/mcu/gnu_tools_arm/bin/../lib/gcc/arm-none-eabi/5.4.1/armv7e-m/fpu\libgcc.a(unwind-arm.o)
 .bss           0x20000d20        0x0 i:/mcu/gnu_tools_arm/bin/../lib/gcc/arm-none-eabi/5.4.1/armv7e-m/fpu\libgcc.a(libunwind.o)
 .bss           0x20000d20        0x0 i:/mcu/gnu_tools_arm/bin/../lib/gcc/arm-none-eabi/5.4.1/armv7e-m/fpu\libgcc.a(pr-support.o)
 .bss           0x20000d20        0x0 i:/mcu/gnu_tools_arm/bin/../lib/gcc/arm-none-eabi/5.4.1/../../../../arm-none-eabi/lib/armv7e-m/fpu\libc.a(lib_a-abort.o)
 .bss           0x20000d20        0x0 i:/mcu/gnu_tools_arm/bin/../lib/gcc/arm-none-eabi/5.4.1/../../../../arm-none-eabi/lib/armv7e-m/fpu\libc.a(lib_a-memcpy.o)
 .bss           0x20000d20        0x0 i:/mcu/gnu_tools_arm/bin/../lib/gcc/arm-none-eabi/5.4.1/../../../../arm-none-eabi/lib/armv7e-m/fpu\libc.a(lib_a-signal.o)
 .bss           0x20000d20        0x0 i:/mcu/gnu_tools_arm/bin/../lib/gcc/arm-none-eabi/5.4.1/../../../../arm-none-eabi/lib/armv7e-m/fpu\libc.a(lib_a-signalr.o)
 .bss           0x20000d20        0x0 i:/mcu/gnu_tools_arm/bin/../lib/gcc/arm-none-eabi/5.4.1/../../../../arm-none-eabi/lib/armv7e-m/fpu\libc.a(lib_a-mallocr.o)
 .bss           0x20000d20        0x0 i:/mcu/gnu_tools_arm/bin/../lib/gcc/arm-none-eabi/5.4.1/../../../../arm-none-eabi/lib/armv7e-m/fpu\libc.a(lib_a-mlock.o)
 .bss           0x20000d20        0x0 i:/mcu/gnu_tools_arm/bin/../lib/gcc/arm-none-eabi/5.4.1/../../../../arm-none-eabi/lib/armv7e-m/fpu\libc.a(lib_a-reent.o)
 .bss           0x20000d20        0x0 i:/mcu/gnu_tools_arm/bin/../lib/gcc/arm-none-eabi/5.4.1/../../../../arm-none-eabi/lib/armv7e-m/fpu\libc.a(lib_a-sbrkr.o)
 .bss           0x20000d20        0x0 i:/mcu/gnu_tools_arm/bin/../lib/gcc/arm-none-eabi/5.4.1/../../../../arm-none-eabi/lib/armv7e-m/fpu\libc.a(lib_a-freer.o)
 .bss           0x20000d20        0x0 i:/mcu/gnu_tools_arm/bin/../lib/gcc/arm-none-eabi/5.4.1/../../../../arm-none-eabi/lib/armv7e-m/fpu\libnosys.a(getpid.o)
 .bss           0x20000d20        0x0 i:/mcu/gnu_tools_arm/bin/../lib/gcc/arm-none-eabi/5.4.1/../../../../arm-none-eabi/lib/armv7e-m/fpu\libnosys.a(kill.o)
 .bss           0x20000d20        0x0 i:/mcu/gnu_tools_arm/bin/../lib/gcc/arm-none-eabi/5.4.1/../../../../arm-none-eabi/lib/armv7e-m/fpu\libnosys.a(sbrk.o)
 .bss           0x20000d20        0x0 i:/mcu/gnu_tools_arm/bin/../lib/gcc/arm-none-eabi/5.4.1/armv7e-m/fpu/crtend.o
 .bss           0x20000d20        0x0 i:/mcu/gnu_tools_arm/bin/../lib/gcc/arm-none-eabi/5.4.1/armv7e-m/fpu/crtn.o
 *(.bss.*)
 *(COMMON)
 COMMON         0x20000d20        0x4 i:/mcu/gnu_tools_arm/bin/../lib/gcc/arm-none-eabi/5.4.1/../../../../arm-none-eabi/lib/armv7e-m/fpu\libc.a(lib_a-reent.o)
                0x20000d20                errno
                0x20000d24                . = ALIGN (0x4)
                0x20000d24                __bss_end__ = .

.heap           0x20000d24        0x0
                0x20000d24                __heap_start__ = .
                0x20000d24                end = __heap_start__
                0x20000d24                _end = end
                0x20000d24                __end = end
 *(.heap)
                0x20000d24                __heap_end__ = .
                0x20000d24                __HeapLimit = __heap_end__

.stack          0x20000d28        0x0
                0x20000d28                _stack = .
 *(.stack)
                0x20010000                __StackTop = (ORIGIN (REGION_STACK) + LENGTH (REGION_STACK))
                0x20010000                PROVIDE (__stack, __StackTop)
OUTPUT(build/pwm.elf elf32-littlearm)

.ARM.attributes
                0x00000000       0x30
 .ARM.attributes
                0x00000000       0x22 i:/mcu/gnu_tools_arm/bin/../lib/gcc/arm-none-eabi/5.4.1/armv7e-m/fpu/crti.o
 .ARM.attributes
                0x00000022       0x34 i:/mcu/gnu_tools_arm/bin/../lib/gcc/arm-none-eabi/5.4.1/armv7e-m/fpu/crtbegin.o
 .ARM.attributes
                0x00000056       0x20 i:/mcu/gnu_tools_arm/bin/../lib/gcc/arm-none-eabi/5.4.1/../../../../arm-none-eabi/lib/armv7e-m/fpu/crt0.o
 .ARM.attributes
                0x00000076       0x39 build/adc14.o
 .ARM.attributes
                0x000000af       0x39 build/aes256.o
 .ARM.attributes
                0x000000e8       0x39 build/comp_e.o
 .ARM.attributes
                0x00000121       0x39 build/cpu.o
 .ARM.attributes
                0x0000015a       0x39 build/crc32.o
 .ARM.attributes
                0x00000193       0x39 build/cs.o
 .ARM.attributes
                0x000001cc       0x39 build/dma.o
 .ARM.attributes
                0x00000205       0x39 build/flash.o
 .ARM.attributes
                0x0000023e       0x39 build/fpu.o
 .ARM.attributes
                0x00000277       0x39 build/gpio.o
 .ARM.attributes
                0x000002b0       0x39 build/i2c.o
 .ARM.attributes
                0x000002e9       0x39 build/interrupt.o
 .ARM.attributes
                0x00000322       0x39 build/mpu.o
 .ARM.attributes
                0x0000035b       0x39 build/pcm.o
 .ARM.attributes
                0x00000394       0x39 build/pmap.o
 .ARM.attributes
                0x000003cd       0x39 build/pss.o
 .ARM.attributes
                0x00000406       0x39 build/ref_a.o
 .ARM.attributes
                0x0000043f       0x39 build/reset.o
 .ARM.attributes
                0x00000478       0x39 build/rtc_c.o
 .ARM.attributes
                0x000004b1       0x39 build/spi.o
 .ARM.attributes
                0x000004ea       0x39 build/sysctl.o
 .ARM.attributes
                0x00000523       0x39 build/systick.o
 .ARM.attributes
                0x0000055c       0x39 build/timer32.o
 .ARM.attributes
                0x00000595       0x39 build/timer_a.o
 .ARM.attributes
                0x000005ce       0x39 build/uart.o
 .ARM.attributes
                0x00000607       0x39 build/wdt_a.o
 .ARM.attributes
                0x00000640       0x39 build/startup_msp432p401r_gcc.o
 .ARM.attributes
                0x00000679       0x39 build/system_msp432p401r.o
 .ARM.attributes
                0x000006b2       0x39 build/main.o
 .ARM.attributes
                0x000006eb       0x39 build/user_uart.o
 .ARM.attributes
                0x00000724       0x39 build/user_pwm.o
 .ARM.attributes
                0x0000075d       0x34 i:/mcu/gnu_tools_arm/bin/../lib/gcc/arm-none-eabi/5.4.1/../../../../arm-none-eabi/lib/armv7e-m/fpu\libc.a(lib_a-aeabi_atexit.o)
 .ARM.attributes
                0x00000791       0x34 i:/mcu/gnu_tools_arm/bin/../lib/gcc/arm-none-eabi/5.4.1/../../../../arm-none-eabi/lib/armv7e-m/fpu\libc.a(lib_a-cxa_atexit.o)
 .ARM.attributes
                0x000007c5       0x34 i:/mcu/gnu_tools_arm/bin/../lib/gcc/arm-none-eabi/5.4.1/../../../../arm-none-eabi/lib/armv7e-m/fpu\libc.a(lib_a-exit.o)
 .ARM.attributes
                0x000007f9       0x34 i:/mcu/gnu_tools_arm/bin/../lib/gcc/arm-none-eabi/5.4.1/../../../../arm-none-eabi/lib/armv7e-m/fpu\libc.a(lib_a-impure.o)
 .ARM.attributes
                0x0000082d       0x34 i:/mcu/gnu_tools_arm/bin/../lib/gcc/arm-none-eabi/5.4.1/../../../../arm-none-eabi/lib/armv7e-m/fpu\libc.a(lib_a-init.o)
 .ARM.attributes
                0x00000861       0x34 i:/mcu/gnu_tools_arm/bin/../lib/gcc/arm-none-eabi/5.4.1/../../../../arm-none-eabi/lib/armv7e-m/fpu\libc.a(lib_a-memset.o)
 .ARM.attributes
                0x00000895       0x34 i:/mcu/gnu_tools_arm/bin/../lib/gcc/arm-none-eabi/5.4.1/../../../../arm-none-eabi/lib/armv7e-m/fpu\libc.a(lib_a-__atexit.o)
 .ARM.attributes
                0x000008c9       0x34 i:/mcu/gnu_tools_arm/bin/../lib/gcc/arm-none-eabi/5.4.1/../../../../arm-none-eabi/lib/armv7e-m/fpu\libc.a(lib_a-__call_atexit.o)
 .ARM.attributes
                0x000008fd       0x34 i:/mcu/gnu_tools_arm/bin/../lib/gcc/arm-none-eabi/5.4.1/../../../../arm-none-eabi/lib/armv7e-m/fpu\libc.a(lib_a-atexit.o)
 .ARM.attributes
                0x00000931       0x34 i:/mcu/gnu_tools_arm/bin/../lib/gcc/arm-none-eabi/5.4.1/../../../../arm-none-eabi/lib/armv7e-m/fpu\libc.a(lib_a-fini.o)
 .ARM.attributes
                0x00000965       0x34 i:/mcu/gnu_tools_arm/bin/../lib/gcc/arm-none-eabi/5.4.1/../../../../arm-none-eabi/lib/armv7e-m/fpu\libnosys.a(_exit.o)
 .ARM.attributes
                0x00000999       0x34 i:/mcu/gnu_tools_arm/bin/../lib/gcc/arm-none-eabi/5.4.1/armv7e-m/fpu\libgcc.a(unwind-arm.o)
 .ARM.attributes
                0x000009cd       0x22 i:/mcu/gnu_tools_arm/bin/../lib/gcc/arm-none-eabi/5.4.1/armv7e-m/fpu\libgcc.a(libunwind.o)
 .ARM.attributes
                0x000009ef       0x34 i:/mcu/gnu_tools_arm/bin/../lib/gcc/arm-none-eabi/5.4.1/armv7e-m/fpu\libgcc.a(pr-support.o)
 .ARM.attributes
                0x00000a23       0x34 i:/mcu/gnu_tools_arm/bin/../lib/gcc/arm-none-eabi/5.4.1/../../../../arm-none-eabi/lib/armv7e-m/fpu\libc.a(lib_a-abort.o)
 .ARM.attributes
                0x00000a57       0x20 i:/mcu/gnu_tools_arm/bin/../lib/gcc/arm-none-eabi/5.4.1/../../../../arm-none-eabi/lib/armv7e-m/fpu\libc.a(lib_a-memcpy.o)
 .ARM.attributes
                0x00000a77       0x34 i:/mcu/gnu_tools_arm/bin/../lib/gcc/arm-none-eabi/5.4.1/../../../../arm-none-eabi/lib/armv7e-m/fpu\libc.a(lib_a-signal.o)
 .ARM.attributes
                0x00000aab       0x34 i:/mcu/gnu_tools_arm/bin/../lib/gcc/arm-none-eabi/5.4.1/../../../../arm-none-eabi/lib/armv7e-m/fpu\libc.a(lib_a-signalr.o)
 .ARM.attributes
                0x00000adf       0x34 i:/mcu/gnu_tools_arm/bin/../lib/gcc/arm-none-eabi/5.4.1/../../../../arm-none-eabi/lib/armv7e-m/fpu\libc.a(lib_a-mallocr.o)
 .ARM.attributes
                0x00000b13       0x34 i:/mcu/gnu_tools_arm/bin/../lib/gcc/arm-none-eabi/5.4.1/../../../../arm-none-eabi/lib/armv7e-m/fpu\libc.a(lib_a-mlock.o)
 .ARM.attributes
                0x00000b47       0x34 i:/mcu/gnu_tools_arm/bin/../lib/gcc/arm-none-eabi/5.4.1/../../../../arm-none-eabi/lib/armv7e-m/fpu\libc.a(lib_a-reent.o)
 .ARM.attributes
                0x00000b7b       0x34 i:/mcu/gnu_tools_arm/bin/../lib/gcc/arm-none-eabi/5.4.1/../../../../arm-none-eabi/lib/armv7e-m/fpu\libc.a(lib_a-sbrkr.o)
 .ARM.attributes
                0x00000baf       0x34 i:/mcu/gnu_tools_arm/bin/../lib/gcc/arm-none-eabi/5.4.1/../../../../arm-none-eabi/lib/armv7e-m/fpu\libc.a(lib_a-freer.o)
 .ARM.attributes
                0x00000be3       0x34 i:/mcu/gnu_tools_arm/bin/../lib/gcc/arm-none-eabi/5.4.1/../../../../arm-none-eabi/lib/armv7e-m/fpu\libnosys.a(getpid.o)
 .ARM.attributes
                0x00000c17       0x34 i:/mcu/gnu_tools_arm/bin/../lib/gcc/arm-none-eabi/5.4.1/../../../../arm-none-eabi/lib/armv7e-m/fpu\libnosys.a(kill.o)
 .ARM.attributes
                0x00000c4b       0x34 i:/mcu/gnu_tools_arm/bin/../lib/gcc/arm-none-eabi/5.4.1/../../../../arm-none-eabi/lib/armv7e-m/fpu\libnosys.a(sbrk.o)
 .ARM.attributes
                0x00000c7f       0x34 i:/mcu/gnu_tools_arm/bin/../lib/gcc/arm-none-eabi/5.4.1/armv7e-m/fpu/crtend.o
 .ARM.attributes
                0x00000cb3       0x22 i:/mcu/gnu_tools_arm/bin/../lib/gcc/arm-none-eabi/5.4.1/armv7e-m/fpu/crtn.o

.comment        0x00000000       0x6e
 .comment       0x00000000       0x6e build/adc14.o
                                 0x6f (size before relaxing)
 .comment       0x0000006e       0x6f build/aes256.o
 .comment       0x0000006e       0x6f build/comp_e.o
 .comment       0x0000006e       0x6f build/cpu.o
 .comment       0x0000006e       0x6f build/crc32.o
 .comment       0x0000006e       0x6f build/cs.o
 .comment       0x0000006e       0x6f build/dma.o
 .comment       0x0000006e       0x6f build/flash.o
 .comment       0x0000006e       0x6f build/fpu.o
 .comment       0x0000006e       0x6f build/gpio.o
 .comment       0x0000006e       0x6f build/i2c.o
 .comment       0x0000006e       0x6f build/interrupt.o
 .comment       0x0000006e       0x6f build/mpu.o
 .comment       0x0000006e       0x6f build/pcm.o
 .comment       0x0000006e       0x6f build/pmap.o
 .comment       0x0000006e       0x6f build/pss.o
 .comment       0x0000006e       0x6f build/ref_a.o
 .comment       0x0000006e       0x6f build/reset.o
 .comment       0x0000006e       0x6f build/rtc_c.o
 .comment       0x0000006e       0x6f build/spi.o
 .comment       0x0000006e       0x6f build/sysctl.o
 .comment       0x0000006e       0x6f build/systick.o
 .comment       0x0000006e       0x6f build/timer32.o
 .comment       0x0000006e       0x6f build/timer_a.o
 .comment       0x0000006e       0x6f build/uart.o
 .comment       0x0000006e       0x6f build/wdt_a.o
 .comment       0x0000006e       0x6f build/startup_msp432p401r_gcc.o
 .comment       0x0000006e       0x6f build/system_msp432p401r.o
 .comment       0x0000006e       0x6f build/main.o
 .comment       0x0000006e       0x6f build/user_uart.o
 .comment       0x0000006e       0x6f build/user_pwm.o

.debug_info     0x00000000     0xc3ac
 .debug_info    0x00000000      0x984 build/adc14.o
 .debug_info    0x00000984      0x628 build/aes256.o
 .debug_info    0x00000fac      0x5ff build/comp_e.o
 .debug_info    0x000015ab      0x185 build/cpu.o
 .debug_info    0x00001730      0x383 build/crc32.o
 .debug_info    0x00001ab3      0xa5c build/cs.o
 .debug_info    0x0000250f      0x82f build/dma.o
 .debug_info    0x00002d3e     0x1116 build/flash.o
 .debug_info    0x00003e54      0x3c8 build/fpu.o
 .debug_info    0x0000421c      0xa5a build/gpio.o
 .debug_info    0x00004c76      0xb78 build/i2c.o
 .debug_info    0x000057ee      0x69f build/interrupt.o
 .debug_info    0x00005e8d      0x2d5 build/mpu.o
 .debug_info    0x00006162      0x849 build/pcm.o
 .debug_info    0x000069ab      0x181 build/pmap.o
 .debug_info    0x00006b2c      0x308 build/pss.o
 .debug_info    0x00006e34      0x240 build/ref_a.o
 .debug_info    0x00007074      0x2fd build/reset.o
 .debug_info    0x00007371      0x5d1 build/rtc_c.o
 .debug_info    0x00007942      0xdfe build/spi.o
 .debug_info    0x00008740      0x450 build/sysctl.o
 .debug_info    0x00008b90      0x1d2 build/systick.o
 .debug_info    0x00008d62      0x369 build/timer32.o
 .debug_info    0x000090cb      0xab4 build/timer_a.o
 .debug_info    0x00009b7f      0x788 build/uart.o
 .debug_info    0x0000a307      0x280 build/wdt_a.o
 .debug_info    0x0000a587      0x13b build/startup_msp432p401r_gcc.o
 .debug_info    0x0000a6c2      0xd0c build/system_msp432p401r.o
 .debug_info    0x0000b3ce      0x581 build/main.o
 .debug_info    0x0000b94f      0x436 build/user_uart.o
 .debug_info    0x0000bd85      0x627 build/user_pwm.o

.debug_abbrev   0x00000000     0x2e97
 .debug_abbrev  0x00000000      0x2c4 build/adc14.o
 .debug_abbrev  0x000002c4      0x19a build/aes256.o
 .debug_abbrev  0x0000045e      0x19b build/comp_e.o
 .debug_abbrev  0x000005f9       0xe6 build/cpu.o
 .debug_abbrev  0x000006df       0xde build/crc32.o
 .debug_abbrev  0x000007bd      0x220 build/cs.o
 .debug_abbrev  0x000009dd      0x204 build/dma.o
 .debug_abbrev  0x00000be1      0x2a8 build/flash.o
 .debug_abbrev  0x00000e89       0xe1 build/fpu.o
 .debug_abbrev  0x00000f6a      0x1a9 build/gpio.o
 .debug_abbrev  0x00001113      0x1aa build/i2c.o
 .debug_abbrev  0x000012bd      0x1ee build/interrupt.o
 .debug_abbrev  0x000014ab      0x12b build/mpu.o
 .debug_abbrev  0x000015d6      0x1f0 build/pcm.o
 .debug_abbrev  0x000017c6       0xcf build/pmap.o
 .debug_abbrev  0x00001895      0x11f build/pss.o
 .debug_abbrev  0x000019b4       0xd3 build/ref_a.o
 .debug_abbrev  0x00001a87       0xfb build/reset.o
 .debug_abbrev  0x00001b82      0x1ae build/rtc_c.o
 .debug_abbrev  0x00001d30      0x1a8 build/spi.o
 .debug_abbrev  0x00001ed8      0x170 build/sysctl.o
 .debug_abbrev  0x00002048      0x12b build/systick.o
 .debug_abbrev  0x00002173       0xfd build/timer32.o
 .debug_abbrev  0x00002270      0x1c2 build/timer_a.o
 .debug_abbrev  0x00002432      0x1ac build/uart.o
 .debug_abbrev  0x000025de      0x113 build/wdt_a.o
 .debug_abbrev  0x000026f1       0xc3 build/startup_msp432p401r_gcc.o
 .debug_abbrev  0x000027b4      0x10e build/system_msp432p401r.o
 .debug_abbrev  0x000028c2      0x1e3 build/main.o
 .debug_abbrev  0x00002aa5      0x1e8 build/user_uart.o
 .debug_abbrev  0x00002c8d      0x20a build/user_pwm.o

.debug_aranges  0x00000000      0x3e0
 .debug_aranges
                0x00000000       0x20 build/adc14.o
 .debug_aranges
                0x00000020       0x20 build/aes256.o
 .debug_aranges
                0x00000040       0x20 build/comp_e.o
 .debug_aranges
                0x00000060       0x20 build/cpu.o
 .debug_aranges
                0x00000080       0x20 build/crc32.o
 .debug_aranges
                0x000000a0       0x20 build/cs.o
 .debug_aranges
                0x000000c0       0x20 build/dma.o
 .debug_aranges
                0x000000e0       0x20 build/flash.o
 .debug_aranges
                0x00000100       0x20 build/fpu.o
 .debug_aranges
                0x00000120       0x20 build/gpio.o
 .debug_aranges
                0x00000140       0x20 build/i2c.o
 .debug_aranges
                0x00000160       0x20 build/interrupt.o
 .debug_aranges
                0x00000180       0x20 build/mpu.o
 .debug_aranges
                0x000001a0       0x20 build/pcm.o
 .debug_aranges
                0x000001c0       0x20 build/pmap.o
 .debug_aranges
                0x000001e0       0x20 build/pss.o
 .debug_aranges
                0x00000200       0x20 build/ref_a.o
 .debug_aranges
                0x00000220       0x20 build/reset.o
 .debug_aranges
                0x00000240       0x20 build/rtc_c.o
 .debug_aranges
                0x00000260       0x20 build/spi.o
 .debug_aranges
                0x00000280       0x20 build/sysctl.o
 .debug_aranges
                0x000002a0       0x20 build/systick.o
 .debug_aranges
                0x000002c0       0x20 build/timer32.o
 .debug_aranges
                0x000002e0       0x20 build/timer_a.o
 .debug_aranges
                0x00000300       0x20 build/uart.o
 .debug_aranges
                0x00000320       0x20 build/wdt_a.o
 .debug_aranges
                0x00000340       0x20 build/startup_msp432p401r_gcc.o
 .debug_aranges
                0x00000360       0x20 build/system_msp432p401r.o
 .debug_aranges
                0x00000380       0x20 build/main.o
 .debug_aranges
                0x000003a0       0x20 build/user_uart.o
 .debug_aranges
                0x000003c0       0x20 build/user_pwm.o

.debug_line     0x00000000     0x3c99
 .debug_line    0x00000000      0x2d6 build/adc14.o
 .debug_line    0x000002d6      0x2e4 build/aes256.o
 .debug_line    0x000005ba      0x1df build/comp_e.o
 .debug_line    0x00000799      0x10a build/cpu.o
 .debug_line    0x000008a3      0x172 build/crc32.o
 .debug_line    0x00000a15      0x38d build/cs.o
 .debug_line    0x00000da2      0x271 build/dma.o
 .debug_line    0x00001013      0x5ee build/flash.o
 .debug_line    0x00001601       0xfd build/fpu.o
 .debug_line    0x000016fe      0x1c0 build/gpio.o
 .debug_line    0x000018be      0x2bd build/i2c.o
 .debug_line    0x00001b7b      0x1e2 build/interrupt.o
 .debug_line    0x00001d5d      0x114 build/mpu.o
 .debug_line    0x00001e71      0x2e5 build/pcm.o
 .debug_line    0x00002156      0x14d build/pmap.o
 .debug_line    0x000022a3      0x195 build/pss.o
 .debug_line    0x00002438      0x164 build/ref_a.o
 .debug_line    0x0000259c      0x124 build/reset.o
 .debug_line    0x000026c0      0x207 build/rtc_c.o
 .debug_line    0x000028c7      0x311 build/spi.o
 .debug_line    0x00002bd8      0x1c3 build/sysctl.o
 .debug_line    0x00002d9b      0x101 build/systick.o
 .debug_line    0x00002e9c      0x143 build/timer32.o
 .debug_line    0x00002fdf      0x29c build/timer_a.o
 .debug_line    0x0000327b      0x216 build/uart.o
 .debug_line    0x00003491      0x157 build/wdt_a.o
 .debug_line    0x000035e8       0xe7 build/startup_msp432p401r_gcc.o
 .debug_line    0x000036cf      0x187 build/system_msp432p401r.o
 .debug_line    0x00003856      0x14c build/main.o
 .debug_line    0x000039a2      0x170 build/user_uart.o
 .debug_line    0x00003b12      0x187 build/user_pwm.o

.debug_str      0x00000000     0x5a1e
 .debug_str     0x00000000      0x6e0 build/adc14.o
                                0x754 (size before relaxing)
 .debug_str     0x000006e0      0x23a build/aes256.o
                                0x401 (size before relaxing)
 .debug_str     0x0000091a      0x36b build/comp_e.o
                                0x540 (size before relaxing)
 .debug_str     0x00000c85       0x5f build/cpu.o
                                0x1bb (size before relaxing)
 .debug_str     0x00000ce4      0x170 build/crc32.o
                                0x309 (size before relaxing)
 .debug_str     0x00000e54      0x67c build/cs.o
                                0x892 (size before relaxing)
 .debug_str     0x000014d0      0x456 build/dma.o
                                0x601 (size before relaxing)
 .debug_str     0x00001926      0x938 build/flash.o
                                0xb46 (size before relaxing)
 .debug_str     0x0000225e      0x13e build/fpu.o
                                0x2bb (size before relaxing)
 .debug_str     0x0000239c      0x37c build/gpio.o
                                0x583 (size before relaxing)
 .debug_str     0x00002718      0x590 build/i2c.o
                                0x791 (size before relaxing)
 .debug_str     0x00002ca8      0x2eb build/interrupt.o
                                0x4eb (size before relaxing)
 .debug_str     0x00002f93      0x13a build/mpu.o
                                0x2b1 (size before relaxing)
 .debug_str     0x000030cd      0x3c2 build/pcm.o
                                0x5e1 (size before relaxing)
 .debug_str     0x0000348f       0x6e build/pmap.o
                                0x1fe (size before relaxing)
 .debug_str     0x000034fd      0x217 build/pss.o
                                0x3c3 (size before relaxing)
 .debug_str     0x00003714      0x1f4 build/ref_a.o
                                0x38e (size before relaxing)
 .debug_str     0x00003908      0x255 build/reset.o
                                0x3c7 (size before relaxing)
 .debug_str     0x00003b5d      0x3c1 build/rtc_c.o
                                0x593 (size before relaxing)
 .debug_str     0x00003f1e      0x4da build/spi.o